2026/03/17 11:00:50 no config path specified; using /var/lib/derper/derper.key
2026/03/17 11:00:50 STUN server listening on [::]:3478
2026/03/17 11:00:50 No mesh key configured
2026/03/17 11:00:50 derper: serving on :3340 with TLS
2026/03/17 11:00:54 http: TLS handshake error from 10.50.0.2:57520: unexpected EOF
gc 1 @4.036s 0%: 0.54+1.2+0.021 ms clock, 6.5+0.83/1.1/0.21+0.25 ms cpu, 3->4->1 MB, 4 MB goal, 0 MB stacks, 0 MB globals, 12 P
gc 2 @4.039s 0%: 0.13+2.3+0.16 ms clock, 1.5+1.1/1.2/0+2.0 ms cpu, 3->5->3 MB, 4 MB goal, 0 MB stacks, 0 MB globals, 12 P
gc 3 @4.044s 0%: 0.16+1.8+0.089 ms clock, 1.9+1.0/1.0/0+1.0 ms cpu, 5->6->2 MB, 6 MB goal, 0 MB stacks, 0 MB globals, 12 P
gc 4 @4.048s 0%: 0.14+1.1+0.15 ms clock, 1.6+1.0/1.3/0+1.8 ms cpu, 4->5->2 MB, 5 MB goal, 0 MB stacks, 0 MB globals, 12 P
gc 5 @4.051s 0%: 0.11+0.93+0.13 ms clock, 1.3+1.4/0.92/0+1.6 ms cpu, 4->4->1 MB, 4 MB goal, 0 MB stacks, 0 MB globals, 12 P
gc 6 @4.053s 0%: 0.11+0.75+0.18 ms clock, 1.4+1.0/1.0/0+2.1 ms cpu, 3->3->1 MB, 4 MB goal, 0 MB stacks, 0 MB globals, 12 P
gc 7 @4.056s 0%: 0.25+0.60+0.14 ms clock, 3.0+0.85/0.96/0+1.7 ms cpu, 3->4->1 MB, 4 MB goal, 0 MB stacks, 0 MB globals, 12 P
gc 8 @4.058s 0%: 0.22+0.69+0.085 ms clock, 2.6+1.1/1.0/0+1.0 ms cpu, 3->3->1 MB, 4 MB goal, 0 MB stacks, 0 MB globals, 12 P
gc 9 @4.060s 0%: 0.11+1.6+0.050 ms clock, 1.4+0.95/0.84/0+0.60 ms cpu, 3->4->2 MB, 4 MB goal, 0 MB stacks, 0 MB globals, 12 P
gc 10 @4.064s 0%: 0.14+1.8+0.10 ms clock, 1.7+0.87/0.80/0+1.2 ms cpu, 4->5->2 MB, 5 MB goal, 0 MB stacks, 0 MB globals, 12 P
gc 11 @4.067s 0%: 0.10+1.2+0.21 ms clock, 1.2+0.87/1.4/0+2.5 ms cpu, 4->5->2 MB, 5 MB goal, 0 MB stacks, 0 MB globals, 12 P
gc 12 @4.070s 0%: 0.12+0.74+0.077 ms clock, 1.5+1.0/0.95/0+0.92 ms cpu, 4->4->1 MB, 5 MB goal, 0 MB stacks, 0 MB globals, 12 P
gc 13 @4.072s 0%: 0.13+0.73+0.15 ms clock, 1.6+0.77/0.83/0+1.8 ms cpu, 3->4->1 MB, 4 MB goal, 0 MB stacks, 0 MB globals, 12 P
gc 14 @4.075s 0%: 0.13+1.3+0.12 ms clock, 1.6+0.89/0.91/0+1.4 ms cpu, 3->4->2 MB, 4 MB goal, 0 MB stacks, 0 MB globals, 12 P
gc 15 @4.078s 0%: 0.13+1.3+0.077 ms clock, 1.5+0.81/0.83/0+0.92 ms cpu, 4->5->2 MB, 5 MB goal, 0 MB stacks, 0 MB globals, 12 P
gc 16 @4.081s 0%: 0.13+0.52+0.19 ms clock, 1.6+0.84/0.82/0+2.3 ms cpu, 4->4->1 MB, 4 MB goal, 0 MB stacks, 0 MB globals, 12 P
gc 17 @4.083s 0%: 0.10+1.2+0.19 ms clock, 1.2+1.0/0.76/0+2.3 ms cpu, 3->4->2 MB, 4 MB goal, 0 MB stacks, 0 MB globals, 12 P
gc 18 @4.086s 0%: 0.14+0.59+0.14 ms clock, 1.7+1.2/0.74/0+1.7 ms cpu, 4->4->1 MB, 4 MB goal, 0 MB stacks, 0 MB globals, 12 P
gc 19 @4.088s 0%: 0.10+1.4+0.10 ms clock, 1.3+0.85/0.82/0+1.2 ms cpu, 3->4->2 MB, 4 MB goal, 0 MB stacks, 0 MB globals, 12 P
gc 20 @4.091s 0%: 0.12+0.45+0.078 ms clock, 1.5+1.0/0.86/0+0.94 ms cpu, 4->4->1 MB, 5 MB goal, 0 MB stacks, 0 MB globals, 12 P
gc 21 @4.093s 0%: 0.10+2.0+0.069 ms clock, 1.2+1.0/0.81/0+0.83 ms cpu, 3->4->2 MB, 4 MB goal, 0 MB stacks, 0 MB globals, 12 P
gc 22 @4.096s 0%: 0.10+0.83+0.12 ms clock, 1.2+0.99/0.78/0+1.4 ms cpu, 4->5->2 MB, 5 MB goal, 0 MB stacks, 0 MB globals, 12 P
gc 23 @4.098s 0%: 0.11+1.7+0.071 ms clock, 1.3+0.84/0.94/0+0.85 ms cpu, 3->5->2 MB, 4 MB goal, 0 MB stacks, 0 MB globals, 12 P
gc 24 @4.102s 0%: 0.10+1.0+0.082 ms clock, 1.3+0.71/0.87/0+0.98 ms cpu, 5->6->2 MB, 6 MB goal, 0 MB stacks, 0 MB globals, 12 P
gc 25 @4.105s 0%: 0.099+0.50+0.12 ms clock, 1.1+0.94/0.79/0+1.4 ms cpu, 3->4->1 MB, 4 MB goal, 0 MB stacks, 0 MB globals, 12 P
gc 26 @4.107s 0%: 0.16+0.60+0.092 ms clock, 1.9+1.0/1.0/0+1.1 ms cpu, 3->3->1 MB, 4 MB goal, 0 MB stacks, 0 MB globals, 12 P
gc 27 @4.109s 0%: 0.085+1.1+0.062 ms clock, 1.0+0.79/0.77/0+0.74 ms cpu, 3->4->2 MB, 4 MB goal, 0 MB stacks, 0 MB globals, 12 P
gc 28 @4.112s 0%: 0.10+0.63+0.081 ms clock, 1.2+0.64/0.69/0+0.97 ms cpu, 4->4->1 MB, 4 MB goal, 0 MB stacks, 0 MB globals, 12 P
gc 29 @4.114s 0%: 0.13+1.5+0.074 ms clock, 1.6+0.65/0.89/0+0.88 ms cpu, 3->4->2 MB, 4 MB goal, 0 MB stacks, 0 MB globals, 12 P
gc 30 @4.118s 0%: 0.13+0.54+0.099 ms clock, 1.6+0.99/0.90/0+1.1 ms cpu, 4->4->1 MB, 5 MB goal, 0 MB stacks, 0 MB globals, 12 P
gc 31 @4.120s 0%: 0.10+1.3+0.058 ms clock, 1.2+0.68/0.92/0+0.69 ms cpu, 3->4->2 MB, 4 MB goal, 0 MB stacks, 0 MB globals, 12 P
gc 32 @4.123s 0%: 0.11+0.59+0.071 ms clock, 1.4+0.75/0.96/0+0.85 ms cpu, 4->4->1 MB, 5 MB goal, 0 MB stacks, 0 MB globals, 12 P
gc 33 @4.125s 0%: 0.097+0.67+0.10 ms clock, 1.1+0.72/1.1/0+1.2 ms cpu, 3->3->1 MB, 4 MB goal, 0 MB stacks, 0 MB globals, 12 P
gc 34 @4.127s 0%: 0.092+0.58+0.074 ms clock, 1.1+0.84/0.91/0+0.89 ms cpu, 3->3->1 MB, 4 MB goal, 0 MB stacks, 0 MB globals, 12 P
gc 35 @4.129s 0%: 0.12+0.54+0.083 ms clock, 1.4+0.67/0.93/0+0.99 ms cpu, 3->3->1 MB, 4 MB goal, 0 MB stacks, 0 MB globals, 12 P
gc 36 @4.131s 0%: 0.10+1.0+0.085 ms clock, 1.2+1.3/0.81/0+1.0 ms cpu, 3->4->2 MB, 4 MB goal, 0 MB stacks, 0 MB globals, 12 P
gc 37 @4.134s 0%: 0.10+0.53+0.094 ms clock, 1.2+1.0/0.84/0+1.1 ms cpu, 4->4->1 MB, 4 MB goal, 0 MB stacks, 0 MB globals, 12 P
gc 38 @4.136s 0%: 0.11+0.67+0.10 ms clock, 1.4+0.92/1.1/0+1.2 ms cpu, 3->3->1 MB, 4 MB goal, 0 MB stacks, 0 MB globals, 12 P
gc 39 @4.138s 0%: 0.20+0.57+0.089 ms clock, 2.4+0.87/0.77/0+1.0 ms cpu, 3->3->1 MB, 4 MB goal, 0 MB stacks, 0 MB globals, 12 P
gc 40 @4.140s 0%: 0.17+1.2+0.077 ms clock, 2.0+0.87/0.81/0+0.92 ms cpu, 3->4->2 MB, 4 MB goal, 0 MB stacks, 0 MB globals, 12 P
gc 41 @4.143s 0%: 0.090+0.55+0.087 ms clock, 1.0+0.97/0.85/0+1.0 ms cpu, 3->4->1 MB, 4 MB goal, 0 MB stacks, 0 MB globals, 12 P
gc 42 @4.145s 0%: 0.071+1.3+0.084 ms clock, 0.85+0.91/0.86/0+1.0 ms cpu, 3->4->2 MB, 4 MB goal, 0 MB stacks, 0 MB globals, 12 P
gc 43 @4.148s 0%: 0.71+0.74+0.10 ms clock, 8.6+0.73/0.83/0+1.2 ms cpu, 4->4->1 MB, 4 MB goal, 0 MB stacks, 0 MB globals, 12 P
gc 44 @4.151s 0%: 0.11+1.7+0.078 ms clock, 1.3+0.88/0.71/0+0.94 ms cpu, 3->4->2 MB, 4 MB goal, 0 MB stacks, 0 MB globals, 12 P
gc 45 @4.154s 0%: 0.15+1.3+0.077 ms clock, 1.8+0.79/0.90/0+0.93 ms cpu, 4->5->2 MB, 5 MB goal, 0 MB stacks, 0 MB globals, 12 P
gc 46 @4.157s 0%: 0.11+1.1+0.14 ms clock, 1.3+0.75/0.83/0+1.7 ms cpu, 3->4->2 MB, 4 MB goal, 0 MB stacks, 0 MB globals, 12 P
gc 47 @4.160s 0%: 0.10+0.97+0.090 ms clock, 1.2+0.69/0.83/0+1.0 ms cpu, 4->4->2 MB, 4 MB goal, 0 MB stacks, 0 MB globals, 12 P
gc 48 @4.163s 0%: 0.11+1.1+0.055 ms clock, 1.4+0.73/0.92/0+0.66 ms cpu, 3->4->2 MB, 4 MB goal, 0 MB stacks, 0 MB globals, 12 P
gc 49 @4.166s 0%: 0.086+0.87+0.084 ms clock, 1.0+0.66/0.78/0+1.0 ms cpu, 3->4->1 MB, 4 MB goal, 0 MB stacks, 0 MB globals, 12 P
gc 50 @4.168s 0%: 0.092+0.52+0.094 ms clock, 1.1+0.78/0.91/0+1.1 ms cpu, 3->3->1 MB, 4 MB goal, 0 MB stacks, 0 MB globals, 12 P
gc 51 @4.170s 0%: 0.13+0.54+0.091 ms clock, 1.5+0.74/0.93/0+1.0 ms cpu, 3->3->1 MB, 4 MB goal, 0 MB stacks, 0 MB globals, 12 P
gc 52 @4.172s 0%: 0.18+0.86+0.060 ms clock, 2.2+0.72/0.75/0+0.72 ms cpu, 3->3->1 MB, 4 MB goal, 0 MB stacks, 0 MB globals, 12 P
gc 53 @4.174s 0%: 0.15+0.65+0.13 ms clock, 1.9+0.73/0.82/0+1.5 ms cpu, 3->3->1 MB, 4 MB goal, 0 MB stacks, 0 MB globals, 12 P
gc 54 @4.176s 0%: 0.083+0.52+0.069 ms clock, 1.0+0.79/0.74/0+0.83 ms cpu, 3->3->1 MB, 4 MB goal, 0 MB stacks, 0 MB globals, 12 P
gc 55 @4.178s 0%: 0.11+0.53+0.11 ms clock, 1.3+0.68/0.79/0+1.3 ms cpu, 3->3->1 MB, 4 MB goal, 0 MB stacks, 0 MB globals, 12 P
gc 56 @4.180s 0%: 0.14+0.91+0.12 ms clock, 1.6+0.80/0.81/0+1.4 ms cpu, 3->4->2 MB, 4 MB goal, 0 MB stacks, 0 MB globals, 12 P
gc 57 @4.183s 0%: 0.078+0.68+0.090 ms clock, 0.94+0.71/0.86/0+1.0 ms cpu, 3->4->1 MB, 4 MB goal, 0 MB stacks, 0 MB globals, 12 P
gc 58 @4.185s 0%: 0.086+0.86+0.096 ms clock, 1.0+0.67/0.81/0+1.1 ms cpu, 3->3->1 MB, 4 MB goal, 0 MB stacks, 0 MB globals, 12 P
gc 59 @4.187s 0%: 0.12+0.78+0.078 ms clock, 1.5+0.80/0.81/0+0.94 ms cpu, 3->4->1 MB, 4 MB goal, 0 MB stacks, 0 MB globals, 12 P
gc 60 @4.189s 0%: 0.082+1.4+0.068 ms clock, 0.99+0.67/0.75/0+0.81 ms cpu, 3->4->2 MB, 4 MB goal, 0 MB stacks, 0 MB globals, 12 P
gc 61 @4.193s 0%: 0.11+0.47+0.084 ms clock, 1.3+0.73/0.82/0+1.0 ms cpu, 4->4->1 MB, 4 MB goal, 0 MB stacks, 0 MB globals, 12 P
gc 62 @4.195s 0%: 0.083+0.93+0.12 ms clock, 1.0+0.81/0.93/0+1.5 ms cpu, 3->4->1 MB, 4 MB goal, 0 MB stacks, 0 MB globals, 12 P
gc 63 @4.197s 0%: 0.095+0.91+0.038 ms clock, 1.1+0.68/0.85/0+0.46 ms cpu, 3->4->1 MB, 4 MB goal, 0 MB stacks, 0 MB globals, 12 P
gc 64 @4.200s 0%: 0.10+0.54+0.13 ms clock, 1.2+0.78/0.77/0+1.6 ms cpu, 3->3->1 MB, 4 MB goal, 0 MB stacks, 0 MB globals, 12 P
gc 65 @4.202s 0%: 0.11+0.96+0.082 ms clock, 1.4+0.65/0.95/0+0.98 ms cpu, 3->4->1 MB, 4 MB goal, 0 MB stacks, 0 MB globals, 12 P
gc 66 @4.204s 0%: 0.12+0.61+0.11 ms clock, 1.4+0.89/0.89/0+1.3 ms cpu, 3->4->1 MB, 4 MB goal, 0 MB stacks, 0 MB globals, 12 P
gc 67 @4.206s 0%: 0.11+1.4+0.056 ms clock, 1.4+1.7/0.88/0+0.68 ms cpu, 3->4->2 MB, 4 MB goal, 0 MB stacks, 0 MB globals, 12 P
gc 68 @4.210s 0%: 0.11+0.79+0.10 ms clock, 1.3+0.73/0.81/0+1.2 ms cpu, 4->4->1 MB, 4 MB goal, 0 MB stacks, 0 MB globals, 12 P
gc 69 @4.212s 0%: 0.082+0.45+0.093 ms clock, 0.99+0.68/0.84/0+1.1 ms cpu, 3->3->1 MB, 4 MB goal, 0 MB stacks, 0 MB globals, 12 P
gc 70 @4.214s 0%: 0.11+0.56+0.084 ms clock, 1.3+0.81/0.95/0+1.0 ms cpu, 3->3->1 MB, 4 MB goal, 0 MB stacks, 0 MB globals, 12 P
gc 71 @4.216s 0%: 0.076+0.94+0.083 ms clock, 0.91+0.63/0.85/0+0.99 ms cpu, 3->4->2 MB, 4 MB goal, 0 MB stacks, 0 MB globals, 12 P
gc 72 @4.218s 0%: 0.10+0.67+0.087 ms clock, 1.2+0.64/0.83/0+1.0 ms cpu, 3->4->1 MB, 4 MB goal, 0 MB stacks, 0 MB globals, 12 P
gc 73 @4.221s 0%: 0.073+0.61+0.073 ms clock, 0.88+0.86/0.76/0+0.88 ms cpu, 3->3->1 MB, 4 MB goal, 0 MB stacks, 0 MB globals, 12 P
gc 74 @4.223s 0%: 0.081+0.66+0.069 ms clock, 0.98+0.78/0.75/0+0.83 ms cpu, 3->3->1 MB, 4 MB goal, 0 MB stacks, 0 MB globals, 12 P
gc 75 @4.225s 0%: 0.10+0.76+0.096 ms clock, 1.2+0.66/0.85/0+1.1 ms cpu, 3->3->1 MB, 4 MB goal, 0 MB stacks, 0 MB globals, 12 P
gc 76 @4.227s 0%: 0.090+0.43+0.046 ms clock, 1.0+0.78/0.77/0+0.55 ms cpu, 3->3->1 MB, 4 MB goal, 0 MB stacks, 0 MB globals, 12 P
gc 77 @4.229s 0%: 0.10+0.50+0.10 ms clock, 1.2+0.79/0.85/0+1.2 ms cpu, 3->3->1 MB, 4 MB goal, 0 MB stacks, 0 MB globals, 12 P
gc 78 @4.231s 0%: 0.090+0.55+0.088 ms clock, 1.0+0.70/0.93/0+1.0 ms cpu, 3->3->1 MB, 4 MB goal, 0 MB stacks, 0 MB globals, 12 P
gc 79 @4.233s 0%: 0.10+1.0+0.10 ms clock, 1.2+0.71/0.84/0+1.2 ms cpu, 3->4->2 MB, 4 MB goal, 0 MB stacks, 0 MB globals, 12 P
gc 80 @4.236s 0%: 0.089+0.89+0.067 ms clock, 1.0+0.81/1.0/0+0.81 ms cpu, 3->4->1 MB, 4 MB goal, 0 MB stacks, 0 MB globals, 12 P
gc 81 @4.238s 0%: 0.067+1.1+0.075 ms clock, 0.81+0.73/0.86/0+0.90 ms cpu, 3->4->2 MB, 4 MB goal, 0 MB stacks, 0 MB globals, 12 P
gc 82 @4.241s 0%: 0.10+0.50+0.083 ms clock, 1.2+0.72/0.80/0+1.0 ms cpu, 3->4->1 MB, 4 MB goal, 0 MB stacks, 0 MB globals, 12 P
gc 83 @4.243s 0%: 0.14+0.58+0.057 ms clock, 1.7+0.61/0.86/0+0.68 ms cpu, 3->3->1 MB, 4 MB goal, 0 MB stacks, 0 MB globals, 12 P
gc 84 @4.245s 0%: 0.10+0.90+0.079 ms clock, 1.2+0.80/0.85/0.030+0.95 ms cpu, 3->3->1 MB, 4 MB goal, 0 MB stacks, 0 MB globals, 12 P
gc 85 @4.247s 0%: 0.15+1.7+0.12 ms clock, 1.8+0.69/0.79/0+1.5 ms cpu, 3->4->2 MB, 4 MB goal, 0 MB stacks, 0 MB globals, 12 P
gc 86 @4.252s 0%: 0.081+0.97+0.072 ms clock, 0.98+0.66/0.83/0+0.86 ms cpu, 4->5->2 MB, 5 MB goal, 0 MB stacks, 0 MB globals, 12 P
gc 87 @4.254s 0%: 0.14+0.90+0.087 ms clock, 1.7+0.83/0.72/0+1.0 ms cpu, 3->4->2 MB, 4 MB goal, 0 MB stacks, 0 MB globals, 12 P
gc 88 @4.257s 0%: 0.087+1.3+0.084 ms clock, 1.0+1.5/0.83/0+1.0 ms cpu, 3->4->2 MB, 4 MB goal, 0 MB stacks, 0 MB globals, 12 P
gc 89 @4.260s 0%: 0.11+0.58+0.062 ms clock, 1.4+0.66/0.88/0+0.75 ms cpu, 3->4->1 MB, 4 MB goal, 0 MB stacks, 0 MB globals, 12 P
gc 90 @4.262s 0%: 0.11+0.65+0.065 ms clock, 1.3+1.1/0.97/0+0.78 ms cpu, 3->3->1 MB, 4 MB goal, 0 MB stacks, 0 MB globals, 12 P
gc 91 @4.264s 0%: 0.13+0.71+0.10 ms clock, 1.6+1.3/0.88/0+1.2 ms cpu, 3->3->1 MB, 4 MB goal, 0 MB stacks, 0 MB globals, 12 P
gc 92 @4.266s 0%: 0.19+0.51+0.066 ms clock, 2.3+0.57/0.95/0+0.80 ms cpu, 3->3->1 MB, 4 MB goal, 0 MB stacks, 0 MB globals, 12 P
gc 93 @4.268s 0%: 0.13+1.0+0.028 ms clock, 1.6+0.60/0.92/0+0.33 ms cpu, 3->3->1 MB, 4 MB goal, 0 MB stacks, 0 MB globals, 12 P
gc 94 @4.270s 0%: 0.13+0.79+0.069 ms clock, 1.5+0.60/0.82/0+0.83 ms cpu, 3->4->1 MB, 4 MB goal, 0 MB stacks, 0 MB globals, 12 P
gc 95 @4.273s 0%: 0.090+0.79+0.099 ms clock, 1.0+0.65/0.96/0+1.1 ms cpu, 3->4->1 MB, 4 MB goal, 0 MB stacks, 0 MB globals, 12 P
gc 96 @4.275s 0%: 0.15+1.1+0.048 ms clock, 1.8+0.73/0.90/0+0.57 ms cpu, 3->4->2 MB, 4 MB goal, 0 MB stacks, 0 MB globals, 12 P
gc 97 @4.278s 0%: 0.084+0.78+0.071 ms clock, 1.0+0.69/0.91/0+0.85 ms cpu, 3->4->1 MB, 4 MB goal, 0 MB stacks, 0 MB globals, 12 P
gc 98 @4.281s 0%: 0.10+0.78+0.10 ms clock, 1.2+0.80/0.76/0.028+1.2 ms cpu, 3->4->1 MB, 4 MB goal, 0 MB stacks, 0 MB globals, 12 P
gc 99 @4.283s 0%: 0.097+1.0+0.079 ms clock, 1.1+0.69/0.98/0+0.95 ms cpu, 3->4->2 MB, 4 MB goal, 0 MB stacks, 0 MB globals, 12 P
gc 100 @4.286s 0%: 0.10+0.52+0.095 ms clock, 1.2+0.78/0.83/0+1.1 ms cpu, 4->4->1 MB, 4 MB goal, 0 MB stacks, 0 MB globals, 12 P
gc 101 @4.288s 0%: 0.14+0.96+0.060 ms clock, 1.6+0.91/0.68/0+0.72 ms cpu, 3->3->1 MB, 4 MB goal, 0 MB stacks, 0 MB globals, 12 P
gc 102 @4.291s 0%: 0.15+0.85+0.051 ms clock, 1.8+0.64/0.90/0+0.61 ms cpu, 3->4->1 MB, 4 MB goal, 0 MB stacks, 0 MB globals, 12 P
gc 103 @4.293s 0%: 0.12+0.58+0.078 ms clock, 1.4+0.68/0.88/0+0.94 ms cpu, 3->4->1 MB, 4 MB goal, 0 MB stacks, 0 MB globals, 12 P
gc 104 @4.295s 0%: 0.12+1.4+0.076 ms clock, 1.5+1.1/0.89/0+0.91 ms cpu, 3->4->2 MB, 4 MB goal, 0 MB stacks, 0 MB globals, 12 P
gc 105 @4.298s 0%: 0.084+0.52+0.060 ms clock, 1.0+0.83/0.97/0+0.73 ms cpu, 3->4->1 MB, 4 MB goal, 0 MB stacks, 0 MB globals, 12 P
gc 106 @4.300s 0%: 0.11+0.62+0.11 ms clock, 1.3+0.75/0.76/0+1.3 ms cpu, 3->3->1 MB, 4 MB goal, 0 MB stacks, 0 MB globals, 12 P
gc 107 @4.302s 0%: 0.062+0.88+0.077 ms clock, 0.74+1.4/0.96/0+0.93 ms cpu, 3->4->1 MB, 4 MB goal, 0 MB stacks, 0 MB globals, 12 P
gc 108 @4.304s 0%: 0.17+0.95+0.058 ms clock, 2.1+0.52/1.0/0+0.70 ms cpu, 3->4->2 MB, 4 MB goal, 0 MB stacks, 0 MB globals, 12 P
gc 109 @4.307s 0%: 0.11+0.59+0.095 ms clock, 1.3+0.71/0.86/0+1.1 ms cpu, 3->4->1 MB, 4 MB goal, 0 MB stacks, 0 MB globals, 12 P
gc 110 @4.309s 0%: 0.085+0.62+0.074 ms clock, 1.0+0.79/0.80/0+0.89 ms cpu, 3->3->1 MB, 4 MB goal, 0 MB stacks, 0 MB globals, 12 P
gc 111 @4.311s 0%: 0.097+1.1+0.023 ms clock, 1.1+0.66/0.83/0+0.28 ms cpu, 3->3->1 MB, 4 MB goal, 0 MB stacks, 0 MB globals, 12 P
gc 112 @4.314s 0%: 0.077+0.52+0.10 ms clock, 0.93+0.55/0.94/0+1.3 ms cpu, 3->3->1 MB, 4 MB goal, 0 MB stacks, 0 MB globals, 12 P
gc 113 @4.316s 0%: 0.13+0.68+0.099 ms clock, 1.6+0.73/0.77/0+1.1 ms cpu, 3->3->1 MB, 4 MB goal, 0 MB stacks, 0 MB globals, 12 P
gc 114 @4.318s 0%: 0.082+1.1+0.080 ms clock, 0.99+0.95/0.71/0+0.97 ms cpu, 3->4->2 MB, 4 MB goal, 0 MB stacks, 0 MB globals, 12 P
gc 115 @4.321s 0%: 0.099+0.67+0.081 ms clock, 1.1+0.59/0.91/0+0.97 ms cpu, 3->4->1 MB, 4 MB goal, 0 MB stacks, 0 MB globals, 12 P
gc 116 @4.323s 0%: 0.088+0.55+0.11 ms clock, 1.0+0.74/0.85/0+1.3 ms cpu, 3->3->1 MB, 4 MB goal, 0 MB stacks, 0 MB globals, 12 P
gc 117 @4.325s 0%: 0.11+1.1+0.073 ms clock, 1.3+0.71/0.87/0+0.88 ms cpu, 3->4->2 MB, 4 MB goal, 0 MB stacks, 0 MB globals, 12 P
gc 118 @4.328s 0%: 0.094+0.49+0.098 ms clock, 1.1+0.96/0.84/0+1.1 ms cpu, 3->4->1 MB, 4 MB goal, 0 MB stacks, 0 MB globals, 12 P
gc 119 @4.330s 0%: 0.093+0.98+0.063 ms clock, 1.1+0.92/0.82/0+0.75 ms cpu, 3->3->1 MB, 4 MB goal, 0 MB stacks, 0 MB globals, 12 P
gc 120 @4.333s 0%: 0.17+0.82+0.093 ms clock, 2.1+0.84/0.85/0+1.1 ms cpu, 3->4->1 MB, 4 MB goal, 0 MB stacks, 0 MB globals, 12 P
gc 121 @4.335s 0%: 0.11+0.76+0.11 ms clock, 1.3+0.84/0.75/0+1.3 ms cpu, 3->4->1 MB, 4 MB goal, 0 MB stacks, 0 MB globals, 12 P
gc 122 @4.337s 0%: 0.094+0.55+0.074 ms clock, 1.1+0.76/0.95/0+0.89 ms cpu, 3->4->1 MB, 4 MB goal, 0 MB stacks, 0 MB globals, 12 P
gc 123 @4.339s 0%: 0.099+0.76+0.10 ms clock, 1.1+1.1/0.82/0+1.3 ms cpu, 3->4->1 MB, 4 MB goal, 0 MB stacks, 0 MB globals, 12 P
gc 124 @4.342s 0%: 0.13+0.65+0.075 ms clock, 1.6+0.68/0.99/0+0.90 ms cpu, 3->4->1 MB, 4 MB goal, 0 MB stacks, 0 MB globals, 12 P
gc 125 @4.344s 0%: 0.10+0.97+0.082 ms clock, 1.3+0.67/0.93/0+0.99 ms cpu, 3->4->1 MB, 4 MB goal, 0 MB stacks, 0 MB globals, 12 P
gc 126 @4.346s 0%: 0.13+0.59+0.090 ms clock, 1.6+0.72/0.86/0+1.0 ms cpu, 3->4->1 MB, 4 MB goal, 0 MB stacks, 0 MB globals, 12 P
gc 127 @4.348s 0%: 0.15+0.72+0.11 ms clock, 1.8+0.83/0.83/0+1.4 ms cpu, 3->3->1 MB, 4 MB goal, 0 MB stacks, 0 MB globals, 12 P
gc 128 @4.350s 0%: 0.15+1.1+0.090 ms clock, 1.8+0.70/0.82/0+1.0 ms cpu, 3->4->2 MB, 4 MB goal, 0 MB stacks, 0 MB globals, 12 P
gc 129 @4.354s 0%: 0.089+0.78+0.069 ms clock, 1.0+0.76/0.92/0+0.83 ms cpu, 4->4->1 MB, 4 MB goal, 0 MB stacks, 0 MB globals, 12 P
gc 130 @4.356s 0%: 0.10+0.92+0.082 ms clock, 1.2+0.98/1.0/0+0.99 ms cpu, 3->4->2 MB, 4 MB goal, 0 MB stacks, 0 MB globals, 12 P
gc 131 @4.359s 0%: 0.095+0.87+0.10 ms clock, 1.1+0.73/0.80/0+1.2 ms cpu, 3->4->1 MB, 4 MB goal, 0 MB stacks, 0 MB globals, 12 P
gc 132 @4.361s 0%: 0.095+0.60+0.11 ms clock, 1.1+0.76/0.85/0+1.4 ms cpu, 3->4->1 MB, 4 MB goal, 0 MB stacks, 0 MB globals, 12 P
gc 133 @4.363s 0%: 0.051+0.78+0.071 ms clock, 0.61+0.70/0.85/0.002+0.85 ms cpu, 3->3->1 MB, 4 MB goal, 0 MB stacks, 0 MB globals, 12 P
gc 134 @4.365s 0%: 0.79+1.4+0.037 ms clock, 9.5+1.2/1.0/0+0.45 ms cpu, 3->4->2 MB, 4 MB goal, 0 MB stacks, 0 MB globals, 12 P
gc 135 @4.369s 0%: 0.10+1.4+0.086 ms clock, 1.2+0.74/0.98/0+1.0 ms cpu, 4->5->2 MB, 5 MB goal, 0 MB stacks, 0 MB globals, 12 P
gc 136 @4.373s 0%: 0.12+0.93+0.10 ms clock, 1.4+0.69/0.89/0+1.2 ms cpu, 4->5->2 MB, 5 MB goal, 0 MB stacks, 0 MB globals, 12 P
gc 137 @4.376s 0%: 0.057+1.0+0.050 ms clock, 0.68+0.60/1.0/0+0.60 ms cpu, 3->4->2 MB, 4 MB goal, 0 MB stacks, 0 MB globals, 12 P
gc 138 @4.378s 0%: 0.10+0.83+0.086 ms clock, 1.2+0.72/0.95/0+1.0 ms cpu, 3->4->1 MB, 4 MB goal, 0 MB stacks, 0 MB globals, 12 P
gc 139 @4.381s 0%: 0.11+0.55+0.057 ms clock, 1.3+0.66/0.92/0+0.68 ms cpu, 3->4->1 MB, 4 MB goal, 0 MB stacks, 0 MB globals, 12 P
gc 140 @4.383s 0%: 0.15+0.62+0.072 ms clock, 1.8+0.79/0.91/0+0.86 ms cpu, 3->3->1 MB, 4 MB goal, 0 MB stacks, 0 MB globals, 12 P
gc 141 @4.385s 0%: 0.091+1.2+0.065 ms clock, 1.1+0.68/0.80/0+0.78 ms cpu, 3->4->2 MB, 4 MB goal, 0 MB stacks, 0 MB globals, 12 P
gc 142 @4.388s 0%: 0.11+0.67+0.12 ms clock, 1.3+0.66/0.95/0+1.4 ms cpu, 4->4->1 MB, 4 MB goal, 0 MB stacks, 0 MB globals, 12 P
gc 143 @4.390s 0%: 0.082+0.94+0.072 ms clock, 0.98+0.76/0.76/0+0.86 ms cpu, 3->4->1 MB, 4 MB goal, 0 MB stacks, 0 MB globals, 12 P
gc 144 @4.393s 0%: 0.13+0.95+0.11 ms clock, 1.6+0.85/0.95/0+1.4 ms cpu, 3->4->1 MB, 4 MB goal, 0 MB stacks, 0 MB globals, 12 P
gc 145 @4.395s 0%: 0.11+0.66+0.067 ms clock, 1.3+0.75/0.92/0+0.81 ms cpu, 3->3->2 MB, 4 MB goal, 0 MB stacks, 0 MB globals, 12 P
gc 146 @4.397s 0%: 0.10+0.60+0.16 ms clock, 1.2+0.82/0.90/0+2.0 ms cpu, 3->4->1 MB, 4 MB goal, 0 MB stacks, 0 MB globals, 12 P
gc 147 @4.399s 0%: 0.10+0.72+0.068 ms clock, 1.2+1.1/0.85/0+0.82 ms cpu, 3->3->1 MB, 4 MB goal, 0 MB stacks, 0 MB globals, 12 P
gc 148 @4.402s 0%: 0.10+0.60+0.064 ms clock, 1.2+0.66/0.97/0+0.77 ms cpu, 3->3->1 MB, 4 MB goal, 0 MB stacks, 0 MB globals, 12 P
gc 149 @4.404s 0%: 0.11+0.59+0.085 ms clock, 1.3+0.69/0.90/0+1.0 ms cpu, 3->3->1 MB, 4 MB goal, 0 MB stacks, 0 MB globals, 12 P
gc 150 @4.406s 0%: 0.10+0.80+0.068 ms clock, 1.2+0.81/0.87/0+0.82 ms cpu, 3->3->1 MB, 4 MB goal, 0 MB stacks, 0 MB globals, 12 P
gc 151 @4.408s 0%: 0.10+0.54+0.079 ms clock, 1.2+0.85/0.87/0+0.95 ms cpu, 3->3->1 MB, 4 MB goal, 0 MB stacks, 0 MB globals, 12 P
gc 152 @4.410s 0%: 0.094+0.60+0.11 ms clock, 1.1+0.70/0.95/0+1.3 ms cpu, 3->3->1 MB, 4 MB goal, 0 MB stacks, 0 MB globals, 12 P
gc 153 @4.412s 0%: 0.11+0.95+0.13 ms clock, 1.3+0.82/0.76/0+1.6 ms cpu, 3->4->2 MB, 4 MB goal, 0 MB stacks, 0 MB globals, 12 P
gc 154 @4.415s 0%: 0.18+0.98+0.085 ms clock, 2.2+0.78/0.80/0+1.0 ms cpu, 3->4->2 MB, 4 MB goal, 0 MB stacks, 0 MB globals, 12 P
gc 155 @4.418s 0%: 0.16+0.70+0.092 ms clock, 1.9+0.68/0.92/0+1.1 ms cpu, 3->4->1 MB, 4 MB goal, 0 MB stacks, 0 MB globals, 12 P
gc 156 @4.420s 0%: 0.070+0.71+0.086 ms clock, 0.84+0.72/0.87/0+1.0 ms cpu, 3->4->1 MB, 4 MB goal, 0 MB stacks, 0 MB globals, 12 P
gc 157 @4.422s 0%: 0.15+0.54+0.072 ms clock, 1.8+0.74/0.83/0+0.86 ms cpu, 3->3->1 MB, 4 MB goal, 0 MB stacks, 0 MB globals, 12 P
gc 158 @4.424s 0%: 0.12+0.46+0.092 ms clock, 1.5+0.88/0.71/0+1.1 ms cpu, 3->3->1 MB, 4 MB goal, 0 MB stacks, 0 MB globals, 12 P
gc 159 @4.426s 0%: 0.13+0.69+0.094 ms clock, 1.5+0.72/0.81/0+1.1 ms cpu, 3->3->1 MB, 4 MB goal, 0 MB stacks, 0 MB globals, 12 P
gc 160 @4.428s 0%: 0.098+0.63+0.076 ms clock, 1.1+0.72/0.97/0+0.92 ms cpu, 3->3->1 MB, 4 MB goal, 0 MB stacks, 0 MB globals, 12 P
gc 161 @4.430s 0%: 0.098+0.78+0.042 ms clock, 1.1+0.69/0.92/0+0.51 ms cpu, 3->3->1 MB, 4 MB goal, 0 MB stacks, 0 MB globals, 12 P
gc 162 @4.433s 0%: 0.090+0.67+0.13 ms clock, 1.0+0.75/0.75/0+1.6 ms cpu, 3->4->1 MB, 4 MB goal, 0 MB stacks, 0 MB globals, 12 P
gc 163 @4.435s 0%: 0.18+0.58+0.095 ms clock, 2.1+0.74/0.87/0+1.1 ms cpu, 3->3->1 MB, 4 MB goal, 0 MB stacks, 0 MB globals, 12 P
gc 164 @4.437s 0%: 0.11+0.95+0.097 ms clock, 1.3+0.81/0.76/0+1.1 ms cpu, 3->4->2 MB, 4 MB goal, 0 MB stacks, 0 MB globals, 12 P
gc 165 @4.439s 0%: 0.14+0.96+0.083 ms clock, 1.7+0.70/1.0/0+1.0 ms cpu, 3->4->2 MB, 4 MB goal, 0 MB stacks, 0 MB globals, 12 P
gc 166 @4.442s 0%: 0.19+0.62+0.12 ms clock, 2.2+0.80/0.79/0+1.5 ms cpu, 3->4->1 MB, 4 MB goal, 0 MB stacks, 0 MB globals, 12 P
gc 167 @4.444s 0%: 0.095+1.1+0.12 ms clock, 1.1+0.61/0.87/0+1.4 ms cpu, 3->4->2 MB, 4 MB goal, 0 MB stacks, 0 MB globals, 12 P
gc 168 @4.447s 0%: 0.10+0.92+0.091 ms clock, 1.2+0.77/1.0/0+1.0 ms cpu, 3->4->1 MB, 4 MB goal, 0 MB stacks, 0 MB globals, 12 P
gc 169 @4.450s 0%: 0.12+0.70+0.11 ms clock, 1.4+0.74/0.74/0+1.3 ms cpu, 3->4->1 MB, 4 MB goal, 0 MB stacks, 0 MB globals, 12 P
gc 170 @4.452s 0%: 0.13+0.94+0.12 ms clock, 1.5+0.85/0.77/0+1.5 ms cpu, 3->4->2 MB, 4 MB goal, 0 MB stacks, 0 MB globals, 12 P
gc 171 @4.454s 1%: 0.074+0.62+0.13 ms clock, 0.89+0.79/0.85/0+1.6 ms cpu, 3->4->1 MB, 4 MB goal, 0 MB stacks, 0 MB globals, 12 P
gc 172 @4.456s 1%: 0.11+0.78+0.054 ms clock, 1.3+0.73/0.88/0+0.65 ms cpu, 3->3->1 MB, 4 MB goal, 0 MB stacks, 0 MB globals, 12 P
gc 173 @4.459s 1%: 0.12+0.99+0.028 ms clock, 1.5+0.66/0.92/0+0.33 ms cpu, 3->4->1 MB, 4 MB goal, 0 MB stacks, 0 MB globals, 12 P
gc 174 @4.461s 1%: 0.13+0.47+0.14 ms clock, 1.6+0.77/0.77/0+1.7 ms cpu, 3->3->1 MB, 4 MB goal, 0 MB stacks, 0 MB globals, 12 P
gc 175 @4.463s 1%: 0.078+0.92+0.033 ms clock, 0.94+0.63/0.89/0+0.40 ms cpu, 3->4->1 MB, 4 MB goal, 0 MB stacks, 0 MB globals, 12 P
gc 176 @4.466s 1%: 0.084+0.85+0.068 ms clock, 1.0+0.69/1.0/0+0.82 ms cpu, 3->4->1 MB, 4 MB goal, 0 MB stacks, 0 MB globals, 12 P
gc 177 @4.468s 1%: 0.10+1.1+0.086 ms clock, 1.2+0.82/0.88/0+1.0 ms cpu, 3->4->2 MB, 4 MB goal, 0 MB stacks, 0 MB globals, 12 P
gc 178 @4.471s 1%: 0.14+0.51+0.12 ms clock, 1.7+0.76/0.76/0+1.5 ms cpu, 3->4->1 MB, 4 MB goal, 0 MB stacks, 0 MB globals, 12 P
gc 179 @4.473s 1%: 0.11+0.57+0.084 ms clock, 1.3+0.69/0.84/0+1.0 ms cpu, 3->3->1 MB, 4 MB goal, 0 MB stacks, 0 MB globals, 12 P
gc 180 @4.475s 1%: 0.11+1.3+0.075 ms clock, 1.3+0.80/0.86/0+0.91 ms cpu, 3->4->2 MB, 4 MB goal, 0 MB stacks, 0 MB globals, 12 P
gc 181 @4.478s 1%: 0.16+0.83+0.15 ms clock, 1.9+0.96/0.89/0+1.8 ms cpu, 3->4->1 MB, 4 MB goal, 0 MB stacks, 0 MB globals, 12 P
gc 182 @4.480s 1%: 0.14+0.56+0.10 ms clock, 1.6+0.78/0.87/0+1.3 ms cpu, 3->4->1 MB, 4 MB goal, 0 MB stacks, 0 MB globals, 12 P
gc 183 @4.482s 1%: 0.10+0.57+0.10 ms clock, 1.3+0.55/0.82/0+1.2 ms cpu, 3->3->1 MB, 4 MB goal, 0 MB stacks, 0 MB globals, 12 P
gc 184 @4.484s 1%: 0.12+0.56+0.12 ms clock, 1.4+0.76/0.76/0+1.5 ms cpu, 3->3->1 MB, 4 MB goal, 0 MB stacks, 0 MB globals, 12 P
gc 185 @4.486s 1%: 0.11+0.54+0.12 ms clock, 1.3+0.78/0.97/0+1.5 ms cpu, 3->3->1 MB, 4 MB goal, 0 MB stacks, 0 MB globals, 12 P
gc 186 @4.488s 1%: 0.096+0.57+0.072 ms clock, 1.1+0.92/0.68/0.007+0.87 ms cpu, 3->3->1 MB, 4 MB goal, 0 MB stacks, 0 MB globals, 12 P
gc 187 @4.490s 1%: 0.075+0.61+0.13 ms clock, 0.90+0.73/0.87/0+1.5 ms cpu, 3->3->1 MB, 4 MB goal, 0 MB stacks, 0 MB globals, 12 P
gc 188 @4.492s 1%: 0.11+0.76+0.077 ms clock, 1.3+0.60/0.89/0+0.92 ms cpu, 3->3->1 MB, 4 MB goal, 0 MB stacks, 0 MB globals, 12 P
gc 189 @4.495s 1%: 0.10+0.86+0.019 ms clock, 1.2+0.64/0.78/0+0.23 ms cpu, 3->3->1 MB, 4 MB goal, 0 MB stacks, 0 MB globals, 12 P
gc 190 @4.497s 1%: 0.10+0.54+0.11 ms clock, 1.2+0.66/0.79/0+1.3 ms cpu, 3->3->1 MB, 4 MB goal, 0 MB stacks, 0 MB globals, 12 P
gc 191 @4.499s 1%: 0.085+1.1+0.071 ms clock, 1.0+0.71/0.84/0+0.85 ms cpu, 3->4->2 MB, 4 MB goal, 0 MB stacks, 0 MB globals, 12 P
gc 192 @4.502s 1%: 0.11+0.95+0.067 ms clock, 1.3+0.70/0.86/0+0.80 ms cpu, 3->4->2 MB, 4 MB goal, 0 MB stacks, 0 MB globals, 12 P
gc 193 @4.504s 1%: 0.067+0.62+0.11 ms clock, 0.80+0.78/0.88/0+1.3 ms cpu, 3->4->1 MB, 4 MB goal, 0 MB stacks, 0 MB globals, 12 P
gc 194 @4.506s 1%: 0.11+0.52+0.095 ms clock, 1.3+0.66/0.97/0+1.1 ms cpu, 3->3->1 MB, 4 MB goal, 0 MB stacks, 0 MB globals, 12 P
gc 195 @4.508s 1%: 0.10+1.1+0.024 ms clock, 1.2+0.59/0.99/0+0.29 ms cpu, 3->4->2 MB, 4 MB goal, 0 MB stacks, 0 MB globals, 12 P
gc 196 @4.511s 1%: 0.085+0.44+0.064 ms clock, 1.0+1.0/0.83/0+0.76 ms cpu, 3->4->1 MB, 4 MB goal, 0 MB stacks, 0 MB globals, 12 P
gc 197 @4.513s 1%: 0.13+0.95+0.11 ms clock, 1.6+0.78/0.84/0+1.3 ms cpu, 3->4->2 MB, 4 MB goal, 0 MB stacks, 0 MB globals, 12 P
gc 198 @4.516s 1%: 0.084+1.3+0.096 ms clock, 1.0+0.86/0.82/0+1.1 ms cpu, 3->4->2 MB, 4 MB goal, 0 MB stacks, 0 MB globals, 12 P
gc 199 @4.519s 1%: 0.10+0.43+0.076 ms clock, 1.2+0.78/0.86/0+0.91 ms cpu, 4->4->1 MB, 4 MB goal, 0 MB stacks, 0 MB globals, 12 P
gc 200 @4.521s 1%: 0.16+0.90+0.13 ms clock, 1.9+0.78/0.85/0+1.6 ms cpu, 3->4->2 MB, 4 MB goal, 0 MB stacks, 0 MB globals, 12 P
gc 201 @4.524s 1%: 0.12+0.65+0.11 ms clock, 1.5+0.72/0.84/0+1.3 ms cpu, 3->4->1 MB, 4 MB goal, 0 MB stacks, 0 MB globals, 12 P
gc 202 @4.526s 1%: 0.085+0.48+0.13 ms clock, 1.0+0.80/0.84/0+1.5 ms cpu, 3->3->1 MB, 4 MB goal, 0 MB stacks, 0 MB globals, 12 P
gc 203 @4.528s 1%: 0.089+0.74+0.13 ms clock, 1.0+0.62/1.0/0+1.6 ms cpu, 3->3->1 MB, 4 MB goal, 0 MB stacks, 0 MB globals, 12 P
gc 204 @4.531s 1%: 0.13+1.5+0.095 ms clock, 1.6+0.57/0.83/0+1.1 ms cpu, 3->4->2 MB, 4 MB goal, 0 MB stacks, 0 MB globals, 12 P
gc 205 @4.534s 1%: 0.11+0.55+0.064 ms clock, 1.3+0.77/0.83/0+0.77 ms cpu, 4->4->1 MB, 5 MB goal, 0 MB stacks, 0 MB globals, 12 P
gc 206 @4.536s 1%: 0.099+0.53+0.10 ms clock, 1.1+0.80/0.78/0+1.2 ms cpu, 3->3->1 MB, 4 MB goal, 0 MB stacks, 0 MB globals, 12 P
gc 207 @4.538s 1%: 0.12+1.1+0.056 ms clock, 1.4+0.74/0.99/0+0.68 ms cpu, 3->4->2 MB, 4 MB goal, 0 MB stacks, 0 MB globals, 12 P
gc 208 @4.542s 1%: 0.10+0.50+0.091 ms clock, 1.2+0.82/0.89/0+1.1 ms cpu, 4->4->1 MB, 4 MB goal, 0 MB stacks, 0 MB globals, 12 P
gc 209 @4.544s 1%: 0.11+0.98+0.064 ms clock, 1.3+0.72/0.80/0+0.77 ms cpu, 3->4->2 MB, 4 MB goal, 0 MB stacks, 0 MB globals, 12 P
gc 210 @4.546s 1%: 0.12+1.0+0.066 ms clock, 1.5+0.75/0.79/0+0.79 ms cpu, 3->4->2 MB, 4 MB goal, 0 MB stacks, 0 MB globals, 12 P
gc 211 @4.549s 1%: 0.13+0.77+0.11 ms clock, 1.5+0.77/0.79/0+1.3 ms cpu, 3->4->1 MB, 4 MB goal, 0 MB stacks, 0 MB globals, 12 P
gc 212 @4.552s 1%: 0.099+0.82+0.055 ms clock, 1.1+0.88/0.85/0+0.66 ms cpu, 3->4->1 MB, 4 MB goal, 0 MB stacks, 0 MB globals, 12 P
gc 213 @4.554s 1%: 0.12+1.0+0.089 ms clock, 1.4+1.1/0.86/0+1.0 ms cpu, 3->4->2 MB, 4 MB goal, 0 MB stacks, 0 MB globals, 12 P
gc 214 @4.557s 1%: 0.10+0.73+0.096 ms clock, 1.2+0.69/0.85/0+1.1 ms cpu, 3->4->1 MB, 4 MB goal, 0 MB stacks, 0 MB globals, 12 P
gc 215 @4.559s 1%: 0.15+0.72+0.052 ms clock, 1.8+0.72/0.85/0+0.62 ms cpu, 3->4->1 MB, 4 MB goal, 0 MB stacks, 0 MB globals, 12 P
gc 216 @4.561s 1%: 0.12+0.97+0.038 ms clock, 1.4+0.77/0.89/0+0.46 ms cpu, 3->4->1 MB, 4 MB goal, 0 MB stacks, 0 MB globals, 12 P
gc 217 @4.564s 1%: 0.10+0.80+0.099 ms clock, 1.2+0.70/1.0/0+1.1 ms cpu, 3->4->1 MB, 4 MB goal, 0 MB stacks, 0 MB globals, 12 P
gc 218 @4.566s 1%: 0.10+0.80+0.10 ms clock, 1.2+0.81/0.88/0+1.2 ms cpu, 3->4->1 MB, 4 MB goal, 0 MB stacks, 0 MB globals, 12 P
gc 219 @4.569s 1%: 0.26+0.84+0.083 ms clock, 3.1+0.19/0.68/0.69+1.0 ms cpu, 3->4->1 MB, 4 MB goal, 0 MB stacks, 0 MB globals, 12 P
gc 220 @4.571s 1%: 0.096+0.80+0.10 ms clock, 1.1+0.68/0.90/0+1.3 ms cpu, 3->4->1 MB, 4 MB goal, 0 MB stacks, 0 MB globals, 12 P
gc 221 @4.574s 1%: 0.10+0.57+0.10 ms clock, 1.3+0.69/0.86/0+1.2 ms cpu, 3->4->1 MB, 4 MB goal, 0 MB stacks, 0 MB globals, 12 P
gc 222 @4.576s 1%: 0.17+0.98+0.062 ms clock, 2.0+0.59/0.89/0+0.74 ms cpu, 3->4->2 MB, 4 MB goal, 0 MB stacks, 0 MB globals, 12 P
gc 223 @4.579s 1%: 0.10+0.84+0.064 ms clock, 1.2+0.78/0.84/0+0.77 ms cpu, 3->4->1 MB, 4 MB goal, 0 MB stacks, 0 MB globals, 12 P
gc 224 @4.581s 1%: 0.098+0.55+0.069 ms clock, 1.1+0.70/0.88/0+0.83 ms cpu, 3->4->1 MB, 4 MB goal, 0 MB stacks, 0 MB globals, 12 P
gc 225 @4.583s 1%: 0.097+1.0+0.050 ms clock, 1.1+0.60/0.99/0+0.60 ms cpu, 3->4->2 MB, 4 MB goal, 0 MB stacks, 0 MB globals, 12 P
gc 226 @4.586s 1%: 0.078+1.0+0.084 ms clock, 0.94+0.65/0.97/0+1.0 ms cpu, 3->4->2 MB, 4 MB goal, 0 MB stacks, 0 MB globals, 12 P
gc 227 @4.589s 1%: 0.066+0.66+0.088 ms clock, 0.79+0.87/0.84/0+1.0 ms cpu, 3->4->1 MB, 4 MB goal, 0 MB stacks, 0 MB globals, 12 P
gc 228 @4.591s 1%: 0.10+1.2+0.037 ms clock, 1.2+0.73/0.83/0+0.44 ms cpu, 3->4->2 MB, 4 MB goal, 0 MB stacks, 0 MB globals, 12 P
gc 229 @4.594s 1%: 0.10+1.1+0.074 ms clock, 1.2+0.72/1.0/0+0.89 ms cpu, 3->4->2 MB, 4 MB goal, 0 MB stacks, 0 MB globals, 12 P
gc 230 @4.596s 1%: 0.10+0.99+0.091 ms clock, 1.2+0.50/0.86/0+1.0 ms cpu, 3->4->2 MB, 4 MB goal, 0 MB stacks, 0 MB globals, 12 P
gc 231 @4.599s 1%: 0.076+0.98+0.004 ms clock, 0.91+0.51/0.86/0+0.059 ms cpu, 3->4->1 MB, 4 MB goal, 0 MB stacks, 0 MB globals, 12 P
gc 232 @4.601s 1%: 0.13+0.47+0.14 ms clock, 1.5+0.71/0.86/0+1.6 ms cpu, 3->3->1 MB, 4 MB goal, 0 MB stacks, 0 MB globals, 12 P
gc 233 @4.603s 1%: 0.12+0.59+0.066 ms clock, 1.5+0.53/1.0/0+0.79 ms cpu, 3->3->1 MB, 4 MB goal, 0 MB stacks, 0 MB globals, 12 P
gc 234 @4.605s 1%: 0.12+0.75+0.10 ms clock, 1.4+0.80/0.76/0+1.2 ms cpu, 3->3->1 MB, 4 MB goal, 0 MB stacks, 0 MB globals, 12 P
gc 235 @4.608s 1%: 0.17+0.95+0.080 ms clock, 2.0+0.79/0.82/0+0.97 ms cpu, 3->4->2 MB, 4 MB goal, 0 MB stacks, 0 MB globals, 12 P
gc 236 @4.610s 1%: 0.10+0.76+0.089 ms clock, 1.2+0.73/0.78/0+1.0 ms cpu, 3->4->1 MB, 4 MB goal, 0 MB stacks, 0 MB globals, 12 P
gc 237 @4.613s 1%: 0.11+0.66+0.13 ms clock, 1.3+0.72/0.89/0+1.5 ms cpu, 3->4->1 MB, 4 MB goal, 0 MB stacks, 0 MB globals, 12 P
gc 238 @4.615s 1%: 0.12+0.54+0.11 ms clock, 1.5+0.68/0.85/0+1.4 ms cpu, 3->3->1 MB, 4 MB goal, 0 MB stacks, 0 MB globals, 12 P
gc 239 @4.617s 1%: 0.11+0.67+0.047 ms clock, 1.3+0.74/0.84/0+0.57 ms cpu, 3->3->1 MB, 4 MB goal, 0 MB stacks, 0 MB globals, 12 P
gc 240 @4.619s 1%: 0.12+0.57+0.062 ms clock, 1.4+0.69/0.94/0+0.74 ms cpu, 3->3->1 MB, 4 MB goal, 0 MB stacks, 0 MB globals, 12 P
gc 241 @4.621s 1%: 0.10+0.45+0.092 ms clock, 1.2+0.83/0.73/0+1.1 ms cpu, 3->3->1 MB, 4 MB goal, 0 MB stacks, 0 MB globals, 12 P
gc 242 @4.623s 1%: 0.088+0.88+0.085 ms clock, 1.0+0.69/0.78/0+1.0 ms cpu, 3->3->1 MB, 4 MB goal, 0 MB stacks, 0 MB globals, 12 P
gc 243 @4.626s 1%: 0.074+0.69+0.073 ms clock, 0.88+0.75/0.87/0+0.88 ms cpu, 3->4->1 MB, 4 MB goal, 0 MB stacks, 0 MB globals, 12 P
gc 244 @4.628s 1%: 0.098+0.51+0.13 ms clock, 1.1+0.63/0.97/0+1.6 ms cpu, 3->3->1 MB, 4 MB goal, 0 MB stacks, 0 MB globals, 12 P
gc 245 @4.630s 1%: 0.11+0.94+0.065 ms clock, 1.3+0.78/0.86/0+0.78 ms cpu, 3->3->1 MB, 4 MB goal, 0 MB stacks, 0 MB globals, 12 P
gc 246 @4.632s 1%: 0.076+0.50+0.078 ms clock, 0.91+0.73/0.81/0+0.94 ms cpu, 3->3->1 MB, 4 MB goal, 0 MB stacks, 0 MB globals, 12 P
gc 247 @4.634s 1%: 0.12+1.0+0.082 ms clock, 1.5+0.060/1.0/0+0.99 ms cpu, 3->3->1 MB, 4 MB goal, 0 MB stacks, 0 MB globals, 12 P
gc 248 @4.636s 1%: 0.10+0.90+0.063 ms clock, 1.2+0.59/0.68/0.11+0.76 ms cpu, 3->4->2 MB, 4 MB goal, 0 MB stacks, 0 MB globals, 12 P
gc 249 @4.639s 1%: 0.10+1.0+0.078 ms clock, 1.2+1.4/0.87/0+0.94 ms cpu, 3->4->2 MB, 4 MB goal, 0 MB stacks, 0 MB globals, 12 P
gc 250 @4.642s 1%: 0.10+0.47+0.093 ms clock, 1.3+0.76/0.91/0+1.1 ms cpu, 3->4->1 MB, 4 MB goal, 0 MB stacks, 0 MB globals, 12 P
gc 251 @4.644s 1%: 0.12+0.62+0.14 ms clock, 1.5+0.80/0.90/0+1.7 ms cpu, 3->3->1 MB, 4 MB goal, 0 MB stacks, 0 MB globals, 12 P
gc 252 @4.646s 1%: 0.098+1.1+0.10 ms clock, 1.1+0.86/0.89/0+1.3 ms cpu, 3->4->2 MB, 4 MB goal, 0 MB stacks, 0 MB globals, 12 P
gc 253 @4.649s 1%: 0.13+1.1+0.12 ms clock, 1.5+0.71/0.90/0+1.4 ms cpu, 3->4->2 MB, 4 MB goal, 0 MB stacks, 0 MB globals, 12 P
gc 254 @4.652s 1%: 0.077+1.1+0.044 ms clock, 0.93+0.46/1.0/0.002+0.53 ms cpu, 3->4->2 MB, 4 MB goal, 0 MB stacks, 0 MB globals, 12 P
gc 255 @4.655s 1%: 0.15+1.0+0.053 ms clock, 1.8+0.74/0.97/0+0.64 ms cpu, 3->4->2 MB, 4 MB goal, 0 MB stacks, 0 MB globals, 12 P
gc 256 @4.657s 1%: 0.077+0.79+0.12 ms clock, 0.92+0.72/0.85/0+1.5 ms cpu, 3->4->1 MB, 4 MB goal, 0 MB stacks, 0 MB globals, 12 P
gc 257 @4.660s 1%: 0.072+1.0+0.066 ms clock, 0.86+0.79/0.80/0+0.80 ms cpu, 3->4->2 MB, 4 MB goal, 0 MB stacks, 0 MB globals, 12 P
gc 258 @4.662s 1%: 0.14+0.46+0.10 ms clock, 1.7+0.69/0.88/0+1.2 ms cpu, 3->4->1 MB, 4 MB goal, 0 MB stacks, 0 MB globals, 12 P
gc 259 @4.664s 1%: 0.13+0.44+0.10 ms clock, 1.6+0.76/0.78/0+1.2 ms cpu, 3->3->1 MB, 4 MB goal, 0 MB stacks, 0 MB globals, 12 P
gc 260 @4.666s 1%: 0.081+0.51+0.074 ms clock, 0.97+0.75/0.92/0+0.89 ms cpu, 3->3->1 MB, 4 MB goal, 0 MB stacks, 0 MB globals, 12 P
gc 261 @4.668s 1%: 0.074+0.89+0.093 ms clock, 0.89+0.81/0.89/0+1.1 ms cpu, 3->4->2 MB, 4 MB goal, 0 MB stacks, 0 MB globals, 12 P
gc 262 @4.671s 1%: 0.084+0.43+0.097 ms clock, 1.0+0.69/0.82/0+1.1 ms cpu, 3->4->1 MB, 4 MB goal, 0 MB stacks, 0 MB globals, 12 P
gc 263 @4.673s 1%: 0.089+0.64+0.13 ms clock, 1.0+0.72/0.87/0+1.6 ms cpu, 3->3->1 MB, 4 MB goal, 0 MB stacks, 0 MB globals, 12 P
gc 264 @4.675s 1%: 0.098+0.53+0.093 ms clock, 1.1+0.80/0.79/0+1.1 ms cpu, 3->3->1 MB, 4 MB goal, 0 MB stacks, 0 MB globals, 12 P
gc 265 @4.677s 1%: 0.093+0.87+0.10 ms clock, 1.1+1.3/0.81/0+1.2 ms cpu, 3->3->2 MB, 4 MB goal, 0 MB stacks, 0 MB globals, 12 P
gc 266 @4.679s 1%: 0.13+1.1+0.066 ms clock, 1.5+0.75/0.82/0+0.79 ms cpu, 3->4->2 MB, 4 MB goal, 0 MB stacks, 0 MB globals, 12 P
gc 267 @4.683s 1%: 0.096+0.94+0.037 ms clock, 1.1+0.76/0.80/0+0.44 ms cpu, 4->4->1 MB, 4 MB goal, 0 MB stacks, 0 MB globals, 12 P
gc 268 @4.685s 1%: 0.094+0.71+0.10 ms clock, 1.1+0.54/0.86/0+1.2 ms cpu, 3->4->1 MB, 4 MB goal, 0 MB stacks, 0 MB globals, 12 P
gc 269 @4.687s 1%: 0.12+0.48+0.070 ms clock, 1.5+0.75/0.80/0+0.84 ms cpu, 3->3->1 MB, 4 MB goal, 0 MB stacks, 0 MB globals, 12 P
gc 270 @4.689s 1%: 0.099+1.0+0.082 ms clock, 1.1+0.73/0.80/0+0.99 ms cpu, 3->4->2 MB, 4 MB goal, 0 MB stacks, 0 MB globals, 12 P
gc 271 @4.692s 1%: 0.11+0.63+0.075 ms clock, 1.3+0.70/0.95/0+0.90 ms cpu, 3->4->1 MB, 4 MB goal, 0 MB stacks, 0 MB globals, 12 P
gc 272 @4.695s 1%: 0.093+0.79+0.072 ms clock, 1.1+0.86/0.76/0+0.86 ms cpu, 3->3->1 MB, 4 MB goal, 0 MB stacks, 0 MB globals, 12 P
gc 273 @4.697s 1%: 0.086+0.58+0.085 ms clock, 1.0+0.79/0.85/0+1.0 ms cpu, 3->3->1 MB, 4 MB goal, 0 MB stacks, 0 MB globals, 12 P
gc 274 @4.699s 1%: 0.16+1.1+0.059 ms clock, 1.9+0.77/0.75/0+0.70 ms cpu, 3->3->2 MB, 4 MB goal, 0 MB stacks, 0 MB globals, 12 P
gc 275 @4.701s 1%: 0.099+0.95+0.10 ms clock, 1.1+0.77/0.88/0+1.2 ms cpu, 3->4->1 MB, 4 MB goal, 0 MB stacks, 0 MB globals, 12 P
gc 276 @4.704s 1%: 0.11+0.84+0.096 ms clock, 1.3+0.79/0.89/0+1.1 ms cpu, 3->4->2 MB, 4 MB goal, 0 MB stacks, 0 MB globals, 12 P
gc 277 @4.706s 1%: 0.097+0.56+0.093 ms clock, 1.1+0.82/0.80/0+1.1 ms cpu, 3->4->1 MB, 4 MB goal, 0 MB stacks, 0 MB globals, 12 P
gc 278 @4.708s 1%: 0.13+0.79+0.066 ms clock, 1.6+0.73/0.88/0+0.79 ms cpu, 3->3->1 MB, 4 MB goal, 0 MB stacks, 0 MB globals, 12 P
gc 279 @4.711s 1%: 0.13+0.67+0.051 ms clock, 1.5+0.76/1.1/0+0.61 ms cpu, 3->4->1 MB, 4 MB goal, 0 MB stacks, 0 MB globals, 12 P
gc 280 @4.713s 1%: 0.10+0.84+0.065 ms clock, 1.2+0.82/0.91/0.005+0.78 ms cpu, 3->3->1 MB, 4 MB goal, 0 MB stacks, 0 MB globals, 12 P
gc 281 @4.715s 1%: 0.11+0.44+0.072 ms clock, 1.3+0.81/0.73/0+0.87 ms cpu, 3->3->1 MB, 4 MB goal, 0 MB stacks, 0 MB globals, 12 P
gc 282 @4.717s 1%: 0.11+1.0+0.050 ms clock, 1.4+0.73/0.89/0+0.60 ms cpu, 3->3->1 MB, 4 MB goal, 0 MB stacks, 0 MB globals, 12 P
gc 283 @4.720s 1%: 0.12+0.50+0.066 ms clock, 1.4+0.79/0.80/0+0.79 ms cpu, 3->4->1 MB, 4 MB goal, 0 MB stacks, 0 MB globals, 12 P
gc 284 @4.722s 1%: 0.11+1.0+0.095 ms clock, 1.3+0.66/0.98/0+1.1 ms cpu, 3->3->1 MB, 4 MB goal, 0 MB stacks, 0 MB globals, 12 P
gc 285 @4.724s 1%: 0.13+1.0+0.081 ms clock, 1.6+0.76/0.82/0+0.98 ms cpu, 3->4->2 MB, 4 MB goal, 0 MB stacks, 0 MB globals, 12 P
gc 286 @4.727s 1%: 0.085+0.85+0.080 ms clock, 1.0+0.84/0.83/0+0.96 ms cpu, 3->4->1 MB, 4 MB goal, 0 MB stacks, 0 MB globals, 12 P
gc 287 @4.729s 1%: 0.14+0.47+0.13 ms clock, 1.7+0.70/0.83/0+1.5 ms cpu, 3->3->1 MB, 4 MB goal, 0 MB stacks, 0 MB globals, 12 P
gc 288 @4.732s 1%: 0.16+0.45+0.060 ms clock, 1.9+0.60/0.89/0+0.73 ms cpu, 3->3->1 MB, 4 MB goal, 0 MB stacks, 0 MB globals, 12 P
gc 289 @4.734s 1%: 0.10+0.72+0.078 ms clock, 1.2+0.70/0.84/0.008+0.94 ms cpu, 3->3->1 MB, 4 MB goal, 0 MB stacks, 0 MB globals, 12 P
gc 290 @4.736s 1%: 0.078+0.69+0.10 ms clock, 0.94+0.64/0.99/0+1.3 ms cpu, 3->3->1 MB, 4 MB goal, 0 MB stacks, 0 MB globals, 12 P
gc 291 @4.738s 1%: 0.15+1.2+0.091 ms clock, 1.8+0.55/1.0/0+1.1 ms cpu, 3->4->2 MB, 4 MB goal, 0 MB stacks, 0 MB globals, 12 P
gc 292 @4.741s 1%: 0.080+0.88+0.050 ms clock, 0.96+0.79/0.87/0+0.60 ms cpu, 3->4->2 MB, 4 MB goal, 0 MB stacks, 0 MB globals, 12 P
gc 293 @4.744s 1%: 0.11+0.74+0.072 ms clock, 1.3+0.82/0.88/0+0.86 ms cpu, 3->4->1 MB, 4 MB goal, 0 MB stacks, 0 MB globals, 12 P
gc 294 @4.746s 1%: 0.11+0.58+0.12 ms clock, 1.3+0.62/0.90/0+1.5 ms cpu, 3->3->1 MB, 4 MB goal, 0 MB stacks, 0 MB globals, 12 P
gc 295 @4.748s 1%: 0.085+0.85+0.043 ms clock, 1.0+0.77/0.81/0+0.52 ms cpu, 3->3->1 MB, 4 MB goal, 0 MB stacks, 0 MB globals, 12 P
gc 296 @4.750s 1%: 0.076+0.79+0.11 ms clock, 0.92+0.74/0.81/0.026+1.4 ms cpu, 3->4->1 MB, 4 MB goal, 0 MB stacks, 0 MB globals, 12 P
gc 297 @4.752s 1%: 0.061+0.80+0.067 ms clock, 0.73+0.72/0.88/0.010+0.80 ms cpu, 3->4->1 MB, 4 MB goal, 0 MB stacks, 0 MB globals, 12 P
gc 298 @4.755s 1%: 0.099+0.58+0.083 ms clock, 1.1+0.80/0.86/0+1.0 ms cpu, 3->3->1 MB, 4 MB goal, 0 MB stacks, 0 MB globals, 12 P
gc 299 @4.757s 1%: 0.11+0.54+0.082 ms clock, 1.3+0.73/0.84/0+0.99 ms cpu, 3->3->1 MB, 4 MB goal, 0 MB stacks, 0 MB globals, 12 P
gc 300 @4.759s 1%: 0.090+0.77+0.047 ms clock, 1.0+0.67/0.94/0+0.56 ms cpu, 3->3->1 MB, 4 MB goal, 0 MB stacks, 0 MB globals, 12 P
gc 301 @4.761s 1%: 0.093+0.85+0.074 ms clock, 1.1+0.79/0.86/0+0.89 ms cpu, 3->4->1 MB, 4 MB goal, 0 MB stacks, 0 MB globals, 12 P
gc 302 @4.763s 1%: 0.077+1.3+0.056 ms clock, 0.93+0.75/0.90/0+0.68 ms cpu, 3->4->2 MB, 4 MB goal, 0 MB stacks, 0 MB globals, 12 P
gc 303 @4.766s 1%: 0.14+0.45+0.11 ms clock, 1.7+0.66/0.83/0+1.3 ms cpu, 3->4->1 MB, 4 MB goal, 0 MB stacks, 0 MB globals, 12 P
gc 304 @4.768s 1%: 0.14+0.43+0.062 ms clock, 1.6+0.70/0.84/0+0.75 ms cpu, 3->3->1 MB, 4 MB goal, 0 MB stacks, 0 MB globals, 12 P
gc 305 @4.770s 1%: 0.094+1.0+0.079 ms clock, 1.1+0.67/0.86/0+0.95 ms cpu, 3->4->2 MB, 4 MB goal, 0 MB stacks, 0 MB globals, 12 P
gc 306 @4.773s 1%: 0.056+0.94+0.090 ms clock, 0.68+0.88/0.88/0+1.0 ms cpu, 3->4->1 MB, 4 MB goal, 0 MB stacks, 0 MB globals, 12 P
gc 307 @4.776s 1%: 0.087+0.49+0.12 ms clock, 1.0+0.70/0.90/0.006+1.4 ms cpu, 3->3->1 MB, 4 MB goal, 0 MB stacks, 0 MB globals, 12 P
gc 308 @4.778s 1%: 0.091+0.77+0.083 ms clock, 1.0+0.65/0.91/0+0.99 ms cpu, 3->3->1 MB, 4 MB goal, 0 MB stacks, 0 MB globals, 12 P
gc 309 @4.780s 1%: 0.10+0.45+0.080 ms clock, 1.2+0.69/0.78/0+0.96 ms cpu, 3->3->1 MB, 4 MB goal, 0 MB stacks, 0 MB globals, 12 P
gc 310 @4.782s 1%: 0.089+0.78+0.10 ms clock, 1.0+0.74/0.92/0+1.2 ms cpu, 3->3->1 MB, 4 MB goal, 0 MB stacks, 0 MB globals, 12 P
gc 311 @4.784s 1%: 0.095+1.1+0.081 ms clock, 1.1+0.74/1.0/0+0.98 ms cpu, 3->4->2 MB, 4 MB goal, 0 MB stacks, 0 MB globals, 12 P
gc 312 @4.787s 1%: 0.081+0.65+0.092 ms clock, 0.97+0.74/1.0/0+1.1 ms cpu, 3->4->1 MB, 4 MB goal, 0 MB stacks, 0 MB globals, 12 P
gc 313 @4.789s 1%: 0.11+0.47+0.11 ms clock, 1.4+0.52/0.89/0+1.3 ms cpu, 3->3->1 MB, 4 MB goal, 0 MB stacks, 0 MB globals, 12 P
gc 314 @4.791s 1%: 0.095+0.49+0.069 ms clock, 1.1+0.70/0.82/0+0.82 ms cpu, 3->3->1 MB, 4 MB goal, 0 MB stacks, 0 MB globals, 12 P
gc 315 @4.793s 1%: 0.13+0.55+0.097 ms clock, 1.6+0.70/0.88/0+1.1 ms cpu, 3->3->1 MB, 4 MB goal, 0 MB stacks, 0 MB globals, 12 P
gc 316 @4.795s 1%: 0.10+0.56+0.10 ms clock, 1.3+0.81/0.81/0+1.2 ms cpu, 3->3->1 MB, 4 MB goal, 0 MB stacks, 0 MB globals, 12 P
gc 317 @4.797s 1%: 0.097+0.81+0.11 ms clock, 1.1+0.57/0.85/0.029+1.3 ms cpu, 3->3->1 MB, 4 MB goal, 0 MB stacks, 0 MB globals, 12 P
gc 318 @4.800s 1%: 0.089+0.58+0.068 ms clock, 1.0+0.66/0.87/0+0.81 ms cpu, 3->3->1 MB, 4 MB goal, 0 MB stacks, 0 MB globals, 12 P
gc 319 @4.802s 1%: 0.096+0.52+0.081 ms clock, 1.1+0.80/0.91/0+0.97 ms cpu, 3->3->1 MB, 4 MB goal, 0 MB stacks, 0 MB globals, 12 P
gc 320 @4.804s 1%: 0.069+0.45+0.089 ms clock, 0.83+0.77/0.76/0+1.0 ms cpu, 3->3->1 MB, 4 MB goal, 0 MB stacks, 0 MB globals, 12 P
gc 321 @4.806s 1%: 0.072+0.42+0.10 ms clock, 0.86+0.76/0.80/0+1.3 ms cpu, 3->3->1 MB, 4 MB goal, 0 MB stacks, 0 MB globals, 12 P
gc 322 @4.808s 1%: 0.062+0.47+0.088 ms clock, 0.74+0.81/0.91/0+1.0 ms cpu, 3->3->1 MB, 4 MB goal, 0 MB stacks, 0 MB globals, 12 P
gc 323 @4.810s 1%: 0.083+0.54+0.090 ms clock, 1.0+0.59/0.89/0+1.0 ms cpu, 3->3->1 MB, 4 MB goal, 0 MB stacks, 0 MB globals, 12 P
gc 324 @4.812s 1%: 0.082+0.58+0.085 ms clock, 0.99+0.77/0.78/0+1.0 ms cpu, 3->3->1 MB, 4 MB goal, 0 MB stacks, 0 MB globals, 12 P
gc 325 @4.814s 1%: 0.10+0.52+0.088 ms clock, 1.2+0.76/0.90/0+1.0 ms cpu, 3->3->1 MB, 4 MB goal, 0 MB stacks, 0 MB globals, 12 P
gc 326 @4.816s 1%: 0.075+0.93+0.052 ms clock, 0.90+0.57/0.83/0+0.63 ms cpu, 3->3->1 MB, 4 MB goal, 0 MB stacks, 0 MB globals, 12 P
gc 327 @4.818s 1%: 0.071+0.66+0.10 ms clock, 0.86+0.79/0.79/0+1.3 ms cpu, 3->4->1 MB, 4 MB goal, 0 MB stacks, 0 MB globals, 12 P
gc 328 @4.820s 1%: 0.19+1.0+0.051 ms clock, 2.3+0.79/0.79/0+0.62 ms cpu, 3->4->2 MB, 4 MB goal, 0 MB stacks, 0 MB globals, 12 P
gc 329 @4.824s 1%: 0.10+0.62+0.094 ms clock, 1.3+0.77/0.86/0+1.1 ms cpu, 4->4->1 MB, 4 MB goal, 0 MB stacks, 0 MB globals, 12 P
gc 330 @4.826s 1%: 0.097+0.48+0.10 ms clock, 1.1+0.58/0.86/0+1.2 ms cpu, 3->3->1 MB, 4 MB goal, 0 MB stacks, 0 MB globals, 12 P
gc 331 @4.828s 1%: 0.089+0.49+0.11 ms clock, 1.0+0.73/0.88/0+1.3 ms cpu, 3->3->1 MB, 4 MB goal, 0 MB stacks, 0 MB globals, 12 P
gc 332 @4.829s 1%: 0.18+0.47+0.10 ms clock, 2.2+0.64/0.82/0+1.2 ms cpu, 3->3->1 MB, 4 MB goal, 0 MB stacks, 0 MB globals, 12 P
gc 333 @4.831s 1%: 0.12+0.81+0.069 ms clock, 1.5+0.78/0.84/0+0.83 ms cpu, 3->3->1 MB, 4 MB goal, 0 MB stacks, 0 MB globals, 12 P
gc 334 @4.834s 1%: 0.093+0.43+0.062 ms clock, 1.1+0.77/0.88/0+0.74 ms cpu, 3->3->1 MB, 4 MB goal, 0 MB stacks, 0 MB globals, 12 P
gc 335 @4.836s 1%: 0.076+0.50+0.076 ms clock, 0.91+0.70/0.88/0+0.92 ms cpu, 3->3->1 MB, 4 MB goal, 0 MB stacks, 0 MB globals, 12 P
gc 336 @4.838s 1%: 0.12+0.50+0.062 ms clock, 1.5+0.70/0.84/0+0.75 ms cpu, 3->3->1 MB, 4 MB goal, 0 MB stacks, 0 MB globals, 12 P
gc 337 @4.840s 1%: 0.15+0.66+0.073 ms clock, 1.8+0.69/0.85/0+0.88 ms cpu, 3->3->1 MB, 4 MB goal, 0 MB stacks, 0 MB globals, 12 P
gc 338 @4.842s 1%: 0.098+0.93+0.096 ms clock, 1.1+0.65/0.92/0+1.1 ms cpu, 3->3->1 MB, 4 MB goal, 0 MB stacks, 0 MB globals, 12 P
gc 339 @4.844s 1%: 0.10+1.0+0.034 ms clock, 1.3+0.69/0.86/0+0.41 ms cpu, 3->4->2 MB, 4 MB goal, 0 MB stacks, 0 MB globals, 12 P
gc 340 @4.847s 1%: 0.10+1.0+0.091 ms clock, 1.2+0.74/0.98/0+1.0 ms cpu, 3->4->2 MB, 4 MB goal, 0 MB stacks, 0 MB globals, 12 P
gc 341 @4.850s 1%: 0.097+0.59+0.093 ms clock, 1.1+0.61/0.81/0+1.1 ms cpu, 3->4->1 MB, 4 MB goal, 0 MB stacks, 0 MB globals, 12 P
gc 342 @4.852s 1%: 0.13+0.91+0.095 ms clock, 1.6+0.84/0.87/0+1.1 ms cpu, 3->3->1 MB, 4 MB goal, 0 MB stacks, 0 MB globals, 12 P
gc 343 @4.855s 1%: 0.10+0.55+0.11 ms clock, 1.2+0.68/0.94/0+1.3 ms cpu, 3->4->1 MB, 4 MB goal, 0 MB stacks, 0 MB globals, 12 P
gc 344 @4.857s 1%: 0.10+0.91+0.099 ms clock, 1.2+0.69/0.92/0+1.1 ms cpu, 3->3->1 MB, 4 MB goal, 0 MB stacks, 0 MB globals, 12 P
gc 345 @4.859s 1%: 0.10+0.78+0.092 ms clock, 1.2+0.71/0.82/0+1.1 ms cpu, 3->4->1 MB, 4 MB goal, 0 MB stacks, 0 MB globals, 12 P
gc 346 @4.862s 1%: 0.086+0.89+0.11 ms clock, 1.0+1.4/0.89/0+1.4 ms cpu, 3->4->2 MB, 4 MB goal, 0 MB stacks, 0 MB globals, 12 P
gc 347 @4.864s 1%: 0.11+0.56+0.048 ms clock, 1.4+0.58/0.94/0+0.58 ms cpu, 3->4->1 MB, 4 MB goal, 0 MB stacks, 0 MB globals, 12 P
gc 348 @4.866s 1%: 0.091+0.54+0.081 ms clock, 1.1+0.93/0.81/0+0.97 ms cpu, 3->3->1 MB, 4 MB goal, 0 MB stacks, 0 MB globals, 12 P
gc 349 @4.868s 1%: 0.10+0.49+0.11 ms clock, 1.2+0.68/0.79/0+1.4 ms cpu, 3->3->1 MB, 4 MB goal, 0 MB stacks, 0 MB globals, 12 P
gc 350 @4.870s 1%: 0.089+0.82+0.052 ms clock, 1.0+0.76/0.72/0+0.63 ms cpu, 3->3->1 MB, 4 MB goal, 0 MB stacks, 0 MB globals, 12 P
gc 351 @4.873s 1%: 0.13+0.47+0.052 ms clock, 1.5+0.81/0.79/0+0.63 ms cpu, 3->4->1 MB, 4 MB goal, 0 MB stacks, 0 MB globals, 12 P
gc 352 @4.875s 1%: 0.094+0.71+0.066 ms clock, 1.1+0.74/0.87/0+0.80 ms cpu, 3->3->1 MB, 4 MB goal, 0 MB stacks, 0 MB globals, 12 P
gc 353 @4.877s 1%: 0.080+0.62+0.085 ms clock, 0.96+0.44/0.97/0+1.0 ms cpu, 3->3->1 MB, 4 MB goal, 0 MB stacks, 0 MB globals, 12 P
gc 354 @4.879s 1%: 0.072+0.68+0.12 ms clock, 0.87+0.67/1.0/0+1.5 ms cpu, 3->3->1 MB, 4 MB goal, 0 MB stacks, 0 MB globals, 12 P
gc 355 @4.881s 1%: 0.078+0.43+0.059 ms clock, 0.94+0.76/0.81/0+0.71 ms cpu, 3->3->1 MB, 4 MB goal, 0 MB stacks, 0 MB globals, 12 P
gc 356 @4.883s 1%: 0.10+0.69+0.11 ms clock, 1.3+1.0/0.88/0+1.4 ms cpu, 3->3->1 MB, 4 MB goal, 0 MB stacks, 0 MB globals, 12 P
gc 357 @4.885s 1%: 0.093+0.44+0.11 ms clock, 1.1+0.77/0.80/0+1.3 ms cpu, 3->3->1 MB, 4 MB goal, 0 MB stacks, 0 MB globals, 12 P
gc 358 @4.887s 1%: 0.080+0.94+0.087 ms clock, 0.96+0.77/0.81/0+1.0 ms cpu, 3->3->1 MB, 4 MB goal, 0 MB stacks, 0 MB globals, 12 P
gc 359 @4.890s 1%: 0.094+0.63+0.093 ms clock, 1.1+0.69/0.86/0+1.1 ms cpu, 3->4->1 MB, 4 MB goal, 0 MB stacks, 0 MB globals, 12 P
gc 360 @4.892s 1%: 0.12+0.71+0.089 ms clock, 1.5+0.79/0.86/0+1.0 ms cpu, 3->4->1 MB, 4 MB goal, 0 MB stacks, 0 MB globals, 12 P
gc 361 @4.894s 1%: 0.11+1.2+0.051 ms clock, 1.4+0.80/0.85/0+0.61 ms cpu, 3->4->2 MB, 4 MB goal, 0 MB stacks, 0 MB globals, 12 P
gc 362 @4.897s 1%: 0.093+1.6+0.064 ms clock, 1.1+0.92/1.1/0+0.76 ms cpu, 4->5->2 MB, 4 MB goal, 0 MB stacks, 0 MB globals, 12 P
gc 363 @4.901s 1%: 0.096+0.98+0.085 ms clock, 1.1+0.81/0.75/0+1.0 ms cpu, 4->4->1 MB, 5 MB goal, 0 MB stacks, 0 MB globals, 12 P
gc 364 @4.903s 1%: 0.099+0.80+0.091 ms clock, 1.1+0.82/0.86/0+1.1 ms cpu, 3->4->1 MB, 4 MB goal, 0 MB stacks, 0 MB globals, 12 P
gc 365 @4.905s 1%: 0.083+0.44+0.080 ms clock, 1.0+0.66/0.88/0+0.96 ms cpu, 3->3->1 MB, 4 MB goal, 0 MB stacks, 0 MB globals, 12 P
gc 366 @4.908s 1%: 0.099+1.4+0.077 ms clock, 1.1+0.72/0.91/0+0.93 ms cpu, 3->4->2 MB, 4 MB goal, 0 MB stacks, 0 MB globals, 12 P
gc 367 @4.911s 1%: 0.13+0.70+0.059 ms clock, 1.5+0.81/0.78/0+0.71 ms cpu, 4->4->1 MB, 5 MB goal, 0 MB stacks, 0 MB globals, 12 P
gc 368 @4.913s 1%: 0.088+1.3+0.057 ms clock, 1.0+0.81/0.75/0+0.68 ms cpu, 3->4->2 MB, 4 MB goal, 0 MB stacks, 0 MB globals, 12 P
gc 369 @4.916s 1%: 0.17+0.52+0.066 ms clock, 2.1+0.72/0.86/0+0.79 ms cpu, 4->4->1 MB, 4 MB goal, 0 MB stacks, 0 MB globals, 12 P
gc 370 @4.918s 1%: 0.098+0.62+0.089 ms clock, 1.1+0.74/0.78/0+1.0 ms cpu, 3->3->1 MB, 4 MB goal, 0 MB stacks, 0 MB globals, 12 P
gc 371 @4.920s 1%: 0.10+0.48+0.059 ms clock, 1.2+0.81/0.87/0+0.71 ms cpu, 3->3->1 MB, 4 MB goal, 0 MB stacks, 0 MB globals, 12 P
gc 372 @4.922s 1%: 0.13+0.96+0.15 ms clock, 1.5+0.69/0.70/0+1.8 ms cpu, 3->4->2 MB, 4 MB goal, 0 MB stacks, 0 MB globals, 12 P
gc 373 @4.925s 1%: 0.11+0.98+0.037 ms clock, 1.3+0.54/0.91/0+0.44 ms cpu, 3->4->1 MB, 4 MB goal, 0 MB stacks, 0 MB globals, 12 P
gc 374 @4.928s 1%: 0.12+0.83+0.071 ms clock, 1.4+1.3/0.79/0+0.85 ms cpu, 3->4->1 MB, 4 MB goal, 0 MB stacks, 0 MB globals, 12 P
gc 375 @4.930s 1%: 0.077+0.57+0.083 ms clock, 0.93+0.76/0.83/0+1.0 ms cpu, 3->4->1 MB, 4 MB goal, 0 MB stacks, 0 MB globals, 12 P
gc 376 @4.932s 1%: 0.096+0.83+0.066 ms clock, 1.1+0.71/0.92/0+0.80 ms cpu, 3->3->1 MB, 4 MB goal, 0 MB stacks, 0 MB globals, 12 P
gc 377 @4.935s 1%: 0.12+1.4+0.082 ms clock, 1.4+0.90/1.5/0+0.98 ms cpu, 3->4->2 MB, 4 MB goal, 0 MB stacks, 0 MB globals, 12 P
gc 378 @4.938s 1%: 0.14+0.45+0.13 ms clock, 1.7+0.72/0.82/0+1.6 ms cpu, 4->4->1 MB, 4 MB goal, 0 MB stacks, 0 MB globals, 12 P
gc 379 @4.940s 1%: 0.10+0.59+0.072 ms clock, 1.2+0.67/0.80/0+0.86 ms cpu, 3->3->1 MB, 4 MB goal, 0 MB stacks, 0 MB globals, 12 P
gc 380 @4.942s 1%: 0.10+1.0+0.057 ms clock, 1.2+0.63/1.0/0+0.68 ms cpu, 3->4->1 MB, 4 MB goal, 0 MB stacks, 0 MB globals, 12 P
gc 381 @4.945s 1%: 0.15+0.81+0.080 ms clock, 1.8+0.59/0.93/0+0.96 ms cpu, 3->4->1 MB, 4 MB goal, 0 MB stacks, 0 MB globals, 12 P
gc 382 @4.947s 1%: 0.10+1.0+0.081 ms clock, 1.2+0.64/0.99/0+0.97 ms cpu, 3->4->2 MB, 4 MB goal, 0 MB stacks, 0 MB globals, 12 P
gc 383 @4.950s 1%: 0.099+1.4+0.080 ms clock, 1.1+0.78/0.71/0+0.96 ms cpu, 3->4->2 MB, 4 MB goal, 0 MB stacks, 0 MB globals, 12 P
gc 384 @4.953s 1%: 0.092+0.61+0.068 ms clock, 1.1+0.66/0.87/0+0.82 ms cpu, 4->4->1 MB, 5 MB goal, 0 MB stacks, 0 MB globals, 12 P
gc 385 @4.955s 1%: 0.091+0.72+0.092 ms clock, 1.0+0.71/0.88/0+1.1 ms cpu, 3->3->1 MB, 4 MB goal, 0 MB stacks, 0 MB globals, 12 P
gc 386 @4.957s 1%: 0.091+0.45+0.060 ms clock, 1.0+0.77/0.80/0+0.72 ms cpu, 3->3->1 MB, 4 MB goal, 0 MB stacks, 0 MB globals, 12 P
gc 387 @4.959s 1%: 0.12+0.86+0.093 ms clock, 1.4+0.67/0.78/0+1.1 ms cpu, 3->3->1 MB, 4 MB goal, 0 MB stacks, 0 MB globals, 12 P
gc 388 @4.962s 1%: 0.15+1.6+0.084 ms clock, 1.8+0.68/0.78/0.045+1.0 ms cpu, 3->4->1 MB, 4 MB goal, 0 MB stacks, 0 MB globals, 12 P
gc 389 @4.964s 1%: 0.092+0.47+0.069 ms clock, 1.1+0.81/0.76/0+0.83 ms cpu, 3->4->1 MB, 4 MB goal, 0 MB stacks, 0 MB globals, 12 P
gc 390 @4.966s 1%: 0.096+0.41+0.080 ms clock, 1.1+0.85/0.68/0+0.96 ms cpu, 3->3->1 MB, 4 MB goal, 0 MB stacks, 0 MB globals, 12 P
gc 391 @4.968s 1%: 0.15+0.85+0.075 ms clock, 1.8+0.72/0.87/0+0.90 ms cpu, 3->3->1 MB, 4 MB goal, 0 MB stacks, 0 MB globals, 12 P
gc 392 @4.971s 1%: 0.10+0.46+0.073 ms clock, 1.3+0.73/0.80/0+0.87 ms cpu, 3->3->1 MB, 4 MB goal, 0 MB stacks, 0 MB globals, 12 P
gc 393 @4.972s 1%: 0.086+0.60+0.065 ms clock, 1.0+0.73/0.96/0+0.78 ms cpu, 3->3->1 MB, 4 MB goal, 0 MB stacks, 0 MB globals, 12 P
gc 394 @4.974s 1%: 0.080+0.53+0.089 ms clock, 0.96+0.72/0.85/0+1.0 ms cpu, 3->3->1 MB, 4 MB goal, 0 MB stacks, 0 MB globals, 12 P
gc 395 @4.977s 1%: 0.081+0.56+0.082 ms clock, 0.97+0.54/0.88/0+0.98 ms cpu, 3->3->1 MB, 4 MB goal, 0 MB stacks, 0 MB globals, 12 P
gc 396 @4.979s 1%: 0.081+0.52+0.11 ms clock, 0.98+0.87/0.71/0+1.3 ms cpu, 3->3->1 MB, 4 MB goal, 0 MB stacks, 0 MB globals, 12 P
gc 397 @4.981s 1%: 0.10+0.40+0.12 ms clock, 1.2+0.82/0.78/0+1.4 ms cpu, 3->3->1 MB, 4 MB goal, 0 MB stacks, 0 MB globals, 12 P
gc 398 @4.982s 1%: 0.12+0.85+0.12 ms clock, 1.5+0.66/0.76/0+1.4 ms cpu, 3->3->1 MB, 4 MB goal, 0 MB stacks, 0 MB globals, 12 P
gc 399 @4.985s 1%: 0.11+0.75+0.065 ms clock, 1.3+0.74/0.79/0+0.78 ms cpu, 3->4->1 MB, 4 MB goal, 0 MB stacks, 0 MB globals, 12 P
gc 400 @4.987s 1%: 0.081+0.61+0.083 ms clock, 0.97+0.69/0.92/0+1.0 ms cpu, 3->3->1 MB, 4 MB goal, 0 MB stacks, 0 MB globals, 12 P
gc 401 @4.989s 1%: 0.093+0.66+0.069 ms clock, 1.1+0.59/0.90/0+0.83 ms cpu, 3->3->1 MB, 4 MB goal, 0 MB stacks, 0 MB globals, 12 P
gc 402 @4.991s 1%: 0.10+0.69+0.12 ms clock, 1.2+0.73/1.0/0+1.4 ms cpu, 3->3->1 MB, 4 MB goal, 0 MB stacks, 0 MB globals, 12 P
gc 403 @4.994s 2%: 0.083+0.51+0.14 ms clock, 0.99+0.67/0.86/0+1.6 ms cpu, 3->3->1 MB, 4 MB goal, 0 MB stacks, 0 MB globals, 12 P
gc 404 @4.996s 2%: 0.11+0.96+0.049 ms clock, 1.3+0.68/0.88/0+0.59 ms cpu, 3->3->2 MB, 4 MB goal, 0 MB stacks, 0 MB globals, 12 P
gc 405 @4.998s 2%: 0.080+0.70+0.057 ms clock, 0.96+0.63/0.93/0+0.68 ms cpu, 3->4->1 MB, 4 MB goal, 0 MB stacks, 0 MB globals, 12 P
gc 406 @5.000s 2%: 0.080+0.55+0.078 ms clock, 0.96+0.62/0.87/0+0.94 ms cpu, 3->3->1 MB, 4 MB goal, 0 MB stacks, 0 MB globals, 12 P
gc 407 @5.002s 2%: 0.10+0.68+0.10 ms clock, 1.3+0.73/0.84/0+1.2 ms cpu, 3->3->1 MB, 4 MB goal, 0 MB stacks, 0 MB globals, 12 P
gc 408 @5.005s 2%: 0.096+0.66+0.096 ms clock, 1.1+0.90/0.90/0+1.1 ms cpu, 3->3->1 MB, 4 MB goal, 0 MB stacks, 0 MB globals, 12 P
gc 409 @5.007s 2%: 0.11+0.56+0.074 ms clock, 1.3+0.66/0.92/0+0.89 ms cpu, 3->3->1 MB, 4 MB goal, 0 MB stacks, 0 MB globals, 12 P
gc 410 @5.009s 2%: 0.095+0.99+0.066 ms clock, 1.1+0.76/0.91/0+0.80 ms cpu, 3->4->2 MB, 4 MB goal, 0 MB stacks, 0 MB globals, 12 P
gc 411 @5.012s 2%: 0.12+0.87+0.10 ms clock, 1.5+0.59/0.93/0+1.2 ms cpu, 3->4->1 MB, 4 MB goal, 0 MB stacks, 0 MB globals, 12 P
gc 412 @5.014s 2%: 0.10+1.0+0.052 ms clock, 1.2+0.68/0.93/0+0.63 ms cpu, 3->4->2 MB, 4 MB goal, 0 MB stacks, 0 MB globals, 12 P
gc 413 @5.017s 2%: 0.091+1.0+0.066 ms clock, 1.1+0.61/0.91/0+0.80 ms cpu, 3->4->2 MB, 4 MB goal, 0 MB stacks, 0 MB globals, 12 P
gc 414 @5.020s 2%: 0.090+0.91+0.059 ms clock, 1.0+0.77/0.89/0+0.71 ms cpu, 3->4->2 MB, 4 MB goal, 0 MB stacks, 0 MB globals, 12 P
gc 415 @5.022s 2%: 0.10+0.53+0.10 ms clock, 1.2+0.67/0.83/0+1.2 ms cpu, 3->4->1 MB, 4 MB goal, 0 MB stacks, 0 MB globals, 12 P
gc 416 @5.024s 2%: 0.17+0.86+0.091 ms clock, 2.1+0.68/0.78/0+1.0 ms cpu, 3->3->2 MB, 4 MB goal, 0 MB stacks, 0 MB globals, 12 P
gc 417 @5.027s 2%: 0.074+0.82+0.099 ms clock, 0.89+0.68/0.79/0+1.1 ms cpu, 3->4->1 MB, 4 MB goal, 0 MB stacks, 0 MB globals, 12 P
gc 418 @5.029s 2%: 0.11+1.0+0.049 ms clock, 1.3+0.55/0.94/0+0.58 ms cpu, 3->4->2 MB, 4 MB goal, 0 MB stacks, 0 MB globals, 12 P
gc 419 @5.032s 2%: 0.18+0.91+0.078 ms clock, 2.1+0.74/0.87/0+0.94 ms cpu, 3->4->1 MB, 4 MB goal, 0 MB stacks, 0 MB globals, 12 P
gc 420 @5.034s 2%: 0.12+0.99+0.037 ms clock, 1.5+0.77/0.83/0+0.45 ms cpu, 3->4->2 MB, 4 MB goal, 0 MB stacks, 0 MB globals, 12 P
gc 421 @5.037s 2%: 0.10+0.50+0.060 ms clock, 1.2+0.70/0.91/0+0.73 ms cpu, 3->4->1 MB, 4 MB goal, 0 MB stacks, 0 MB globals, 12 P
gc 422 @5.039s 2%: 0.11+0.80+0.055 ms clock, 1.3+0.66/0.86/0+0.66 ms cpu, 3->3->1 MB, 4 MB goal, 0 MB stacks, 0 MB globals, 12 P
gc 423 @5.041s 2%: 0.096+0.73+0.081 ms clock, 1.1+0.57/0.97/0+0.97 ms cpu, 3->4->1 MB, 4 MB goal, 0 MB stacks, 0 MB globals, 12 P
gc 424 @5.043s 2%: 0.095+0.62+0.094 ms clock, 1.1+0.72/0.90/0+1.1 ms cpu, 3->3->1 MB, 4 MB goal, 0 MB stacks, 0 MB globals, 12 P
gc 425 @5.046s 2%: 0.098+0.54+0.081 ms clock, 1.1+0.77/0.90/0+0.97 ms cpu, 3->3->1 MB, 4 MB goal, 0 MB stacks, 0 MB globals, 12 P
gc 426 @5.047s 2%: 0.14+0.58+0.092 ms clock, 1.7+0.64/1.0/0+1.1 ms cpu, 3->3->1 MB, 4 MB goal, 0 MB stacks, 0 MB globals, 12 P
gc 427 @5.050s 2%: 0.070+0.91+0.17 ms clock, 0.84+0.79/0.86/0+2.1 ms cpu, 3->4->2 MB, 4 MB goal, 0 MB stacks, 0 MB globals, 12 P
gc 428 @5.052s 2%: 0.11+1.0+0.070 ms clock, 1.3+0.78/0.78/0+0.84 ms cpu, 3->4->2 MB, 4 MB goal, 0 MB stacks, 0 MB globals, 12 P
gc 429 @5.055s 2%: 0.096+1.0+0.036 ms clock, 1.1+0.57/0.93/0.022+0.43 ms cpu, 3->4->2 MB, 4 MB goal, 0 MB stacks, 0 MB globals, 12 P
gc 430 @5.058s 2%: 0.10+0.90+0.039 ms clock, 1.2+0.81/0.86/0+0.46 ms cpu, 3->4->1 MB, 4 MB goal, 0 MB stacks, 0 MB globals, 12 P
gc 431 @5.060s 2%: 0.083+0.99+0.058 ms clock, 1.0+0.81/0.89/0+0.70 ms cpu, 3->4->2 MB, 4 MB goal, 0 MB stacks, 0 MB globals, 12 P
gc 432 @5.063s 2%: 0.097+0.50+0.10 ms clock, 1.1+0.72/1.0/0+1.2 ms cpu, 3->4->1 MB, 4 MB goal, 0 MB stacks, 0 MB globals, 12 P
gc 433 @5.065s 2%: 0.089+1.3+0.046 ms clock, 1.0+0.48/0.92/0+0.55 ms cpu, 3->4->2 MB, 4 MB goal, 0 MB stacks, 0 MB globals, 12 P
gc 434 @5.068s 2%: 0.093+0.67+0.10 ms clock, 1.1+0.75/0.90/0+1.2 ms cpu, 3->4->1 MB, 4 MB goal, 0 MB stacks, 0 MB globals, 12 P
gc 435 @5.070s 2%: 0.10+0.54+0.088 ms clock, 1.2+0.61/0.89/0+1.0 ms cpu, 3->3->1 MB, 4 MB goal, 0 MB stacks, 0 MB globals, 12 P
gc 436 @5.072s 2%: 0.11+0.56+0.080 ms clock, 1.3+0.77/0.80/0+0.96 ms cpu, 3->3->1 MB, 4 MB goal, 0 MB stacks, 0 MB globals, 12 P
gc 437 @5.074s 2%: 0.080+0.75+0.058 ms clock, 0.96+0.77/0.88/0+0.69 ms cpu, 3->3->1 MB, 4 MB goal, 0 MB stacks, 0 MB globals, 12 P
gc 438 @5.077s 2%: 0.083+0.50+0.058 ms clock, 1.0+0.76/0.83/0+0.70 ms cpu, 3->3->1 MB, 4 MB goal, 0 MB stacks, 0 MB globals, 12 P
gc 439 @5.079s 2%: 0.090+0.53+0.10 ms clock, 1.0+0.68/0.83/0+1.2 ms cpu, 3->3->1 MB, 4 MB goal, 0 MB stacks, 0 MB globals, 12 P
gc 440 @5.081s 2%: 0.12+0.61+0.10 ms clock, 1.4+0.66/1.0/0+1.2 ms cpu, 3->3->1 MB, 4 MB goal, 0 MB stacks, 0 MB globals, 12 P
gc 441 @5.083s 2%: 0.091+0.50+0.083 ms clock, 1.0+0.81/0.84/0+0.99 ms cpu, 3->3->1 MB, 4 MB goal, 0 MB stacks, 0 MB globals, 12 P
gc 442 @5.085s 2%: 0.10+0.93+0.096 ms clock, 1.2+0.84/0.81/0+1.1 ms cpu, 3->3->1 MB, 4 MB goal, 0 MB stacks, 0 MB globals, 12 P
gc 443 @5.087s 2%: 0.086+0.70+0.095 ms clock, 1.0+0.74/0.96/0+1.1 ms cpu, 3->4->1 MB, 4 MB goal, 0 MB stacks, 0 MB globals, 12 P
gc 444 @5.090s 2%: 0.10+1.5+0.044 ms clock, 1.2+0.85/1.6/0+0.53 ms cpu, 3->4->2 MB, 4 MB goal, 0 MB stacks, 0 MB globals, 12 P
gc 445 @5.093s 2%: 0.092+1.2+0.010 ms clock, 1.1+0.65/0.92/0+0.12 ms cpu, 4->5->2 MB, 5 MB goal, 0 MB stacks, 0 MB globals, 12 P
gc 446 @5.096s 2%: 0.093+0.64+0.18 ms clock, 1.1+0.85/0.83/0+2.1 ms cpu, 3->4->1 MB, 4 MB goal, 0 MB stacks, 0 MB globals, 12 P
gc 447 @5.098s 2%: 0.10+0.54+0.10 ms clock, 1.3+0.86/0.69/0+1.2 ms cpu, 3->3->1 MB, 4 MB goal, 0 MB stacks, 0 MB globals, 12 P
gc 448 @5.100s 2%: 0.070+1.1+0.075 ms clock, 0.84+0.72/0.88/0+0.90 ms cpu, 3->4->2 MB, 4 MB goal, 0 MB stacks, 0 MB globals, 12 P
gc 449 @5.103s 2%: 0.13+0.79+0.066 ms clock, 1.5+0.62/0.99/0.012+0.79 ms cpu, 3->4->1 MB, 4 MB goal, 0 MB stacks, 0 MB globals, 12 P
gc 450 @5.105s 2%: 0.10+0.63+0.060 ms clock, 1.2+0.71/0.98/0+0.72 ms cpu, 3->4->1 MB, 4 MB goal, 0 MB stacks, 0 MB globals, 12 P
gc 451 @5.107s 2%: 0.084+0.60+0.063 ms clock, 1.0+0.87/0.85/0+0.75 ms cpu, 3->4->1 MB, 4 MB goal, 0 MB stacks, 0 MB globals, 12 P
gc 452 @5.109s 2%: 0.093+0.70+0.11 ms clock, 1.1+0.64/0.94/0+1.3 ms cpu, 3->3->1 MB, 4 MB goal, 0 MB stacks, 0 MB globals, 12 P
gc 453 @5.111s 2%: 0.086+0.77+0.062 ms clock, 1.0+0.77/0.87/0+0.74 ms cpu, 3->3->1 MB, 4 MB goal, 0 MB stacks, 0 MB globals, 12 P
gc 454 @5.114s 2%: 0.10+0.54+0.10 ms clock, 1.2+0.69/0.91/0+1.2 ms cpu, 3->3->1 MB, 4 MB goal, 0 MB stacks, 0 MB globals, 12 P
gc 455 @5.116s 2%: 0.15+0.82+0.074 ms clock, 1.8+0.76/0.79/0+0.89 ms cpu, 3->3->1 MB, 4 MB goal, 0 MB stacks, 0 MB globals, 12 P
gc 456 @5.118s 2%: 0.087+0.60+0.13 ms clock, 1.0+0.85/0.93/0+1.6 ms cpu, 3->4->1 MB, 4 MB goal, 0 MB stacks, 0 MB globals, 12 P
gc 457 @5.120s 2%: 0.061+0.96+0.052 ms clock, 0.73+0.80/0.94/0+0.62 ms cpu, 3->4->1 MB, 4 MB goal, 0 MB stacks, 0 MB globals, 12 P
gc 458 @5.123s 2%: 0.084+0.59+0.089 ms clock, 1.0+0.81/0.81/0+1.0 ms cpu, 3->4->1 MB, 4 MB goal, 0 MB stacks, 0 MB globals, 12 P
gc 459 @5.125s 2%: 0.11+0.81+0.088 ms clock, 1.4+0.77/0.77/0.012+1.0 ms cpu, 3->3->1 MB, 4 MB goal, 0 MB stacks, 0 MB globals, 12 P
gc 460 @5.127s 2%: 0.17+0.51+0.094 ms clock, 2.1+0.81/0.84/0+1.1 ms cpu, 3->3->1 MB, 4 MB goal, 0 MB stacks, 0 MB globals, 12 P
gc 461 @5.129s 2%: 0.087+1.0+0.085 ms clock, 1.0+1.1/0.95/0+1.0 ms cpu, 3->3->2 MB, 4 MB goal, 0 MB stacks, 0 MB globals, 12 P
gc 462 @5.132s 2%: 0.074+0.54+0.071 ms clock, 0.88+0.79/0.87/0+0.85 ms cpu, 3->4->1 MB, 4 MB goal, 0 MB stacks, 0 MB globals, 12 P
gc 463 @5.134s 2%: 0.083+0.49+0.098 ms clock, 1.0+0.81/0.73/0+1.1 ms cpu, 3->3->1 MB, 4 MB goal, 0 MB stacks, 0 MB globals, 12 P
gc 464 @5.136s 2%: 0.081+1.0+0.10 ms clock, 0.97+0.72/0.87/0+1.2 ms cpu, 3->4->1 MB, 4 MB goal, 0 MB stacks, 0 MB globals, 12 P
gc 465 @5.138s 2%: 0.098+0.80+0.087 ms clock, 1.1+0.74/0.94/0+1.0 ms cpu, 3->4->1 MB, 4 MB goal, 0 MB stacks, 0 MB globals, 12 P
gc 466 @5.141s 2%: 0.14+0.64+0.10 ms clock, 1.7+0.57/1.0/0+1.2 ms cpu, 3->4->1 MB, 4 MB goal, 0 MB stacks, 0 MB globals, 12 P
gc 467 @5.143s 2%: 0.10+0.54+0.071 ms clock, 1.2+0.62/1.0/0+0.85 ms cpu, 3->3->1 MB, 4 MB goal, 0 MB stacks, 0 MB globals, 12 P
gc 468 @5.145s 2%: 0.090+1.1+0.067 ms clock, 1.0+0.72/1.2/0+0.80 ms cpu, 3->4->2 MB, 4 MB goal, 0 MB stacks, 0 MB globals, 12 P
gc 469 @5.147s 2%: 0.080+1.2+0.14 ms clock, 0.97+0.58/0.75/0+1.7 ms cpu, 3->4->2 MB, 4 MB goal, 0 MB stacks, 0 MB globals, 12 P
gc 470 @5.150s 2%: 0.11+0.98+0.074 ms clock, 1.4+0.77/0.90/0+0.89 ms cpu, 3->4->1 MB, 4 MB goal, 0 MB stacks, 0 MB globals, 12 P
gc 471 @5.153s 2%: 0.13+1.0+0.051 ms clock, 1.6+0.68/1.0/0+0.62 ms cpu, 3->4->2 MB, 4 MB goal, 0 MB stacks, 0 MB globals, 12 P
gc 472 @5.156s 2%: 0.10+0.55+0.12 ms clock, 1.3+0.68/1.0/0+1.4 ms cpu, 3->4->1 MB, 4 MB goal, 0 MB stacks, 0 MB globals, 12 P
gc 473 @5.158s 2%: 0.11+0.61+0.077 ms clock, 1.4+0.72/0.99/0+0.92 ms cpu, 3->3->1 MB, 4 MB goal, 0 MB stacks, 0 MB globals, 12 P
gc 474 @5.160s 2%: 0.082+0.69+0.072 ms clock, 0.98+0.60/0.95/0+0.86 ms cpu, 3->4->1 MB, 4 MB goal, 0 MB stacks, 0 MB globals, 12 P
gc 475 @5.162s 2%: 0.095+0.73+0.12 ms clock, 1.1+0.74/0.80/0+1.4 ms cpu, 3->4->1 MB, 4 MB goal, 0 MB stacks, 0 MB globals, 12 P
gc 476 @5.164s 2%: 0.10+0.53+0.068 ms clock, 1.2+0.64/0.87/0+0.82 ms cpu, 3->3->1 MB, 4 MB goal, 0 MB stacks, 0 MB globals, 12 P
gc 477 @5.167s 2%: 0.082+0.53+0.091 ms clock, 0.98+0.67/0.83/0+1.0 ms cpu, 3->3->1 MB, 4 MB goal, 0 MB stacks, 0 MB globals, 12 P
gc 478 @5.168s 2%: 0.14+1.1+0.072 ms clock, 1.7+0.80/0.83/0+0.87 ms cpu, 3->4->2 MB, 4 MB goal, 0 MB stacks, 0 MB globals, 12 P
gc 479 @5.171s 2%: 0.10+0.66+0.18 ms clock, 1.2+0.83/0.97/0+2.2 ms cpu, 4->4->1 MB, 4 MB goal, 0 MB stacks, 0 MB globals, 12 P
gc 480 @5.173s 2%: 0.11+0.64+0.11 ms clock, 1.3+0.69/0.92/0+1.3 ms cpu, 3->3->1 MB, 4 MB goal, 0 MB stacks, 0 MB globals, 12 P
gc 481 @5.175s 2%: 0.10+1.1+0.078 ms clock, 1.2+0.81/0.86/0+0.94 ms cpu, 3->4->2 MB, 4 MB goal, 0 MB stacks, 0 MB globals, 12 P
gc 482 @5.178s 2%: 0.11+0.64+0.066 ms clock, 1.3+0.72/0.91/0+0.80 ms cpu, 3->4->1 MB, 4 MB goal, 0 MB stacks, 0 MB globals, 12 P
gc 483 @5.180s 2%: 0.093+1.1+0.11 ms clock, 1.1+0.74/0.79/0+1.3 ms cpu, 3->4->2 MB, 4 MB goal, 0 MB stacks, 0 MB globals, 12 P
gc 484 @5.183s 2%: 0.11+0.63+0.10 ms clock, 1.4+0.78/0.87/0+1.2 ms cpu, 3->4->1 MB, 4 MB goal, 0 MB stacks, 0 MB globals, 12 P
gc 485 @5.185s 2%: 0.082+0.98+0.10 ms clock, 0.99+0.93/0.83/0+1.2 ms cpu, 3->4->2 MB, 4 MB goal, 0 MB stacks, 0 MB globals, 12 P
gc 486 @5.188s 2%: 0.12+0.77+0.16 ms clock, 1.4+0.62/0.79/0+1.9 ms cpu, 3->4->1 MB, 4 MB goal, 0 MB stacks, 0 MB globals, 12 P
gc 487 @5.190s 2%: 0.10+0.59+0.072 ms clock, 1.2+0.69/0.77/0+0.86 ms cpu, 3->4->1 MB, 4 MB goal, 0 MB stacks, 0 MB globals, 12 P
gc 488 @5.192s 2%: 0.14+0.76+0.072 ms clock, 1.7+0.83/0.88/0+0.87 ms cpu, 3->3->1 MB, 4 MB goal, 0 MB stacks, 0 MB globals, 12 P
gc 489 @5.194s 2%: 0.14+0.87+0.10 ms clock, 1.6+0.78/0.80/0+1.3 ms cpu, 3->4->1 MB, 4 MB goal, 0 MB stacks, 0 MB globals, 12 P
gc 490 @5.197s 2%: 0.10+0.81+0.11 ms clock, 1.2+0.93/0.78/0+1.3 ms cpu, 3->4->1 MB, 4 MB goal, 0 MB stacks, 0 MB globals, 12 P
gc 491 @5.199s 2%: 0.11+0.99+0.084 ms clock, 1.3+0.61/0.83/0+1.0 ms cpu, 3->4->2 MB, 4 MB goal, 0 MB stacks, 0 MB globals, 12 P
gc 492 @5.202s 2%: 0.16+0.58+0.093 ms clock, 1.9+0.70/0.94/0+1.1 ms cpu, 3->4->1 MB, 4 MB goal, 0 MB stacks, 0 MB globals, 12 P
gc 493 @5.204s 2%: 0.15+0.65+0.074 ms clock, 1.9+0.68/1.0/0+0.88 ms cpu, 3->3->1 MB, 4 MB goal, 0 MB stacks, 0 MB globals, 12 P
gc 494 @5.207s 2%: 0.10+0.67+0.10 ms clock, 1.2+0.81/0.90/0+1.2 ms cpu, 3->3->1 MB, 4 MB goal, 0 MB stacks, 0 MB globals, 12 P
gc 495 @5.209s 2%: 0.12+0.56+0.075 ms clock, 1.5+0.80/0.92/0+0.90 ms cpu, 3->3->1 MB, 4 MB goal, 0 MB stacks, 0 MB globals, 12 P
gc 496 @5.211s 2%: 0.097+0.43+0.085 ms clock, 1.1+0.75/0.81/0+1.0 ms cpu, 3->3->1 MB, 4 MB goal, 0 MB stacks, 0 MB globals, 12 P
gc 497 @5.213s 2%: 0.089+0.92+0.10 ms clock, 1.0+0.74/0.81/0+1.2 ms cpu, 3->4->2 MB, 4 MB goal, 0 MB stacks, 0 MB globals, 12 P
gc 498 @5.215s 2%: 0.093+0.49+0.057 ms clock, 1.1+0.83/0.80/0.013+0.69 ms cpu, 3->4->1 MB, 4 MB goal, 0 MB stacks, 0 MB globals, 12 P
gc 499 @5.217s 2%: 0.062+0.57+0.11 ms clock, 0.75+0.92/0.69/0+1.3 ms cpu, 3->3->1 MB, 4 MB goal, 0 MB stacks, 0 MB globals, 12 P
gc 500 @5.219s 2%: 0.16+0.71+0.090 ms clock, 1.9+0.72/0.86/0+1.0 ms cpu, 3->3->1 MB, 4 MB goal, 0 MB stacks, 0 MB globals, 12 P
gc 501 @5.222s 2%: 0.13+0.54+0.097 ms clock, 1.5+0.83/0.84/0+1.1 ms cpu, 3->3->1 MB, 4 MB goal, 0 MB stacks, 0 MB globals, 12 P
gc 502 @5.224s 2%: 0.090+0.90+0.075 ms clock, 1.0+0.67/0.94/0+0.91 ms cpu, 3->4->1 MB, 4 MB goal, 0 MB stacks, 0 MB globals, 12 P
gc 503 @5.226s 2%: 0.10+1.1+0.10 ms clock, 1.3+0.80/0.84/0+1.2 ms cpu, 3->4->2 MB, 4 MB goal, 0 MB stacks, 0 MB globals, 12 P
gc 504 @5.229s 2%: 0.10+0.43+0.14 ms clock, 1.3+0.70/0.86/0+1.6 ms cpu, 4->4->1 MB, 4 MB goal, 0 MB stacks, 0 MB globals, 12 P
gc 505 @5.231s 2%: 0.097+0.82+0.063 ms clock, 1.1+0.64/0.91/0+0.76 ms cpu, 3->3->1 MB, 4 MB goal, 0 MB stacks, 0 MB globals, 12 P
gc 506 @5.234s 2%: 0.12+0.81+0.087 ms clock, 1.4+0.65/0.85/0+1.0 ms cpu, 3->4->1 MB, 4 MB goal, 0 MB stacks, 0 MB globals, 12 P
gc 507 @5.236s 2%: 0.094+1.0+0.065 ms clock, 1.1+0.64/0.83/0+0.78 ms cpu, 3->4->1 MB, 4 MB goal, 0 MB stacks, 0 MB globals, 12 P
gc 508 @5.239s 2%: 0.072+0.84+0.071 ms clock, 0.87+0.70/0.92/0+0.85 ms cpu, 3->4->1 MB, 4 MB goal, 0 MB stacks, 0 MB globals, 12 P
gc 509 @5.241s 2%: 0.071+1.0+0.053 ms clock, 0.85+0.72/0.78/0+0.63 ms cpu, 3->4->2 MB, 4 MB goal, 0 MB stacks, 0 MB globals, 12 P
gc 510 @5.244s 2%: 0.079+0.92+0.082 ms clock, 0.95+0.71/0.74/0+0.99 ms cpu, 3->4->2 MB, 4 MB goal, 0 MB stacks, 0 MB globals, 12 P
gc 511 @5.246s 2%: 0.091+0.63+0.095 ms clock, 1.0+0.66/0.96/0+1.1 ms cpu, 3->4->1 MB, 4 MB goal, 0 MB stacks, 0 MB globals, 12 P
gc 512 @5.249s 2%: 0.092+0.58+0.11 ms clock, 1.1+0.65/0.88/0+1.3 ms cpu, 3->3->1 MB, 4 MB goal, 0 MB stacks, 0 MB globals, 12 P
gc 513 @5.251s 2%: 0.080+0.41+0.061 ms clock, 0.96+0.65/0.83/0+0.74 ms cpu, 3->3->1 MB, 4 MB goal, 0 MB stacks, 0 MB globals, 12 P
gc 514 @5.253s 2%: 0.10+0.68+0.024 ms clock, 1.2+0.56/0.89/0+0.29 ms cpu, 3->3->1 MB, 4 MB goal, 0 MB stacks, 0 MB globals, 12 P
gc 515 @5.255s 2%: 0.15+0.56+0.091 ms clock, 1.8+0.75/0.86/0+1.1 ms cpu, 3->3->1 MB, 4 MB goal, 0 MB stacks, 0 MB globals, 12 P
gc 516 @5.257s 2%: 0.089+0.66+0.10 ms clock, 1.0+0.73/0.90/0+1.2 ms cpu, 3->3->1 MB, 4 MB goal, 0 MB stacks, 0 MB globals, 12 P
gc 517 @5.259s 2%: 0.087+0.50+0.068 ms clock, 1.0+0.63/0.91/0+0.81 ms cpu, 3->3->1 MB, 4 MB goal, 0 MB stacks, 0 MB globals, 12 P
gc 518 @5.261s 2%: 0.090+0.75+0.082 ms clock, 1.0+0.70/0.90/0+0.99 ms cpu, 3->3->1 MB, 4 MB goal, 0 MB stacks, 0 MB globals, 12 P
gc 519 @5.263s 2%: 0.10+0.62+0.10 ms clock, 1.2+0.67/0.84/0+1.2 ms cpu, 3->3->1 MB, 4 MB goal, 0 MB stacks, 0 MB globals, 12 P
gc 520 @5.265s 2%: 0.093+0.80+0.18 ms clock, 1.1+0.58/0.89/0+2.2 ms cpu, 3->4->1 MB, 4 MB goal, 0 MB stacks, 0 MB globals, 12 P
gc 521 @5.267s 2%: 0.12+0.60+0.10 ms clock, 1.4+0.72/0.82/0+1.2 ms cpu, 3->4->1 MB, 4 MB goal, 0 MB stacks, 0 MB globals, 12 P
gc 522 @5.269s 2%: 0.083+0.65+0.076 ms clock, 0.99+0.61/1.0/0+0.92 ms cpu, 3->3->1 MB, 4 MB goal, 0 MB stacks, 0 MB globals, 12 P
gc 523 @5.272s 2%: 0.094+0.90+0.098 ms clock, 1.1+0.75/0.89/0+1.1 ms cpu, 3->4->1 MB, 4 MB goal, 0 MB stacks, 0 MB globals, 12 P
gc 524 @5.274s 2%: 0.094+1.0+0.14 ms clock, 1.1+1.2/0.88/0+1.7 ms cpu, 3->4->2 MB, 4 MB goal, 0 MB stacks, 0 MB globals, 12 P
gc 525 @5.277s 2%: 0.12+1.0+0.083 ms clock, 1.5+0.62/0.92/0+1.0 ms cpu, 3->4->2 MB, 4 MB goal, 0 MB stacks, 0 MB globals, 12 P
gc 526 @5.280s 2%: 0.15+1.1+0.054 ms clock, 1.8+0.76/0.79/0+0.65 ms cpu, 3->4->2 MB, 4 MB goal, 0 MB stacks, 0 MB globals, 12 P
gc 527 @5.283s 2%: 0.075+0.57+0.10 ms clock, 0.90+0.73/0.86/0+1.2 ms cpu, 4->4->1 MB, 4 MB goal, 0 MB stacks, 0 MB globals, 12 P
gc 528 @5.285s 2%: 0.10+0.59+0.057 ms clock, 1.2+0.79/0.79/0+0.68 ms cpu, 3->3->1 MB, 4 MB goal, 0 MB stacks, 0 MB globals, 12 P
gc 529 @5.287s 2%: 0.12+0.53+0.082 ms clock, 1.5+0.65/0.84/0+0.99 ms cpu, 3->3->1 MB, 4 MB goal, 0 MB stacks, 0 MB globals, 12 P
gc 530 @5.289s 2%: 0.091+0.48+0.089 ms clock, 1.0+0.73/0.87/0+1.0 ms cpu, 3->3->1 MB, 4 MB goal, 0 MB stacks, 0 MB globals, 12 P
gc 531 @5.291s 2%: 0.11+0.51+0.081 ms clock, 1.3+0.68/0.92/0+0.98 ms cpu, 3->3->1 MB, 4 MB goal, 0 MB stacks, 0 MB globals, 12 P
gc 532 @5.293s 2%: 0.095+0.60+0.11 ms clock, 1.1+0.53/0.84/0+1.3 ms cpu, 3->3->1 MB, 4 MB goal, 0 MB stacks, 0 MB globals, 12 P
gc 533 @5.295s 2%: 0.090+0.89+0.031 ms clock, 1.0+0.66/0.86/0+0.37 ms cpu, 3->3->1 MB, 4 MB goal, 0 MB stacks, 0 MB globals, 12 P
gc 534 @5.297s 2%: 0.10+0.65+0.077 ms clock, 1.2+0.62/0.90/0+0.93 ms cpu, 3->4->1 MB, 4 MB goal, 0 MB stacks, 0 MB globals, 12 P
gc 535 @5.299s 2%: 0.098+0.58+0.089 ms clock, 1.1+0.70/0.80/0+1.0 ms cpu, 3->3->1 MB, 4 MB goal, 0 MB stacks, 0 MB globals, 12 P
gc 536 @5.302s 2%: 0.097+1.2+0.066 ms clock, 1.1+0.77/0.84/0+0.79 ms cpu, 3->4->2 MB, 4 MB goal, 0 MB stacks, 0 MB globals, 12 P
gc 537 @5.305s 2%: 0.13+0.62+0.085 ms clock, 1.6+0.80/0.84/0+1.0 ms cpu, 3->4->1 MB, 4 MB goal, 0 MB stacks, 0 MB globals, 12 P
gc 538 @5.307s 2%: 0.12+0.90+0.082 ms clock, 1.5+0.72/0.86/0+0.98 ms cpu, 3->4->2 MB, 4 MB goal, 0 MB stacks, 0 MB globals, 12 P
gc 539 @5.309s 2%: 0.094+0.73+0.073 ms clock, 1.1+0.81/0.94/0+0.88 ms cpu, 3->4->1 MB, 4 MB goal, 0 MB stacks, 0 MB globals, 12 P
gc 540 @5.312s 2%: 0.094+0.70+0.11 ms clock, 1.1+0.71/0.88/0+1.3 ms cpu, 3->4->1 MB, 4 MB goal, 0 MB stacks, 0 MB globals, 12 P
gc 541 @5.314s 2%: 0.091+0.61+0.082 ms clock, 1.1+0.87/0.80/0+0.99 ms cpu, 3->3->1 MB, 4 MB goal, 0 MB stacks, 0 MB globals, 12 P
gc 542 @5.316s 2%: 0.089+0.45+0.077 ms clock, 1.0+0.75/0.82/0+0.92 ms cpu, 3->3->1 MB, 4 MB goal, 0 MB stacks, 0 MB globals, 12 P
gc 543 @5.318s 2%: 0.10+0.92+0.085 ms clock, 1.2+0.84/0.64/0+1.0 ms cpu, 3->3->1 MB, 4 MB goal, 0 MB stacks, 0 MB globals, 12 P
gc 544 @5.320s 2%: 0.12+0.43+0.083 ms clock, 1.4+0.79/0.76/0+1.0 ms cpu, 3->4->1 MB, 4 MB goal, 0 MB stacks, 0 MB globals, 12 P
gc 545 @5.322s 2%: 0.099+0.41+0.10 ms clock, 1.1+0.91/0.69/0+1.2 ms cpu, 3->3->1 MB, 4 MB goal, 0 MB stacks, 0 MB globals, 12 P
gc 546 @5.324s 2%: 0.084+1.0+0.071 ms clock, 1.0+0.74/0.84/0+0.86 ms cpu, 3->4->2 MB, 4 MB goal, 0 MB stacks, 0 MB globals, 12 P
gc 547 @5.327s 2%: 0.15+1.2+0.066 ms clock, 1.8+0.86/1.3/0+0.80 ms cpu, 3->4->2 MB, 4 MB goal, 0 MB stacks, 0 MB globals, 12 P
gc 548 @5.330s 2%: 0.16+0.44+0.093 ms clock, 1.9+0.71/0.80/0+1.1 ms cpu, 4->4->1 MB, 4 MB goal, 0 MB stacks, 0 MB globals, 12 P
gc 549 @5.332s 2%: 0.077+0.85+0.085 ms clock, 0.92+0.81/0.85/0+1.0 ms cpu, 3->3->1 MB, 4 MB goal, 0 MB stacks, 0 MB globals, 12 P
gc 550 @5.334s 2%: 0.070+1.0+0.066 ms clock, 0.84+0.67/0.90/0+0.80 ms cpu, 3->4->2 MB, 4 MB goal, 0 MB stacks, 0 MB globals, 12 P
gc 551 @5.337s 2%: 0.059+0.49+0.084 ms clock, 0.71+0.60/0.92/0+1.0 ms cpu, 3->4->1 MB, 4 MB goal, 0 MB stacks, 0 MB globals, 12 P
gc 552 @5.339s 2%: 0.15+0.93+0.034 ms clock, 1.8+0.59/0.92/0+0.41 ms cpu, 3->3->1 MB, 4 MB goal, 0 MB stacks, 0 MB globals, 12 P
gc 553 @5.342s 2%: 0.14+0.50+0.072 ms clock, 1.7+0.81/0.69/0+0.87 ms cpu, 3->4->1 MB, 4 MB goal, 0 MB stacks, 0 MB globals, 12 P
gc 554 @5.344s 2%: 0.082+0.56+0.084 ms clock, 0.98+0.70/0.86/0+1.0 ms cpu, 3->3->1 MB, 4 MB goal, 0 MB stacks, 0 MB globals, 12 P
gc 555 @5.346s 2%: 0.13+0.64+0.070 ms clock, 1.6+0.71/1.0/0+0.84 ms cpu, 3->3->1 MB, 4 MB goal, 0 MB stacks, 0 MB globals, 12 P
gc 556 @5.348s 2%: 0.072+0.97+0.10 ms clock, 0.87+0.62/0.98/0+1.3 ms cpu, 3->4->1 MB, 4 MB goal, 0 MB stacks, 0 MB globals, 12 P
gc 557 @5.350s 2%: 0.14+0.65+0.11 ms clock, 1.7+0.68/0.90/0+1.4 ms cpu, 3->4->1 MB, 4 MB goal, 0 MB stacks, 0 MB globals, 12 P
gc 558 @5.353s 2%: 0.12+1.0+0.050 ms clock, 1.4+0.68/0.93/0+0.60 ms cpu, 3->4->2 MB, 4 MB goal, 0 MB stacks, 0 MB globals, 12 P
gc 559 @5.355s 2%: 0.14+0.90+0.077 ms clock, 1.6+0.88/0.81/0+0.92 ms cpu, 3->4->2 MB, 4 MB goal, 0 MB stacks, 0 MB globals, 12 P
gc 560 @5.358s 2%: 0.10+0.58+0.087 ms clock, 1.2+0.68/0.98/0+1.0 ms cpu, 3->4->1 MB, 4 MB goal, 0 MB stacks, 0 MB globals, 12 P
gc 561 @5.360s 2%: 0.12+0.83+0.11 ms clock, 1.5+0.78/0.77/0+1.3 ms cpu, 3->3->1 MB, 4 MB goal, 0 MB stacks, 0 MB globals, 12 P
gc 562 @5.362s 2%: 0.098+0.74+0.062 ms clock, 1.1+0.79/0.85/0+0.74 ms cpu, 3->4->1 MB, 4 MB goal, 0 MB stacks, 0 MB globals, 12 P
gc 563 @5.365s 2%: 0.10+1.0+0.052 ms clock, 1.2+0.80/0.80/0+0.63 ms cpu, 3->4->1 MB, 4 MB goal, 0 MB stacks, 0 MB globals, 12 P
gc 564 @5.368s 2%: 0.099+0.61+0.082 ms clock, 1.1+0.74/0.84/0+0.98 ms cpu, 3->4->1 MB, 4 MB goal, 0 MB stacks, 0 MB globals, 12 P
gc 565 @5.370s 2%: 0.13+0.51+0.093 ms clock, 1.5+0.66/0.88/0+1.1 ms cpu, 3->3->1 MB, 4 MB goal, 0 MB stacks, 0 MB globals, 12 P
gc 566 @5.372s 2%: 0.12+0.51+0.092 ms clock, 1.5+0.85/0.79/0+1.1 ms cpu, 3->3->1 MB, 4 MB goal, 0 MB stacks, 0 MB globals, 12 P
gc 567 @5.374s 2%: 0.099+0.75+0.081 ms clock, 1.1+0.56/1.0/0+0.97 ms cpu, 3->3->1 MB, 4 MB goal, 0 MB stacks, 0 MB globals, 12 P
gc 568 @5.376s 2%: 0.10+0.52+0.070 ms clock, 1.2+0.76/0.93/0+0.84 ms cpu, 3->3->1 MB, 4 MB goal, 0 MB stacks, 0 MB globals, 12 P
gc 569 @5.378s 2%: 0.12+0.70+0.068 ms clock, 1.4+0.80/0.86/0+0.82 ms cpu, 3->3->1 MB, 4 MB goal, 0 MB stacks, 0 MB globals, 12 P
gc 570 @5.380s 2%: 0.11+0.56+0.11 ms clock, 1.4+0.95/0.85/0+1.3 ms cpu, 3->3->1 MB, 4 MB goal, 0 MB stacks, 0 MB globals, 12 P
gc 571 @5.382s 2%: 0.085+0.87+0.097 ms clock, 1.0+0.74/0.99/0+1.1 ms cpu, 3->3->1 MB, 4 MB goal, 0 MB stacks, 0 MB globals, 12 P
gc 572 @5.384s 2%: 0.12+0.59+0.12 ms clock, 1.5+0.71/0.76/0+1.5 ms cpu, 3->4->1 MB, 4 MB goal, 0 MB stacks, 0 MB globals, 12 P
gc 573 @5.386s 2%: 0.074+0.82+0.059 ms clock, 0.89+0.65/0.99/0+0.70 ms cpu, 3->3->1 MB, 4 MB goal, 0 MB stacks, 0 MB globals, 12 P
gc 574 @5.389s 2%: 0.20+0.79+0.064 ms clock, 2.4+0.77/0.81/0+0.77 ms cpu, 3->4->1 MB, 4 MB goal, 0 MB stacks, 0 MB globals, 12 P
gc 575 @5.391s 2%: 0.11+0.55+0.074 ms clock, 1.4+0.88/0.79/0+0.89 ms cpu, 3->4->1 MB, 4 MB goal, 0 MB stacks, 0 MB globals, 12 P
gc 576 @5.393s 2%: 0.10+0.94+0.18 ms clock, 1.2+0.84/0.84/0+2.2 ms cpu, 3->4->2 MB, 4 MB goal, 0 MB stacks, 0 MB globals, 12 P
gc 577 @5.396s 2%: 0.10+0.67+0.11 ms clock, 1.2+0.71/0.77/0+1.3 ms cpu, 3->4->1 MB, 4 MB goal, 0 MB stacks, 0 MB globals, 12 P
gc 578 @5.398s 2%: 0.095+0.75+0.088 ms clock, 1.1+0.63/0.78/0+1.0 ms cpu, 3->3->1 MB, 4 MB goal, 0 MB stacks, 0 MB globals, 12 P
gc 579 @5.400s 2%: 0.12+1.2+0.041 ms clock, 1.5+0.82/0.88/0+0.49 ms cpu, 3->4->2 MB, 4 MB goal, 0 MB stacks, 0 MB globals, 12 P
gc 580 @5.403s 2%: 0.13+0.61+0.097 ms clock, 1.6+0.85/0.68/0+1.1 ms cpu, 3->4->1 MB, 4 MB goal, 0 MB stacks, 0 MB globals, 12 P
gc 581 @5.405s 2%: 0.13+0.68+0.10 ms clock, 1.6+0.76/0.93/0+1.2 ms cpu, 3->3->1 MB, 4 MB goal, 0 MB stacks, 0 MB globals, 12 P
gc 582 @5.407s 2%: 0.10+0.96+0.11 ms clock, 1.2+0.83/0.89/0+1.4 ms cpu, 3->4->1 MB, 4 MB goal, 0 MB stacks, 0 MB globals, 12 P
gc 583 @5.410s 2%: 0.093+0.74+0.11 ms clock, 1.1+0.92/0.74/0+1.3 ms cpu, 3->4->1 MB, 4 MB goal, 0 MB stacks, 0 MB globals, 12 P
gc 584 @5.412s 2%: 0.10+0.60+0.14 ms clock, 1.2+0.70/0.88/0+1.7 ms cpu, 3->4->1 MB, 4 MB goal, 0 MB stacks, 0 MB globals, 12 P
gc 585 @5.414s 2%: 0.14+0.50+0.092 ms clock, 1.7+0.97/0.92/0+1.1 ms cpu, 3->3->1 MB, 4 MB goal, 0 MB stacks, 0 MB globals, 12 P
gc 586 @5.416s 2%: 0.15+0.77+0.12 ms clock, 1.9+0.77/0.86/0+1.4 ms cpu, 3->3->1 MB, 4 MB goal, 0 MB stacks, 0 MB globals, 12 P
gc 587 @5.419s 2%: 0.14+0.73+0.11 ms clock, 1.7+1.1/0.87/0.003+1.3 ms cpu, 3->4->1 MB, 4 MB goal, 0 MB stacks, 0 MB globals, 12 P
gc 588 @5.421s 2%: 0.076+0.80+0.087 ms clock, 0.92+0.78/0.95/0+1.0 ms cpu, 3->4->1 MB, 4 MB goal, 0 MB stacks, 0 MB globals, 12 P
gc 589 @5.424s 2%: 0.099+0.70+0.078 ms clock, 1.1+0.62/0.96/0+0.94 ms cpu, 3->4->1 MB, 4 MB goal, 0 MB stacks, 0 MB globals, 12 P
gc 590 @5.426s 2%: 0.059+0.69+0.084 ms clock, 0.71+0.84/0.83/0+1.0 ms cpu, 3->3->1 MB, 4 MB goal, 0 MB stacks, 0 MB globals, 12 P
gc 591 @5.428s 2%: 0.10+1.0+0.081 ms clock, 1.2+0.88/0.83/0+0.97 ms cpu, 3->4->2 MB, 4 MB goal, 0 MB stacks, 0 MB globals, 12 P
gc 592 @5.431s 2%: 0.069+0.91+0.069 ms clock, 0.83+0.66/0.88/0+0.83 ms cpu, 4->4->1 MB, 4 MB goal, 0 MB stacks, 0 MB globals, 12 P
gc 593 @5.433s 2%: 0.096+0.80+0.072 ms clock, 1.1+0.74/0.91/0+0.87 ms cpu, 3->4->1 MB, 4 MB goal, 0 MB stacks, 0 MB globals, 12 P
gc 594 @5.435s 2%: 0.11+0.83+0.092 ms clock, 1.3+0.71/0.87/0+1.1 ms cpu, 3->4->1 MB, 4 MB goal, 0 MB stacks, 0 MB globals, 12 P
gc 595 @5.437s 2%: 0.098+0.52+0.11 ms clock, 1.1+0.78/0.81/0+1.3 ms cpu, 3->3->1 MB, 4 MB goal, 0 MB stacks, 0 MB globals, 12 P
gc 596 @5.440s 2%: 0.10+0.54+0.072 ms clock, 1.2+0.66/0.91/0+0.86 ms cpu, 3->3->1 MB, 4 MB goal, 0 MB stacks, 0 MB globals, 12 P
gc 597 @5.442s 2%: 0.065+0.88+0.096 ms clock, 0.78+0.39/1.0/0+1.1 ms cpu, 3->3->1 MB, 4 MB goal, 0 MB stacks, 0 MB globals, 12 P
gc 598 @5.444s 2%: 0.13+0.82+0.080 ms clock, 1.5+0.74/0.92/0+0.96 ms cpu, 3->4->1 MB, 4 MB goal, 0 MB stacks, 0 MB globals, 12 P
gc 599 @5.446s 2%: 0.095+0.63+0.10 ms clock, 1.1+0.86/0.78/0+1.2 ms cpu, 3->3->1 MB, 4 MB goal, 0 MB stacks, 0 MB globals, 12 P
gc 600 @5.449s 2%: 0.14+0.55+0.12 ms clock, 1.7+0.71/0.88/0+1.4 ms cpu, 3->3->1 MB, 4 MB goal, 0 MB stacks, 0 MB globals, 12 P
gc 601 @5.451s 2%: 0.072+0.72+0.081 ms clock, 0.86+1.3/0.77/0+0.97 ms cpu, 3->3->1 MB, 4 MB goal, 0 MB stacks, 0 MB globals, 12 P
gc 602 @5.453s 2%: 0.098+1.0+0.053 ms clock, 1.1+0.73/0.89/0+0.63 ms cpu, 3->4->2 MB, 4 MB goal, 0 MB stacks, 0 MB globals, 12 P
gc 603 @5.456s 2%: 0.10+0.64+0.11 ms clock, 1.2+0.71/0.91/0+1.4 ms cpu, 3->4->1 MB, 4 MB goal, 0 MB stacks, 0 MB globals, 12 P
gc 604 @5.458s 2%: 0.13+0.97+0.079 ms clock, 1.6+0.74/0.76/0+0.95 ms cpu, 3->3->1 MB, 4 MB goal, 0 MB stacks, 0 MB globals, 12 P
gc 605 @5.460s 2%: 0.12+0.75+0.098 ms clock, 1.4+0.81/0.78/0+1.1 ms cpu, 3->4->1 MB, 4 MB goal, 0 MB stacks, 0 MB globals, 12 P
gc 606 @5.462s 2%: 0.14+0.71+0.12 ms clock, 1.7+0.81/0.87/0+1.4 ms cpu, 3->3->1 MB, 4 MB goal, 0 MB stacks, 0 MB globals, 12 P
gc 607 @5.464s 2%: 0.11+0.88+0.092 ms clock, 1.4+0.85/0.77/0+1.1 ms cpu, 3->3->1 MB, 4 MB goal, 0 MB stacks, 0 MB globals, 12 P
gc 608 @5.467s 2%: 0.12+0.57+0.042 ms clock, 1.4+0.80/0.79/0+0.50 ms cpu, 3->4->1 MB, 4 MB goal, 0 MB stacks, 0 MB globals, 12 P
gc 609 @5.469s 2%: 0.11+1.0+0.042 ms clock, 1.3+0.68/0.88/0+0.51 ms cpu, 3->4->1 MB, 4 MB goal, 0 MB stacks, 0 MB globals, 12 P
gc 610 @5.472s 2%: 0.098+1.4+0.055 ms clock, 1.1+0.70/0.85/0+0.66 ms cpu, 3->4->2 MB, 4 MB goal, 0 MB stacks, 0 MB globals, 12 P
gc 611 @5.475s 2%: 0.17+0.52+0.10 ms clock, 2.1+0.69/0.86/0+1.2 ms cpu, 4->4->1 MB, 4 MB goal, 0 MB stacks, 0 MB globals, 12 P
gc 612 @5.477s 2%: 0.10+1.2+0.081 ms clock, 1.3+0.76/0.73/0+0.97 ms cpu, 3->4->2 MB, 4 MB goal, 0 MB stacks, 0 MB globals, 12 P
gc 613 @5.480s 2%: 0.13+0.93+0.095 ms clock, 1.6+0.65/1.0/0+1.1 ms cpu, 3->4->2 MB, 4 MB goal, 0 MB stacks, 0 MB globals, 12 P
gc 614 @5.482s 2%: 0.084+0.58+0.10 ms clock, 1.0+0.86/0.73/0+1.2 ms cpu, 3->4->1 MB, 4 MB goal, 0 MB stacks, 0 MB globals, 12 P
gc 615 @5.484s 2%: 0.11+0.63+0.060 ms clock, 1.4+0.79/0.99/0+0.72 ms cpu, 3->3->1 MB, 4 MB goal, 0 MB stacks, 0 MB globals, 12 P
gc 616 @5.486s 2%: 0.072+1.0+0.043 ms clock, 0.87+0.70/0.98/0+0.52 ms cpu, 3->4->1 MB, 4 MB goal, 0 MB stacks, 0 MB globals, 12 P
gc 617 @5.489s 2%: 0.10+0.96+0.088 ms clock, 1.2+0.67/1.2/0+1.0 ms cpu, 3->4->2 MB, 4 MB goal, 0 MB stacks, 0 MB globals, 12 P
gc 618 @5.491s 2%: 0.15+0.68+0.066 ms clock, 1.8+0.84/0.80/0+0.80 ms cpu, 3->4->1 MB, 4 MB goal, 0 MB stacks, 0 MB globals, 12 P
gc 619 @5.493s 2%: 0.17+0.76+0.11 ms clock, 2.1+0.73/0.75/0+1.4 ms cpu, 3->3->1 MB, 4 MB goal, 0 MB stacks, 0 MB globals, 12 P
gc 620 @5.496s 2%: 0.11+1.2+0.16 ms clock, 1.3+0.62/0.84/0+1.9 ms cpu, 3->4->2 MB, 4 MB goal, 0 MB stacks, 0 MB globals, 12 P
gc 621 @5.499s 2%: 0.084+0.47+0.068 ms clock, 1.0+0.72/0.82/0+0.81 ms cpu, 3->4->1 MB, 4 MB goal, 0 MB stacks, 0 MB globals, 12 P
gc 622 @5.501s 2%: 0.14+0.54+0.088 ms clock, 1.7+0.69/0.90/0+1.0 ms cpu, 3->3->1 MB, 4 MB goal, 0 MB stacks, 0 MB globals, 12 P
gc 623 @5.503s 2%: 0.13+0.74+0.089 ms clock, 1.5+0.78/0.80/0+1.0 ms cpu, 3->4->1 MB, 4 MB goal, 0 MB stacks, 0 MB globals, 12 P
gc 624 @5.505s 2%: 0.080+0.62+0.081 ms clock, 0.96+0.60/0.95/0+0.97 ms cpu, 3->4->1 MB, 4 MB goal, 0 MB stacks, 0 MB globals, 12 P
gc 625 @5.507s 2%: 0.097+0.72+0.077 ms clock, 1.1+0.64/0.81/0.048+0.92 ms cpu, 3->3->1 MB, 4 MB goal, 0 MB stacks, 0 MB globals, 12 P
gc 626 @5.510s 2%: 0.12+0.52+0.082 ms clock, 1.5+0.90/0.80/0+0.98 ms cpu, 3->3->1 MB, 4 MB goal, 0 MB stacks, 0 MB globals, 12 P
gc 627 @5.512s 2%: 0.11+0.58+0.11 ms clock, 1.3+0.75/0.88/0+1.3 ms cpu, 3->3->1 MB, 4 MB goal, 0 MB stacks, 0 MB globals, 12 P
gc 628 @5.514s 2%: 0.11+0.62+0.12 ms clock, 1.3+0.69/0.85/0+1.5 ms cpu, 3->3->1 MB, 4 MB goal, 0 MB stacks, 0 MB globals, 12 P
gc 629 @5.516s 2%: 0.12+0.57+0.096 ms clock, 1.4+0.69/0.82/0+1.1 ms cpu, 3->3->1 MB, 4 MB goal, 0 MB stacks, 0 MB globals, 12 P
gc 630 @5.518s 2%: 0.10+0.60+0.072 ms clock, 1.2+0.76/0.80/0+0.87 ms cpu, 3->3->1 MB, 4 MB goal, 0 MB stacks, 0 MB globals, 12 P
gc 631 @5.520s 2%: 0.12+0.46+0.091 ms clock, 1.5+0.78/0.77/0+1.1 ms cpu, 3->3->1 MB, 4 MB goal, 0 MB stacks, 0 MB globals, 12 P
gc 632 @5.522s 2%: 0.32+0.46+0.073 ms clock, 3.8+0.90/0.99/0+0.87 ms cpu, 3->3->1 MB, 4 MB goal, 0 MB stacks, 0 MB globals, 12 P
gc 633 @5.524s 2%: 0.083+0.47+0.10 ms clock, 0.99+0.80/0.85/0+1.3 ms cpu, 3->3->1 MB, 4 MB goal, 0 MB stacks, 0 MB globals, 12 P
gc 634 @5.526s 2%: 0.098+0.80+0.069 ms clock, 1.1+0.65/0.94/0+0.83 ms cpu, 3->3->1 MB, 4 MB goal, 0 MB stacks, 0 MB globals, 12 P
gc 635 @5.528s 2%: 0.15+0.56+0.084 ms clock, 1.8+0.57/0.94/0+1.0 ms cpu, 3->4->1 MB, 4 MB goal, 0 MB stacks, 0 MB globals, 12 P
gc 636 @5.530s 2%: 0.11+0.81+0.14 ms clock, 1.3+0.75/0.81/0+1.7 ms cpu, 3->4->1 MB, 4 MB goal, 0 MB stacks, 0 MB globals, 12 P
gc 637 @5.533s 2%: 0.088+0.54+0.063 ms clock, 1.0+0.65/0.89/0+0.76 ms cpu, 3->4->1 MB, 4 MB goal, 0 MB stacks, 0 MB globals, 12 P
gc 638 @5.535s 2%: 0.067+0.86+0.078 ms clock, 0.81+0.84/0.87/0+0.93 ms cpu, 3->3->1 MB, 4 MB goal, 0 MB stacks, 0 MB globals, 12 P
gc 639 @5.537s 2%: 0.10+0.62+0.047 ms clock, 1.3+0.71/0.79/0+0.56 ms cpu, 3->3->1 MB, 4 MB goal, 0 MB stacks, 0 MB globals, 12 P
gc 640 @5.539s 2%: 0.12+0.92+0.042 ms clock, 1.4+0.61/0.98/0+0.50 ms cpu, 3->3->1 MB, 4 MB goal, 0 MB stacks, 0 MB globals, 12 P
gc 641 @5.542s 2%: 0.11+0.56+0.12 ms clock, 1.3+0.74/0.84/0+1.5 ms cpu, 3->4->1 MB, 4 MB goal, 0 MB stacks, 0 MB globals, 12 P
gc 642 @5.544s 2%: 0.087+0.84+0.092 ms clock, 1.0+0.69/0.92/0+1.1 ms cpu, 3->4->1 MB, 4 MB goal, 0 MB stacks, 0 MB globals, 12 P
gc 643 @5.546s 2%: 0.085+1.0+0.080 ms clock, 1.0+0.66/1.0/0+0.96 ms cpu, 3->4->2 MB, 4 MB goal, 0 MB stacks, 0 MB globals, 12 P
gc 644 @5.549s 2%: 0.14+1.0+0.13 ms clock, 1.7+0.83/0.79/0+1.5 ms cpu, 3->4->2 MB, 4 MB goal, 0 MB stacks, 0 MB globals, 12 P
gc 645 @5.552s 2%: 0.10+0.80+0.084 ms clock, 1.2+0.58/0.98/0+1.0 ms cpu, 3->4->1 MB, 4 MB goal, 0 MB stacks, 0 MB globals, 12 P
gc 646 @5.554s 2%: 0.14+0.87+0.10 ms clock, 1.7+0.65/0.76/0.025+1.3 ms cpu, 3->4->1 MB, 4 MB goal, 0 MB stacks, 0 MB globals, 12 P
gc 647 @5.556s 2%: 0.14+0.57+0.059 ms clock, 1.7+0.69/0.89/0+0.70 ms cpu, 3->3->1 MB, 4 MB goal, 0 MB stacks, 0 MB globals, 12 P
gc 648 @5.559s 2%: 0.10+0.71+0.10 ms clock, 1.2+0.66/0.85/0+1.2 ms cpu, 3->3->1 MB, 4 MB goal, 0 MB stacks, 0 MB globals, 12 P
gc 649 @5.561s 2%: 0.11+0.50+0.089 ms clock, 1.3+0.90/0.89/0+1.0 ms cpu, 3->3->1 MB, 4 MB goal, 0 MB stacks, 0 MB globals, 12 P
gc 650 @5.563s 2%: 0.088+0.87+0.077 ms clock, 1.0+0.58/0.93/0+0.92 ms cpu, 3->3->1 MB, 4 MB goal, 0 MB stacks, 0 MB globals, 12 P
gc 651 @5.565s 2%: 0.10+0.43+0.069 ms clock, 1.2+0.82/0.83/0+0.83 ms cpu, 3->3->1 MB, 4 MB goal, 0 MB stacks, 0 MB globals, 12 P
gc 652 @5.567s 2%: 0.091+0.69+0.079 ms clock, 1.0+0.73/0.89/0+0.95 ms cpu, 3->3->1 MB, 4 MB goal, 0 MB stacks, 0 MB globals, 12 P
gc 653 @5.569s 2%: 0.086+0.79+0.095 ms clock, 1.0+0.80/0.91/0+1.1 ms cpu, 3->3->1 MB, 4 MB goal, 0 MB stacks, 0 MB globals, 12 P
gc 654 @5.571s 2%: 0.10+0.90+0.088 ms clock, 1.2+0.79/0.85/0+1.0 ms cpu, 3->3->1 MB, 4 MB goal, 0 MB stacks, 0 MB globals, 12 P
gc 655 @5.574s 2%: 0.095+0.88+0.11 ms clock, 1.1+0.98/0.89/0+1.4 ms cpu, 3->4->1 MB, 4 MB goal, 0 MB stacks, 0 MB globals, 12 P
gc 656 @5.576s 2%: 0.13+0.52+0.13 ms clock, 1.6+0.82/0.76/0+1.6 ms cpu, 3->3->1 MB, 4 MB goal, 0 MB stacks, 0 MB globals, 12 P
gc 657 @5.578s 2%: 0.10+0.84+0.079 ms clock, 1.2+0.77/1.0/0+0.95 ms cpu, 3->3->1 MB, 4 MB goal, 0 MB stacks, 0 MB globals, 12 P
gc 658 @5.581s 2%: 0.099+0.76+0.10 ms clock, 1.1+0.78/0.85/0+1.2 ms cpu, 3->4->1 MB, 4 MB goal, 0 MB stacks, 0 MB globals, 12 P
gc 659 @5.583s 2%: 0.078+0.53+0.10 ms clock, 0.94+0.74/0.84/0+1.2 ms cpu, 3->3->1 MB, 4 MB goal, 0 MB stacks, 0 MB globals, 12 P
gc 660 @5.585s 2%: 0.096+0.53+0.084 ms clock, 1.1+0.70/0.90/0+1.0 ms cpu, 3->3->1 MB, 4 MB goal, 0 MB stacks, 0 MB globals, 12 P
gc 661 @5.587s 2%: 0.13+0.83+0.10 ms clock, 1.6+0.71/0.94/0+1.2 ms cpu, 3->3->1 MB, 4 MB goal, 0 MB stacks, 0 MB globals, 12 P
gc 662 @5.589s 2%: 0.098+0.84+0.085 ms clock, 1.1+0.76/0.88/0+1.0 ms cpu, 3->4->1 MB, 4 MB goal, 0 MB stacks, 0 MB globals, 12 P
gc 663 @5.592s 2%: 0.12+0.63+0.085 ms clock, 1.4+0.80/0.78/0+1.0 ms cpu, 3->4->1 MB, 4 MB goal, 0 MB stacks, 0 MB globals, 12 P
gc 664 @5.594s 2%: 0.071+0.80+0.093 ms clock, 0.85+0.69/0.87/0+1.1 ms cpu, 3->3->1 MB, 4 MB goal, 0 MB stacks, 0 MB globals, 12 P
gc 665 @5.596s 2%: 0.071+0.76+0.10 ms clock, 0.85+0.62/1.0/0+1.2 ms cpu, 3->4->1 MB, 4 MB goal, 0 MB stacks, 0 MB globals, 12 P
gc 666 @5.598s 2%: 0.098+0.61+0.078 ms clock, 1.1+0.80/0.73/0+0.93 ms cpu, 3->4->1 MB, 4 MB goal, 0 MB stacks, 0 MB globals, 12 P
gc 667 @5.600s 2%: 0.10+0.78+0.099 ms clock, 1.2+0.85/0.79/0+1.1 ms cpu, 3->3->1 MB, 4 MB goal, 0 MB stacks, 0 MB globals, 12 P
gc 668 @5.603s 2%: 0.090+1.0+0.11 ms clock, 1.0+0.74/0.84/0+1.3 ms cpu, 3->4->2 MB, 4 MB goal, 0 MB stacks, 0 MB globals, 12 P
gc 669 @5.606s 2%: 0.13+0.69+0.13 ms clock, 1.5+0.83/0.77/0+1.5 ms cpu, 3->4->1 MB, 4 MB goal, 0 MB stacks, 0 MB globals, 12 P
gc 670 @5.608s 2%: 0.096+0.51+0.15 ms clock, 1.1+0.75/0.85/0+1.8 ms cpu, 3->4->1 MB, 4 MB goal, 0 MB stacks, 0 MB globals, 12 P
gc 671 @5.610s 2%: 0.094+1.1+0.073 ms clock, 1.1+0.68/0.87/0.001+0.88 ms cpu, 3->4->2 MB, 4 MB goal, 0 MB stacks, 0 MB globals, 12 P
gc 672 @5.613s 2%: 0.10+0.99+0.070 ms clock, 1.2+0.72/0.77/0+0.85 ms cpu, 3->4->2 MB, 4 MB goal, 0 MB stacks, 0 MB globals, 12 P
gc 673 @5.616s 2%: 0.067+0.95+0.047 ms clock, 0.81+0.65/0.93/0+0.57 ms cpu, 3->4->1 MB, 4 MB goal, 0 MB stacks, 0 MB globals, 12 P
gc 674 @5.618s 2%: 0.11+0.47+0.070 ms clock, 1.3+0.44/0.91/0+0.84 ms cpu, 3->3->1 MB, 4 MB goal, 0 MB stacks, 0 MB globals, 12 P
gc 675 @5.620s 2%: 0.17+1.3+0.046 ms clock, 2.1+0.35/0.80/0+0.55 ms cpu, 3->4->2 MB, 4 MB goal, 0 MB stacks, 0 MB globals, 12 P
gc 676 @5.624s 2%: 0.14+0.70+0.10 ms clock, 1.7+0.98/0.77/0.054+1.2 ms cpu, 4->4->1 MB, 5 MB goal, 0 MB stacks, 0 MB globals, 12 P
gc 677 @5.626s 2%: 0.066+0.89+0.11 ms clock, 0.79+0.95/0.82/0+1.3 ms cpu, 3->3->1 MB, 4 MB goal, 0 MB stacks, 0 MB globals, 12 P
gc 678 @5.628s 2%: 0.12+0.57+0.10 ms clock, 1.4+0.82/0.89/0+1.2 ms cpu, 3->4->1 MB, 4 MB goal, 0 MB stacks, 0 MB globals, 12 P
gc 679 @5.630s 2%: 0.10+0.56+0.066 ms clock, 1.2+0.64/0.90/0+0.80 ms cpu, 3->3->1 MB, 4 MB goal, 0 MB stacks, 0 MB globals, 12 P
gc 680 @5.632s 2%: 0.10+0.70+0.080 ms clock, 1.2+0.81/0.94/0+0.96 ms cpu, 3->3->1 MB, 4 MB goal, 0 MB stacks, 0 MB globals, 12 P
gc 681 @5.634s 2%: 0.13+0.81+0.090 ms clock, 1.6+0.59/0.89/0+1.0 ms cpu, 3->3->1 MB, 4 MB goal, 0 MB stacks, 0 MB globals, 12 P
gc 682 @5.637s 2%: 0.10+0.51+0.083 ms clock, 1.2+0.77/0.92/0+0.99 ms cpu, 3->4->1 MB, 4 MB goal, 0 MB stacks, 0 MB globals, 12 P
gc 683 @5.639s 2%: 0.085+0.65+0.074 ms clock, 1.0+0.69/0.87/0+0.88 ms cpu, 3->3->1 MB, 4 MB goal, 0 MB stacks, 0 MB globals, 12 P
gc 684 @5.641s 2%: 0.10+0.43+0.11 ms clock, 1.2+0.73/0.79/0+1.3 ms cpu, 3->3->1 MB, 4 MB goal, 0 MB stacks, 0 MB globals, 12 P
gc 685 @5.643s 2%: 0.17+0.80+0.10 ms clock, 2.0+0.72/0.91/0+1.2 ms cpu, 3->3->1 MB, 4 MB goal, 0 MB stacks, 0 MB globals, 12 P
gc 686 @5.645s 2%: 0.12+0.96+0.093 ms clock, 1.5+0.75/0.84/0+1.1 ms cpu, 3->4->2 MB, 4 MB goal, 0 MB stacks, 0 MB globals, 12 P
gc 687 @5.648s 2%: 0.092+1.0+0.13 ms clock, 1.1+0.71/0.81/0+1.6 ms cpu, 3->4->2 MB, 4 MB goal, 0 MB stacks, 0 MB globals, 12 P
gc 688 @5.651s 2%: 0.10+0.99+0.082 ms clock, 1.2+0.72/0.86/0+0.98 ms cpu, 3->4->2 MB, 4 MB goal, 0 MB stacks, 0 MB globals, 12 P
gc 689 @5.654s 2%: 0.093+0.60+0.087 ms clock, 1.1+0.74/0.97/0+1.0 ms cpu, 3->4->1 MB, 4 MB goal, 0 MB stacks, 0 MB globals, 12 P
gc 690 @5.656s 3%: 0.094+0.92+0.035 ms clock, 1.1+0.81/1.0/0+0.42 ms cpu, 3->4->1 MB, 4 MB goal, 0 MB stacks, 0 MB globals, 12 P
gc 691 @5.658s 3%: 0.096+0.54+0.088 ms clock, 1.1+0.88/0.78/0+1.0 ms cpu, 3->3->1 MB, 4 MB goal, 0 MB stacks, 0 MB globals, 12 P
gc 692 @5.660s 3%: 0.076+1.2+0.076 ms clock, 0.91+0.60/0.87/0+0.91 ms cpu, 3->4->2 MB, 4 MB goal, 0 MB stacks, 0 MB globals, 12 P
gc 693 @5.664s 3%: 0.093+0.42+0.075 ms clock, 1.1+0.77/0.81/0+0.90 ms cpu, 4->4->1 MB, 4 MB goal, 0 MB stacks, 0 MB globals, 12 P
gc 694 @5.666s 3%: 0.12+1.0+0.080 ms clock, 1.5+0.77/0.80/0+0.97 ms cpu, 3->4->2 MB, 4 MB goal, 0 MB stacks, 0 MB globals, 12 P
gc 695 @5.669s 3%: 0.10+0.80+0.083 ms clock, 1.2+0.91/0.95/0+0.99 ms cpu, 3->4->1 MB, 4 MB goal, 0 MB stacks, 0 MB globals, 12 P
gc 696 @5.671s 3%: 0.090+0.87+0.11 ms clock, 1.0+0.77/0.83/0+1.4 ms cpu, 3->4->2 MB, 4 MB goal, 0 MB stacks, 0 MB globals, 12 P
gc 697 @5.673s 3%: 0.10+1.0+0.091 ms clock, 1.2+0.87/0.73/0.020+1.0 ms cpu, 3->4->2 MB, 4 MB goal, 0 MB stacks, 0 MB globals, 12 P
gc 698 @5.676s 3%: 0.10+0.98+0.018 ms clock, 1.2+0.62/0.87/0+0.22 ms cpu, 3->4->1 MB, 4 MB goal, 0 MB stacks, 0 MB globals, 12 P
gc 699 @5.679s 3%: 0.10+0.48+0.087 ms clock, 1.2+0.76/0.88/0+1.0 ms cpu, 3->4->1 MB, 4 MB goal, 0 MB stacks, 0 MB globals, 12 P
gc 700 @5.681s 3%: 0.099+0.97+0.13 ms clock, 1.1+0.67/0.84/0+1.5 ms cpu, 3->3->1 MB, 4 MB goal, 0 MB stacks, 0 MB globals, 12 P
gc 701 @5.684s 3%: 0.097+0.54+0.074 ms clock, 1.1+0.64/0.84/0+0.88 ms cpu, 3->4->1 MB, 4 MB goal, 0 MB stacks, 0 MB globals, 12 P
gc 702 @5.686s 3%: 0.12+0.84+0.14 ms clock, 1.5+0.54/0.93/0+1.7 ms cpu, 3->3->1 MB, 4 MB goal, 0 MB stacks, 0 MB globals, 12 P
gc 703 @5.688s 3%: 0.090+0.49+0.094 ms clock, 1.0+0.75/0.84/0+1.1 ms cpu, 3->3->1 MB, 4 MB goal, 0 MB stacks, 0 MB globals, 12 P
gc 704 @5.690s 3%: 0.11+1.2+0.083 ms clock, 1.3+0.65/0.94/0+1.0 ms cpu, 3->4->2 MB, 4 MB goal, 0 MB stacks, 0 MB globals, 12 P
gc 705 @5.693s 3%: 0.076+0.61+0.096 ms clock, 0.92+0.71/0.98/0+1.1 ms cpu, 4->4->1 MB, 4 MB goal, 0 MB stacks, 0 MB globals, 12 P
gc 706 @5.695s 3%: 0.10+0.68+0.11 ms clock, 1.2+0.69/0.83/0+1.3 ms cpu, 3->3->1 MB, 4 MB goal, 0 MB stacks, 0 MB globals, 12 P
gc 707 @5.697s 3%: 0.12+0.54+0.067 ms clock, 1.4+0.63/0.94/0+0.81 ms cpu, 3->3->1 MB, 4 MB goal, 0 MB stacks, 0 MB globals, 12 P
gc 708 @5.699s 3%: 0.12+0.60+0.13 ms clock, 1.5+0.72/0.82/0+1.6 ms cpu, 3->3->1 MB, 4 MB goal, 0 MB stacks, 0 MB globals, 12 P
gc 709 @5.701s 3%: 0.083+0.93+0.082 ms clock, 1.0+0.81/0.85/0+0.99 ms cpu, 3->4->1 MB, 4 MB goal, 0 MB stacks, 0 MB globals, 12 P
gc 710 @5.704s 3%: 0.097+0.48+0.082 ms clock, 1.1+0.79/0.80/0+0.99 ms cpu, 3->3->1 MB, 4 MB goal, 0 MB stacks, 0 MB globals, 12 P
gc 711 @5.706s 3%: 0.10+1.0+0.084 ms clock, 1.2+0.71/0.95/0+1.0 ms cpu, 3->4->2 MB, 4 MB goal, 0 MB stacks, 0 MB globals, 12 P
gc 712 @5.709s 3%: 0.15+0.68+0.078 ms clock, 1.8+0.80/0.89/0+0.94 ms cpu, 3->4->1 MB, 4 MB goal, 0 MB stacks, 0 MB globals, 12 P
gc 713 @5.711s 3%: 0.093+0.79+0.11 ms clock, 1.1+0.82/0.81/0+1.3 ms cpu, 3->4->1 MB, 4 MB goal, 0 MB stacks, 0 MB globals, 12 P
gc 714 @5.714s 3%: 0.12+0.68+0.091 ms clock, 1.4+0.71/1.1/0+1.0 ms cpu, 3->4->1 MB, 4 MB goal, 0 MB stacks, 0 MB globals, 12 P
gc 715 @5.716s 3%: 0.099+0.94+0.064 ms clock, 1.1+0.74/0.80/0+0.77 ms cpu, 3->4->1 MB, 4 MB goal, 0 MB stacks, 0 MB globals, 12 P
gc 716 @5.718s 3%: 0.10+0.87+0.072 ms clock, 1.2+0.61/0.89/0+0.87 ms cpu, 3->4->1 MB, 4 MB goal, 0 MB stacks, 0 MB globals, 12 P
gc 717 @5.721s 3%: 0.091+0.77+0.098 ms clock, 1.0+0.87/0.72/0+1.1 ms cpu, 3->4->1 MB, 4 MB goal, 0 MB stacks, 0 MB globals, 12 P
gc 718 @5.723s 3%: 0.13+0.49+0.072 ms clock, 1.5+0.73/0.78/0+0.86 ms cpu, 3->3->1 MB, 4 MB goal, 0 MB stacks, 0 MB globals, 12 P
gc 719 @5.725s 3%: 0.13+0.59+0.088 ms clock, 1.5+0.74/0.89/0+1.0 ms cpu, 3->3->1 MB, 4 MB goal, 0 MB stacks, 0 MB globals, 12 P
gc 720 @5.727s 3%: 0.075+1.0+0.081 ms clock, 0.90+0.78/1.5/0+0.98 ms cpu, 3->4->2 MB, 4 MB goal, 0 MB stacks, 0 MB globals, 12 P
gc 721 @5.730s 3%: 0.090+0.90+0.049 ms clock, 1.0+1.0/0.75/0+0.58 ms cpu, 3->4->1 MB, 4 MB goal, 0 MB stacks, 0 MB globals, 12 P
gc 722 @5.732s 3%: 0.10+0.45+0.11 ms clock, 1.2+0.63/0.82/0+1.3 ms cpu, 3->3->1 MB, 4 MB goal, 0 MB stacks, 0 MB globals, 12 P
gc 723 @5.734s 3%: 0.084+1.3+0.083 ms clock, 1.0+0.71/0.80/0+0.99 ms cpu, 3->4->2 MB, 4 MB goal, 0 MB stacks, 0 MB globals, 12 P
gc 724 @5.737s 3%: 0.14+0.54+0.093 ms clock, 1.6+0.88/0.82/0+1.1 ms cpu, 3->4->1 MB, 4 MB goal, 0 MB stacks, 0 MB globals, 12 P
gc 725 @5.739s 3%: 0.10+0.68+0.067 ms clock, 1.2+0.70/0.95/0+0.81 ms cpu, 3->3->1 MB, 4 MB goal, 0 MB stacks, 0 MB globals, 12 P
gc 726 @5.741s 3%: 0.099+0.65+0.086 ms clock, 1.1+0.93/0.81/0+1.0 ms cpu, 3->3->1 MB, 4 MB goal, 0 MB stacks, 0 MB globals, 12 P
gc 727 @5.743s 3%: 0.088+0.74+0.080 ms clock, 1.0+0.76/0.78/0+0.96 ms cpu, 3->3->1 MB, 4 MB goal, 0 MB stacks, 0 MB globals, 12 P
gc 728 @5.745s 3%: 0.14+0.46+0.073 ms clock, 1.7+0.74/0.74/0+0.88 ms cpu, 3->3->1 MB, 4 MB goal, 0 MB stacks, 0 MB globals, 12 P
gc 729 @5.747s 3%: 0.14+0.97+0.10 ms clock, 1.7+0.82/0.83/0+1.2 ms cpu, 3->3->2 MB, 4 MB goal, 0 MB stacks, 0 MB globals, 12 P
gc 730 @5.750s 3%: 0.094+1.1+0.097 ms clock, 1.1+0.84/0.83/0+1.1 ms cpu, 3->4->2 MB, 4 MB goal, 0 MB stacks, 0 MB globals, 12 P
gc 731 @5.753s 3%: 0.14+0.53+0.075 ms clock, 1.7+0.68/0.82/0+0.90 ms cpu, 3->4->1 MB, 4 MB goal, 0 MB stacks, 0 MB globals, 12 P
gc 732 @5.755s 3%: 0.10+0.49+0.079 ms clock, 1.2+0.78/0.85/0+0.95 ms cpu, 3->3->1 MB, 4 MB goal, 0 MB stacks, 0 MB globals, 12 P
gc 733 @5.757s 3%: 0.11+0.58+0.073 ms clock, 1.3+0.71/0.76/0+0.88 ms cpu, 3->3->1 MB, 4 MB goal, 0 MB stacks, 0 MB globals, 12 P
gc 734 @5.759s 3%: 0.096+0.67+0.12 ms clock, 1.1+0.75/0.92/0+1.5 ms cpu, 3->3->1 MB, 4 MB goal, 0 MB stacks, 0 MB globals, 12 P
gc 735 @5.761s 3%: 0.096+0.98+0.082 ms clock, 1.1+0.60/1.0/0+0.98 ms cpu, 3->4->2 MB, 4 MB goal, 0 MB stacks, 0 MB globals, 12 P
gc 736 @5.764s 3%: 0.090+1.0+0.046 ms clock, 1.0+0.80/0.86/0+0.56 ms cpu, 4->4->2 MB, 4 MB goal, 0 MB stacks, 0 MB globals, 12 P
gc 737 @5.767s 3%: 0.12+1.0+0.068 ms clock, 1.4+0.85/0.85/0.078+0.82 ms cpu, 3->4->2 MB, 4 MB goal, 0 MB stacks, 0 MB globals, 12 P
gc 738 @5.769s 3%: 0.10+0.59+0.084 ms clock, 1.2+0.74/0.83/0+1.0 ms cpu, 3->4->1 MB, 4 MB goal, 0 MB stacks, 0 MB globals, 12 P
gc 739 @5.771s 3%: 0.091+0.57+0.064 ms clock, 1.0+0.69/1.0/0+0.76 ms cpu, 3->3->1 MB, 4 MB goal, 0 MB stacks, 0 MB globals, 12 P
gc 740 @5.773s 3%: 0.13+0.48+0.083 ms clock, 1.5+0.81/0.91/0+1.0 ms cpu, 3->3->1 MB, 4 MB goal, 0 MB stacks, 0 MB globals, 12 P
gc 741 @5.775s 3%: 0.10+0.61+0.074 ms clock, 1.2+0.74/0.89/0.086+0.88 ms cpu, 3->3->1 MB, 4 MB goal, 0 MB stacks, 0 MB globals, 12 P
gc 742 @5.777s 3%: 0.13+0.61+0.11 ms clock, 1.6+0.80/0.89/0+1.4 ms cpu, 3->3->1 MB, 4 MB goal, 0 MB stacks, 0 MB globals, 12 P
gc 743 @5.779s 3%: 0.081+0.62+0.089 ms clock, 0.97+0.84/0.65/0.10+1.0 ms cpu, 3->3->1 MB, 4 MB goal, 0 MB stacks, 0 MB globals, 12 P
gc 744 @5.782s 3%: 0.099+1.0+0.086 ms clock, 1.1+0.65/0.92/0+1.0 ms cpu, 3->4->2 MB, 4 MB goal, 0 MB stacks, 0 MB globals, 12 P
gc 745 @5.784s 3%: 0.11+0.51+0.051 ms clock, 1.4+0.71/0.85/0+0.61 ms cpu, 3->4->1 MB, 4 MB goal, 0 MB stacks, 0 MB globals, 12 P
gc 746 @5.786s 3%: 0.18+0.51+0.088 ms clock, 2.2+0.66/0.86/0+1.0 ms cpu, 3->3->1 MB, 4 MB goal, 0 MB stacks, 0 MB globals, 12 P
gc 747 @5.788s 3%: 0.082+0.57+0.11 ms clock, 0.99+0.71/0.83/0+1.3 ms cpu, 3->3->1 MB, 4 MB goal, 0 MB stacks, 0 MB globals, 12 P
gc 748 @5.790s 3%: 0.080+1.0+0.11 ms clock, 0.97+0.67/0.88/0+1.4 ms cpu, 3->4->2 MB, 4 MB goal, 0 MB stacks, 0 MB globals, 12 P
gc 749 @5.793s 3%: 0.13+0.43+0.065 ms clock, 1.6+0.63/0.87/0+0.78 ms cpu, 3->4->1 MB, 4 MB goal, 0 MB stacks, 0 MB globals, 12 P
gc 750 @5.795s 3%: 0.10+0.67+0.057 ms clock, 1.2+0.68/1.3/0+0.68 ms cpu, 3->3->1 MB, 4 MB goal, 0 MB stacks, 0 MB globals, 12 P
gc 751 @5.797s 3%: 0.092+1.1+0.089 ms clock, 1.1+0.76/0.80/0+1.0 ms cpu, 3->4->1 MB, 4 MB goal, 0 MB stacks, 0 MB globals, 12 P
gc 752 @5.799s 3%: 0.085+0.51+0.091 ms clock, 1.0+0.77/0.95/0+1.0 ms cpu, 3->4->1 MB, 4 MB goal, 0 MB stacks, 0 MB globals, 12 P
gc 753 @5.801s 3%: 0.084+1.1+0.040 ms clock, 1.0+0.61/0.92/0+0.48 ms cpu, 3->4->2 MB, 4 MB goal, 0 MB stacks, 0 MB globals, 12 P
gc 754 @5.804s 3%: 0.093+0.57+0.091 ms clock, 1.1+0.73/0.86/0+1.1 ms cpu, 3->4->1 MB, 4 MB goal, 0 MB stacks, 0 MB globals, 12 P
gc 755 @5.806s 3%: 0.099+0.52+0.12 ms clock, 1.1+0.67/0.78/0+1.5 ms cpu, 3->3->1 MB, 4 MB goal, 0 MB stacks, 0 MB globals, 12 P
gc 756 @5.808s 3%: 0.15+0.51+0.088 ms clock, 1.8+0.73/0.81/0+1.0 ms cpu, 3->3->1 MB, 4 MB goal, 0 MB stacks, 0 MB globals, 12 P
gc 757 @5.810s 3%: 0.13+0.53+0.087 ms clock, 1.6+0.89/0.77/0+1.0 ms cpu, 3->3->1 MB, 4 MB goal, 0 MB stacks, 0 MB globals, 12 P
gc 758 @5.812s 3%: 0.13+0.59+0.097 ms clock, 1.6+0.93/0.67/0+1.1 ms cpu, 3->3->1 MB, 4 MB goal, 0 MB stacks, 0 MB globals, 12 P
gc 759 @5.814s 3%: 0.058+0.51+0.056 ms clock, 0.70+0.74/0.87/0+0.67 ms cpu, 3->3->1 MB, 4 MB goal, 0 MB stacks, 0 MB globals, 12 P
gc 760 @5.816s 3%: 0.079+0.81+0.10 ms clock, 0.95+0.69/0.91/0+1.3 ms cpu, 3->3->1 MB, 4 MB goal, 0 MB stacks, 0 MB globals, 12 P
gc 761 @5.818s 3%: 0.054+0.68+0.13 ms clock, 0.65+0.62/0.92/0+1.5 ms cpu, 3->4->1 MB, 4 MB goal, 0 MB stacks, 0 MB globals, 12 P
gc 762 @5.821s 3%: 0.088+0.59+0.085 ms clock, 1.0+0.71/0.90/0+1.0 ms cpu, 3->3->1 MB, 4 MB goal, 0 MB stacks, 0 MB globals, 12 P
gc 763 @5.823s 3%: 0.12+0.71+0.10 ms clock, 1.5+0.68/0.95/0+1.2 ms cpu, 3->3->1 MB, 4 MB goal, 0 MB stacks, 0 MB globals, 12 P
gc 764 @5.825s 3%: 0.13+0.61+0.12 ms clock, 1.6+0.77/0.91/0+1.4 ms cpu, 3->3->1 MB, 4 MB goal, 0 MB stacks, 0 MB globals, 12 P
gc 765 @5.827s 3%: 0.12+0.73+0.051 ms clock, 1.4+0.74/0.81/0+0.61 ms cpu, 3->3->1 MB, 4 MB goal, 0 MB stacks, 0 MB globals, 12 P
gc 766 @5.829s 3%: 0.11+0.63+0.14 ms clock, 1.3+0.71/0.87/0+1.7 ms cpu, 3->3->1 MB, 4 MB goal, 0 MB stacks, 0 MB globals, 12 P
gc 767 @5.831s 3%: 0.095+0.54+0.081 ms clock, 1.1+0.81/0.81/0+0.97 ms cpu, 3->3->1 MB, 4 MB goal, 0 MB stacks, 0 MB globals, 12 P
gc 768 @5.833s 3%: 0.13+0.61+0.14 ms clock, 1.5+0.61/0.90/0+1.6 ms cpu, 3->3->1 MB, 4 MB goal, 0 MB stacks, 0 MB globals, 12 P
gc 769 @5.835s 3%: 0.11+0.87+0.041 ms clock, 1.4+0.66/0.95/0+0.49 ms cpu, 3->3->1 MB, 4 MB goal, 0 MB stacks, 0 MB globals, 12 P
gc 770 @5.838s 3%: 0.13+1.0+0.029 ms clock, 1.6+0.73/0.81/0+0.35 ms cpu, 3->4->1 MB, 4 MB goal, 0 MB stacks, 0 MB globals, 12 P
gc 771 @5.840s 3%: 0.084+0.65+0.069 ms clock, 1.0+0.84/0.75/0+0.83 ms cpu, 3->4->1 MB, 4 MB goal, 0 MB stacks, 0 MB globals, 12 P
gc 772 @5.842s 3%: 0.12+0.87+0.076 ms clock, 1.4+0.70/0.73/0+0.91 ms cpu, 3->4->1 MB, 4 MB goal, 0 MB stacks, 0 MB globals, 12 P
gc 773 @5.845s 3%: 0.10+0.51+0.10 ms clock, 1.3+0.71/0.95/0+1.2 ms cpu, 3->4->1 MB, 4 MB goal, 0 MB stacks, 0 MB globals, 12 P
gc 774 @5.847s 3%: 0.11+0.89+0.10 ms clock, 1.4+0.81/0.82/0+1.2 ms cpu, 3->4->2 MB, 4 MB goal, 0 MB stacks, 0 MB globals, 12 P
gc 775 @5.849s 3%: 0.14+0.76+0.057 ms clock, 1.6+0.67/0.83/0+0.68 ms cpu, 3->4->1 MB, 4 MB goal, 0 MB stacks, 0 MB globals, 12 P
gc 776 @5.852s 3%: 0.14+0.56+0.087 ms clock, 1.7+0.79/0.89/0+1.0 ms cpu, 3->3->1 MB, 4 MB goal, 0 MB stacks, 0 MB globals, 12 P
gc 777 @5.854s 3%: 0.12+0.51+0.086 ms clock, 1.4+0.75/0.91/0+1.0 ms cpu, 3->3->1 MB, 4 MB goal, 0 MB stacks, 0 MB globals, 12 P
gc 778 @5.856s 3%: 0.097+0.54+0.057 ms clock, 1.1+0.74/0.75/0+0.68 ms cpu, 3->3->1 MB, 4 MB goal, 0 MB stacks, 0 MB globals, 12 P
gc 779 @5.858s 3%: 0.11+0.38+0.071 ms clock, 1.3+0.87/0.74/0+0.85 ms cpu, 3->3->1 MB, 4 MB goal, 0 MB stacks, 0 MB globals, 12 P
gc 780 @5.860s 3%: 0.15+0.59+0.16 ms clock, 1.8+0.71/0.84/0+2.0 ms cpu, 3->3->1 MB, 4 MB goal, 0 MB stacks, 0 MB globals, 12 P
gc 781 @5.862s 3%: 0.079+1.0+0.017 ms clock, 0.95+0.77/0.78/0+0.21 ms cpu, 3->4->2 MB, 4 MB goal, 0 MB stacks, 0 MB globals, 12 P
gc 782 @5.865s 3%: 0.096+1.0+0.040 ms clock, 1.1+0.92/0.91/0+0.48 ms cpu, 3->4->2 MB, 4 MB goal, 0 MB stacks, 0 MB globals, 12 P
gc 783 @5.868s 3%: 0.086+0.58+0.087 ms clock, 1.0+0.87/0.83/0+1.0 ms cpu, 3->4->1 MB, 4 MB goal, 0 MB stacks, 0 MB globals, 12 P
gc 784 @5.870s 3%: 0.097+0.68+0.072 ms clock, 1.1+0.61/0.94/0+0.86 ms cpu, 3->3->1 MB, 4 MB goal, 0 MB stacks, 0 MB globals, 12 P
gc 785 @5.872s 3%: 0.064+0.58+0.074 ms clock, 0.77+0.76/0.90/0+0.89 ms cpu, 3->3->1 MB, 4 MB goal, 0 MB stacks, 0 MB globals, 12 P
gc 786 @5.874s 3%: 0.13+0.65+0.083 ms clock, 1.6+0.61/0.87/0+0.99 ms cpu, 3->3->1 MB, 4 MB goal, 0 MB stacks, 0 MB globals, 12 P
gc 787 @5.876s 3%: 0.081+1.2+0.064 ms clock, 0.98+0.79/0.82/0+0.77 ms cpu, 3->4->2 MB, 4 MB goal, 0 MB stacks, 0 MB globals, 12 P
gc 788 @5.879s 3%: 0.089+0.64+0.066 ms clock, 1.0+0.91/0.87/0+0.79 ms cpu, 4->4->1 MB, 4 MB goal, 0 MB stacks, 0 MB globals, 12 P
gc 789 @5.881s 3%: 0.090+0.57+0.098 ms clock, 1.0+0.81/0.78/0+1.1 ms cpu, 3->3->1 MB, 4 MB goal, 0 MB stacks, 0 MB globals, 12 P
gc 790 @5.883s 3%: 0.15+1.0+0.081 ms clock, 1.8+0.73/0.87/0+0.97 ms cpu, 3->4->2 MB, 4 MB goal, 0 MB stacks, 0 MB globals, 12 P
gc 791 @5.886s 3%: 0.097+1.5+0.040 ms clock, 1.1+0.94/0.86/0+0.48 ms cpu, 3->4->2 MB, 4 MB goal, 0 MB stacks, 0 MB globals, 12 P
gc 792 @5.889s 3%: 0.074+0.61+0.069 ms clock, 0.89+0.55/1.0/0+0.83 ms cpu, 4->4->1 MB, 4 MB goal, 0 MB stacks, 0 MB globals, 12 P
gc 793 @5.891s 3%: 0.10+0.91+0.065 ms clock, 1.2+0.82/0.72/0.032+0.78 ms cpu, 3->4->1 MB, 4 MB goal, 0 MB stacks, 0 MB globals, 12 P
gc 794 @5.894s 3%: 0.10+0.71+0.11 ms clock, 1.3+0.66/1.0/0+1.4 ms cpu, 3->4->1 MB, 4 MB goal, 0 MB stacks, 0 MB globals, 12 P
gc 795 @5.896s 3%: 0.099+0.55+0.096 ms clock, 1.1+0.81/0.89/0+1.1 ms cpu, 3->3->1 MB, 4 MB goal, 0 MB stacks, 0 MB globals, 12 P
gc 796 @5.898s 3%: 0.098+1.2+0.061 ms clock, 1.1+0.78/0.86/0+0.73 ms cpu, 3->4->2 MB, 4 MB goal, 0 MB stacks, 0 MB globals, 12 P
gc 797 @5.901s 3%: 0.091+0.51+0.087 ms clock, 1.1+0.82/0.82/0+1.0 ms cpu, 3->4->1 MB, 4 MB goal, 0 MB stacks, 0 MB globals, 12 P
gc 798 @5.903s 3%: 0.11+1.0+0.094 ms clock, 1.3+0.71/0.85/0+1.1 ms cpu, 3->4->2 MB, 4 MB goal, 0 MB stacks, 0 MB globals, 12 P
gc 799 @5.905s 3%: 0.082+0.57+0.076 ms clock, 0.99+0.76/0.83/0+0.91 ms cpu, 3->4->1 MB, 4 MB goal, 0 MB stacks, 0 MB globals, 12 P
gc 800 @5.908s 3%: 0.12+0.88+0.066 ms clock, 1.4+0.63/0.83/0+0.79 ms cpu, 3->3->1 MB, 4 MB goal, 0 MB stacks, 0 MB globals, 12 P
gc 801 @5.910s 3%: 0.11+0.50+0.058 ms clock, 1.4+0.82/0.83/0+0.70 ms cpu, 3->3->1 MB, 4 MB goal, 0 MB stacks, 0 MB globals, 12 P
gc 802 @5.912s 3%: 0.095+1.0+0.088 ms clock, 1.1+0.72/0.87/0+1.0 ms cpu, 3->4->2 MB, 4 MB goal, 0 MB stacks, 0 MB globals, 12 P
gc 803 @5.915s 3%: 0.13+0.67+0.11 ms clock, 1.5+0.73/1.0/0+1.3 ms cpu, 3->4->1 MB, 4 MB goal, 0 MB stacks, 0 MB globals, 12 P
gc 804 @5.917s 3%: 0.066+0.55+0.13 ms clock, 0.79+0.82/0.83/0+1.5 ms cpu, 3->3->1 MB, 4 MB goal, 0 MB stacks, 0 MB globals, 12 P
gc 805 @5.919s 3%: 0.077+0.48+0.13 ms clock, 0.92+1.3/0.79/0+1.5 ms cpu, 3->3->1 MB, 4 MB goal, 0 MB stacks, 0 MB globals, 12 P
gc 806 @5.921s 3%: 0.11+0.94+0.075 ms clock, 1.3+0.71/0.94/0+0.90 ms cpu, 3->3->2 MB, 4 MB goal, 0 MB stacks, 0 MB globals, 12 P
gc 807 @5.923s 3%: 0.15+1.0+0.099 ms clock, 1.8+0.71/0.79/0+1.1 ms cpu, 3->4->2 MB, 4 MB goal, 0 MB stacks, 0 MB globals, 12 P
gc 808 @5.926s 3%: 0.10+0.85+0.056 ms clock, 1.2+0.73/0.81/0+0.67 ms cpu, 3->4->1 MB, 4 MB goal, 0 MB stacks, 0 MB globals, 12 P
gc 809 @5.928s 3%: 0.11+0.96+0.026 ms clock, 1.3+0.70/0.86/0+0.31 ms cpu, 3->4->1 MB, 4 MB goal, 0 MB stacks, 0 MB globals, 12 P
gc 810 @5.931s 3%: 0.11+0.68+0.091 ms clock, 1.3+0.76/0.83/0+1.0 ms cpu, 3->4->1 MB, 4 MB goal, 0 MB stacks, 0 MB globals, 12 P
gc 811 @5.933s 3%: 0.11+0.59+0.13 ms clock, 1.3+0.82/0.79/0+1.6 ms cpu, 3->3->1 MB, 4 MB goal, 0 MB stacks, 0 MB globals, 12 P
gc 812 @5.935s 3%: 0.089+0.81+0.031 ms clock, 1.0+0.81/0.77/0+0.38 ms cpu, 3->3->1 MB, 4 MB goal, 0 MB stacks, 0 MB globals, 12 P
gc 813 @5.937s 3%: 0.12+1.0+0.087 ms clock, 1.5+0.80/0.84/0+1.0 ms cpu, 3->4->2 MB, 4 MB goal, 0 MB stacks, 0 MB globals, 12 P
gc 814 @5.940s 3%: 0.10+0.53+0.099 ms clock, 1.3+0.70/0.88/0+1.1 ms cpu, 3->4->1 MB, 4 MB goal, 0 MB stacks, 0 MB globals, 12 P
gc 815 @5.942s 3%: 0.16+1.2+0.098 ms clock, 1.9+0.71/0.87/0+1.1 ms cpu, 3->4->2 MB, 4 MB goal, 0 MB stacks, 0 MB globals, 12 P
gc 816 @5.945s 3%: 0.092+1.1+0.066 ms clock, 1.1+0.76/0.83/0+0.80 ms cpu, 4->4->2 MB, 4 MB goal, 0 MB stacks, 0 MB globals, 12 P
gc 817 @5.948s 3%: 0.11+0.57+0.12 ms clock, 1.3+0.73/0.81/0.033+1.5 ms cpu, 3->4->1 MB, 4 MB goal, 0 MB stacks, 0 MB globals, 12 P
gc 818 @5.951s 3%: 0.12+0.53+0.10 ms clock, 1.5+0.65/0.95/0+1.2 ms cpu, 3->3->1 MB, 4 MB goal, 0 MB stacks, 0 MB globals, 12 P
gc 819 @5.953s 3%: 0.11+0.51+0.074 ms clock, 1.3+0.74/0.81/0+0.89 ms cpu, 3->3->1 MB, 4 MB goal, 0 MB stacks, 0 MB globals, 12 P
gc 820 @5.955s 3%: 0.097+0.52+0.072 ms clock, 1.1+0.74/0.83/0+0.87 ms cpu, 3->3->1 MB, 4 MB goal, 0 MB stacks, 0 MB globals, 12 P
gc 821 @5.957s 3%: 0.097+0.40+0.062 ms clock, 1.1+0.74/0.84/0+0.74 ms cpu, 3->3->1 MB, 4 MB goal, 0 MB stacks, 0 MB globals, 12 P
gc 822 @5.959s 3%: 0.10+0.57+0.055 ms clock, 1.2+0.62/0.86/0+0.66 ms cpu, 3->3->1 MB, 4 MB goal, 0 MB stacks, 0 MB globals, 12 P
gc 823 @5.961s 3%: 0.10+0.49+0.075 ms clock, 1.2+0.69/0.89/0+0.90 ms cpu, 3->3->1 MB, 4 MB goal, 0 MB stacks, 0 MB globals, 12 P
gc 824 @5.963s 3%: 0.11+0.55+0.095 ms clock, 1.4+0.86/0.77/0+1.1 ms cpu, 3->3->1 MB, 4 MB goal, 0 MB stacks, 0 MB globals, 12 P
gc 825 @5.965s 3%: 0.11+0.87+0.084 ms clock, 1.4+0.72/0.86/0+1.0 ms cpu, 3->3->1 MB, 4 MB goal, 0 MB stacks, 0 MB globals, 12 P
gc 826 @5.967s 3%: 0.11+0.55+0.14 ms clock, 1.3+0.43/0.80/0+1.7 ms cpu, 3->3->1 MB, 4 MB goal, 0 MB stacks, 0 MB globals, 12 P
gc 827 @5.969s 3%: 0.15+1.1+0.081 ms clock, 1.8+0.68/0.84/0+0.98 ms cpu, 3->4->2 MB, 4 MB goal, 0 MB stacks, 0 MB globals, 12 P
gc 828 @5.972s 3%: 0.084+1.0+0.089 ms clock, 1.0+0.74/0.86/0+1.0 ms cpu, 3->4->2 MB, 4 MB goal, 0 MB stacks, 0 MB globals, 12 P
gc 829 @5.975s 3%: 0.11+0.64+0.077 ms clock, 1.4+0.51/1.0/0+0.93 ms cpu, 3->4->1 MB, 4 MB goal, 0 MB stacks, 0 MB globals, 12 P
gc 830 @5.977s 3%: 0.13+0.67+0.10 ms clock, 1.5+0.61/0.82/0+1.2 ms cpu, 3->3->1 MB, 4 MB goal, 0 MB stacks, 0 MB globals, 12 P
gc 831 @5.979s 3%: 0.10+1.0+0.041 ms clock, 1.2+0.87/0.79/0+0.49 ms cpu, 3->4->2 MB, 4 MB goal, 0 MB stacks, 0 MB globals, 12 P
gc 832 @5.982s 3%: 0.093+0.54+0.079 ms clock, 1.1+0.72/0.85/0+0.95 ms cpu, 3->4->1 MB, 4 MB goal, 0 MB stacks, 0 MB globals, 12 P
gc 833 @5.984s 3%: 0.072+0.51+0.14 ms clock, 0.87+0.69/0.80/0+1.7 ms cpu, 3->3->1 MB, 4 MB goal, 0 MB stacks, 0 MB globals, 12 P
gc 834 @5.986s 3%: 0.11+0.91+0.078 ms clock, 1.4+0.66/0.89/0+0.93 ms cpu, 3->4->2 MB, 4 MB goal, 0 MB stacks, 0 MB globals, 12 P
gc 835 @5.989s 3%: 0.10+0.68+0.083 ms clock, 1.2+0.67/0.91/0+0.99 ms cpu, 3->4->1 MB, 4 MB goal, 0 MB stacks, 0 MB globals, 12 P
gc 836 @5.991s 3%: 0.098+0.42+0.080 ms clock, 1.1+0.78/0.82/0+0.96 ms cpu, 3->3->1 MB, 4 MB goal, 0 MB stacks, 0 MB globals, 12 P
gc 837 @5.993s 3%: 0.090+0.50+0.071 ms clock, 1.0+0.79/0.77/0+0.86 ms cpu, 3->3->1 MB, 4 MB goal, 0 MB stacks, 0 MB globals, 12 P
gc 838 @5.995s 3%: 0.17+0.55+0.076 ms clock, 2.0+0.71/0.77/0+0.91 ms cpu, 3->3->1 MB, 4 MB goal, 0 MB stacks, 0 MB globals, 12 P
gc 839 @5.997s 3%: 0.092+0.85+0.096 ms clock, 1.1+0.76/0.81/0+1.1 ms cpu, 3->3->1 MB, 4 MB goal, 0 MB stacks, 0 MB globals, 12 P
gc 840 @5.999s 3%: 0.055+0.75+0.058 ms clock, 0.66+0.68/0.78/0+0.70 ms cpu, 3->4->1 MB, 4 MB goal, 0 MB stacks, 0 MB globals, 12 P
gc 841 @6.001s 3%: 0.10+0.78+0.069 ms clock, 1.2+0.74/0.82/0+0.83 ms cpu, 3->4->1 MB, 4 MB goal, 0 MB stacks, 0 MB globals, 12 P
gc 842 @6.004s 3%: 0.097+0.80+0.089 ms clock, 1.1+0.56/0.96/0+1.0 ms cpu, 3->4->1 MB, 4 MB goal, 0 MB stacks, 0 MB globals, 12 P
gc 843 @6.006s 3%: 0.088+0.69+0.059 ms clock, 1.0+0.91/0.87/0+0.71 ms cpu, 3->4->1 MB, 4 MB goal, 0 MB stacks, 0 MB globals, 12 P
gc 844 @6.008s 3%: 0.11+0.50+0.078 ms clock, 1.3+0.73/0.84/0+0.94 ms cpu, 3->3->1 MB, 4 MB goal, 0 MB stacks, 0 MB globals, 12 P
gc 845 @6.010s 3%: 0.13+1.1+0.11 ms clock, 1.5+0.78/0.89/0+1.3 ms cpu, 3->4->2 MB, 4 MB goal, 0 MB stacks, 0 MB globals, 12 P
gc 846 @6.013s 3%: 0.14+1.0+0.071 ms clock, 1.6+0.71/0.81/0+0.85 ms cpu, 3->4->2 MB, 4 MB goal, 0 MB stacks, 0 MB globals, 12 P
gc 847 @6.016s 3%: 0.088+0.88+0.13 ms clock, 1.0+0.66/0.90/0+1.5 ms cpu, 3->4->2 MB, 4 MB goal, 0 MB stacks, 0 MB globals, 12 P
gc 848 @6.019s 3%: 0.10+0.83+0.033 ms clock, 1.2+0.59/0.84/0+0.39 ms cpu, 3->4->1 MB, 4 MB goal, 0 MB stacks, 0 MB globals, 12 P
gc 849 @6.021s 3%: 0.10+0.47+0.10 ms clock, 1.2+0.71/0.81/0+1.2 ms cpu, 3->3->1 MB, 4 MB goal, 0 MB stacks, 0 MB globals, 12 P
gc 850 @6.023s 3%: 0.085+0.41+0.065 ms clock, 1.0+0.80/0.75/0+0.78 ms cpu, 3->3->1 MB, 4 MB goal, 0 MB stacks, 0 MB globals, 12 P
gc 851 @6.025s 3%: 0.094+1.0+0.040 ms clock, 1.1+0.77/0.77/0+0.48 ms cpu, 3->4->2 MB, 4 MB goal, 0 MB stacks, 0 MB globals, 12 P
gc 852 @6.028s 3%: 0.12+0.50+0.077 ms clock, 1.5+0.83/0.88/0+0.92 ms cpu, 3->4->1 MB, 4 MB goal, 0 MB stacks, 0 MB globals, 12 P
gc 853 @6.030s 3%: 0.14+0.45+0.076 ms clock, 1.7+0.76/0.70/0+0.91 ms cpu, 3->3->1 MB, 4 MB goal, 0 MB stacks, 0 MB globals, 12 P
gc 854 @6.032s 3%: 0.12+0.94+0.054 ms clock, 1.4+0.65/0.95/0+0.65 ms cpu, 3->3->1 MB, 4 MB goal, 0 MB stacks, 0 MB globals, 12 P
gc 855 @6.034s 3%: 0.086+0.54+0.063 ms clock, 1.0+0.65/0.84/0+0.75 ms cpu, 3->3->1 MB, 4 MB goal, 0 MB stacks, 0 MB globals, 12 P
gc 856 @6.036s 3%: 0.11+1.0+0.078 ms clock, 1.3+0.77/0.84/0+0.94 ms cpu, 3->3->2 MB, 4 MB goal, 0 MB stacks, 0 MB globals, 12 P
gc 857 @6.039s 3%: 0.078+0.72+0.077 ms clock, 0.93+0.85/0.77/0+0.93 ms cpu, 3->4->1 MB, 4 MB goal, 0 MB stacks, 0 MB globals, 12 P
gc 858 @6.041s 3%: 0.078+0.81+0.083 ms clock, 0.94+0.69/0.89/0+0.99 ms cpu, 3->4->1 MB, 4 MB goal, 0 MB stacks, 0 MB globals, 12 P
gc 859 @6.043s 3%: 0.14+0.50+0.11 ms clock, 1.7+0.78/0.78/0+1.4 ms cpu, 3->3->1 MB, 4 MB goal, 0 MB stacks, 0 MB globals, 12 P
gc 860 @6.045s 3%: 0.081+0.63+0.065 ms clock, 0.98+0.50/1.0/0+0.79 ms cpu, 3->3->1 MB, 4 MB goal, 0 MB stacks, 0 MB globals, 12 P
gc 861 @6.047s 3%: 0.088+0.68+0.094 ms clock, 1.0+0.67/1.0/0+1.1 ms cpu, 3->3->1 MB, 4 MB goal, 0 MB stacks, 0 MB globals, 12 P
gc 862 @6.050s 3%: 0.11+0.72+0.097 ms clock, 1.3+0.72/0.86/0+1.1 ms cpu, 3->3->1 MB, 4 MB goal, 0 MB stacks, 0 MB globals, 12 P
gc 863 @6.052s 3%: 0.089+0.76+0.039 ms clock, 1.0+0.75/0.80/0+0.47 ms cpu, 3->4->1 MB, 4 MB goal, 0 MB stacks, 0 MB globals, 12 P
gc 864 @6.054s 3%: 0.097+0.81+0.057 ms clock, 1.1+0.81/0.85/0+0.68 ms cpu, 3->4->1 MB, 4 MB goal, 0 MB stacks, 0 MB globals, 12 P
gc 865 @6.057s 3%: 0.085+0.66+0.085 ms clock, 1.0+0.63/0.94/0+1.0 ms cpu, 3->4->1 MB, 4 MB goal, 0 MB stacks, 0 MB globals, 12 P
gc 866 @6.059s 3%: 0.12+1.0+0.090 ms clock, 1.5+0.62/0.85/0+1.0 ms cpu, 3->4->2 MB, 4 MB goal, 0 MB stacks, 0 MB globals, 12 P
gc 867 @6.062s 3%: 0.10+0.54+0.10 ms clock, 1.2+0.81/0.89/0+1.2 ms cpu, 3->4->1 MB, 4 MB goal, 0 MB stacks, 0 MB globals, 12 P
gc 868 @6.064s 3%: 0.099+0.60+0.088 ms clock, 1.1+0.82/0.86/0+1.0 ms cpu, 3->3->1 MB, 4 MB goal, 0 MB stacks, 0 MB globals, 12 P
gc 869 @6.066s 3%: 0.090+0.57+0.14 ms clock, 1.0+0.67/0.93/0+1.7 ms cpu, 3->3->1 MB, 4 MB goal, 0 MB stacks, 0 MB globals, 12 P
gc 870 @6.068s 3%: 0.092+0.64+0.15 ms clock, 1.1+0.65/0.84/0+1.8 ms cpu, 3->3->1 MB, 4 MB goal, 0 MB stacks, 0 MB globals, 12 P
gc 871 @6.070s 3%: 0.098+0.88+0.080 ms clock, 1.1+0.83/0.85/0+0.96 ms cpu, 3->3->1 MB, 4 MB goal, 0 MB stacks, 0 MB globals, 12 P
gc 872 @6.072s 3%: 0.093+0.61+0.077 ms clock, 1.1+0.59/0.95/0+0.92 ms cpu, 3->3->1 MB, 4 MB goal, 0 MB stacks, 0 MB globals, 12 P
gc 873 @6.074s 3%: 0.096+0.75+0.14 ms clock, 1.1+0.58/0.94/0+1.6 ms cpu, 3->3->1 MB, 4 MB goal, 0 MB stacks, 0 MB globals, 12 P
gc 874 @6.076s 3%: 0.099+0.54+0.087 ms clock, 1.1+0.94/0.76/0+1.0 ms cpu, 3->3->1 MB, 4 MB goal, 0 MB stacks, 0 MB globals, 12 P
gc 875 @6.078s 3%: 0.16+0.54+0.094 ms clock, 2.0+0.73/0.83/0+1.1 ms cpu, 3->3->1 MB, 4 MB goal, 0 MB stacks, 0 MB globals, 12 P
gc 876 @6.080s 3%: 0.085+0.54+0.10 ms clock, 1.0+0.77/0.84/0+1.2 ms cpu, 3->3->1 MB, 4 MB goal, 0 MB stacks, 0 MB globals, 12 P
gc 877 @6.083s 3%: 0.12+0.44+0.082 ms clock, 1.5+0.65/0.90/0+0.99 ms cpu, 3->3->1 MB, 4 MB goal, 0 MB stacks, 0 MB globals, 12 P
gc 878 @6.084s 3%: 0.11+0.53+0.10 ms clock, 1.3+0.67/0.89/0+1.3 ms cpu, 3->3->1 MB, 4 MB goal, 0 MB stacks, 0 MB globals, 12 P
gc 879 @6.087s 3%: 0.10+0.59+0.069 ms clock, 1.2+0.59/0.91/0+0.83 ms cpu, 3->3->1 MB, 4 MB goal, 0 MB stacks, 0 MB globals, 12 P
gc 880 @6.089s 3%: 0.16+0.82+0.079 ms clock, 1.9+0.65/0.89/0.003+0.95 ms cpu, 3->3->1 MB, 4 MB goal, 0 MB stacks, 0 MB globals, 12 P
gc 881 @6.091s 3%: 0.11+0.88+0.091 ms clock, 1.3+0.56/0.87/0+1.0 ms cpu, 3->4->1 MB, 4 MB goal, 0 MB stacks, 0 MB globals, 12 P
gc 882 @6.094s 3%: 0.12+0.51+0.053 ms clock, 1.5+0.64/0.79/0+0.63 ms cpu, 3->4->1 MB, 4 MB goal, 0 MB stacks, 0 MB globals, 12 P
gc 883 @6.095s 3%: 0.11+0.58+0.13 ms clock, 1.3+0.84/0.78/0+1.5 ms cpu, 3->3->1 MB, 4 MB goal, 0 MB stacks, 0 MB globals, 12 P
gc 884 @6.098s 3%: 0.092+0.82+0.041 ms clock, 1.1+0.74/0.81/0+0.49 ms cpu, 3->3->1 MB, 4 MB goal, 0 MB stacks, 0 MB globals, 12 P
gc 885 @6.100s 3%: 0.077+0.73+0.076 ms clock, 0.92+0.70/0.85/0+0.92 ms cpu, 3->3->1 MB, 4 MB goal, 0 MB stacks, 0 MB globals, 12 P
gc 886 @6.102s 3%: 0.11+0.84+0.039 ms clock, 1.3+0.61/0.99/0+0.47 ms cpu, 3->3->1 MB, 4 MB goal, 0 MB stacks, 0 MB globals, 12 P
gc 887 @6.104s 3%: 0.11+0.86+0.060 ms clock, 1.3+0.73/0.92/0+0.73 ms cpu, 3->4->1 MB, 4 MB goal, 0 MB stacks, 0 MB globals, 12 P
gc 888 @6.106s 3%: 0.12+0.49+0.13 ms clock, 1.5+0.74/0.87/0+1.5 ms cpu, 3->3->1 MB, 4 MB goal, 0 MB stacks, 0 MB globals, 12 P
gc 889 @6.108s 3%: 0.085+0.73+0.094 ms clock, 1.0+0.77/0.98/0+1.1 ms cpu, 3->3->1 MB, 4 MB goal, 0 MB stacks, 0 MB globals, 12 P
gc 890 @6.111s 3%: 0.10+1.2+0.086 ms clock, 1.2+0.61/0.93/0+1.0 ms cpu, 3->4->2 MB, 4 MB goal, 0 MB stacks, 0 MB globals, 12 P
gc 891 @6.114s 3%: 0.082+0.93+0.081 ms clock, 0.99+0.79/0.94/0+0.98 ms cpu, 4->4->2 MB, 4 MB goal, 0 MB stacks, 0 MB globals, 12 P
gc 892 @6.117s 3%: 0.11+1.0+0.028 ms clock, 1.4+0.82/0.77/0+0.34 ms cpu, 3->4->2 MB, 4 MB goal, 0 MB stacks, 0 MB globals, 12 P
gc 893 @6.119s 3%: 0.10+1.2+0.045 ms clock, 1.2+0.64/1.3/0+0.54 ms cpu, 3->4->2 MB, 4 MB goal, 0 MB stacks, 0 MB globals, 12 P
gc 894 @6.122s 3%: 0.14+0.60+0.091 ms clock, 1.7+0.73/0.74/0+1.0 ms cpu, 3->4->1 MB, 4 MB goal, 0 MB stacks, 0 MB globals, 12 P
gc 895 @6.124s 3%: 0.13+1.0+0.11 ms clock, 1.6+0.82/0.78/0+1.3 ms cpu, 3->4->2 MB, 4 MB goal, 0 MB stacks, 0 MB globals, 12 P
gc 896 @6.127s 3%: 0.14+0.51+0.099 ms clock, 1.7+0.86/0.84/0+1.1 ms cpu, 4->4->1 MB, 4 MB goal, 0 MB stacks, 0 MB globals, 12 P
gc 897 @6.129s 3%: 0.12+1.2+0.054 ms clock, 1.4+0.89/0.91/0+0.65 ms cpu, 3->4->2 MB, 4 MB goal, 0 MB stacks, 0 MB globals, 12 P
gc 898 @6.132s 3%: 0.098+0.60+0.18 ms clock, 1.1+0.76/0.90/0+2.2 ms cpu, 4->4->1 MB, 5 MB goal, 0 MB stacks, 0 MB globals, 12 P
gc 899 @6.134s 3%: 0.092+0.84+0.083 ms clock, 1.1+0.72/0.91/0+1.0 ms cpu, 3->3->2 MB, 4 MB goal, 0 MB stacks, 0 MB globals, 12 P
gc 900 @6.137s 3%: 0.078+0.61+0.068 ms clock, 0.93+0.85/0.80/0+0.82 ms cpu, 3->4->1 MB, 4 MB goal, 0 MB stacks, 0 MB globals, 12 P
gc 901 @6.139s 3%: 0.10+1.2+0.068 ms clock, 1.2+0.97/1.7/0+0.81 ms cpu, 3->4->2 MB, 4 MB goal, 0 MB stacks, 0 MB globals, 12 P
gc 902 @6.142s 3%: 0.13+0.47+0.10 ms clock, 1.6+0.85/0.81/0+1.3 ms cpu, 4->4->1 MB, 4 MB goal, 0 MB stacks, 0 MB globals, 12 P
gc 903 @6.144s 3%: 0.11+0.49+0.093 ms clock, 1.4+0.75/0.88/0+1.1 ms cpu, 3->3->1 MB, 4 MB goal, 0 MB stacks, 0 MB globals, 12 P
gc 904 @6.146s 3%: 0.14+1.2+0.039 ms clock, 1.7+0.27/0.98/0+0.47 ms cpu, 3->4->2 MB, 4 MB goal, 0 MB stacks, 0 MB globals, 12 P
gc 905 @6.149s 3%: 0.086+0.84+0.024 ms clock, 1.0+0.75/0.74/0+0.28 ms cpu, 3->4->1 MB, 4 MB goal, 0 MB stacks, 0 MB globals, 12 P
gc 906 @6.151s 3%: 0.091+0.74+0.055 ms clock, 1.0+0.74/0.88/0+0.66 ms cpu, 3->3->1 MB, 4 MB goal, 0 MB stacks, 0 MB globals, 12 P
gc 907 @6.153s 3%: 0.092+0.51+0.094 ms clock, 1.1+0.85/0.88/0+1.1 ms cpu, 3->3->1 MB, 4 MB goal, 0 MB stacks, 0 MB globals, 12 P
gc 908 @6.155s 3%: 0.12+0.49+0.054 ms clock, 1.4+0.59/0.89/0+0.65 ms cpu, 3->3->1 MB, 4 MB goal, 0 MB stacks, 0 MB globals, 12 P
gc 909 @6.158s 3%: 0.10+0.98+0.16 ms clock, 1.2+0.71/0.94/0+1.9 ms cpu, 3->4->2 MB, 4 MB goal, 0 MB stacks, 0 MB globals, 12 P
gc 910 @6.160s 3%: 0.065+0.48+0.12 ms clock, 0.78+0.83/0.83/0+1.5 ms cpu, 3->4->1 MB, 4 MB goal, 0 MB stacks, 0 MB globals, 12 P
gc 911 @6.162s 3%: 0.11+1.1+0.12 ms clock, 1.3+0.95/0.72/0+1.4 ms cpu, 3->4->2 MB, 4 MB goal, 0 MB stacks, 0 MB globals, 12 P
gc 912 @6.165s 3%: 0.16+0.92+0.032 ms clock, 1.9+0.70/0.86/0+0.38 ms cpu, 3->4->1 MB, 4 MB goal, 0 MB stacks, 0 MB globals, 12 P
gc 913 @6.168s 3%: 0.098+1.0+0.069 ms clock, 1.1+0.48/0.95/0+0.83 ms cpu, 3->4->2 MB, 4 MB goal, 0 MB stacks, 0 MB globals, 12 P
gc 914 @6.170s 3%: 0.11+0.64+0.083 ms clock, 1.3+1.0/0.76/0+1.0 ms cpu, 3->4->1 MB, 4 MB goal, 0 MB stacks, 0 MB globals, 12 P
gc 915 @6.172s 3%: 0.083+0.64+0.090 ms clock, 1.0+0.73/1.0/0+1.0 ms cpu, 3->3->1 MB, 4 MB goal, 0 MB stacks, 0 MB globals, 12 P
gc 916 @6.174s 3%: 0.12+0.87+0.13 ms clock, 1.5+0.79/0.78/0+1.6 ms cpu, 3->4->1 MB, 4 MB goal, 0 MB stacks, 0 MB globals, 12 P
gc 917 @6.177s 3%: 0.13+0.87+0.074 ms clock, 1.6+0.67/0.86/0+0.88 ms cpu, 3->4->1 MB, 4 MB goal, 0 MB stacks, 0 MB globals, 12 P
gc 918 @6.179s 3%: 0.087+0.94+0.058 ms clock, 1.0+0.70/0.85/0+0.70 ms cpu, 3->4->1 MB, 4 MB goal, 0 MB stacks, 0 MB globals, 12 P
gc 919 @6.182s 3%: 0.12+1.0+0.055 ms clock, 1.5+0.70/0.85/0+0.66 ms cpu, 3->4->2 MB, 4 MB goal, 0 MB stacks, 0 MB globals, 12 P
gc 920 @6.184s 3%: 0.10+1.2+0.052 ms clock, 1.2+0.84/1.4/0+0.63 ms cpu, 3->4->2 MB, 4 MB goal, 0 MB stacks, 0 MB globals, 12 P
gc 921 @6.188s 3%: 0.088+0.60+0.084 ms clock, 1.0+0.73/0.85/0+1.0 ms cpu, 4->4->1 MB, 4 MB goal, 0 MB stacks, 0 MB globals, 12 P
gc 922 @6.190s 3%: 0.12+0.96+0.053 ms clock, 1.4+0.59/0.85/0+0.63 ms cpu, 3->4->2 MB, 4 MB goal, 0 MB stacks, 0 MB globals, 12 P
gc 923 @6.192s 3%: 0.077+0.71+0.068 ms clock, 0.92+0.74/0.93/0+0.82 ms cpu, 3->4->1 MB, 4 MB goal, 0 MB stacks, 0 MB globals, 12 P
gc 924 @6.194s 3%: 0.10+0.54+0.091 ms clock, 1.2+0.63/0.87/0+1.0 ms cpu, 3->3->1 MB, 4 MB goal, 0 MB stacks, 0 MB globals, 12 P
gc 925 @6.196s 3%: 0.12+1.2+0.11 ms clock, 1.4+0.86/0.83/0+1.3 ms cpu, 3->4->2 MB, 4 MB goal, 0 MB stacks, 0 MB globals, 12 P
gc 926 @6.200s 3%: 0.11+0.62+0.13 ms clock, 1.3+0.85/0.77/0+1.6 ms cpu, 4->4->1 MB, 4 MB goal, 0 MB stacks, 0 MB globals, 12 P
gc 927 @6.202s 3%: 0.080+1.3+0.12 ms clock, 0.96+0.87/0.92/0+1.5 ms cpu, 3->4->2 MB, 4 MB goal, 0 MB stacks, 0 MB globals, 12 P
gc 928 @6.205s 3%: 0.092+0.50+0.091 ms clock, 1.1+0.47/0.91/0+1.1 ms cpu, 4->4->1 MB, 4 MB goal, 0 MB stacks, 0 MB globals, 12 P
gc 929 @6.207s 3%: 0.10+0.45+0.086 ms clock, 1.2+0.69/0.87/0+1.0 ms cpu, 3->3->1 MB, 4 MB goal, 0 MB stacks, 0 MB globals, 12 P
gc 930 @6.209s 3%: 0.10+1.1+0.090 ms clock, 1.2+0.92/0.82/0+1.0 ms cpu, 3->4->2 MB, 4 MB goal, 0 MB stacks, 0 MB globals, 12 P
gc 931 @6.212s 3%: 0.089+0.50+0.10 ms clock, 1.0+0.80/0.78/0+1.2 ms cpu, 3->4->1 MB, 4 MB goal, 0 MB stacks, 0 MB globals, 12 P
gc 932 @6.214s 3%: 0.16+0.92+0.14 ms clock, 1.9+0.63/0.81/0+1.7 ms cpu, 3->4->1 MB, 4 MB goal, 0 MB stacks, 0 MB globals, 12 P
gc 933 @6.216s 3%: 0.11+1.0+0.11 ms clock, 1.3+0.69/0.81/0+1.4 ms cpu, 3->4->2 MB, 4 MB goal, 0 MB stacks, 0 MB globals, 12 P
gc 934 @6.219s 3%: 0.12+0.55+0.077 ms clock, 1.4+0.74/0.89/0+0.93 ms cpu, 3->4->1 MB, 4 MB goal, 0 MB stacks, 0 MB globals, 12 P
gc 935 @6.221s 3%: 0.12+1.2+0.078 ms clock, 1.4+0.79/0.92/0+0.94 ms cpu, 3->4->2 MB, 4 MB goal, 0 MB stacks, 0 MB globals, 12 P
gc 936 @6.224s 3%: 0.11+0.63+0.063 ms clock, 1.3+0.72/0.85/0+0.76 ms cpu, 4->4->1 MB, 4 MB goal, 0 MB stacks, 0 MB globals, 12 P
gc 937 @6.226s 3%: 0.096+1.1+0.071 ms clock, 1.1+1.0/0.89/0+0.85 ms cpu, 3->4->2 MB, 4 MB goal, 0 MB stacks, 0 MB globals, 12 P
gc 938 @6.229s 3%: 0.063+1.4+0.10 ms clock, 0.76+0.75/0.88/0+1.2 ms cpu, 3->4->2 MB, 4 MB goal, 0 MB stacks, 0 MB globals, 12 P
gc 939 @6.232s 3%: 0.095+0.60+0.055 ms clock, 1.1+0.74/0.90/0+0.66 ms cpu, 4->4->1 MB, 4 MB goal, 0 MB stacks, 0 MB globals, 12 P
gc 940 @6.234s 3%: 0.098+0.58+0.092 ms clock, 1.1+0.87/0.89/0+1.1 ms cpu, 3->3->1 MB, 4 MB goal, 0 MB stacks, 0 MB globals, 12 P
gc 941 @6.237s 3%: 0.10+0.50+0.063 ms clock, 1.2+0.73/0.80/0+0.76 ms cpu, 3->3->1 MB, 4 MB goal, 0 MB stacks, 0 MB globals, 12 P
gc 942 @6.238s 3%: 0.12+0.55+0.092 ms clock, 1.4+0.67/0.73/0.042+1.1 ms cpu, 3->3->1 MB, 4 MB goal, 0 MB stacks, 0 MB globals, 12 P
gc 943 @6.240s 3%: 0.093+0.81+0.092 ms clock, 1.1+0.68/0.80/0+1.1 ms cpu, 3->3->1 MB, 4 MB goal, 0 MB stacks, 0 MB globals, 12 P
gc 944 @6.243s 3%: 0.081+0.99+0.080 ms clock, 0.97+0.52/0.97/0+0.96 ms cpu, 3->4->1 MB, 4 MB goal, 0 MB stacks, 0 MB globals, 12 P
gc 945 @6.245s 3%: 0.13+0.78+0.097 ms clock, 1.6+0.30/0.91/0+1.1 ms cpu, 3->4->1 MB, 4 MB goal, 0 MB stacks, 0 MB globals, 12 P
gc 946 @6.247s 3%: 0.17+0.55+0.052 ms clock, 2.1+0.85/0.72/0+0.62 ms cpu, 3->4->1 MB, 4 MB goal, 0 MB stacks, 0 MB globals, 12 P
gc 947 @6.249s 3%: 0.10+0.63+0.093 ms clock, 1.2+0.86/0.83/0+1.1 ms cpu, 3->3->1 MB, 4 MB goal, 0 MB stacks, 0 MB globals, 12 P
gc 948 @6.252s 3%: 0.10+0.60+0.088 ms clock, 1.2+0.74/0.92/0.017+1.0 ms cpu, 3->3->1 MB, 4 MB goal, 0 MB stacks, 0 MB globals, 12 P
gc 949 @6.254s 3%: 0.098+0.55+0.072 ms clock, 1.1+0.41/0.74/0+0.87 ms cpu, 3->3->1 MB, 4 MB goal, 0 MB stacks, 0 MB globals, 12 P
gc 950 @6.256s 3%: 0.10+0.95+0.056 ms clock, 1.2+0.68/1.0/0+0.67 ms cpu, 3->4->1 MB, 4 MB goal, 0 MB stacks, 0 MB globals, 12 P
gc 951 @6.258s 3%: 0.13+0.62+0.090 ms clock, 1.6+0.73/0.86/0+1.0 ms cpu, 3->4->1 MB, 4 MB goal, 0 MB stacks, 0 MB globals, 12 P
gc 952 @6.260s 3%: 0.074+0.40+0.11 ms clock, 0.88+0.81/0.69/0+1.3 ms cpu, 3->3->1 MB, 4 MB goal, 0 MB stacks, 0 MB globals, 12 P
gc 953 @6.262s 3%: 0.13+0.50+0.14 ms clock, 1.6+0.68/0.83/0+1.7 ms cpu, 3->3->1 MB, 4 MB goal, 0 MB stacks, 0 MB globals, 12 P
gc 954 @6.264s 3%: 0.16+0.56+0.096 ms clock, 1.9+0.72/0.82/0+1.1 ms cpu, 3->3->1 MB, 4 MB goal, 0 MB stacks, 0 MB globals, 12 P
gc 955 @6.266s 3%: 0.10+0.95+0.072 ms clock, 1.3+0.74/0.79/0+0.87 ms cpu, 3->3->1 MB, 4 MB goal, 0 MB stacks, 0 MB globals, 12 P
gc 956 @6.269s 3%: 0.091+0.60+0.073 ms clock, 1.0+0.73/0.79/0+0.88 ms cpu, 3->3->1 MB, 4 MB goal, 0 MB stacks, 0 MB globals, 12 P
gc 957 @6.271s 3%: 0.12+0.89+0.091 ms clock, 1.4+0.76/0.78/0+1.0 ms cpu, 3->3->1 MB, 4 MB goal, 0 MB stacks, 0 MB globals, 12 P
gc 958 @6.273s 3%: 0.10+0.59+0.081 ms clock, 1.2+0.53/0.87/0+0.98 ms cpu, 3->4->1 MB, 4 MB goal, 0 MB stacks, 0 MB globals, 12 P
gc 959 @6.275s 3%: 0.093+0.70+0.072 ms clock, 1.1+0.70/1.0/0+0.86 ms cpu, 3->3->1 MB, 4 MB goal, 0 MB stacks, 0 MB globals, 12 P
gc 960 @6.278s 3%: 0.074+0.56+0.066 ms clock, 0.89+0.78/0.91/0+0.79 ms cpu, 3->3->1 MB, 4 MB goal, 0 MB stacks, 0 MB globals, 12 P
gc 961 @6.280s 3%: 0.12+0.93+0.061 ms clock, 1.4+0.80/0.73/0+0.74 ms cpu, 3->4->2 MB, 4 MB goal, 0 MB stacks, 0 MB globals, 12 P
gc 962 @6.282s 3%: 0.10+0.76+0.068 ms clock, 1.2+0.62/0.90/0+0.82 ms cpu, 3->4->1 MB, 4 MB goal, 0 MB stacks, 0 MB globals, 12 P
gc 963 @6.285s 3%: 0.11+0.62+0.076 ms clock, 1.3+0.81/0.79/0+0.91 ms cpu, 3->3->1 MB, 4 MB goal, 0 MB stacks, 0 MB globals, 12 P
gc 964 @6.287s 3%: 0.10+0.48+0.072 ms clock, 1.2+0.79/0.71/0+0.86 ms cpu, 3->3->1 MB, 4 MB goal, 0 MB stacks, 0 MB globals, 12 P
gc 965 @6.289s 3%: 0.086+1.3+0.067 ms clock, 1.0+0.66/0.87/0+0.81 ms cpu, 3->4->2 MB, 4 MB goal, 0 MB stacks, 0 MB globals, 12 P
gc 966 @6.292s 3%: 0.094+0.52+0.066 ms clock, 1.1+0.77/0.83/0+0.79 ms cpu, 4->4->1 MB, 4 MB goal, 0 MB stacks, 0 MB globals, 12 P
gc 967 @6.294s 3%: 0.077+0.45+0.12 ms clock, 0.92+0.81/0.80/0+1.5 ms cpu, 3->3->1 MB, 4 MB goal, 0 MB stacks, 0 MB globals, 12 P
gc 968 @6.296s 3%: 0.11+1.2+0.092 ms clock, 1.3+0.84/0.77/0+1.1 ms cpu, 3->4->2 MB, 4 MB goal, 0 MB stacks, 0 MB globals, 12 P
gc 969 @6.299s 3%: 0.12+0.70+0.098 ms clock, 1.4+0.66/0.92/0+1.1 ms cpu, 4->4->1 MB, 4 MB goal, 0 MB stacks, 0 MB globals, 12 P
gc 970 @6.301s 3%: 0.11+0.68+0.10 ms clock, 1.3+0.76/0.98/0+1.2 ms cpu, 3->3->1 MB, 4 MB goal, 0 MB stacks, 0 MB globals, 12 P
gc 971 @6.303s 3%: 0.096+0.70+0.13 ms clock, 1.1+0.68/0.80/0+1.6 ms cpu, 3->4->1 MB, 4 MB goal, 0 MB stacks, 0 MB globals, 12 P
gc 972 @6.305s 3%: 0.098+0.63+0.084 ms clock, 1.1+0.80/0.79/0+1.0 ms cpu, 3->3->1 MB, 4 MB goal, 0 MB stacks, 0 MB globals, 12 P
gc 973 @6.308s 3%: 0.16+0.56+0.085 ms clock, 1.9+0.78/0.76/0+1.0 ms cpu, 3->3->1 MB, 4 MB goal, 0 MB stacks, 0 MB globals, 12 P
gc 974 @6.310s 3%: 0.086+1.0+0.057 ms clock, 1.0+0.78/0.84/0+0.69 ms cpu, 3->3->1 MB, 4 MB goal, 0 MB stacks, 0 MB globals, 12 P
gc 975 @6.312s 3%: 0.13+0.45+0.060 ms clock, 1.5+0.58/0.89/0+0.72 ms cpu, 3->3->1 MB, 4 MB goal, 0 MB stacks, 0 MB globals, 12 P
gc 976 @6.314s 3%: 0.13+0.86+0.064 ms clock, 1.6+0.78/0.72/0+0.77 ms cpu, 3->3->1 MB, 4 MB goal, 0 MB stacks, 0 MB globals, 12 P
gc 977 @6.316s 3%: 0.089+0.43+0.083 ms clock, 1.0+0.92/0.70/0+1.0 ms cpu, 3->3->1 MB, 4 MB goal, 0 MB stacks, 0 MB globals, 12 P
gc 978 @6.318s 3%: 0.11+0.91+0.048 ms clock, 1.4+0.64/0.88/0+0.58 ms cpu, 3->3->1 MB, 4 MB goal, 0 MB stacks, 0 MB globals, 12 P
gc 979 @6.321s 3%: 0.11+0.65+0.088 ms clock, 1.4+0.67/0.89/0+1.0 ms cpu, 3->3->1 MB, 4 MB goal, 0 MB stacks, 0 MB globals, 12 P
gc 980 @6.323s 3%: 0.10+0.46+0.094 ms clock, 1.3+0.77/0.76/0+1.1 ms cpu, 3->3->1 MB, 4 MB goal, 0 MB stacks, 0 MB globals, 12 P
gc 981 @6.325s 3%: 0.10+1.2+0.10 ms clock, 1.3+0.79/0.83/0+1.2 ms cpu, 3->4->2 MB, 4 MB goal, 0 MB stacks, 0 MB globals, 12 P
gc 982 @6.328s 3%: 0.093+1.3+0.080 ms clock, 1.1+0.77/0.87/0+0.97 ms cpu, 4->4->2 MB, 4 MB goal, 0 MB stacks, 0 MB globals, 12 P
gc 983 @6.331s 3%: 0.11+0.51+0.12 ms clock, 1.3+0.67/0.87/0+1.5 ms cpu, 3->4->1 MB, 4 MB goal, 0 MB stacks, 0 MB globals, 12 P
gc 984 @6.333s 3%: 0.093+1.2+0.10 ms clock, 1.1+0.77/0.76/0+1.2 ms cpu, 3->4->2 MB, 4 MB goal, 0 MB stacks, 0 MB globals, 12 P
gc 985 @6.336s 3%: 0.083+0.64+0.13 ms clock, 0.99+0.64/0.96/0+1.6 ms cpu, 4->4->1 MB, 4 MB goal, 0 MB stacks, 0 MB globals, 12 P
gc 986 @6.338s 3%: 0.11+0.73+0.063 ms clock, 1.3+0.78/0.81/0+0.75 ms cpu, 3->3->1 MB, 4 MB goal, 0 MB stacks, 0 MB globals, 12 P
gc 987 @6.340s 3%: 0.093+0.68+0.085 ms clock, 1.1+0.69/1.0/0+1.0 ms cpu, 3->4->1 MB, 4 MB goal, 0 MB stacks, 0 MB globals, 12 P
gc 988 @6.342s 3%: 0.12+0.79+0.074 ms clock, 1.4+0.62/0.93/0+0.89 ms cpu, 3->4->1 MB, 4 MB goal, 0 MB stacks, 0 MB globals, 12 P
gc 989 @6.345s 3%: 0.10+0.77+0.11 ms clock, 1.2+0.94/0.78/0+1.3 ms cpu, 3->4->1 MB, 4 MB goal, 0 MB stacks, 0 MB globals, 12 P
gc 990 @6.347s 3%: 0.098+0.49+0.072 ms clock, 1.1+0.64/0.97/0+0.86 ms cpu, 3->3->1 MB, 4 MB goal, 0 MB stacks, 0 MB globals, 12 P
gc 991 @6.349s 3%: 0.13+0.56+0.11 ms clock, 1.5+0.60/1.0/0+1.3 ms cpu, 3->3->1 MB, 4 MB goal, 0 MB stacks, 0 MB globals, 12 P
gc 992 @6.351s 3%: 0.082+1.1+0.052 ms clock, 0.99+0.60/0.74/0+0.63 ms cpu, 3->4->2 MB, 4 MB goal, 0 MB stacks, 0 MB globals, 12 P
gc 993 @6.354s 3%: 0.10+0.55+0.058 ms clock, 1.2+0.73/0.84/0+0.69 ms cpu, 3->4->1 MB, 4 MB goal, 0 MB stacks, 0 MB globals, 12 P
gc 994 @6.356s 3%: 0.13+0.60+0.091 ms clock, 1.6+0.85/0.96/0+1.0 ms cpu, 3->3->1 MB, 4 MB goal, 0 MB stacks, 0 MB globals, 12 P
gc 995 @6.358s 3%: 0.089+0.58+0.079 ms clock, 1.0+0.76/0.83/0+0.94 ms cpu, 3->3->1 MB, 4 MB goal, 0 MB stacks, 0 MB globals, 12 P
gc 996 @6.360s 3%: 0.18+1.3+0.075 ms clock, 2.1+0.66/0.85/0+0.90 ms cpu, 3->4->2 MB, 4 MB goal, 0 MB stacks, 0 MB globals, 12 P
gc 997 @6.363s 3%: 0.089+1.0+0.057 ms clock, 1.0+0.65/0.89/0+0.68 ms cpu, 4->4->1 MB, 4 MB goal, 0 MB stacks, 0 MB globals, 12 P
gc 998 @6.366s 3%: 0.16+0.61+0.070 ms clock, 2.0+0.76/0.89/0+0.84 ms cpu, 3->4->1 MB, 4 MB goal, 0 MB stacks, 0 MB globals, 12 P
gc 999 @6.368s 3%: 0.10+0.94+0.080 ms clock, 1.3+0.77/0.90/0+0.96 ms cpu, 3->4->1 MB, 4 MB goal, 0 MB stacks, 0 MB globals, 12 P
gc 1000 @6.370s 3%: 0.10+0.39+0.090 ms clock, 1.2+0.76/0.78/0+1.0 ms cpu, 3->3->1 MB, 4 MB goal, 0 MB stacks, 0 MB globals, 12 P
gc 1001 @6.372s 3%: 0.10+0.96+0.078 ms clock, 1.2+0.76/0.88/0+0.94 ms cpu, 3->3->2 MB, 4 MB goal, 0 MB stacks, 0 MB globals, 12 P
gc 1002 @6.375s 3%: 0.074+1.3+0.086 ms clock, 0.89+0.71/0.94/0+1.0 ms cpu, 3->4->2 MB, 4 MB goal, 0 MB stacks, 0 MB globals, 12 P
gc 1003 @6.378s 3%: 0.12+0.62+0.060 ms clock, 1.5+0.72/0.92/0+0.72 ms cpu, 4->4->1 MB, 5 MB goal, 0 MB stacks, 0 MB globals, 12 P
gc 1004 @6.380s 3%: 0.088+0.68+0.067 ms clock, 1.0+0.82/1.0/0+0.80 ms cpu, 3->3->1 MB, 4 MB goal, 0 MB stacks, 0 MB globals, 12 P
gc 1005 @6.382s 3%: 0.094+0.63+0.10 ms clock, 1.1+0.58/0.97/0+1.2 ms cpu, 3->3->1 MB, 4 MB goal, 0 MB stacks, 0 MB globals, 12 P
gc 1006 @6.384s 3%: 0.12+0.48+0.064 ms clock, 1.5+0.74/0.92/0+0.77 ms cpu, 3->3->1 MB, 4 MB goal, 0 MB stacks, 0 MB globals, 12 P
gc 1007 @6.386s 3%: 0.11+1.1+0.043 ms clock, 1.3+0.79/1.5/0+0.52 ms cpu, 3->4->2 MB, 4 MB goal, 0 MB stacks, 0 MB globals, 12 P
gc 1008 @6.389s 3%: 0.085+1.0+0.10 ms clock, 1.0+0.73/0.92/0+1.2 ms cpu, 3->4->2 MB, 4 MB goal, 0 MB stacks, 0 MB globals, 12 P
gc 1009 @6.392s 3%: 0.082+1.0+0.10 ms clock, 0.99+0.72/0.82/0+1.2 ms cpu, 3->4->2 MB, 4 MB goal, 0 MB stacks, 0 MB globals, 12 P
gc 1010 @6.395s 3%: 0.11+0.57+0.13 ms clock, 1.4+0.70/0.90/0+1.6 ms cpu, 3->4->1 MB, 4 MB goal, 0 MB stacks, 0 MB globals, 12 P
gc 1011 @6.397s 3%: 0.089+0.89+0.080 ms clock, 1.0+0.71/1.0/0+0.96 ms cpu, 3->3->1 MB, 4 MB goal, 0 MB stacks, 0 MB globals, 12 P
gc 1012 @6.399s 3%: 0.065+0.57+0.065 ms clock, 0.78+0.70/1.0/0+0.78 ms cpu, 3->3->1 MB, 4 MB goal, 0 MB stacks, 0 MB globals, 12 P
gc 1013 @6.401s 3%: 0.084+0.96+0.043 ms clock, 1.0+0.60/0.92/0+0.51 ms cpu, 3->3->2 MB, 4 MB goal, 0 MB stacks, 0 MB globals, 12 P
gc 1014 @6.403s 3%: 0.097+0.54+0.071 ms clock, 1.1+0.69/0.90/0+0.86 ms cpu, 3->4->1 MB, 4 MB goal, 0 MB stacks, 0 MB globals, 12 P
gc 1015 @6.405s 3%: 0.071+0.46+0.082 ms clock, 0.86+0.77/0.90/0+0.98 ms cpu, 3->3->1 MB, 4 MB goal, 0 MB stacks, 0 MB globals, 12 P
gc 1016 @6.407s 3%: 0.10+0.73+0.093 ms clock, 1.2+1.1/0.86/0+1.1 ms cpu, 3->3->1 MB, 4 MB goal, 0 MB stacks, 0 MB globals, 12 P
gc 1017 @6.410s 3%: 0.097+0.77+0.059 ms clock, 1.1+0.70/0.80/0+0.71 ms cpu, 3->3->1 MB, 4 MB goal, 0 MB stacks, 0 MB globals, 12 P
gc 1018 @6.412s 3%: 0.11+0.49+0.099 ms clock, 1.4+0.87/0.66/0+1.1 ms cpu, 3->3->1 MB, 4 MB goal, 0 MB stacks, 0 MB globals, 12 P
gc 1019 @6.414s 3%: 0.088+1.0+0.081 ms clock, 1.0+0.70/0.92/0+0.97 ms cpu, 3->4->2 MB, 4 MB goal, 0 MB stacks, 0 MB globals, 12 P
gc 1020 @6.417s 3%: 0.11+0.92+0.14 ms clock, 1.4+0.80/1.0/0+1.7 ms cpu, 3->4->1 MB, 4 MB goal, 0 MB stacks, 0 MB globals, 12 P
gc 1021 @6.419s 3%: 0.089+0.79+0.11 ms clock, 1.0+0.71/0.80/0+1.3 ms cpu, 3->4->1 MB, 4 MB goal, 0 MB stacks, 0 MB globals, 12 P
gc 1022 @6.421s 3%: 0.12+1.4+0.074 ms clock, 1.4+0.81/0.77/0+0.89 ms cpu, 3->4->2 MB, 4 MB goal, 0 MB stacks, 0 MB globals, 12 P
gc 1023 @6.425s 3%: 0.15+0.84+0.10 ms clock, 1.8+0.69/0.72/0+1.2 ms cpu, 4->5->1 MB, 5 MB goal, 0 MB stacks, 0 MB globals, 12 P
gc 1024 @6.427s 3%: 0.078+1.2+0.073 ms clock, 0.94+0.74/0.89/0+0.88 ms cpu, 3->4->2 MB, 4 MB goal, 0 MB stacks, 0 MB globals, 12 P
gc 1025 @6.430s 3%: 0.11+1.3+0.036 ms clock, 1.3+0.72/0.92/0+0.44 ms cpu, 3->4->2 MB, 4 MB goal, 0 MB stacks, 0 MB globals, 12 P
gc 1026 @6.433s 3%: 0.10+0.73+0.081 ms clock, 1.2+0.74/0.80/0+0.98 ms cpu, 3->4->1 MB, 4 MB goal, 0 MB stacks, 0 MB globals, 12 P
gc 1027 @6.435s 3%: 0.11+0.95+0.033 ms clock, 1.3+0.66/0.90/0+0.40 ms cpu, 3->4->2 MB, 4 MB goal, 0 MB stacks, 0 MB globals, 12 P
gc 1028 @6.438s 3%: 0.11+0.77+0.18 ms clock, 1.3+0.56/0.93/0.002+2.1 ms cpu, 3->4->1 MB, 4 MB goal, 0 MB stacks, 0 MB globals, 12 P
gc 1029 @6.440s 3%: 0.11+0.98+0.075 ms clock, 1.3+0.78/0.81/0+0.90 ms cpu, 3->4->2 MB, 4 MB goal, 0 MB stacks, 0 MB globals, 12 P
gc 1030 @6.443s 3%: 0.099+0.49+0.085 ms clock, 1.1+0.83/0.81/0+1.0 ms cpu, 3->4->1 MB, 4 MB goal, 0 MB stacks, 0 MB globals, 12 P
gc 1031 @6.445s 3%: 0.11+0.81+0.068 ms clock, 1.3+0.79/0.84/0+0.82 ms cpu, 3->3->1 MB, 4 MB goal, 0 MB stacks, 0 MB globals, 12 P
gc 1032 @6.447s 3%: 0.093+0.83+0.092 ms clock, 1.1+0.77/0.85/0+1.1 ms cpu, 3->4->1 MB, 4 MB goal, 0 MB stacks, 0 MB globals, 12 P
gc 1033 @6.450s 3%: 0.10+0.52+0.10 ms clock, 1.2+0.72/0.92/0+1.2 ms cpu, 3->3->1 MB, 4 MB goal, 0 MB stacks, 0 MB globals, 12 P
gc 1034 @6.452s 3%: 0.11+0.65+0.13 ms clock, 1.3+0.87/0.75/0+1.6 ms cpu, 3->3->1 MB, 4 MB goal, 0 MB stacks, 0 MB globals, 12 P
gc 1035 @6.454s 3%: 0.11+0.45+0.068 ms clock, 1.4+0.70/0.79/0+0.82 ms cpu, 3->3->1 MB, 4 MB goal, 0 MB stacks, 0 MB globals, 12 P
gc 1036 @6.456s 3%: 0.10+0.46+0.073 ms clock, 1.3+0.60/0.85/0+0.88 ms cpu, 3->3->1 MB, 4 MB goal, 0 MB stacks, 0 MB globals, 12 P
gc 1037 @6.458s 3%: 0.11+0.72+0.091 ms clock, 1.4+0.74/1.0/0+1.1 ms cpu, 3->3->1 MB, 4 MB goal, 0 MB stacks, 0 MB globals, 12 P
gc 1038 @6.460s 3%: 0.092+0.64+0.090 ms clock, 1.1+0.61/0.87/0+1.0 ms cpu, 3->4->1 MB, 4 MB goal, 0 MB stacks, 0 MB globals, 12 P
gc 1039 @6.462s 3%: 0.095+0.45+0.063 ms clock, 1.1+0.83/0.72/0+0.76 ms cpu, 3->3->1 MB, 4 MB goal, 0 MB stacks, 0 MB globals, 12 P
gc 1040 @6.464s 3%: 0.15+0.94+0.052 ms clock, 1.8+0.70/0.84/0+0.63 ms cpu, 3->4->2 MB, 4 MB goal, 0 MB stacks, 0 MB globals, 12 P
gc 1041 @6.467s 3%: 0.081+1.2+0.080 ms clock, 0.97+0.74/0.88/0+0.97 ms cpu, 3->4->2 MB, 4 MB goal, 0 MB stacks, 0 MB globals, 12 P
gc 1042 @6.470s 3%: 0.10+0.92+0.064 ms clock, 1.2+0.77/0.94/0+0.77 ms cpu, 3->4->1 MB, 4 MB goal, 0 MB stacks, 0 MB globals, 12 P
gc 1043 @6.472s 3%: 0.11+0.89+0.11 ms clock, 1.3+0.79/0.76/0+1.3 ms cpu, 3->4->1 MB, 4 MB goal, 0 MB stacks, 0 MB globals, 12 P
gc 1044 @6.475s 3%: 0.083+1.3+0.028 ms clock, 1.0+0.77/0.87/0+0.34 ms cpu, 3->4->2 MB, 4 MB goal, 0 MB stacks, 0 MB globals, 12 P
gc 1045 @6.478s 3%: 0.11+0.63+0.076 ms clock, 1.3+0.86/0.83/0+0.91 ms cpu, 4->4->1 MB, 4 MB goal, 0 MB stacks, 0 MB globals, 12 P
gc 1046 @6.480s 3%: 0.069+1.0+0.069 ms clock, 0.83+0.67/0.87/0+0.83 ms cpu, 3->3->2 MB, 4 MB goal, 0 MB stacks, 0 MB globals, 12 P
gc 1047 @6.482s 3%: 0.085+0.48+0.13 ms clock, 1.0+0.83/0.79/0+1.6 ms cpu, 3->4->1 MB, 4 MB goal, 0 MB stacks, 0 MB globals, 12 P
gc 1048 @6.484s 3%: 0.11+0.51+0.063 ms clock, 1.3+0.83/0.92/0+0.75 ms cpu, 3->3->1 MB, 4 MB goal, 0 MB stacks, 0 MB globals, 12 P
gc 1049 @6.486s 3%: 0.094+1.0+0.12 ms clock, 1.1+0.63/0.85/0+1.5 ms cpu, 3->4->2 MB, 4 MB goal, 0 MB stacks, 0 MB globals, 12 P
gc 1050 @6.489s 3%: 0.092+0.56+0.074 ms clock, 1.1+0.81/0.81/0+0.89 ms cpu, 3->4->1 MB, 4 MB goal, 0 MB stacks, 0 MB globals, 12 P
gc 1051 @6.491s 3%: 0.15+1.1+0.071 ms clock, 1.8+0.68/0.90/0+0.85 ms cpu, 3->4->2 MB, 4 MB goal, 0 MB stacks, 0 MB globals, 12 P
gc 1052 @6.494s 3%: 0.080+0.42+0.064 ms clock, 0.97+0.93/0.73/0+0.77 ms cpu, 3->4->1 MB, 4 MB goal, 0 MB stacks, 0 MB globals, 12 P
gc 1053 @6.496s 3%: 0.10+0.78+0.080 ms clock, 1.2+0.62/0.91/0+0.96 ms cpu, 3->3->1 MB, 4 MB goal, 0 MB stacks, 0 MB globals, 12 P
gc 1054 @6.498s 3%: 0.10+0.53+0.072 ms clock, 1.2+0.77/0.80/0+0.87 ms cpu, 3->3->1 MB, 4 MB goal, 0 MB stacks, 0 MB globals, 12 P
gc 1055 @6.500s 3%: 0.066+0.85+0.084 ms clock, 0.79+0.72/0.97/0+1.0 ms cpu, 3->3->1 MB, 4 MB goal, 0 MB stacks, 0 MB globals, 12 P
gc 1056 @6.503s 3%: 0.10+1.0+0.091 ms clock, 1.2+0.64/0.95/0+1.0 ms cpu, 3->4->2 MB, 4 MB goal, 0 MB stacks, 0 MB globals, 12 P
gc 1057 @6.506s 3%: 0.10+0.57+0.082 ms clock, 1.2+0.66/0.89/0+0.99 ms cpu, 3->4->1 MB, 4 MB goal, 0 MB stacks, 0 MB globals, 12 P
gc 1058 @6.508s 3%: 0.10+0.42+0.064 ms clock, 1.2+0.83/0.84/0+0.77 ms cpu, 3->3->1 MB, 4 MB goal, 0 MB stacks, 0 MB globals, 12 P
gc 1059 @6.510s 3%: 0.11+0.47+0.11 ms clock, 1.3+0.59/0.81/0+1.3 ms cpu, 3->3->1 MB, 4 MB goal, 0 MB stacks, 0 MB globals, 12 P
gc 1060 @6.511s 3%: 0.095+0.49+0.078 ms clock, 1.1+0.72/0.92/0+0.93 ms cpu, 3->3->1 MB, 4 MB goal, 0 MB stacks, 0 MB globals, 12 P
gc 1061 @6.513s 3%: 0.16+0.46+0.079 ms clock, 2.0+0.71/0.80/0+0.95 ms cpu, 3->3->1 MB, 4 MB goal, 0 MB stacks, 0 MB globals, 12 P
gc 1062 @6.516s 3%: 0.089+1.0+0.019 ms clock, 1.0+0.72/0.83/0+0.22 ms cpu, 3->4->2 MB, 4 MB goal, 0 MB stacks, 0 MB globals, 12 P
gc 1063 @6.518s 3%: 0.088+0.59+0.083 ms clock, 1.0+0.68/0.96/0+1.0 ms cpu, 3->4->1 MB, 4 MB goal, 0 MB stacks, 0 MB globals, 12 P
gc 1064 @6.520s 3%: 0.095+0.54+0.064 ms clock, 1.1+0.73/0.88/0+0.77 ms cpu, 3->3->1 MB, 4 MB goal, 0 MB stacks, 0 MB globals, 12 P
gc 1065 @6.522s 3%: 0.10+1.0+0.11 ms clock, 1.2+0.88/0.78/0+1.3 ms cpu, 3->4->2 MB, 4 MB goal, 0 MB stacks, 0 MB globals, 12 P
gc 1066 @6.525s 3%: 0.12+0.80+0.10 ms clock, 1.4+0.66/0.99/0+1.2 ms cpu, 3->4->1 MB, 4 MB goal, 0 MB stacks, 0 MB globals, 12 P
gc 1067 @6.527s 3%: 0.14+0.58+0.075 ms clock, 1.6+0.69/0.81/0+0.91 ms cpu, 3->3->1 MB, 4 MB goal, 0 MB stacks, 0 MB globals, 12 P
gc 1068 @6.529s 3%: 0.13+0.66+0.074 ms clock, 1.6+0.73/0.94/0+0.89 ms cpu, 3->3->1 MB, 4 MB goal, 0 MB stacks, 0 MB globals, 12 P
gc 1069 @6.532s 3%: 0.12+1.3+0.021 ms clock, 1.4+0.87/1.2/0+0.25 ms cpu, 3->4->2 MB, 4 MB goal, 0 MB stacks, 0 MB globals, 12 P
gc 1070 @6.535s 3%: 0.093+1.2+0.061 ms clock, 1.1+0.85/0.75/0+0.73 ms cpu, 4->4->2 MB, 4 MB goal, 0 MB stacks, 0 MB globals, 12 P
gc 1071 @6.538s 3%: 0.11+0.61+0.10 ms clock, 1.3+0.80/0.88/0+1.2 ms cpu, 3->4->1 MB, 4 MB goal, 0 MB stacks, 0 MB globals, 12 P
gc 1072 @6.540s 3%: 0.091+0.53+0.047 ms clock, 1.0+0.79/0.80/0+0.57 ms cpu, 3->3->1 MB, 4 MB goal, 0 MB stacks, 0 MB globals, 12 P
gc 1073 @6.542s 3%: 0.11+1.0+0.062 ms clock, 1.3+0.77/0.98/0+0.75 ms cpu, 3->4->2 MB, 4 MB goal, 0 MB stacks, 0 MB globals, 12 P
gc 1074 @6.544s 3%: 0.13+0.56+0.064 ms clock, 1.6+0.82/0.81/0+0.77 ms cpu, 3->4->1 MB, 4 MB goal, 0 MB stacks, 0 MB globals, 12 P
gc 1075 @6.546s 3%: 0.080+1.0+0.087 ms clock, 0.96+0.84/0.84/0+1.0 ms cpu, 3->4->2 MB, 4 MB goal, 0 MB stacks, 0 MB globals, 12 P
gc 1076 @6.549s 3%: 0.054+0.68+0.14 ms clock, 0.65+0.65/0.84/0.032+1.7 ms cpu, 3->4->1 MB, 4 MB goal, 0 MB stacks, 0 MB globals, 12 P
gc 1077 @6.551s 3%: 0.089+0.56+0.074 ms clock, 1.0+0.75/0.84/0+0.89 ms cpu, 3->3->1 MB, 4 MB goal, 0 MB stacks, 0 MB globals, 12 P
gc 1078 @6.553s 3%: 0.072+0.42+0.062 ms clock, 0.86+0.91/0.80/0+0.75 ms cpu, 3->3->1 MB, 4 MB goal, 0 MB stacks, 0 MB globals, 12 P
gc 1079 @6.555s 4%: 0.13+0.58+0.090 ms clock, 1.5+0.89/0.74/0+1.0 ms cpu, 3->3->1 MB, 4 MB goal, 0 MB stacks, 0 MB globals, 12 P
gc 1080 @6.557s 4%: 0.075+0.89+0.10 ms clock, 0.90+0.69/0.90/0+1.3 ms cpu, 3->3->1 MB, 4 MB goal, 0 MB stacks, 0 MB globals, 12 P
gc 1081 @6.560s 4%: 0.11+0.95+0.081 ms clock, 1.4+0.89/1.4/0+0.97 ms cpu, 3->4->2 MB, 4 MB goal, 0 MB stacks, 0 MB globals, 12 P
gc 1082 @6.562s 4%: 0.084+0.78+0.14 ms clock, 1.0+0.66/0.85/0+1.7 ms cpu, 3->4->1 MB, 4 MB goal, 0 MB stacks, 0 MB globals, 12 P
gc 1083 @6.565s 4%: 0.11+0.85+0.095 ms clock, 1.3+0.75/0.89/0+1.1 ms cpu, 3->4->1 MB, 4 MB goal, 0 MB stacks, 0 MB globals, 12 P
gc 1084 @6.567s 4%: 0.087+0.94+0.070 ms clock, 1.0+0.71/0.97/0+0.85 ms cpu, 3->4->2 MB, 4 MB goal, 0 MB stacks, 0 MB globals, 12 P
gc 1085 @6.570s 4%: 0.12+0.70+0.088 ms clock, 1.4+0.78/0.96/0+1.0 ms cpu, 3->4->1 MB, 4 MB goal, 0 MB stacks, 0 MB globals, 12 P
gc 1086 @6.572s 4%: 0.077+0.60+0.13 ms clock, 0.93+0.79/1.0/0+1.6 ms cpu, 3->4->1 MB, 4 MB goal, 0 MB stacks, 0 MB globals, 12 P
gc 1087 @6.574s 4%: 0.095+0.62+0.092 ms clock, 1.1+0.80/0.87/0+1.1 ms cpu, 3->3->1 MB, 4 MB goal, 0 MB stacks, 0 MB globals, 12 P
gc 1088 @6.576s 4%: 0.11+0.60+0.097 ms clock, 1.3+0.67/0.90/0+1.1 ms cpu, 3->3->1 MB, 4 MB goal, 0 MB stacks, 0 MB globals, 12 P
gc 1089 @6.578s 4%: 0.12+1.0+0.043 ms clock, 1.4+0.80/0.89/0+0.52 ms cpu, 3->4->1 MB, 4 MB goal, 0 MB stacks, 0 MB globals, 12 P
gc 1090 @6.581s 4%: 0.095+1.1+0.089 ms clock, 1.1+0.38/1.0/0+1.0 ms cpu, 3->4->2 MB, 4 MB goal, 0 MB stacks, 0 MB globals, 12 P
gc 1091 @6.584s 4%: 0.11+0.87+0.084 ms clock, 1.3+0.73/0.90/0+1.0 ms cpu, 3->4->1 MB, 4 MB goal, 0 MB stacks, 0 MB globals, 12 P
gc 1092 @6.586s 4%: 0.16+1.2+0.068 ms clock, 2.0+0.66/0.85/0+0.82 ms cpu, 3->4->2 MB, 4 MB goal, 0 MB stacks, 0 MB globals, 12 P
gc 1093 @6.589s 4%: 0.083+0.98+0.063 ms clock, 1.0+1.2/0.94/0+0.76 ms cpu, 3->4->2 MB, 4 MB goal, 0 MB stacks, 0 MB globals, 12 P
gc 1094 @6.592s 4%: 0.10+1.8+0.062 ms clock, 1.2+0.87/2.7/0+0.74 ms cpu, 3->4->2 MB, 4 MB goal, 0 MB stacks, 0 MB globals, 12 P
gc 1095 @6.595s 4%: 0.083+0.65+0.074 ms clock, 1.0+0.75/0.93/0+0.89 ms cpu, 3->4->1 MB, 4 MB goal, 0 MB stacks, 0 MB globals, 12 P
gc 1096 @6.597s 4%: 0.087+1.5+0.060 ms clock, 1.0+0.79/0.96/0+0.72 ms cpu, 3->4->2 MB, 4 MB goal, 0 MB stacks, 0 MB globals, 12 P
gc 1097 @6.600s 4%: 0.093+0.47+0.084 ms clock, 1.1+0.80/0.82/0+1.0 ms cpu, 4->4->1 MB, 5 MB goal, 0 MB stacks, 0 MB globals, 12 P
gc 1098 @6.602s 4%: 0.071+0.78+0.096 ms clock, 0.86+0.70/0.87/0+1.1 ms cpu, 3->3->1 MB, 4 MB goal, 0 MB stacks, 0 MB globals, 12 P
gc 1099 @6.604s 4%: 0.10+0.54+0.062 ms clock, 1.2+0.66/0.81/0+0.74 ms cpu, 3->3->1 MB, 4 MB goal, 0 MB stacks, 0 MB globals, 12 P
gc 1100 @6.606s 4%: 0.074+1.0+0.082 ms clock, 0.88+0.69/1.0/0+0.98 ms cpu, 3->4->2 MB, 4 MB goal, 0 MB stacks, 0 MB globals, 12 P
gc 1101 @6.609s 4%: 0.14+0.77+0.10 ms clock, 1.7+0.71/0.91/0+1.2 ms cpu, 3->4->1 MB, 4 MB goal, 0 MB stacks, 0 MB globals, 12 P
gc 1102 @6.611s 4%: 0.15+0.56+0.099 ms clock, 1.8+0.72/0.85/0+1.1 ms cpu, 3->3->1 MB, 4 MB goal, 0 MB stacks, 0 MB globals, 12 P
gc 1103 @6.614s 4%: 0.13+0.45+0.078 ms clock, 1.6+0.76/0.84/0+0.93 ms cpu, 3->3->1 MB, 4 MB goal, 0 MB stacks, 0 MB globals, 12 P
gc 1104 @6.615s 4%: 0.087+0.78+0.12 ms clock, 1.0+0.81/0.80/0+1.4 ms cpu, 3->3->1 MB, 4 MB goal, 0 MB stacks, 0 MB globals, 12 P
gc 1105 @6.618s 4%: 0.10+0.53+0.12 ms clock, 1.2+0.78/0.79/0+1.5 ms cpu, 3->3->1 MB, 4 MB goal, 0 MB stacks, 0 MB globals, 12 P
gc 1106 @6.620s 4%: 0.084+1.2+0.11 ms clock, 1.0+0.68/0.95/0+1.4 ms cpu, 3->4->2 MB, 4 MB goal, 0 MB stacks, 0 MB globals, 12 P
gc 1107 @6.623s 4%: 0.14+0.47+0.058 ms clock, 1.6+0.83/0.87/0+0.70 ms cpu, 4->4->1 MB, 5 MB goal, 0 MB stacks, 0 MB globals, 12 P
gc 1108 @6.625s 4%: 0.073+0.65+0.097 ms clock, 0.88+0.70/0.91/0+1.1 ms cpu, 3->3->1 MB, 4 MB goal, 0 MB stacks, 0 MB globals, 12 P
gc 1109 @6.627s 4%: 0.088+0.93+0.10 ms clock, 1.0+0.68/0.85/0+1.2 ms cpu, 3->3->1 MB, 4 MB goal, 0 MB stacks, 0 MB globals, 12 P
gc 1110 @6.630s 4%: 0.15+1.0+0.052 ms clock, 1.9+0.73/0.87/0+0.62 ms cpu, 3->4->2 MB, 4 MB goal, 0 MB stacks, 0 MB globals, 12 P
gc 1111 @6.633s 4%: 0.081+0.50+0.053 ms clock, 0.98+0.77/0.74/0+0.64 ms cpu, 3->4->1 MB, 4 MB goal, 0 MB stacks, 0 MB globals, 12 P
gc 1112 @6.635s 4%: 0.098+0.83+0.080 ms clock, 1.1+0.77/0.92/0+0.96 ms cpu, 3->3->1 MB, 4 MB goal, 0 MB stacks, 0 MB globals, 12 P
gc 1113 @6.637s 4%: 0.10+0.58+0.075 ms clock, 1.2+0.70/0.83/0+0.90 ms cpu, 3->4->1 MB, 4 MB goal, 0 MB stacks, 0 MB globals, 12 P
gc 1114 @6.639s 4%: 0.10+1.1+0.076 ms clock, 1.3+0.82/0.74/0+0.92 ms cpu, 3->4->2 MB, 4 MB goal, 0 MB stacks, 0 MB globals, 12 P
gc 1115 @6.642s 4%: 0.16+1.1+0.087 ms clock, 1.9+0.77/0.87/0+1.0 ms cpu, 3->4->2 MB, 4 MB goal, 0 MB stacks, 0 MB globals, 12 P
gc 1116 @6.645s 4%: 0.12+0.55+0.065 ms clock, 1.5+0.72/0.83/0+0.78 ms cpu, 4->4->1 MB, 4 MB goal, 0 MB stacks, 0 MB globals, 12 P
gc 1117 @6.647s 4%: 0.15+0.61+0.059 ms clock, 1.8+0.69/0.87/0+0.71 ms cpu, 3->3->1 MB, 4 MB goal, 0 MB stacks, 0 MB globals, 12 P
gc 1118 @6.649s 4%: 0.081+0.51+0.073 ms clock, 0.98+0.80/0.85/0+0.88 ms cpu, 3->3->1 MB, 4 MB goal, 0 MB stacks, 0 MB globals, 12 P
gc 1119 @6.651s 4%: 0.097+0.85+0.072 ms clock, 1.1+0.78/0.86/0+0.86 ms cpu, 3->4->2 MB, 4 MB goal, 0 MB stacks, 0 MB globals, 12 P
gc 1120 @6.654s 4%: 0.12+0.58+0.063 ms clock, 1.5+0.65/0.92/0+0.76 ms cpu, 3->4->1 MB, 4 MB goal, 0 MB stacks, 0 MB globals, 12 P
gc 1121 @6.656s 4%: 0.11+1.3+0.038 ms clock, 1.3+0.69/0.82/0+0.46 ms cpu, 3->4->2 MB, 4 MB goal, 0 MB stacks, 0 MB globals, 12 P
gc 1122 @6.659s 4%: 0.16+1.3+0.11 ms clock, 2.0+0.82/0.86/0.012+1.4 ms cpu, 3->4->2 MB, 4 MB goal, 0 MB stacks, 0 MB globals, 12 P
gc 1123 @6.662s 4%: 0.097+0.63+0.12 ms clock, 1.1+0.73/0.92/0+1.4 ms cpu, 4->4->1 MB, 5 MB goal, 0 MB stacks, 0 MB globals, 12 P
gc 1124 @6.664s 4%: 0.10+0.62+0.090 ms clock, 1.2+0.67/0.89/0+1.0 ms cpu, 3->3->1 MB, 4 MB goal, 0 MB stacks, 0 MB globals, 12 P
gc 1125 @6.666s 4%: 0.078+0.52+0.11 ms clock, 0.94+0.76/0.86/0+1.4 ms cpu, 3->3->1 MB, 4 MB goal, 0 MB stacks, 0 MB globals, 12 P
gc 1126 @6.668s 4%: 0.11+0.58+0.079 ms clock, 1.4+0.70/0.93/0+0.95 ms cpu, 3->3->1 MB, 4 MB goal, 0 MB stacks, 0 MB globals, 12 P
gc 1127 @6.670s 4%: 0.091+1.0+0.080 ms clock, 1.0+0.67/0.96/0+0.96 ms cpu, 3->4->2 MB, 4 MB goal, 0 MB stacks, 0 MB globals, 12 P
gc 1128 @6.673s 4%: 0.082+0.58+0.12 ms clock, 0.99+0.54/0.95/0+1.4 ms cpu, 3->4->1 MB, 4 MB goal, 0 MB stacks, 0 MB globals, 12 P
gc 1129 @6.675s 4%: 0.13+1.2+0.087 ms clock, 1.6+0.73/0.89/0+1.0 ms cpu, 3->4->2 MB, 4 MB goal, 0 MB stacks, 0 MB globals, 12 P
gc 1130 @6.678s 4%: 0.10+0.52+0.076 ms clock, 1.3+0.70/0.78/0+0.91 ms cpu, 3->4->1 MB, 4 MB goal, 0 MB stacks, 0 MB globals, 12 P
gc 1131 @6.680s 4%: 0.097+0.82+0.083 ms clock, 1.1+0.61/0.83/0.11+1.0 ms cpu, 3->3->1 MB, 4 MB goal, 0 MB stacks, 0 MB globals, 12 P
gc 1132 @6.682s 4%: 0.085+0.54+0.079 ms clock, 1.0+0.67/0.83/0+0.95 ms cpu, 3->3->1 MB, 4 MB goal, 0 MB stacks, 0 MB globals, 12 P
gc 1133 @6.684s 4%: 0.12+0.60+0.11 ms clock, 1.4+0.75/0.77/0+1.4 ms cpu, 3->3->1 MB, 4 MB goal, 0 MB stacks, 0 MB globals, 12 P
gc 1134 @6.687s 4%: 0.10+0.63+0.085 ms clock, 1.2+0.77/0.89/0+1.0 ms cpu, 3->3->1 MB, 4 MB goal, 0 MB stacks, 0 MB globals, 12 P
gc 1135 @6.689s 4%: 0.076+0.71+0.11 ms clock, 0.91+0.67/0.77/0+1.3 ms cpu, 3->3->1 MB, 4 MB goal, 0 MB stacks, 0 MB globals, 12 P
gc 1136 @6.691s 4%: 0.094+0.56+0.10 ms clock, 1.1+0.60/0.99/0+1.3 ms cpu, 3->3->1 MB, 4 MB goal, 0 MB stacks, 0 MB globals, 12 P
gc 1137 @6.693s 4%: 0.097+0.61+0.10 ms clock, 1.1+0.68/0.83/0+1.2 ms cpu, 3->3->1 MB, 4 MB goal, 0 MB stacks, 0 MB globals, 12 P
gc 1138 @6.695s 4%: 0.11+0.90+0.10 ms clock, 1.3+0.65/1.0/0+1.2 ms cpu, 3->4->2 MB, 4 MB goal, 0 MB stacks, 0 MB globals, 12 P
gc 1139 @6.698s 4%: 0.11+0.61+0.076 ms clock, 1.3+0.74/0.92/0+0.91 ms cpu, 3->4->1 MB, 4 MB goal, 0 MB stacks, 0 MB globals, 12 P
gc 1140 @6.700s 4%: 0.15+0.51+0.10 ms clock, 1.8+0.71/0.79/0+1.2 ms cpu, 3->3->1 MB, 4 MB goal, 0 MB stacks, 0 MB globals, 12 P
gc 1141 @6.702s 4%: 0.15+0.55+0.096 ms clock, 1.8+0.79/0.81/0+1.1 ms cpu, 3->3->1 MB, 4 MB goal, 0 MB stacks, 0 MB globals, 12 P
gc 1142 @6.704s 4%: 0.11+0.93+0.085 ms clock, 1.3+0.64/0.88/0+1.0 ms cpu, 3->3->1 MB, 4 MB goal, 0 MB stacks, 0 MB globals, 12 P
gc 1143 @6.706s 4%: 0.18+1.0+0.046 ms clock, 2.2+0.73/0.81/0+0.55 ms cpu, 3->4->1 MB, 4 MB goal, 0 MB stacks, 0 MB globals, 12 P
gc 1144 @6.709s 4%: 0.078+0.76+0.074 ms clock, 0.94+0.72/0.88/0.015+0.89 ms cpu, 3->4->1 MB, 4 MB goal, 0 MB stacks, 0 MB globals, 12 P
gc 1145 @6.711s 4%: 0.15+0.56+0.065 ms clock, 1.8+0.61/0.88/0+0.78 ms cpu, 3->3->1 MB, 4 MB goal, 0 MB stacks, 0 MB globals, 12 P
gc 1146 @6.713s 4%: 0.089+0.50+0.080 ms clock, 1.0+0.65/0.82/0+0.96 ms cpu, 3->3->1 MB, 4 MB goal, 0 MB stacks, 0 MB globals, 12 P
gc 1147 @6.715s 4%: 0.11+0.49+0.11 ms clock, 1.4+0.76/0.79/0+1.3 ms cpu, 3->3->1 MB, 4 MB goal, 0 MB stacks, 0 MB globals, 12 P
gc 1148 @6.717s 4%: 0.10+0.88+0.042 ms clock, 1.2+0.59/0.89/0+0.51 ms cpu, 3->3->1 MB, 4 MB goal, 0 MB stacks, 0 MB globals, 12 P
gc 1149 @6.719s 4%: 0.078+0.79+0.085 ms clock, 0.94+0.77/0.83/0+1.0 ms cpu, 3->4->1 MB, 4 MB goal, 0 MB stacks, 0 MB globals, 12 P
gc 1150 @6.721s 4%: 0.083+1.0+0.068 ms clock, 1.0+0.71/0.82/0+0.81 ms cpu, 3->4->2 MB, 4 MB goal, 0 MB stacks, 0 MB globals, 12 P
gc 1151 @6.724s 4%: 0.068+0.46+0.077 ms clock, 0.81+0.68/0.86/0+0.93 ms cpu, 3->4->1 MB, 4 MB goal, 0 MB stacks, 0 MB globals, 12 P
gc 1152 @6.726s 4%: 0.10+0.96+0.082 ms clock, 1.2+0.69/0.94/0+0.98 ms cpu, 3->4->2 MB, 4 MB goal, 0 MB stacks, 0 MB globals, 12 P
gc 1153 @6.729s 4%: 0.095+0.46+0.13 ms clock, 1.1+0.63/0.88/0+1.5 ms cpu, 3->4->1 MB, 4 MB goal, 0 MB stacks, 0 MB globals, 12 P
gc 1154 @6.731s 4%: 0.067+0.61+0.12 ms clock, 0.81+0.73/0.85/0+1.5 ms cpu, 3->3->1 MB, 4 MB goal, 0 MB stacks, 0 MB globals, 12 P
gc 1155 @6.733s 4%: 0.12+1.0+0.034 ms clock, 1.4+0.60/0.76/0+0.41 ms cpu, 3->4->2 MB, 4 MB goal, 0 MB stacks, 0 MB globals, 12 P
gc 1156 @6.736s 4%: 0.097+0.58+0.092 ms clock, 1.1+0.56/0.93/0+1.1 ms cpu, 3->4->1 MB, 4 MB goal, 0 MB stacks, 0 MB globals, 12 P
gc 1157 @6.738s 4%: 0.12+1.3+0.053 ms clock, 1.5+0.58/0.88/0+0.63 ms cpu, 3->4->2 MB, 4 MB goal, 0 MB stacks, 0 MB globals, 12 P
gc 1158 @6.741s 4%: 0.13+0.61+0.093 ms clock, 1.5+0.89/0.77/0.004+1.1 ms cpu, 4->4->1 MB, 5 MB goal, 0 MB stacks, 0 MB globals, 12 P
gc 1159 @6.743s 4%: 0.079+1.4+0.098 ms clock, 0.95+0.79/0.93/0+1.1 ms cpu, 3->4->2 MB, 4 MB goal, 0 MB stacks, 0 MB globals, 12 P
gc 1160 @6.747s 4%: 0.067+1.1+0.033 ms clock, 0.80+0.96/0.91/0.001+0.40 ms cpu, 4->5->2 MB, 5 MB goal, 0 MB stacks, 0 MB globals, 12 P
gc 1161 @6.750s 4%: 0.082+1.0+0.12 ms clock, 0.99+0.72/0.89/0+1.4 ms cpu, 3->4->2 MB, 4 MB goal, 0 MB stacks, 0 MB globals, 12 P
gc 1162 @6.752s 4%: 0.098+0.52+0.10 ms clock, 1.1+0.73/0.84/0+1.3 ms cpu, 3->4->1 MB, 4 MB goal, 0 MB stacks, 0 MB globals, 12 P
gc 1163 @6.755s 4%: 0.10+0.80+0.12 ms clock, 1.2+0.74/0.95/0+1.5 ms cpu, 3->3->1 MB, 4 MB goal, 0 MB stacks, 0 MB globals, 12 P
gc 1164 @6.757s 4%: 0.13+0.41+0.066 ms clock, 1.6+0.62/0.86/0+0.79 ms cpu, 3->3->1 MB, 4 MB goal, 0 MB stacks, 0 MB globals, 12 P
gc 1165 @6.759s 4%: 0.15+0.51+0.13 ms clock, 1.8+0.71/0.85/0+1.6 ms cpu, 3->3->1 MB, 4 MB goal, 0 MB stacks, 0 MB globals, 12 P
gc 1166 @6.761s 4%: 0.12+0.92+0.089 ms clock, 1.4+0.71/0.81/0+1.0 ms cpu, 3->4->2 MB, 4 MB goal, 0 MB stacks, 0 MB globals, 12 P
gc 1167 @6.763s 4%: 0.096+0.63+0.11 ms clock, 1.1+0.91/0.78/0+1.3 ms cpu, 3->4->1 MB, 4 MB goal, 0 MB stacks, 0 MB globals, 12 P
gc 1168 @6.766s 4%: 0.11+0.65+0.094 ms clock, 1.3+0.66/0.82/0+1.1 ms cpu, 3->3->1 MB, 4 MB goal, 0 MB stacks, 0 MB globals, 12 P
gc 1169 @6.767s 4%: 0.092+0.47+0.092 ms clock, 1.1+0.68/0.86/0+1.1 ms cpu, 3->3->1 MB, 4 MB goal, 0 MB stacks, 0 MB globals, 12 P
gc 1170 @6.769s 4%: 0.084+0.95+0.031 ms clock, 1.0+0.50/0.98/0+0.38 ms cpu, 3->4->2 MB, 4 MB goal, 0 MB stacks, 0 MB globals, 12 P
gc 1171 @6.772s 4%: 0.085+0.51+0.090 ms clock, 1.0+0.69/0.90/0+1.0 ms cpu, 3->4->1 MB, 4 MB goal, 0 MB stacks, 0 MB globals, 12 P
gc 1172 @6.774s 4%: 0.10+1.0+0.050 ms clock, 1.2+0.68/0.88/0+0.60 ms cpu, 3->4->2 MB, 4 MB goal, 0 MB stacks, 0 MB globals, 12 P
gc 1173 @6.777s 4%: 0.093+0.64+0.071 ms clock, 1.1+0.70/0.85/0+0.85 ms cpu, 3->4->1 MB, 4 MB goal, 0 MB stacks, 0 MB globals, 12 P
gc 1174 @6.779s 4%: 0.11+0.87+0.10 ms clock, 1.4+0.67/0.89/0+1.2 ms cpu, 3->4->2 MB, 4 MB goal, 0 MB stacks, 0 MB globals, 12 P
gc 1175 @6.782s 4%: 0.069+0.43+0.079 ms clock, 0.83+0.76/0.80/0+0.95 ms cpu, 3->4->1 MB, 4 MB goal, 0 MB stacks, 0 MB globals, 12 P
gc 1176 @6.784s 4%: 0.11+1.0+0.085 ms clock, 1.3+0.61/0.95/0+1.0 ms cpu, 3->4->2 MB, 4 MB goal, 0 MB stacks, 0 MB globals, 12 P
gc 1177 @6.787s 4%: 0.11+0.99+0.038 ms clock, 1.3+0.52/0.85/0+0.46 ms cpu, 3->4->1 MB, 4 MB goal, 0 MB stacks, 0 MB globals, 12 P
gc 1178 @6.789s 4%: 0.11+0.90+0.083 ms clock, 1.4+0.64/0.79/0+1.0 ms cpu, 3->4->1 MB, 4 MB goal, 0 MB stacks, 0 MB globals, 12 P
gc 1179 @6.791s 4%: 0.17+0.50+0.065 ms clock, 2.1+0.80/0.89/0+0.78 ms cpu, 3->3->1 MB, 4 MB goal, 0 MB stacks, 0 MB globals, 12 P
gc 1180 @6.793s 4%: 0.12+0.55+0.062 ms clock, 1.5+0.57/0.99/0+0.74 ms cpu, 3->3->1 MB, 4 MB goal, 0 MB stacks, 0 MB globals, 12 P
gc 1181 @6.795s 4%: 0.11+0.52+0.11 ms clock, 1.3+0.74/0.82/0+1.3 ms cpu, 3->3->1 MB, 4 MB goal, 0 MB stacks, 0 MB globals, 12 P
gc 1182 @6.797s 4%: 0.10+1.0+0.068 ms clock, 1.3+0.71/1.0/0+0.82 ms cpu, 3->3->2 MB, 4 MB goal, 0 MB stacks, 0 MB globals, 12 P
gc 1183 @6.800s 4%: 0.089+1.0+0.059 ms clock, 1.0+0.83/0.90/0+0.71 ms cpu, 3->4->2 MB, 4 MB goal, 0 MB stacks, 0 MB globals, 12 P
gc 1184 @6.803s 4%: 0.13+0.56+0.072 ms clock, 1.6+0.56/0.95/0+0.87 ms cpu, 3->4->1 MB, 4 MB goal, 0 MB stacks, 0 MB globals, 12 P
gc 1185 @6.805s 4%: 0.11+1.2+0.079 ms clock, 1.4+0.69/1.0/0+0.95 ms cpu, 3->4->2 MB, 4 MB goal, 0 MB stacks, 0 MB globals, 12 P
gc 1186 @6.808s 4%: 0.093+0.55+0.089 ms clock, 1.1+0.80/0.87/0+1.0 ms cpu, 3->4->1 MB, 4 MB goal, 0 MB stacks, 0 MB globals, 12 P
gc 1187 @6.810s 4%: 0.089+0.56+0.073 ms clock, 1.0+0.95/0.83/0+0.88 ms cpu, 3->3->1 MB, 4 MB goal, 0 MB stacks, 0 MB globals, 12 P
gc 1188 @6.812s 4%: 0.096+0.80+0.12 ms clock, 1.1+0.74/0.78/0+1.4 ms cpu, 3->3->1 MB, 4 MB goal, 0 MB stacks, 0 MB globals, 12 P
gc 1189 @6.814s 4%: 0.098+0.54+0.090 ms clock, 1.1+0.70/0.85/0+1.0 ms cpu, 3->3->1 MB, 4 MB goal, 0 MB stacks, 0 MB globals, 12 P
gc 1190 @6.816s 4%: 0.086+0.62+0.015 ms clock, 1.0+0.65/0.81/0+0.19 ms cpu, 3->3->1 MB, 4 MB goal, 0 MB stacks, 0 MB globals, 12 P
gc 1191 @6.818s 4%: 0.11+0.71+0.067 ms clock, 1.3+0.69/0.82/0+0.81 ms cpu, 3->3->1 MB, 4 MB goal, 0 MB stacks, 0 MB globals, 12 P
gc 1192 @6.820s 4%: 0.10+0.65+0.079 ms clock, 1.2+0.74/0.83/0+0.94 ms cpu, 3->3->1 MB, 4 MB goal, 0 MB stacks, 0 MB globals, 12 P
gc 1193 @6.822s 4%: 0.10+0.77+0.094 ms clock, 1.2+0.76/0.84/0+1.1 ms cpu, 3->3->1 MB, 4 MB goal, 0 MB stacks, 0 MB globals, 12 P
gc 1194 @6.825s 4%: 0.085+0.58+0.077 ms clock, 1.0+0.52/0.95/0+0.93 ms cpu, 3->3->1 MB, 4 MB goal, 0 MB stacks, 0 MB globals, 12 P
gc 1195 @6.827s 4%: 0.17+0.47+0.064 ms clock, 2.1+0.63/0.78/0+0.77 ms cpu, 3->3->1 MB, 4 MB goal, 0 MB stacks, 0 MB globals, 12 P
gc 1196 @6.829s 4%: 0.078+0.49+0.070 ms clock, 0.94+0.99/0.67/0+0.84 ms cpu, 3->3->1 MB, 4 MB goal, 0 MB stacks, 0 MB globals, 12 P
gc 1197 @6.831s 4%: 0.11+0.75+0.15 ms clock, 1.4+0.76/0.92/0+1.8 ms cpu, 3->3->1 MB, 4 MB goal, 0 MB stacks, 0 MB globals, 12 P
gc 1198 @6.833s 4%: 0.055+0.65+0.065 ms clock, 0.66+0.69/0.83/0+0.78 ms cpu, 3->3->1 MB, 4 MB goal, 0 MB stacks, 0 MB globals, 12 P
gc 1199 @6.835s 4%: 0.096+0.50+0.10 ms clock, 1.1+0.75/0.88/0+1.2 ms cpu, 3->3->1 MB, 4 MB goal, 0 MB stacks, 0 MB globals, 12 P
gc 1200 @6.837s 4%: 0.098+0.67+0.095 ms clock, 1.1+0.55/0.96/0+1.1 ms cpu, 3->3->1 MB, 4 MB goal, 0 MB stacks, 0 MB globals, 12 P
gc 1201 @6.839s 4%: 0.12+0.65+0.071 ms clock, 1.5+0.64/0.94/0+0.85 ms cpu, 3->3->1 MB, 4 MB goal, 0 MB stacks, 0 MB globals, 12 P
gc 1202 @6.841s 4%: 0.094+0.75+0.13 ms clock, 1.1+0.74/0.83/0+1.5 ms cpu, 3->3->1 MB, 4 MB goal, 0 MB stacks, 0 MB globals, 12 P
gc 1203 @6.844s 4%: 0.10+0.53+0.086 ms clock, 1.2+0.86/0.85/0+1.0 ms cpu, 3->3->1 MB, 4 MB goal, 0 MB stacks, 0 MB globals, 12 P
gc 1204 @6.845s 4%: 0.10+0.71+0.14 ms clock, 1.2+0.91/0.86/0+1.7 ms cpu, 3->3->1 MB, 4 MB goal, 0 MB stacks, 0 MB globals, 12 P
gc 1205 @6.848s 4%: 0.11+1.2+0.079 ms clock, 1.3+0.75/0.85/0+0.94 ms cpu, 3->4->2 MB, 4 MB goal, 0 MB stacks, 0 MB globals, 12 P
gc 1206 @6.850s 4%: 0.099+0.82+0.10 ms clock, 1.1+0.81/0.78/0+1.2 ms cpu, 3->4->1 MB, 4 MB goal, 0 MB stacks, 0 MB globals, 12 P
gc 1207 @6.853s 4%: 0.10+0.92+0.069 ms clock, 1.2+0.74/0.94/0+0.83 ms cpu, 3->4->1 MB, 4 MB goal, 0 MB stacks, 0 MB globals, 12 P
gc 1208 @6.856s 4%: 0.11+0.87+0.097 ms clock, 1.3+0.75/0.74/0+1.1 ms cpu, 3->4->2 MB, 4 MB goal, 0 MB stacks, 0 MB globals, 12 P
gc 1209 @6.858s 4%: 0.097+0.58+0.083 ms clock, 1.1+0.68/0.84/0+1.0 ms cpu, 3->4->1 MB, 4 MB goal, 0 MB stacks, 0 MB globals, 12 P
gc 1210 @6.860s 4%: 0.16+0.56+0.13 ms clock, 1.9+0.73/0.73/0+1.6 ms cpu, 3->3->1 MB, 4 MB goal, 0 MB stacks, 0 MB globals, 12 P
gc 1211 @6.862s 4%: 0.090+0.53+0.075 ms clock, 1.0+0.63/0.96/0+0.91 ms cpu, 3->3->1 MB, 4 MB goal, 0 MB stacks, 0 MB globals, 12 P
gc 1212 @6.864s 4%: 0.11+0.53+0.10 ms clock, 1.3+0.79/0.85/0+1.2 ms cpu, 3->3->1 MB, 4 MB goal, 0 MB stacks, 0 MB globals, 12 P
gc 1213 @6.866s 4%: 0.15+0.55+0.059 ms clock, 1.8+0.56/0.94/0+0.71 ms cpu, 3->3->1 MB, 4 MB goal, 0 MB stacks, 0 MB globals, 12 P
gc 1214 @6.868s 4%: 0.11+1.0+0.073 ms clock, 1.3+0.69/0.87/0+0.88 ms cpu, 3->4->2 MB, 4 MB goal, 0 MB stacks, 0 MB globals, 12 P
gc 1215 @6.871s 4%: 0.16+0.87+0.14 ms clock, 1.9+0.68/0.75/0+1.7 ms cpu, 3->4->2 MB, 4 MB goal, 0 MB stacks, 0 MB globals, 12 P
gc 1216 @6.873s 4%: 0.11+0.55+0.15 ms clock, 1.4+0.64/1.0/0+1.8 ms cpu, 3->4->1 MB, 4 MB goal, 0 MB stacks, 0 MB globals, 12 P
gc 1217 @6.875s 4%: 0.13+0.67+0.12 ms clock, 1.5+0.84/0.82/0+1.4 ms cpu, 3->3->1 MB, 4 MB goal, 0 MB stacks, 0 MB globals, 12 P
gc 1218 @6.878s 4%: 0.095+0.81+0.10 ms clock, 1.1+0.61/0.88/0+1.3 ms cpu, 3->4->1 MB, 4 MB goal, 0 MB stacks, 0 MB globals, 12 P
gc 1219 @6.880s 4%: 0.11+1.0+0.097 ms clock, 1.3+0.76/0.89/0+1.1 ms cpu, 3->4->2 MB, 4 MB goal, 0 MB stacks, 0 MB globals, 12 P
gc 1220 @6.883s 4%: 0.11+0.49+0.061 ms clock, 1.4+0.78/0.81/0+0.74 ms cpu, 3->4->1 MB, 4 MB goal, 0 MB stacks, 0 MB globals, 12 P
gc 1221 @6.885s 4%: 0.074+0.54+0.057 ms clock, 0.89+0.71/0.91/0+0.68 ms cpu, 3->3->1 MB, 4 MB goal, 0 MB stacks, 0 MB globals, 12 P
gc 1222 @6.887s 4%: 0.071+0.79+0.12 ms clock, 0.85+0.80/0.99/0+1.4 ms cpu, 3->3->1 MB, 4 MB goal, 0 MB stacks, 0 MB globals, 12 P
gc 1223 @6.889s 4%: 0.082+1.1+0.058 ms clock, 0.99+0.63/0.93/0+0.69 ms cpu, 3->4->2 MB, 4 MB goal, 0 MB stacks, 0 MB globals, 12 P
gc 1224 @6.892s 4%: 0.068+0.88+0.084 ms clock, 0.81+0.73/0.93/0.089+1.0 ms cpu, 3->4->1 MB, 4 MB goal, 0 MB stacks, 0 MB globals, 12 P
gc 1225 @6.894s 4%: 0.10+0.61+0.12 ms clock, 1.2+0.69/0.87/0+1.5 ms cpu, 3->3->1 MB, 4 MB goal, 0 MB stacks, 0 MB globals, 12 P
gc 1226 @6.896s 4%: 0.14+0.69+0.13 ms clock, 1.7+0.69/0.88/0+1.5 ms cpu, 3->3->1 MB, 4 MB goal, 0 MB stacks, 0 MB globals, 12 P
gc 1227 @6.898s 4%: 0.16+0.80+0.046 ms clock, 1.9+0.18/0.87/0+0.55 ms cpu, 3->3->1 MB, 4 MB goal, 0 MB stacks, 0 MB globals, 12 P
gc 1228 @6.900s 4%: 0.076+0.49+0.10 ms clock, 0.91+0.84/0.82/0+1.2 ms cpu, 3->3->1 MB, 4 MB goal, 0 MB stacks, 0 MB globals, 12 P
gc 1229 @6.902s 4%: 0.12+0.81+0.059 ms clock, 1.4+0.54/0.88/0+0.70 ms cpu, 3->3->1 MB, 4 MB goal, 0 MB stacks, 0 MB globals, 12 P
gc 1230 @6.905s 4%: 0.085+0.85+0.070 ms clock, 1.0+1.0/1.2/0+0.85 ms cpu, 3->4->1 MB, 4 MB goal, 0 MB stacks, 0 MB globals, 12 P
gc 1231 @6.907s 4%: 0.10+1.0+0.088 ms clock, 1.3+0.74/0.78/0+1.0 ms cpu, 3->4->2 MB, 4 MB goal, 0 MB stacks, 0 MB globals, 12 P
gc 1232 @6.910s 4%: 0.16+1.0+0.11 ms clock, 1.9+0.63/0.81/0+1.4 ms cpu, 3->4->2 MB, 4 MB goal, 0 MB stacks, 0 MB globals, 12 P
gc 1233 @6.913s 4%: 0.079+0.71+0.093 ms clock, 0.95+0.78/0.84/0+1.1 ms cpu, 3->4->1 MB, 4 MB goal, 0 MB stacks, 0 MB globals, 12 P
gc 1234 @6.915s 4%: 0.15+0.90+0.061 ms clock, 1.8+0.83/0.74/0+0.74 ms cpu, 3->4->1 MB, 4 MB goal, 0 MB stacks, 0 MB globals, 12 P
gc 1235 @6.917s 4%: 0.092+1.1+0.068 ms clock, 1.1+0.73/0.87/0+0.82 ms cpu, 3->4->2 MB, 4 MB goal, 0 MB stacks, 0 MB globals, 12 P
gc 1236 @6.920s 4%: 0.10+0.63+0.10 ms clock, 1.2+0.84/0.77/0+1.3 ms cpu, 3->4->1 MB, 4 MB goal, 0 MB stacks, 0 MB globals, 12 P
gc 1237 @6.922s 4%: 0.12+0.53+0.044 ms clock, 1.5+0.93/0.72/0+0.53 ms cpu, 3->3->1 MB, 4 MB goal, 0 MB stacks, 0 MB globals, 12 P
gc 1238 @6.924s 4%: 0.10+1.0+0.097 ms clock, 1.2+0.68/0.84/0+1.1 ms cpu, 3->4->2 MB, 4 MB goal, 0 MB stacks, 0 MB globals, 12 P
gc 1239 @6.927s 4%: 0.085+0.75+0.11 ms clock, 1.0+0.77/0.88/0+1.3 ms cpu, 3->4->1 MB, 4 MB goal, 0 MB stacks, 0 MB globals, 12 P
gc 1240 @6.929s 4%: 0.10+0.59+0.18 ms clock, 1.3+0.69/0.91/0+2.2 ms cpu, 3->3->1 MB, 4 MB goal, 0 MB stacks, 0 MB globals, 12 P
gc 1241 @6.931s 4%: 0.10+0.51+0.10 ms clock, 1.2+0.81/0.84/0+1.2 ms cpu, 3->3->1 MB, 4 MB goal, 0 MB stacks, 0 MB globals, 12 P
gc 1242 @6.933s 4%: 0.082+0.50+0.080 ms clock, 0.98+0.81/0.77/0+0.96 ms cpu, 3->3->1 MB, 4 MB goal, 0 MB stacks, 0 MB globals, 12 P
gc 1243 @6.935s 4%: 0.10+0.50+0.11 ms clock, 1.2+0.72/0.87/0+1.3 ms cpu, 3->3->1 MB, 4 MB goal, 0 MB stacks, 0 MB globals, 12 P
gc 1244 @6.937s 4%: 0.087+0.55+0.090 ms clock, 1.0+0.81/0.72/0+1.0 ms cpu, 3->3->1 MB, 4 MB goal, 0 MB stacks, 0 MB globals, 12 P
gc 1245 @6.939s 4%: 0.11+0.60+0.12 ms clock, 1.4+0.64/0.90/0+1.4 ms cpu, 3->3->1 MB, 4 MB goal, 0 MB stacks, 0 MB globals, 12 P
gc 1246 @6.942s 4%: 0.12+0.58+0.12 ms clock, 1.5+0.69/0.78/0+1.4 ms cpu, 3->3->1 MB, 4 MB goal, 0 MB stacks, 0 MB globals, 12 P
gc 1247 @6.944s 4%: 0.10+0.57+0.072 ms clock, 1.2+0.72/0.79/0+0.87 ms cpu, 3->3->1 MB, 4 MB goal, 0 MB stacks, 0 MB globals, 12 P
gc 1248 @6.946s 4%: 0.088+1.0+0.043 ms clock, 1.0+0.61/0.86/0+0.52 ms cpu, 3->4->2 MB, 4 MB goal, 0 MB stacks, 0 MB globals, 12 P
gc 1249 @6.948s 4%: 0.13+1.0+0.072 ms clock, 1.6+0.57/1.0/0+0.87 ms cpu, 3->4->2 MB, 4 MB goal, 0 MB stacks, 0 MB globals, 12 P
gc 1250 @6.951s 4%: 0.081+0.80+0.10 ms clock, 0.97+0.75/0.82/0+1.3 ms cpu, 3->4->1 MB, 4 MB goal, 0 MB stacks, 0 MB globals, 12 P
gc 1251 @6.953s 4%: 0.10+0.78+0.12 ms clock, 1.2+0.69/0.95/0+1.4 ms cpu, 3->4->1 MB, 4 MB goal, 0 MB stacks, 0 MB globals, 12 P
gc 1252 @6.956s 4%: 0.10+0.58+0.17 ms clock, 1.2+0.69/0.91/0+2.1 ms cpu, 3->3->1 MB, 4 MB goal, 0 MB stacks, 0 MB globals, 12 P
gc 1253 @6.958s 4%: 0.090+0.75+0.062 ms clock, 1.0+0.74/0.84/0+0.75 ms cpu, 3->3->1 MB, 4 MB goal, 0 MB stacks, 0 MB globals, 12 P
gc 1254 @6.960s 4%: 0.087+0.86+0.16 ms clock, 1.0+0.81/0.84/0+1.9 ms cpu, 3->4->2 MB, 4 MB goal, 0 MB stacks, 0 MB globals, 12 P
gc 1255 @6.962s 4%: 0.11+0.75+0.089 ms clock, 1.3+0.79/0.88/0+1.0 ms cpu, 3->4->1 MB, 4 MB goal, 0 MB stacks, 0 MB globals, 12 P
gc 1256 @6.965s 4%: 0.082+0.78+0.12 ms clock, 0.99+0.76/0.77/0+1.4 ms cpu, 3->4->1 MB, 4 MB goal, 0 MB stacks, 0 MB globals, 12 P
gc 1257 @6.967s 4%: 0.11+0.50+0.14 ms clock, 1.3+0.81/0.76/0+1.7 ms cpu, 3->4->1 MB, 4 MB goal, 0 MB stacks, 0 MB globals, 12 P
gc 1258 @6.969s 4%: 0.10+1.2+0.041 ms clock, 1.2+0.64/0.87/0+0.49 ms cpu, 3->4->2 MB, 4 MB goal, 0 MB stacks, 0 MB globals, 12 P
gc 1259 @6.972s 4%: 0.081+0.47+0.12 ms clock, 0.97+0.74/0.82/0+1.5 ms cpu, 3->4->1 MB, 4 MB goal, 0 MB stacks, 0 MB globals, 12 P
gc 1260 @6.974s 4%: 0.12+1.5+0.066 ms clock, 1.4+0.67/0.90/0+0.79 ms cpu, 3->4->2 MB, 4 MB goal, 0 MB stacks, 0 MB globals, 12 P
gc 1261 @6.977s 4%: 0.10+0.57+0.10 ms clock, 1.2+0.79/0.80/0+1.2 ms cpu, 3->4->1 MB, 4 MB goal, 0 MB stacks, 0 MB globals, 12 P
gc 1262 @6.979s 4%: 0.12+0.53+0.13 ms clock, 1.5+0.72/0.82/0+1.6 ms cpu, 3->3->1 MB, 4 MB goal, 0 MB stacks, 0 MB globals, 12 P
gc 1263 @6.981s 4%: 0.18+0.87+0.094 ms clock, 2.2+0.70/0.87/0+1.1 ms cpu, 3->3->1 MB, 4 MB goal, 0 MB stacks, 0 MB globals, 12 P
gc 1264 @6.983s 4%: 0.091+0.98+0.075 ms clock, 1.1+0.82/0.77/0+0.90 ms cpu, 3->4->2 MB, 4 MB goal, 0 MB stacks, 0 MB globals, 12 P
gc 1265 @6.986s 4%: 0.12+0.79+0.14 ms clock, 1.5+0.76/0.78/0+1.7 ms cpu, 3->4->1 MB, 4 MB goal, 0 MB stacks, 0 MB globals, 12 P
gc 1266 @6.989s 4%: 0.093+0.67+0.10 ms clock, 1.1+0.61/1.0/0+1.2 ms cpu, 3->3->1 MB, 4 MB goal, 0 MB stacks, 0 MB globals, 12 P
gc 1267 @6.991s 4%: 0.10+0.44+0.073 ms clock, 1.2+0.76/0.74/0+0.88 ms cpu, 3->3->1 MB, 4 MB goal, 0 MB stacks, 0 MB globals, 12 P
gc 1268 @6.993s 4%: 0.12+0.63+0.11 ms clock, 1.4+0.64/0.92/0+1.3 ms cpu, 3->3->1 MB, 4 MB goal, 0 MB stacks, 0 MB globals, 12 P
gc 1269 @6.995s 4%: 0.11+0.64+0.12 ms clock, 1.4+0.71/0.84/0+1.4 ms cpu, 3->3->1 MB, 4 MB goal, 0 MB stacks, 0 MB globals, 12 P
gc 1270 @6.997s 4%: 0.088+0.59+0.12 ms clock, 1.0+0.66/0.85/0+1.5 ms cpu, 3->3->1 MB, 4 MB goal, 0 MB stacks, 0 MB globals, 12 P
gc 1271 @6.999s 4%: 0.093+0.45+0.087 ms clock, 1.1+0.88/0.68/0+1.0 ms cpu, 3->3->1 MB, 4 MB goal, 0 MB stacks, 0 MB globals, 12 P
gc 1272 @7.001s 4%: 0.11+0.95+0.094 ms clock, 1.3+0.74/0.82/0+1.1 ms cpu, 3->4->1 MB, 4 MB goal, 0 MB stacks, 0 MB globals, 12 P
gc 1273 @7.004s 4%: 0.089+1.0+0.091 ms clock, 1.0+0.74/0.83/0+1.0 ms cpu, 3->4->1 MB, 4 MB goal, 0 MB stacks, 0 MB globals, 12 P
gc 1274 @7.006s 4%: 0.11+1.0+0.098 ms clock, 1.3+0.80/0.77/0+1.1 ms cpu, 3->4->2 MB, 4 MB goal, 0 MB stacks, 0 MB globals, 12 P
gc 1275 @7.009s 4%: 0.081+1.4+0.096 ms clock, 0.98+0.60/0.83/0+1.1 ms cpu, 3->4->2 MB, 4 MB goal, 0 MB stacks, 0 MB globals, 12 P
gc 1276 @7.012s 4%: 0.12+0.60+0.096 ms clock, 1.5+0.78/0.81/0+1.1 ms cpu, 4->4->1 MB, 4 MB goal, 0 MB stacks, 0 MB globals, 12 P
gc 1277 @7.014s 4%: 0.13+0.45+0.081 ms clock, 1.6+0.77/0.79/0+0.97 ms cpu, 3->3->1 MB, 4 MB goal, 0 MB stacks, 0 MB globals, 12 P
gc 1278 @7.016s 4%: 0.095+0.60+0.10 ms clock, 1.1+0.72/0.81/0+1.2 ms cpu, 3->3->1 MB, 4 MB goal, 0 MB stacks, 0 MB globals, 12 P
gc 1279 @7.018s 4%: 0.097+0.88+0.11 ms clock, 1.1+0.62/1.0/0+1.3 ms cpu, 3->3->1 MB, 4 MB goal, 0 MB stacks, 0 MB globals, 12 P
gc 1280 @7.020s 4%: 0.068+0.48+0.049 ms clock, 0.82+0.54/0.91/0+0.58 ms cpu, 3->4->1 MB, 4 MB goal, 0 MB stacks, 0 MB globals, 12 P
gc 1281 @7.022s 4%: 0.11+0.90+0.20 ms clock, 1.3+0.64/0.91/0+2.4 ms cpu, 3->3->2 MB, 4 MB goal, 0 MB stacks, 0 MB globals, 12 P
gc 1282 @7.025s 4%: 0.11+0.91+0.10 ms clock, 1.3+0.76/0.87/0.004+1.2 ms cpu, 3->4->2 MB, 4 MB goal, 0 MB stacks, 0 MB globals, 12 P
gc 1283 @7.028s 4%: 0.12+0.77+0.14 ms clock, 1.4+0.72/0.98/0+1.7 ms cpu, 3->4->1 MB, 4 MB goal, 0 MB stacks, 0 MB globals, 12 P
gc 1284 @7.030s 4%: 0.099+0.44+0.13 ms clock, 1.1+0.82/0.84/0+1.6 ms cpu, 3->3->1 MB, 4 MB goal, 0 MB stacks, 0 MB globals, 12 P
gc 1285 @7.032s 4%: 0.13+0.45+0.056 ms clock, 1.5+0.73/0.79/0+0.67 ms cpu, 3->3->1 MB, 4 MB goal, 0 MB stacks, 0 MB globals, 12 P
gc 1286 @7.034s 4%: 0.095+0.53+0.10 ms clock, 1.1+0.71/0.89/0+1.2 ms cpu, 3->3->1 MB, 4 MB goal, 0 MB stacks, 0 MB globals, 12 P
gc 1287 @7.036s 4%: 0.089+0.44+0.084 ms clock, 1.0+0.91/0.69/0+1.0 ms cpu, 3->3->1 MB, 4 MB goal, 0 MB stacks, 0 MB globals, 12 P
gc 1288 @7.038s 4%: 0.091+0.50+0.065 ms clock, 1.0+0.66/0.86/0+0.78 ms cpu, 3->3->1 MB, 4 MB goal, 0 MB stacks, 0 MB globals, 12 P
gc 1289 @7.040s 4%: 0.11+0.47+0.13 ms clock, 1.3+0.74/0.80/0+1.6 ms cpu, 3->3->1 MB, 4 MB goal, 0 MB stacks, 0 MB globals, 12 P
gc 1290 @7.042s 4%: 0.11+0.51+0.10 ms clock, 1.3+0.67/0.88/0+1.2 ms cpu, 3->3->1 MB, 4 MB goal, 0 MB stacks, 0 MB globals, 12 P
gc 1291 @7.044s 4%: 0.097+0.53+0.13 ms clock, 1.1+0.64/0.86/0+1.6 ms cpu, 3->3->1 MB, 4 MB goal, 0 MB stacks, 0 MB globals, 12 P
gc 1292 @7.046s 4%: 0.071+0.89+0.075 ms clock, 0.85+0.65/0.83/0+0.90 ms cpu, 3->3->1 MB, 4 MB goal, 0 MB stacks, 0 MB globals, 12 P
gc 1293 @7.049s 4%: 0.10+0.88+0.074 ms clock, 1.3+0.83/0.85/0+0.88 ms cpu, 3->4->1 MB, 4 MB goal, 0 MB stacks, 0 MB globals, 12 P
gc 1294 @7.051s 4%: 0.084+0.79+0.065 ms clock, 1.0+0.66/0.92/0+0.78 ms cpu, 3->4->1 MB, 4 MB goal, 0 MB stacks, 0 MB globals, 12 P
gc 1295 @7.054s 4%: 0.12+0.58+0.12 ms clock, 1.5+0.74/0.82/0+1.4 ms cpu, 3->3->1 MB, 4 MB goal, 0 MB stacks, 0 MB globals, 12 P
gc 1296 @7.056s 4%: 0.083+1.2+0.066 ms clock, 1.0+0.85/0.96/0+0.79 ms cpu, 3->4->2 MB, 4 MB goal, 0 MB stacks, 0 MB globals, 12 P
gc 1297 @7.059s 4%: 0.094+0.52+0.070 ms clock, 1.1+0.72/0.94/0+0.85 ms cpu, 3->4->1 MB, 4 MB goal, 0 MB stacks, 0 MB globals, 12 P
gc 1298 @7.061s 4%: 0.10+0.59+0.064 ms clock, 1.2+0.86/0.80/0+0.76 ms cpu, 3->3->1 MB, 4 MB goal, 0 MB stacks, 0 MB globals, 12 P
gc 1299 @7.063s 4%: 0.14+1.3+0.081 ms clock, 1.7+0.82/0.94/0+0.97 ms cpu, 3->4->2 MB, 4 MB goal, 0 MB stacks, 0 MB globals, 12 P
gc 1300 @7.066s 4%: 0.11+0.79+0.095 ms clock, 1.3+0.79/0.91/0+1.1 ms cpu, 4->4->1 MB, 4 MB goal, 0 MB stacks, 0 MB globals, 12 P
gc 1301 @7.069s 4%: 0.078+0.85+0.090 ms clock, 0.94+0.77/0.79/0+1.0 ms cpu, 3->4->1 MB, 4 MB goal, 0 MB stacks, 0 MB globals, 12 P
gc 1302 @7.071s 4%: 0.094+0.59+0.11 ms clock, 1.1+0.68/0.87/0+1.3 ms cpu, 3->4->1 MB, 4 MB goal, 0 MB stacks, 0 MB globals, 12 P
gc 1303 @7.073s 4%: 0.086+1.2+0.11 ms clock, 1.0+0.73/0.88/0+1.3 ms cpu, 3->4->2 MB, 4 MB goal, 0 MB stacks, 0 MB globals, 12 P
gc 1304 @7.076s 4%: 0.12+1.0+0.091 ms clock, 1.4+0.75/0.83/0+1.0 ms cpu, 3->4->1 MB, 4 MB goal, 0 MB stacks, 0 MB globals, 12 P
gc 1305 @7.078s 4%: 0.087+1.1+0.049 ms clock, 1.0+0.58/0.87/0+0.59 ms cpu, 3->4->2 MB, 4 MB goal, 0 MB stacks, 0 MB globals, 12 P
gc 1306 @7.081s 4%: 0.11+0.52+0.046 ms clock, 1.4+0.70/0.91/0+0.55 ms cpu, 3->4->1 MB, 4 MB goal, 0 MB stacks, 0 MB globals, 12 P
gc 1307 @7.083s 4%: 0.12+0.43+0.093 ms clock, 1.4+0.74/0.77/0+1.1 ms cpu, 3->3->1 MB, 4 MB goal, 0 MB stacks, 0 MB globals, 12 P
gc 1308 @7.085s 4%: 0.097+1.0+0.036 ms clock, 1.1+1.2/0.90/0+0.44 ms cpu, 3->3->1 MB, 4 MB goal, 0 MB stacks, 0 MB globals, 12 P
gc 1309 @7.088s 4%: 0.083+0.89+0.12 ms clock, 1.0+0.60/0.81/0+1.4 ms cpu, 3->4->1 MB, 4 MB goal, 0 MB stacks, 0 MB globals, 12 P
gc 1310 @7.090s 4%: 0.14+0.57+0.072 ms clock, 1.7+0.76/0.84/0+0.86 ms cpu, 3->4->1 MB, 4 MB goal, 0 MB stacks, 0 MB globals, 12 P
gc 1311 @7.092s 4%: 0.11+0.63+0.10 ms clock, 1.3+0.76/0.93/0+1.2 ms cpu, 3->3->1 MB, 4 MB goal, 0 MB stacks, 0 MB globals, 12 P
gc 1312 @7.094s 4%: 0.096+1.0+0.066 ms clock, 1.1+0.74/0.79/0+0.79 ms cpu, 3->4->2 MB, 4 MB goal, 0 MB stacks, 0 MB globals, 12 P
gc 1313 @7.097s 4%: 0.15+0.60+0.089 ms clock, 1.8+0.71/0.82/0+1.0 ms cpu, 3->4->1 MB, 4 MB goal, 0 MB stacks, 0 MB globals, 12 P
gc 1314 @7.099s 4%: 0.10+0.61+0.11 ms clock, 1.2+0.86/0.81/0+1.4 ms cpu, 3->3->1 MB, 4 MB goal, 0 MB stacks, 0 MB globals, 12 P
gc 1315 @7.101s 4%: 0.13+0.85+0.060 ms clock, 1.5+0.81/0.86/0+0.72 ms cpu, 3->4->1 MB, 4 MB goal, 0 MB stacks, 0 MB globals, 12 P
gc 1316 @7.103s 4%: 0.13+0.82+0.097 ms clock, 1.6+0.72/0.74/0+1.1 ms cpu, 3->4->1 MB, 4 MB goal, 0 MB stacks, 0 MB globals, 12 P
gc 1317 @7.106s 4%: 0.085+0.82+0.12 ms clock, 1.0+0.68/0.89/0+1.4 ms cpu, 3->4->2 MB, 4 MB goal, 0 MB stacks, 0 MB globals, 12 P
gc 1318 @7.108s 4%: 0.095+1.8+0.084 ms clock, 1.1+0.87/0.83/0+1.0 ms cpu, 3->4->2 MB, 4 MB goal, 0 MB stacks, 0 MB globals, 12 P
gc 1319 @7.111s 4%: 0.13+0.57+0.091 ms clock, 1.6+0.86/0.80/0+1.0 ms cpu, 4->4->1 MB, 4 MB goal, 0 MB stacks, 0 MB globals, 12 P
gc 1320 @7.113s 4%: 0.11+1.1+0.061 ms clock, 1.3+0.72/0.86/0+0.73 ms cpu, 3->4->2 MB, 4 MB goal, 0 MB stacks, 0 MB globals, 12 P
gc 1321 @7.116s 4%: 0.16+1.0+0.096 ms clock, 1.9+0.85/0.81/0+1.1 ms cpu, 3->4->2 MB, 4 MB goal, 0 MB stacks, 0 MB globals, 12 P
gc 1322 @7.119s 4%: 0.10+0.90+0.028 ms clock, 1.2+0.64/0.88/0+0.34 ms cpu, 3->4->1 MB, 4 MB goal, 0 MB stacks, 0 MB globals, 12 P
gc 1323 @7.121s 4%: 0.10+0.73+0.050 ms clock, 1.2+0.70/0.84/0+0.60 ms cpu, 3->4->1 MB, 4 MB goal, 0 MB stacks, 0 MB globals, 12 P
gc 1324 @7.124s 4%: 0.089+0.94+0.13 ms clock, 1.0+0.80/0.74/0+1.6 ms cpu, 3->4->2 MB, 4 MB goal, 0 MB stacks, 0 MB globals, 12 P
gc 1325 @7.126s 4%: 0.15+0.49+0.070 ms clock, 1.8+0.69/0.91/0+0.84 ms cpu, 3->4->1 MB, 4 MB goal, 0 MB stacks, 0 MB globals, 12 P
gc 1326 @7.128s 4%: 0.14+0.93+0.094 ms clock, 1.6+0.67/0.87/0+1.1 ms cpu, 3->4->2 MB, 4 MB goal, 0 MB stacks, 0 MB globals, 12 P
gc 1327 @7.131s 4%: 0.096+1.0+0.099 ms clock, 1.1+0.69/0.91/0+1.1 ms cpu, 3->4->2 MB, 4 MB goal, 0 MB stacks, 0 MB globals, 12 P
gc 1328 @7.133s 4%: 0.10+0.55+0.074 ms clock, 1.2+0.68/0.90/0+0.89 ms cpu, 3->4->1 MB, 4 MB goal, 0 MB stacks, 0 MB globals, 12 P
gc 1329 @7.135s 4%: 0.096+0.56+0.059 ms clock, 1.1+0.67/0.93/0+0.70 ms cpu, 3->3->1 MB, 4 MB goal, 0 MB stacks, 0 MB globals, 12 P
gc 1330 @7.137s 4%: 0.093+0.60+0.076 ms clock, 1.1+0.85/0.78/0+0.91 ms cpu, 3->3->1 MB, 4 MB goal, 0 MB stacks, 0 MB globals, 12 P
gc 1331 @7.140s 4%: 0.097+0.77+0.055 ms clock, 1.1+0.73/0.96/0+0.66 ms cpu, 3->3->1 MB, 4 MB goal, 0 MB stacks, 0 MB globals, 12 P
gc 1332 @7.142s 4%: 0.10+0.92+0.12 ms clock, 1.3+0.64/0.82/0+1.5 ms cpu, 3->4->1 MB, 4 MB goal, 0 MB stacks, 0 MB globals, 12 P
gc 1333 @7.144s 4%: 0.091+0.62+0.10 ms clock, 1.0+0.58/0.95/0+1.2 ms cpu, 3->4->1 MB, 4 MB goal, 0 MB stacks, 0 MB globals, 12 P
gc 1334 @7.147s 4%: 0.13+0.53+0.10 ms clock, 1.6+0.67/0.81/0+1.2 ms cpu, 3->3->1 MB, 4 MB goal, 0 MB stacks, 0 MB globals, 12 P
gc 1335 @7.148s 4%: 0.11+1.2+0.069 ms clock, 1.3+0.67/0.96/0+0.83 ms cpu, 3->4->2 MB, 4 MB goal, 0 MB stacks, 0 MB globals, 12 P
gc 1336 @7.151s 4%: 0.15+1.0+0.13 ms clock, 1.8+1.3/0.99/0+1.5 ms cpu, 3->4->2 MB, 4 MB goal, 0 MB stacks, 0 MB globals, 12 P
gc 1337 @7.154s 4%: 0.064+0.95+0.083 ms clock, 0.77+0.69/1.0/0+0.99 ms cpu, 3->4->2 MB, 4 MB goal, 0 MB stacks, 0 MB globals, 12 P
gc 1338 @7.157s 4%: 0.12+0.52+0.10 ms clock, 1.4+0.66/0.87/0+1.2 ms cpu, 3->4->1 MB, 4 MB goal, 0 MB stacks, 0 MB globals, 12 P
gc 1339 @7.159s 4%: 0.093+1.0+0.062 ms clock, 1.1+0.73/0.99/0+0.74 ms cpu, 3->4->2 MB, 4 MB goal, 0 MB stacks, 0 MB globals, 12 P
gc 1340 @7.162s 4%: 0.097+1.2+0.10 ms clock, 1.1+0.73/0.90/0+1.3 ms cpu, 3->4->2 MB, 4 MB goal, 0 MB stacks, 0 MB globals, 12 P
gc 1341 @7.165s 4%: 0.075+0.68+0.076 ms clock, 0.90+0.59/0.99/0+0.91 ms cpu, 3->4->1 MB, 4 MB goal, 0 MB stacks, 0 MB globals, 12 P
gc 1342 @7.167s 4%: 0.10+0.54+0.072 ms clock, 1.2+0.75/0.83/0+0.87 ms cpu, 3->3->1 MB, 4 MB goal, 0 MB stacks, 0 MB globals, 12 P
gc 1343 @7.169s 4%: 0.12+0.63+0.14 ms clock, 1.5+0.71/0.93/0+1.6 ms cpu, 3->3->1 MB, 4 MB goal, 0 MB stacks, 0 MB globals, 12 P
gc 1344 @7.171s 4%: 0.15+0.98+0.073 ms clock, 1.8+0.88/0.85/0+0.88 ms cpu, 3->4->2 MB, 4 MB goal, 0 MB stacks, 0 MB globals, 12 P
gc 1345 @7.174s 4%: 0.15+1.0+0.044 ms clock, 1.8+0.69/0.90/0+0.53 ms cpu, 3->4->2 MB, 4 MB goal, 0 MB stacks, 0 MB globals, 12 P
gc 1346 @7.176s 4%: 0.10+0.83+0.084 ms clock, 1.2+0.60/0.93/0+1.0 ms cpu, 3->4->1 MB, 4 MB goal, 0 MB stacks, 0 MB globals, 12 P
gc 1347 @7.179s 4%: 0.085+0.66+0.092 ms clock, 1.0+0.54/0.98/0+1.1 ms cpu, 3->4->1 MB, 4 MB goal, 0 MB stacks, 0 MB globals, 12 P
gc 1348 @7.181s 4%: 0.092+0.90+0.089 ms clock, 1.1+0.56/0.97/0+1.0 ms cpu, 3->4->2 MB, 4 MB goal, 0 MB stacks, 0 MB globals, 12 P
gc 1349 @7.184s 4%: 0.12+0.56+0.084 ms clock, 1.5+0.70/0.90/0+1.0 ms cpu, 3->4->1 MB, 4 MB goal, 0 MB stacks, 0 MB globals, 12 P
gc 1350 @7.186s 4%: 0.15+0.60+0.11 ms clock, 1.8+0.82/0.84/0+1.4 ms cpu, 3->3->1 MB, 4 MB goal, 0 MB stacks, 0 MB globals, 12 P
gc 1351 @7.188s 4%: 0.094+0.47+0.085 ms clock, 1.1+0.71/0.77/0+1.0 ms cpu, 3->3->1 MB, 4 MB goal, 0 MB stacks, 0 MB globals, 12 P
gc 1352 @7.190s 4%: 0.10+0.80+0.093 ms clock, 1.2+0.72/0.75/0+1.1 ms cpu, 3->3->1 MB, 4 MB goal, 0 MB stacks, 0 MB globals, 12 P
gc 1353 @7.192s 4%: 0.13+0.87+0.044 ms clock, 1.5+0.59/1.0/0+0.52 ms cpu, 3->4->1 MB, 4 MB goal, 0 MB stacks, 0 MB globals, 12 P
gc 1354 @7.194s 4%: 0.11+0.72+0.086 ms clock, 1.4+0.61/0.80/0+1.0 ms cpu, 3->4->1 MB, 4 MB goal, 0 MB stacks, 0 MB globals, 12 P
gc 1355 @7.197s 4%: 0.11+0.58+0.12 ms clock, 1.3+0.72/0.82/0+1.4 ms cpu, 3->4->1 MB, 4 MB goal, 0 MB stacks, 0 MB globals, 12 P
gc 1356 @7.199s 4%: 0.11+0.62+0.071 ms clock, 1.4+0.63/0.89/0+0.86 ms cpu, 3->3->1 MB, 4 MB goal, 0 MB stacks, 0 MB globals, 12 P
gc 1357 @7.201s 4%: 0.088+1.1+0.071 ms clock, 1.0+0.72/0.88/0+0.86 ms cpu, 3->4->2 MB, 4 MB goal, 0 MB stacks, 0 MB globals, 12 P
gc 1358 @7.203s 4%: 0.11+1.1+0.062 ms clock, 1.3+0.73/0.86/0.015+0.74 ms cpu, 3->4->2 MB, 4 MB goal, 0 MB stacks, 0 MB globals, 12 P
gc 1359 @7.206s 4%: 0.092+0.68+0.13 ms clock, 1.1+0.75/0.91/0+1.5 ms cpu, 3->4->1 MB, 4 MB goal, 0 MB stacks, 0 MB globals, 12 P
gc 1360 @7.209s 4%: 0.086+1.1+0.082 ms clock, 1.0+0.76/0.94/0+0.99 ms cpu, 3->4->2 MB, 4 MB goal, 0 MB stacks, 0 MB globals, 12 P
gc 1361 @7.212s 4%: 0.16+0.53+0.058 ms clock, 1.9+0.64/0.99/0+0.70 ms cpu, 3->4->1 MB, 4 MB goal, 0 MB stacks, 0 MB globals, 12 P
gc 1362 @7.213s 4%: 0.14+1.0+0.12 ms clock, 1.7+0.68/0.83/0+1.5 ms cpu, 3->3->2 MB, 4 MB goal, 0 MB stacks, 0 MB globals, 12 P
gc 1363 @7.216s 4%: 0.10+0.73+0.16 ms clock, 1.2+0.81/0.79/0+2.0 ms cpu, 3->4->1 MB, 4 MB goal, 0 MB stacks, 0 MB globals, 12 P
gc 1364 @7.219s 4%: 0.12+1.1+0.092 ms clock, 1.5+0.80/0.85/0+1.1 ms cpu, 3->4->2 MB, 4 MB goal, 0 MB stacks, 0 MB globals, 12 P
gc 1365 @7.222s 4%: 0.17+1.0+0.059 ms clock, 2.1+0.77/0.85/0+0.71 ms cpu, 4->4->2 MB, 4 MB goal, 0 MB stacks, 0 MB globals, 12 P
gc 1366 @7.224s 4%: 0.12+0.48+0.082 ms clock, 1.4+0.72/0.88/0+0.99 ms cpu, 3->4->1 MB, 4 MB goal, 0 MB stacks, 0 MB globals, 12 P
gc 1367 @7.226s 4%: 0.088+0.70+0.11 ms clock, 1.0+0.65/0.98/0+1.3 ms cpu, 3->3->1 MB, 4 MB goal, 0 MB stacks, 0 MB globals, 12 P
gc 1368 @7.229s 4%: 0.090+0.94+0.058 ms clock, 1.0+0.62/0.88/0+0.69 ms cpu, 3->4->1 MB, 4 MB goal, 0 MB stacks, 0 MB globals, 12 P
gc 1369 @7.232s 4%: 0.10+0.49+0.075 ms clock, 1.2+0.65/0.89/0+0.90 ms cpu, 3->4->1 MB, 4 MB goal, 0 MB stacks, 0 MB globals, 12 P
gc 1370 @7.234s 4%: 0.076+0.72+0.13 ms clock, 0.91+0.74/0.88/0+1.6 ms cpu, 3->4->2 MB, 4 MB goal, 0 MB stacks, 0 MB globals, 12 P
gc 1371 @7.236s 4%: 0.11+0.66+0.12 ms clock, 1.3+0.69/1.0/0+1.4 ms cpu, 3->4->1 MB, 4 MB goal, 0 MB stacks, 0 MB globals, 12 P
gc 1372 @7.238s 4%: 0.098+1.4+0.013 ms clock, 1.1+0.81/0.77/0+0.16 ms cpu, 3->4->2 MB, 4 MB goal, 0 MB stacks, 0 MB globals, 12 P
gc 1373 @7.241s 4%: 0.11+0.49+0.050 ms clock, 1.3+0.94/0.90/0+0.60 ms cpu, 4->4->1 MB, 4 MB goal, 0 MB stacks, 0 MB globals, 12 P
gc 1374 @7.243s 4%: 0.13+1.2+0.093 ms clock, 1.6+0.71/0.94/0+1.1 ms cpu, 3->4->2 MB, 4 MB goal, 0 MB stacks, 0 MB globals, 12 P
gc 1375 @7.246s 4%: 0.10+0.65+0.089 ms clock, 1.2+0.78/0.87/0+1.0 ms cpu, 4->4->1 MB, 4 MB goal, 0 MB stacks, 0 MB globals, 12 P
gc 1376 @7.248s 4%: 0.093+0.80+0.089 ms clock, 1.1+0.86/0.86/0+1.0 ms cpu, 3->3->1 MB, 4 MB goal, 0 MB stacks, 0 MB globals, 12 P
gc 1377 @7.250s 4%: 0.12+0.57+0.062 ms clock, 1.5+0.72/0.90/0+0.75 ms cpu, 3->3->1 MB, 4 MB goal, 0 MB stacks, 0 MB globals, 12 P
gc 1378 @7.252s 4%: 0.15+1.2+0.064 ms clock, 1.8+0.71/1.0/0+0.77 ms cpu, 3->4->2 MB, 4 MB goal, 0 MB stacks, 0 MB globals, 12 P
gc 1379 @7.256s 4%: 0.10+0.44+0.073 ms clock, 1.3+0.98/0.74/0+0.88 ms cpu, 4->4->1 MB, 4 MB goal, 0 MB stacks, 0 MB globals, 12 P
gc 1380 @7.258s 4%: 0.084+0.70+0.11 ms clock, 1.0+0.66/0.90/0+1.3 ms cpu, 3->3->1 MB, 4 MB goal, 0 MB stacks, 0 MB globals, 12 P
gc 1381 @7.260s 4%: 0.10+0.56+0.063 ms clock, 1.2+0.96/0.93/0+0.75 ms cpu, 3->3->1 MB, 4 MB goal, 0 MB stacks, 0 MB globals, 12 P
gc 1382 @7.262s 4%: 0.10+0.82+0.087 ms clock, 1.2+0.65/0.90/0+1.0 ms cpu, 3->3->1 MB, 4 MB goal, 0 MB stacks, 0 MB globals, 12 P
gc 1383 @7.264s 4%: 0.11+1.1+0.091 ms clock, 1.3+0.74/0.89/0+1.0 ms cpu, 3->4->2 MB, 4 MB goal, 0 MB stacks, 0 MB globals, 12 P
gc 1384 @7.267s 4%: 0.098+0.60+0.055 ms clock, 1.1+0.62/0.96/0.005+0.66 ms cpu, 3->4->1 MB, 4 MB goal, 0 MB stacks, 0 MB globals, 12 P
gc 1385 @7.269s 4%: 0.12+1.1+0.072 ms clock, 1.5+0.71/0.80/0+0.86 ms cpu, 3->4->1 MB, 4 MB goal, 0 MB stacks, 0 MB globals, 12 P
gc 1386 @7.272s 4%: 0.075+0.64+0.098 ms clock, 0.90+0.76/0.95/0+1.1 ms cpu, 3->4->1 MB, 4 MB goal, 0 MB stacks, 0 MB globals, 12 P
gc 1387 @7.274s 4%: 0.086+0.74+0.14 ms clock, 1.0+0.78/0.80/0+1.7 ms cpu, 3->3->1 MB, 4 MB goal, 0 MB stacks, 0 MB globals, 12 P
gc 1388 @7.276s 4%: 0.11+0.63+0.10 ms clock, 1.4+0.67/0.92/0+1.2 ms cpu, 3->3->1 MB, 4 MB goal, 0 MB stacks, 0 MB globals, 12 P
gc 1389 @7.278s 4%: 0.066+0.54+0.088 ms clock, 0.79+0.84/0.86/0+1.0 ms cpu, 3->3->1 MB, 4 MB goal, 0 MB stacks, 0 MB globals, 12 P
gc 1390 @7.280s 4%: 0.14+0.63+0.13 ms clock, 1.7+0.74/0.85/0+1.6 ms cpu, 3->3->1 MB, 4 MB goal, 0 MB stacks, 0 MB globals, 12 P
gc 1391 @7.282s 4%: 0.11+0.52+0.081 ms clock, 1.3+0.75/0.81/0+0.97 ms cpu, 3->3->1 MB, 4 MB goal, 0 MB stacks, 0 MB globals, 12 P
gc 1392 @7.284s 4%: 0.10+0.46+0.084 ms clock, 1.3+0.67/0.90/0+1.0 ms cpu, 3->3->1 MB, 4 MB goal, 0 MB stacks, 0 MB globals, 12 P
gc 1393 @7.286s 4%: 0.076+0.54+0.089 ms clock, 0.92+0.79/0.79/0+1.0 ms cpu, 3->3->1 MB, 4 MB goal, 0 MB stacks, 0 MB globals, 12 P
gc 1394 @7.288s 4%: 0.096+0.96+0.041 ms clock, 1.1+0.63/0.94/0+0.49 ms cpu, 3->3->1 MB, 4 MB goal, 0 MB stacks, 0 MB globals, 12 P
gc 1395 @7.291s 4%: 0.079+1.0+0.043 ms clock, 0.95+0.79/0.88/0+0.52 ms cpu, 3->4->2 MB, 4 MB goal, 0 MB stacks, 0 MB globals, 12 P
gc 1396 @7.293s 4%: 0.089+1.0+0.087 ms clock, 1.0+0.86/1.4/0+1.0 ms cpu, 3->4->2 MB, 4 MB goal, 0 MB stacks, 0 MB globals, 12 P
gc 1397 @7.296s 4%: 0.12+0.73+0.10 ms clock, 1.4+0.77/0.85/0+1.2 ms cpu, 3->4->1 MB, 4 MB goal, 0 MB stacks, 0 MB globals, 12 P
gc 1398 @7.299s 4%: 0.11+0.59+0.071 ms clock, 1.4+0.69/0.95/0+0.85 ms cpu, 3->3->1 MB, 4 MB goal, 0 MB stacks, 0 MB globals, 12 P
gc 1399 @7.301s 4%: 0.085+0.84+0.076 ms clock, 1.0+0.67/0.85/0+0.91 ms cpu, 3->3->1 MB, 4 MB goal, 0 MB stacks, 0 MB globals, 12 P
gc 1400 @7.303s 4%: 0.077+1.0+0.086 ms clock, 0.92+0.26/0.94/0+1.0 ms cpu, 3->4->2 MB, 4 MB goal, 0 MB stacks, 0 MB globals, 12 P
gc 1401 @7.306s 4%: 0.11+0.67+0.083 ms clock, 1.3+0.68/0.89/0+1.0 ms cpu, 3->4->1 MB, 4 MB goal, 0 MB stacks, 0 MB globals, 12 P
gc 1402 @7.308s 4%: 0.12+0.86+0.052 ms clock, 1.4+0.70/1.0/0+0.63 ms cpu, 3->4->2 MB, 4 MB goal, 0 MB stacks, 0 MB globals, 12 P
gc 1403 @7.310s 4%: 0.11+0.59+0.089 ms clock, 1.3+0.75/0.97/0+1.0 ms cpu, 3->4->1 MB, 4 MB goal, 0 MB stacks, 0 MB globals, 12 P
gc 1404 @7.312s 4%: 0.091+0.97+0.18 ms clock, 1.0+0.87/0.82/0.001+2.2 ms cpu, 3->4->2 MB, 4 MB goal, 0 MB stacks, 0 MB globals, 12 P
gc 1405 @7.315s 4%: 0.095+0.49+0.092 ms clock, 1.1+0.83/0.80/0+1.1 ms cpu, 3->4->1 MB, 4 MB goal, 0 MB stacks, 0 MB globals, 12 P
gc 1406 @7.317s 4%: 0.097+0.58+0.064 ms clock, 1.1+0.69/0.88/0+0.77 ms cpu, 3->3->1 MB, 4 MB goal, 0 MB stacks, 0 MB globals, 12 P
gc 1407 @7.319s 4%: 0.11+0.80+0.067 ms clock, 1.3+0.73/0.92/0+0.81 ms cpu, 3->3->1 MB, 4 MB goal, 0 MB stacks, 0 MB globals, 12 P
gc 1408 @7.321s 4%: 0.13+0.67+0.12 ms clock, 1.5+0.78/0.88/0+1.5 ms cpu, 3->4->1 MB, 4 MB goal, 0 MB stacks, 0 MB globals, 12 P
gc 1409 @7.324s 4%: 0.13+0.48+0.073 ms clock, 1.6+0.80/0.83/0+0.87 ms cpu, 3->3->1 MB, 4 MB goal, 0 MB stacks, 0 MB globals, 12 P
gc 1410 @7.326s 4%: 0.094+0.59+0.10 ms clock, 1.1+0.72/0.88/0+1.2 ms cpu, 3->3->1 MB, 4 MB goal, 0 MB stacks, 0 MB globals, 12 P
gc 1411 @7.328s 4%: 0.091+0.68+0.084 ms clock, 1.0+0.88/0.87/0+1.0 ms cpu, 3->3->1 MB, 4 MB goal, 0 MB stacks, 0 MB globals, 12 P
gc 1412 @7.330s 4%: 0.080+0.84+0.088 ms clock, 0.96+0.83/0.75/0+1.0 ms cpu, 3->3->1 MB, 4 MB goal, 0 MB stacks, 0 MB globals, 12 P
gc 1413 @7.332s 4%: 0.080+0.66+0.12 ms clock, 0.96+0.80/0.95/0+1.4 ms cpu, 3->4->1 MB, 4 MB goal, 0 MB stacks, 0 MB globals, 12 P
gc 1414 @7.334s 4%: 0.12+0.64+0.091 ms clock, 1.5+0.76/0.97/0+1.0 ms cpu, 3->3->1 MB, 4 MB goal, 0 MB stacks, 0 MB globals, 12 P
gc 1415 @7.336s 4%: 0.070+0.94+0.044 ms clock, 0.84+0.54/0.83/0+0.52 ms cpu, 3->3->1 MB, 4 MB goal, 0 MB stacks, 0 MB globals, 12 P
gc 1416 @7.339s 4%: 0.10+0.80+0.091 ms clock, 1.3+1.2/0.84/0+1.0 ms cpu, 3->4->1 MB, 4 MB goal, 0 MB stacks, 0 MB globals, 12 P
gc 1417 @7.341s 4%: 0.11+0.59+0.12 ms clock, 1.3+0.71/0.92/0+1.4 ms cpu, 3->4->1 MB, 4 MB goal, 0 MB stacks, 0 MB globals, 12 P
gc 1418 @7.343s 4%: 0.092+1.2+0.074 ms clock, 1.1+0.84/1.1/0+0.89 ms cpu, 3->4->2 MB, 4 MB goal, 0 MB stacks, 0 MB globals, 12 P
gc 1419 @7.346s 4%: 0.10+0.63+0.067 ms clock, 1.2+0.55/1.1/0+0.80 ms cpu, 3->4->1 MB, 4 MB goal, 0 MB stacks, 0 MB globals, 12 P
gc 1420 @7.348s 4%: 0.12+0.58+0.10 ms clock, 1.4+0.74/0.84/0+1.2 ms cpu, 3->3->1 MB, 4 MB goal, 0 MB stacks, 0 MB globals, 12 P
gc 1421 @7.350s 4%: 0.15+0.80+0.054 ms clock, 1.8+0.80/0.88/0+0.64 ms cpu, 3->3->1 MB, 4 MB goal, 0 MB stacks, 0 MB globals, 12 P
gc 1422 @7.352s 4%: 0.18+0.46+0.074 ms clock, 2.1+0.74/0.80/0+0.89 ms cpu, 3->3->1 MB, 4 MB goal, 0 MB stacks, 0 MB globals, 12 P
gc 1423 @7.354s 4%: 0.14+0.48+0.12 ms clock, 1.7+0.67/0.89/0+1.4 ms cpu, 3->3->1 MB, 4 MB goal, 0 MB stacks, 0 MB globals, 12 P
gc 1424 @7.356s 4%: 0.12+0.50+0.066 ms clock, 1.5+0.76/0.83/0+0.79 ms cpu, 3->3->1 MB, 4 MB goal, 0 MB stacks, 0 MB globals, 12 P
gc 1425 @7.358s 4%: 0.097+0.61+0.070 ms clock, 1.1+0.78/0.86/0+0.84 ms cpu, 3->3->1 MB, 4 MB goal, 0 MB stacks, 0 MB globals, 12 P
gc 1426 @7.360s 4%: 0.088+0.59+0.12 ms clock, 1.0+0.71/0.90/0+1.5 ms cpu, 3->3->1 MB, 4 MB goal, 0 MB stacks, 0 MB globals, 12 P
gc 1427 @7.362s 4%: 0.10+0.77+0.055 ms clock, 1.2+0.73/0.84/0+0.66 ms cpu, 3->3->1 MB, 4 MB goal, 0 MB stacks, 0 MB globals, 12 P
gc 1428 @7.365s 4%: 0.12+0.66+0.13 ms clock, 1.4+0.75/0.91/0+1.6 ms cpu, 3->3->1 MB, 4 MB goal, 0 MB stacks, 0 MB globals, 12 P
gc 1429 @7.367s 4%: 0.11+0.47+0.081 ms clock, 1.3+0.76/0.81/0+0.97 ms cpu, 3->3->1 MB, 4 MB goal, 0 MB stacks, 0 MB globals, 12 P
gc 1430 @7.369s 4%: 0.10+1.1+0.078 ms clock, 1.2+0.088/1.0/0+0.94 ms cpu, 3->4->2 MB, 4 MB goal, 0 MB stacks, 0 MB globals, 12 P
gc 1431 @7.372s 4%: 0.12+1.5+0.064 ms clock, 1.5+0.77/0.78/0+0.77 ms cpu, 3->5->2 MB, 4 MB goal, 0 MB stacks, 0 MB globals, 12 P
gc 1432 @7.375s 4%: 0.086+0.52+0.10 ms clock, 1.0+0.69/0.91/0+1.2 ms cpu, 4->4->1 MB, 5 MB goal, 0 MB stacks, 0 MB globals, 12 P
gc 1433 @7.377s 4%: 0.10+0.91+0.073 ms clock, 1.2+0.81/0.82/0+0.88 ms cpu, 3->4->2 MB, 4 MB goal, 0 MB stacks, 0 MB globals, 12 P
gc 1434 @7.380s 4%: 0.088+0.55+0.065 ms clock, 1.0+0.82/0.74/0.12+0.78 ms cpu, 3->4->1 MB, 4 MB goal, 0 MB stacks, 0 MB globals, 12 P
gc 1435 @7.382s 4%: 0.092+0.68+0.057 ms clock, 1.1+0.74/0.94/0+0.68 ms cpu, 3->3->1 MB, 4 MB goal, 0 MB stacks, 0 MB globals, 12 P
gc 1436 @7.384s 4%: 0.13+0.43+0.084 ms clock, 1.6+1.1/0.69/0+1.0 ms cpu, 3->3->1 MB, 4 MB goal, 0 MB stacks, 0 MB globals, 12 P
gc 1437 @7.386s 4%: 0.16+0.59+0.058 ms clock, 1.9+0.75/0.97/0+0.69 ms cpu, 3->3->1 MB, 4 MB goal, 0 MB stacks, 0 MB globals, 12 P
gc 1438 @7.388s 4%: 0.11+0.54+0.091 ms clock, 1.3+0.83/0.82/0+1.1 ms cpu, 3->3->1 MB, 4 MB goal, 0 MB stacks, 0 MB globals, 12 P
gc 1439 @7.390s 4%: 0.13+0.76+0.10 ms clock, 1.5+0.80/0.81/0+1.2 ms cpu, 3->3->1 MB, 4 MB goal, 0 MB stacks, 0 MB globals, 12 P
gc 1440 @7.392s 4%: 0.11+0.68+0.12 ms clock, 1.3+0.79/0.85/0+1.4 ms cpu, 3->3->1 MB, 4 MB goal, 0 MB stacks, 0 MB globals, 12 P
gc 1441 @7.394s 4%: 0.062+0.88+0.056 ms clock, 0.74+0.71/1.0/0+0.68 ms cpu, 3->3->1 MB, 4 MB goal, 0 MB stacks, 0 MB globals, 12 P
gc 1442 @7.397s 4%: 0.10+0.95+0.13 ms clock, 1.2+0.70/0.95/0+1.6 ms cpu, 3->4->2 MB, 4 MB goal, 0 MB stacks, 0 MB globals, 12 P
gc 1443 @7.399s 4%: 0.086+0.72+0.086 ms clock, 1.0+0.81/0.87/0+1.0 ms cpu, 3->4->1 MB, 4 MB goal, 0 MB stacks, 0 MB globals, 12 P
gc 1444 @7.402s 4%: 0.12+0.78+0.041 ms clock, 1.4+0.63/0.81/0+0.49 ms cpu, 3->4->1 MB, 4 MB goal, 0 MB stacks, 0 MB globals, 12 P
gc 1445 @7.404s 4%: 0.094+0.61+0.066 ms clock, 1.1+0.67/0.90/0+0.80 ms cpu, 3->4->1 MB, 4 MB goal, 0 MB stacks, 0 MB globals, 12 P
gc 1446 @7.406s 4%: 0.10+0.64+0.091 ms clock, 1.2+0.75/0.95/0+1.1 ms cpu, 3->3->1 MB, 4 MB goal, 0 MB stacks, 0 MB globals, 12 P
gc 1447 @7.408s 4%: 0.078+0.64+0.15 ms clock, 0.94+0.87/0.87/0+1.8 ms cpu, 3->3->1 MB, 4 MB goal, 0 MB stacks, 0 MB globals, 12 P
gc 1448 @7.410s 4%: 0.12+0.43+0.13 ms clock, 1.4+0.70/0.88/0+1.6 ms cpu, 3->3->1 MB, 4 MB goal, 0 MB stacks, 0 MB globals, 12 P
gc 1449 @7.412s 4%: 0.11+0.62+0.094 ms clock, 1.3+0.73/0.91/0+1.1 ms cpu, 3->3->1 MB, 4 MB goal, 0 MB stacks, 0 MB globals, 12 P
gc 1450 @7.415s 4%: 0.081+0.47+0.11 ms clock, 0.97+0.79/0.82/0+1.3 ms cpu, 3->3->1 MB, 4 MB goal, 0 MB stacks, 0 MB globals, 12 P
gc 1451 @7.416s 4%: 0.090+0.56+0.073 ms clock, 1.0+0.80/0.84/0+0.87 ms cpu, 3->3->1 MB, 4 MB goal, 0 MB stacks, 0 MB globals, 12 P
gc 1452 @7.418s 4%: 0.10+0.50+0.064 ms clock, 1.2+0.71/0.89/0+0.76 ms cpu, 3->3->1 MB, 4 MB goal, 0 MB stacks, 0 MB globals, 12 P
gc 1453 @7.420s 4%: 0.13+0.97+0.088 ms clock, 1.6+0.68/0.99/0+1.0 ms cpu, 3->3->2 MB, 4 MB goal, 0 MB stacks, 0 MB globals, 12 P
gc 1454 @7.423s 4%: 0.10+0.85+0.082 ms clock, 1.2+0.69/0.87/0+0.98 ms cpu, 3->4->1 MB, 4 MB goal, 0 MB stacks, 0 MB globals, 12 P
gc 1455 @7.425s 4%: 0.11+0.61+0.091 ms clock, 1.3+0.76/0.86/0+1.0 ms cpu, 3->4->1 MB, 4 MB goal, 0 MB stacks, 0 MB globals, 12 P
gc 1456 @7.427s 4%: 0.098+0.79+0.043 ms clock, 1.1+0.81/0.86/0+0.51 ms cpu, 3->3->1 MB, 4 MB goal, 0 MB stacks, 0 MB globals, 12 P
gc 1457 @7.430s 4%: 0.096+0.81+0.10 ms clock, 1.1+0.82/0.80/0+1.2 ms cpu, 3->4->1 MB, 4 MB goal, 0 MB stacks, 0 MB globals, 12 P
gc 1458 @7.432s 4%: 0.091+0.63+0.10 ms clock, 1.1+0.72/0.94/0+1.3 ms cpu, 3->4->1 MB, 4 MB goal, 0 MB stacks, 0 MB globals, 12 P
gc 1459 @7.434s 4%: 0.092+0.47+0.079 ms clock, 1.1+0.89/0.82/0+0.95 ms cpu, 3->3->1 MB, 4 MB goal, 0 MB stacks, 0 MB globals, 12 P
gc 1460 @7.436s 4%: 0.098+1.3+0.075 ms clock, 1.1+0.64/0.89/0+0.91 ms cpu, 3->4->2 MB, 4 MB goal, 0 MB stacks, 0 MB globals, 12 P
gc 1461 @7.440s 4%: 0.11+0.52+0.059 ms clock, 1.3+0.80/0.88/0+0.71 ms cpu, 4->4->1 MB, 5 MB goal, 0 MB stacks, 0 MB globals, 12 P
gc 1462 @7.442s 4%: 0.20+0.99+0.067 ms clock, 2.4+0.68/0.92/0+0.81 ms cpu, 3->4->2 MB, 4 MB goal, 0 MB stacks, 0 MB globals, 12 P
gc 1463 @7.444s 4%: 0.087+1.1+0.038 ms clock, 1.0+0.75/0.93/0+0.45 ms cpu, 3->4->2 MB, 4 MB goal, 0 MB stacks, 0 MB globals, 12 P
gc 1464 @7.447s 4%: 0.11+0.73+0.11 ms clock, 1.3+0.66/0.83/0+1.3 ms cpu, 3->4->1 MB, 4 MB goal, 0 MB stacks, 0 MB globals, 12 P
gc 1465 @7.449s 4%: 0.12+0.43+0.047 ms clock, 1.4+0.74/0.78/0+0.56 ms cpu, 3->3->1 MB, 4 MB goal, 0 MB stacks, 0 MB globals, 12 P
gc 1466 @7.451s 4%: 0.13+0.49+0.13 ms clock, 1.5+0.70/0.82/0+1.6 ms cpu, 3->3->1 MB, 4 MB goal, 0 MB stacks, 0 MB globals, 12 P
gc 1467 @7.453s 4%: 0.12+0.43+0.17 ms clock, 1.4+0.72/0.80/0+2.0 ms cpu, 3->3->1 MB, 4 MB goal, 0 MB stacks, 0 MB globals, 12 P
gc 1468 @7.455s 4%: 0.076+0.55+0.14 ms clock, 0.91+0.73/0.83/0+1.6 ms cpu, 3->3->1 MB, 4 MB goal, 0 MB stacks, 0 MB globals, 12 P
gc 1469 @7.458s 4%: 0.089+1.0+0.064 ms clock, 1.0+0.70/0.87/0+0.77 ms cpu, 3->4->2 MB, 4 MB goal, 0 MB stacks, 0 MB globals, 12 P
gc 1470 @7.460s 4%: 0.096+0.64+0.083 ms clock, 1.1+0.79/0.85/0+0.99 ms cpu, 3->4->1 MB, 4 MB goal, 0 MB stacks, 0 MB globals, 12 P
gc 1471 @7.462s 4%: 0.086+0.71+0.085 ms clock, 1.0+0.92/0.80/0+1.0 ms cpu, 3->3->1 MB, 4 MB goal, 0 MB stacks, 0 MB globals, 12 P
gc 1472 @7.465s 4%: 0.089+0.60+0.077 ms clock, 1.0+0.56/0.99/0+0.93 ms cpu, 3->3->1 MB, 4 MB goal, 0 MB stacks, 0 MB globals, 12 P
gc 1473 @7.467s 4%: 0.15+1.2+0.063 ms clock, 1.8+0.67/0.89/0+0.76 ms cpu, 3->4->2 MB, 4 MB goal, 0 MB stacks, 0 MB globals, 12 P
gc 1474 @7.470s 4%: 0.10+0.49+0.089 ms clock, 1.2+0.71/0.89/0+1.0 ms cpu, 3->4->1 MB, 4 MB goal, 0 MB stacks, 0 MB globals, 12 P
gc 1475 @7.472s 4%: 0.090+0.60+0.090 ms clock, 1.0+0.77/0.99/0+1.0 ms cpu, 3->3->1 MB, 4 MB goal, 0 MB stacks, 0 MB globals, 12 P
gc 1476 @7.474s 4%: 0.095+0.79+0.080 ms clock, 1.1+0.66/0.86/0+0.96 ms cpu, 3->4->1 MB, 4 MB goal, 0 MB stacks, 0 MB globals, 12 P
gc 1477 @7.476s 4%: 0.10+0.92+0.045 ms clock, 1.3+0.67/0.86/0+0.54 ms cpu, 3->4->1 MB, 4 MB goal, 0 MB stacks, 0 MB globals, 12 P
gc 1478 @7.479s 4%: 0.14+0.60+0.082 ms clock, 1.7+0.65/0.94/0+0.99 ms cpu, 3->4->1 MB, 4 MB goal, 0 MB stacks, 0 MB globals, 12 P
gc 1479 @7.481s 4%: 0.067+1.2+0.045 ms clock, 0.80+0.68/1.2/0+0.54 ms cpu, 3->4->2 MB, 4 MB goal, 0 MB stacks, 0 MB globals, 12 P
gc 1480 @7.483s 4%: 0.16+0.58+0.093 ms clock, 1.9+0.72/0.81/0+1.1 ms cpu, 3->4->1 MB, 4 MB goal, 0 MB stacks, 0 MB globals, 12 P
gc 1481 @7.485s 4%: 0.085+0.60+0.078 ms clock, 1.0+0.73/0.99/0+0.94 ms cpu, 3->3->1 MB, 4 MB goal, 0 MB stacks, 0 MB globals, 12 P
gc 1482 @7.487s 4%: 0.089+0.96+0.082 ms clock, 1.0+0.76/0.81/0+0.99 ms cpu, 3->4->1 MB, 4 MB goal, 0 MB stacks, 0 MB globals, 12 P
gc 1483 @7.490s 4%: 0.063+0.59+0.086 ms clock, 0.76+0.67/0.99/0+1.0 ms cpu, 3->4->1 MB, 4 MB goal, 0 MB stacks, 0 MB globals, 12 P
gc 1484 @7.492s 4%: 0.13+0.58+0.067 ms clock, 1.6+0.73/0.87/0+0.81 ms cpu, 3->3->1 MB, 4 MB goal, 0 MB stacks, 0 MB globals, 12 P
gc 1485 @7.494s 4%: 0.11+1.0+0.074 ms clock, 1.3+0.94/1.4/0+0.89 ms cpu, 3->4->2 MB, 4 MB goal, 0 MB stacks, 0 MB globals, 12 P
gc 1486 @7.497s 4%: 0.092+1.2+0.078 ms clock, 1.1+0.57/0.94/0+0.93 ms cpu, 3->4->2 MB, 4 MB goal, 0 MB stacks, 0 MB globals, 12 P
gc 1487 @7.500s 4%: 0.11+1.3+0.063 ms clock, 1.3+0.77/0.84/0+0.76 ms cpu, 3->4->2 MB, 4 MB goal, 0 MB stacks, 0 MB globals, 12 P
gc 1488 @7.503s 4%: 0.093+0.86+0.11 ms clock, 1.1+0.72/0.92/0+1.3 ms cpu, 4->5->1 MB, 5 MB goal, 0 MB stacks, 0 MB globals, 12 P
gc 1489 @7.505s 4%: 0.14+0.46+0.079 ms clock, 1.7+0.81/0.77/0+0.95 ms cpu, 3->3->1 MB, 4 MB goal, 0 MB stacks, 0 MB globals, 12 P
gc 1490 @7.507s 4%: 0.096+0.74+0.060 ms clock, 1.1+0.49/0.92/0.006+0.73 ms cpu, 3->3->1 MB, 4 MB goal, 0 MB stacks, 0 MB globals, 12 P
gc 1491 @7.510s 4%: 0.10+0.43+0.070 ms clock, 1.3+0.95/0.66/0+0.84 ms cpu, 3->3->1 MB, 4 MB goal, 0 MB stacks, 0 MB globals, 12 P
gc 1492 @7.512s 4%: 0.098+1.2+0.081 ms clock, 1.1+0.75/0.80/0+0.97 ms cpu, 3->4->2 MB, 4 MB goal, 0 MB stacks, 0 MB globals, 12 P
gc 1493 @7.514s 4%: 0.58+0.61+0.10 ms clock, 6.9+1.0/0.78/0.10+1.2 ms cpu, 3->4->1 MB, 4 MB goal, 0 MB stacks, 0 MB globals, 12 P
gc 1494 @7.517s 4%: 0.10+0.57+0.072 ms clock, 1.2+0.61/1.0/0+0.86 ms cpu, 3->4->1 MB, 4 MB goal, 0 MB stacks, 0 MB globals, 12 P
gc 1495 @7.519s 4%: 0.15+0.88+0.094 ms clock, 1.8+0.76/0.93/0+1.1 ms cpu, 3->4->2 MB, 4 MB goal, 0 MB stacks, 0 MB globals, 12 P
gc 1496 @7.521s 4%: 0.086+0.92+0.12 ms clock, 1.0+0.72/1.3/0+1.4 ms cpu, 3->4->2 MB, 4 MB goal, 0 MB stacks, 0 MB globals, 12 P
gc 1497 @7.524s 4%: 0.085+1.1+0.013 ms clock, 1.0+0.59/0.92/0+0.15 ms cpu, 3->4->2 MB, 4 MB goal, 0 MB stacks, 0 MB globals, 12 P
gc 1498 @7.527s 4%: 0.093+0.52+0.10 ms clock, 1.1+0.77/0.84/0+1.2 ms cpu, 3->4->1 MB, 4 MB goal, 0 MB stacks, 0 MB globals, 12 P
gc 1499 @7.529s 4%: 0.094+0.55+0.054 ms clock, 1.1+0.75/0.81/0+0.65 ms cpu, 3->3->1 MB, 4 MB goal, 0 MB stacks, 0 MB globals, 12 P
gc 1500 @7.531s 4%: 0.12+0.87+0.056 ms clock, 1.4+0.85/0.90/0+0.67 ms cpu, 3->3->1 MB, 4 MB goal, 0 MB stacks, 0 MB globals, 12 P
gc 1501 @7.533s 4%: 0.11+1.1+0.028 ms clock, 1.4+0.62/0.87/0+0.34 ms cpu, 3->4->2 MB, 4 MB goal, 0 MB stacks, 0 MB globals, 12 P
gc 1502 @7.536s 4%: 0.11+0.77+0.056 ms clock, 1.3+0.86/0.98/0+0.67 ms cpu, 3->4->1 MB, 4 MB goal, 0 MB stacks, 0 MB globals, 12 P
gc 1503 @7.538s 4%: 0.092+0.53+0.042 ms clock, 1.1+0.74/0.87/0+0.51 ms cpu, 3->3->1 MB, 4 MB goal, 0 MB stacks, 0 MB globals, 12 P
gc 1504 @7.540s 4%: 0.11+0.46+0.11 ms clock, 1.3+0.63/0.80/0+1.3 ms cpu, 3->3->1 MB, 4 MB goal, 0 MB stacks, 0 MB globals, 12 P
gc 1505 @7.542s 4%: 0.084+0.48+0.11 ms clock, 1.0+0.53/0.85/0+1.3 ms cpu, 3->3->1 MB, 4 MB goal, 0 MB stacks, 0 MB globals, 12 P
gc 1506 @7.544s 4%: 0.13+0.53+0.082 ms clock, 1.6+0.84/0.80/0+0.98 ms cpu, 3->3->1 MB, 4 MB goal, 0 MB stacks, 0 MB globals, 12 P
gc 1507 @7.546s 4%: 0.11+0.59+0.096 ms clock, 1.4+0.76/0.95/0+1.1 ms cpu, 3->3->1 MB, 4 MB goal, 0 MB stacks, 0 MB globals, 12 P
gc 1508 @7.548s 4%: 0.11+0.67+0.082 ms clock, 1.3+0.61/0.93/0+0.99 ms cpu, 3->3->1 MB, 4 MB goal, 0 MB stacks, 0 MB globals, 12 P
gc 1509 @7.550s 4%: 0.097+0.75+0.12 ms clock, 1.1+0.63/0.99/0+1.4 ms cpu, 3->3->1 MB, 4 MB goal, 0 MB stacks, 0 MB globals, 12 P
gc 1510 @7.552s 4%: 0.081+0.56+0.10 ms clock, 0.98+0.80/0.92/0+1.2 ms cpu, 3->3->1 MB, 4 MB goal, 0 MB stacks, 0 MB globals, 12 P
gc 1511 @7.554s 4%: 0.13+0.52+0.10 ms clock, 1.5+0.74/0.84/0+1.3 ms cpu, 3->3->1 MB, 4 MB goal, 0 MB stacks, 0 MB globals, 12 P
gc 1512 @7.556s 4%: 0.084+1.1+0.028 ms clock, 1.0+0.81/0.86/0+0.33 ms cpu, 3->4->2 MB, 4 MB goal, 0 MB stacks, 0 MB globals, 12 P
gc 1513 @7.559s 4%: 0.14+0.37+0.083 ms clock, 1.7+0.72/0.80/0+1.0 ms cpu, 3->4->1 MB, 4 MB goal, 0 MB stacks, 0 MB globals, 12 P
gc 1514 @7.561s 4%: 0.10+0.72+0.079 ms clock, 1.3+0.76/0.77/0+0.95 ms cpu, 3->3->1 MB, 4 MB goal, 0 MB stacks, 0 MB globals, 12 P
gc 1515 @7.563s 4%: 0.067+1.4+0.098 ms clock, 0.81+0.94/0.98/0+1.1 ms cpu, 3->4->2 MB, 4 MB goal, 0 MB stacks, 0 MB globals, 12 P
gc 1516 @7.566s 4%: 0.17+1.1+0.068 ms clock, 2.0+0.80/0.77/0+0.81 ms cpu, 4->5->2 MB, 5 MB goal, 0 MB stacks, 0 MB globals, 12 P
gc 1517 @7.569s 4%: 0.090+0.50+0.086 ms clock, 1.0+0.66/0.92/0+1.0 ms cpu, 3->4->1 MB, 4 MB goal, 0 MB stacks, 0 MB globals, 12 P
gc 1518 @7.571s 4%: 0.10+0.97+0.095 ms clock, 1.2+0.79/0.82/0+1.1 ms cpu, 3->4->2 MB, 4 MB goal, 0 MB stacks, 0 MB globals, 12 P
gc 1519 @7.574s 4%: 0.13+0.75+0.12 ms clock, 1.5+0.79/0.84/0+1.4 ms cpu, 3->4->1 MB, 4 MB goal, 0 MB stacks, 0 MB globals, 12 P
gc 1520 @7.576s 4%: 0.098+0.49+0.090 ms clock, 1.1+0.72/0.83/0+1.0 ms cpu, 3->3->1 MB, 4 MB goal, 0 MB stacks, 0 MB globals, 12 P
gc 1521 @7.578s 4%: 0.12+0.80+0.11 ms clock, 1.4+0.65/0.94/0.009+1.4 ms cpu, 3->4->1 MB, 4 MB goal, 0 MB stacks, 0 MB globals, 12 P
gc 1522 @7.581s 4%: 0.13+0.57+0.14 ms clock, 1.5+0.71/0.89/0+1.7 ms cpu, 3->4->1 MB, 4 MB goal, 0 MB stacks, 0 MB globals, 12 P
gc 1523 @7.583s 4%: 0.10+0.59+0.10 ms clock, 1.2+0.70/0.85/0+1.2 ms cpu, 3->3->1 MB, 4 MB goal, 0 MB stacks, 0 MB globals, 12 P
gc 1524 @7.585s 4%: 0.080+0.88+0.072 ms clock, 0.96+0.57/0.79/0.009+0.87 ms cpu, 3->4->1 MB, 4 MB goal, 0 MB stacks, 0 MB globals, 12 P
gc 1525 @7.587s 4%: 0.083+0.77+0.086 ms clock, 0.99+0.73/0.83/0+1.0 ms cpu, 3->4->1 MB, 4 MB goal, 0 MB stacks, 0 MB globals, 12 P
gc 1526 @7.590s 4%: 0.10+0.93+0.057 ms clock, 1.2+0.77/0.78/0+0.68 ms cpu, 3->4->1 MB, 4 MB goal, 0 MB stacks, 0 MB globals, 12 P
gc 1527 @7.592s 4%: 0.083+0.78+0.040 ms clock, 1.0+0.62/0.86/0+0.48 ms cpu, 3->4->1 MB, 4 MB goal, 0 MB stacks, 0 MB globals, 12 P
gc 1528 @7.594s 4%: 0.099+0.58+0.096 ms clock, 1.1+0.87/0.86/0+1.1 ms cpu, 3->3->1 MB, 4 MB goal, 0 MB stacks, 0 MB globals, 12 P
gc 1529 @7.596s 4%: 0.079+1.0+0.014 ms clock, 0.95+0.68/0.90/0+0.17 ms cpu, 3->3->1 MB, 4 MB goal, 0 MB stacks, 0 MB globals, 12 P
gc 1530 @7.599s 4%: 0.10+0.94+0.093 ms clock, 1.2+0.80/0.82/0+1.1 ms cpu, 3->4->2 MB, 4 MB goal, 0 MB stacks, 0 MB globals, 12 P
gc 1531 @7.602s 4%: 0.14+0.55+0.089 ms clock, 1.7+0.65/0.92/0+1.0 ms cpu, 3->4->1 MB, 4 MB goal, 0 MB stacks, 0 MB globals, 12 P
gc 1532 @7.604s 4%: 0.068+0.49+0.14 ms clock, 0.81+0.82/0.93/0+1.6 ms cpu, 3->3->1 MB, 4 MB goal, 0 MB stacks, 0 MB globals, 12 P
gc 1533 @7.605s 4%: 0.096+0.58+0.13 ms clock, 1.1+0.93/0.77/0+1.6 ms cpu, 3->3->1 MB, 4 MB goal, 0 MB stacks, 0 MB globals, 12 P
gc 1534 @7.607s 4%: 0.089+0.45+0.13 ms clock, 1.0+0.94/0.75/0+1.6 ms cpu, 3->3->1 MB, 4 MB goal, 0 MB stacks, 0 MB globals, 12 P
gc 1535 @7.609s 4%: 0.096+0.53+0.085 ms clock, 1.1+0.82/0.86/0+1.0 ms cpu, 3->3->1 MB, 4 MB goal, 0 MB stacks, 0 MB globals, 12 P
gc 1536 @7.611s 4%: 0.11+0.93+0.099 ms clock, 1.4+0.66/0.87/0+1.1 ms cpu, 3->3->1 MB, 4 MB goal, 0 MB stacks, 0 MB globals, 12 P
gc 1537 @7.614s 4%: 0.13+0.57+0.10 ms clock, 1.5+0.68/0.90/0+1.2 ms cpu, 3->4->1 MB, 4 MB goal, 0 MB stacks, 0 MB globals, 12 P
gc 1538 @7.616s 4%: 0.095+0.50+0.073 ms clock, 1.1+0.84/0.76/0+0.88 ms cpu, 3->3->1 MB, 4 MB goal, 0 MB stacks, 0 MB globals, 12 P
gc 1539 @7.618s 4%: 0.11+0.62+0.054 ms clock, 1.3+0.67/0.90/0+0.65 ms cpu, 3->3->1 MB, 4 MB goal, 0 MB stacks, 0 MB globals, 12 P
gc 1540 @7.620s 4%: 0.10+0.88+0.086 ms clock, 1.2+0.75/0.85/0+1.0 ms cpu, 3->4->2 MB, 4 MB goal, 0 MB stacks, 0 MB globals, 12 P
gc 1541 @7.623s 4%: 0.10+1.0+0.038 ms clock, 1.3+0.83/0.89/0+0.46 ms cpu, 3->4->1 MB, 4 MB goal, 0 MB stacks, 0 MB globals, 12 P
gc 1542 @7.625s 4%: 0.095+0.55+0.090 ms clock, 1.1+0.74/0.86/0+1.0 ms cpu, 3->4->1 MB, 4 MB goal, 0 MB stacks, 0 MB globals, 12 P
gc 1543 @7.627s 4%: 0.079+0.63+0.12 ms clock, 0.95+0.69/0.99/0+1.4 ms cpu, 3->3->1 MB, 4 MB goal, 0 MB stacks, 0 MB globals, 12 P
gc 1544 @7.629s 4%: 0.10+0.63+0.084 ms clock, 1.2+0.72/0.95/0+1.0 ms cpu, 3->3->1 MB, 4 MB goal, 0 MB stacks, 0 MB globals, 12 P
gc 1545 @7.631s 4%: 0.084+0.93+0.10 ms clock, 1.0+0.61/0.95/0+1.2 ms cpu, 3->4->2 MB, 4 MB goal, 0 MB stacks, 0 MB globals, 12 P
gc 1546 @7.634s 4%: 0.12+0.81+0.091 ms clock, 1.4+0.80/0.80/0+1.0 ms cpu, 3->4->2 MB, 4 MB goal, 0 MB stacks, 0 MB globals, 12 P
gc 1547 @7.637s 4%: 0.10+0.47+0.11 ms clock, 1.2+0.69/0.84/0+1.4 ms cpu, 3->4->1 MB, 4 MB goal, 0 MB stacks, 0 MB globals, 12 P
gc 1548 @7.639s 4%: 0.19+0.57+0.083 ms clock, 2.3+0.71/0.96/0+1.0 ms cpu, 3->3->1 MB, 4 MB goal, 0 MB stacks, 0 MB globals, 12 P
gc 1549 @7.641s 4%: 0.091+0.52+0.084 ms clock, 1.0+0.69/0.90/0+1.0 ms cpu, 3->3->1 MB, 4 MB goal, 0 MB stacks, 0 MB globals, 12 P
gc 1550 @7.643s 4%: 0.094+0.64+0.076 ms clock, 1.1+0.77/0.78/0+0.91 ms cpu, 3->3->1 MB, 4 MB goal, 0 MB stacks, 0 MB globals, 12 P
gc 1551 @7.645s 4%: 0.12+0.50+0.060 ms clock, 1.4+0.76/0.89/0+0.72 ms cpu, 3->3->1 MB, 4 MB goal, 0 MB stacks, 0 MB globals, 12 P
gc 1552 @7.647s 4%: 0.11+0.61+0.048 ms clock, 1.4+0.57/0.96/0+0.58 ms cpu, 3->3->1 MB, 4 MB goal, 0 MB stacks, 0 MB globals, 12 P
gc 1553 @7.649s 4%: 0.096+0.54+0.063 ms clock, 1.1+0.72/0.89/0+0.75 ms cpu, 3->3->1 MB, 4 MB goal, 0 MB stacks, 0 MB globals, 12 P
gc 1554 @7.651s 4%: 0.19+0.46+0.073 ms clock, 2.3+0.64/0.84/0+0.88 ms cpu, 3->3->1 MB, 4 MB goal, 0 MB stacks, 0 MB globals, 12 P
gc 1555 @7.653s 4%: 0.057+0.92+0.060 ms clock, 0.69+0.66/0.84/0+0.72 ms cpu, 3->3->1 MB, 4 MB goal, 0 MB stacks, 0 MB globals, 12 P
gc 1556 @7.655s 4%: 0.12+0.80+0.11 ms clock, 1.5+0.72/0.86/0+1.3 ms cpu, 3->4->1 MB, 4 MB goal, 0 MB stacks, 0 MB globals, 12 P
gc 1557 @7.658s 4%: 0.057+0.88+0.11 ms clock, 0.68+0.72/0.85/0+1.3 ms cpu, 3->4->2 MB, 4 MB goal, 0 MB stacks, 0 MB globals, 12 P
gc 1558 @7.660s 4%: 0.16+1.1+0.069 ms clock, 2.0+0.70/0.89/0+0.83 ms cpu, 3->4->2 MB, 4 MB goal, 0 MB stacks, 0 MB globals, 12 P
gc 1559 @7.663s 4%: 0.16+0.55+0.12 ms clock, 1.9+0.78/0.87/0+1.5 ms cpu, 4->4->1 MB, 4 MB goal, 0 MB stacks, 0 MB globals, 12 P
gc 1560 @7.665s 4%: 0.10+0.72+0.094 ms clock, 1.3+0.79/0.92/0+1.1 ms cpu, 3->3->1 MB, 4 MB goal, 0 MB stacks, 0 MB globals, 12 P
gc 1561 @7.668s 4%: 0.11+0.61+0.13 ms clock, 1.3+0.59/0.89/0+1.6 ms cpu, 3->3->1 MB, 4 MB goal, 0 MB stacks, 0 MB globals, 12 P
gc 1562 @7.670s 4%: 0.091+0.50+0.074 ms clock, 1.0+0.68/0.82/0+0.89 ms cpu, 3->3->1 MB, 4 MB goal, 0 MB stacks, 0 MB globals, 12 P
gc 1563 @7.672s 4%: 0.094+0.58+0.047 ms clock, 1.1+0.62/0.94/0+0.56 ms cpu, 3->3->1 MB, 4 MB goal, 0 MB stacks, 0 MB globals, 12 P
gc 1564 @7.674s 4%: 0.10+0.83+0.035 ms clock, 1.2+0.64/0.95/0+0.42 ms cpu, 3->4->1 MB, 4 MB goal, 0 MB stacks, 0 MB globals, 12 P
gc 1565 @7.676s 4%: 0.098+0.73+0.10 ms clock, 1.1+0.63/0.88/0+1.2 ms cpu, 3->4->1 MB, 4 MB goal, 0 MB stacks, 0 MB globals, 12 P
gc 1566 @7.679s 4%: 0.099+1.0+0.061 ms clock, 1.1+0.77/0.88/0+0.73 ms cpu, 3->4->2 MB, 4 MB goal, 0 MB stacks, 0 MB globals, 12 P
gc 1567 @7.682s 4%: 0.10+0.94+0.024 ms clock, 1.2+0.81/0.81/0+0.29 ms cpu, 4->4->2 MB, 4 MB goal, 0 MB stacks, 0 MB globals, 12 P
gc 1568 @7.684s 4%: 0.13+0.49+0.089 ms clock, 1.6+0.73/0.90/0+1.0 ms cpu, 3->4->1 MB, 4 MB goal, 0 MB stacks, 0 MB globals, 12 P
gc 1569 @7.686s 4%: 0.11+0.65+0.12 ms clock, 1.3+0.83/0.85/0+1.4 ms cpu, 3->3->1 MB, 4 MB goal, 0 MB stacks, 0 MB globals, 12 P
gc 1570 @7.688s 4%: 0.079+0.67+0.078 ms clock, 0.95+0.78/0.96/0+0.93 ms cpu, 3->3->1 MB, 4 MB goal, 0 MB stacks, 0 MB globals, 12 P
gc 1571 @7.690s 4%: 0.070+0.64+0.11 ms clock, 0.84+0.73/0.93/0+1.4 ms cpu, 3->3->1 MB, 4 MB goal, 0 MB stacks, 0 MB globals, 12 P
gc 1572 @7.692s 4%: 0.10+0.65+0.078 ms clock, 1.2+0.75/0.96/0+0.94 ms cpu, 3->3->1 MB, 4 MB goal, 0 MB stacks, 0 MB globals, 12 P
gc 1573 @7.694s 4%: 0.13+0.98+0.10 ms clock, 1.6+0.85/0.88/0+1.2 ms cpu, 3->4->2 MB, 4 MB goal, 0 MB stacks, 0 MB globals, 12 P
gc 1574 @7.697s 4%: 0.10+0.49+0.073 ms clock, 1.2+0.75/0.89/0+0.87 ms cpu, 3->4->1 MB, 4 MB goal, 0 MB stacks, 0 MB globals, 12 P
gc 1575 @7.699s 4%: 0.11+0.64+0.060 ms clock, 1.3+0.78/0.95/0+0.73 ms cpu, 3->3->1 MB, 4 MB goal, 0 MB stacks, 0 MB globals, 12 P
gc 1576 @7.701s 4%: 0.082+0.55+0.13 ms clock, 0.98+0.67/0.93/0+1.6 ms cpu, 3->3->1 MB, 4 MB goal, 0 MB stacks, 0 MB globals, 12 P
gc 1577 @7.703s 4%: 0.084+1.0+0.10 ms clock, 1.0+0.76/0.91/0+1.2 ms cpu, 3->4->2 MB, 4 MB goal, 0 MB stacks, 0 MB globals, 12 P
gc 1578 @7.706s 4%: 0.099+0.55+0.076 ms clock, 1.1+0.72/0.84/0.001+0.92 ms cpu, 3->4->1 MB, 4 MB goal, 0 MB stacks, 0 MB globals, 12 P
gc 1579 @7.708s 4%: 0.087+0.75+0.066 ms clock, 1.0+0.77/0.78/0+0.79 ms cpu, 3->3->1 MB, 4 MB goal, 0 MB stacks, 0 MB globals, 12 P
gc 1580 @7.710s 4%: 0.074+1.1+0.031 ms clock, 0.89+0.93/0.75/0+0.38 ms cpu, 3->4->2 MB, 4 MB goal, 0 MB stacks, 0 MB globals, 12 P
gc 1581 @7.713s 4%: 0.093+0.54+0.13 ms clock, 1.1+0.81/0.85/0+1.6 ms cpu, 4->4->1 MB, 4 MB goal, 0 MB stacks, 0 MB globals, 12 P
gc 1582 @7.715s 4%: 0.10+0.59+0.10 ms clock, 1.2+0.68/0.81/0+1.2 ms cpu, 3->3->1 MB, 4 MB goal, 0 MB stacks, 0 MB globals, 12 P
gc 1583 @7.717s 4%: 0.095+1.0+0.082 ms clock, 1.1+0.73/0.77/0+0.98 ms cpu, 3->4->2 MB, 4 MB goal, 0 MB stacks, 0 MB globals, 12 P
gc 1584 @7.720s 4%: 0.12+0.52+0.070 ms clock, 1.4+0.83/0.78/0+0.85 ms cpu, 3->4->1 MB, 4 MB goal, 0 MB stacks, 0 MB globals, 12 P
gc 1585 @7.722s 4%: 0.097+1.2+0.057 ms clock, 1.1+0.77/0.96/0+0.69 ms cpu, 3->4->2 MB, 4 MB goal, 0 MB stacks, 0 MB globals, 12 P
gc 1586 @7.724s 4%: 0.10+1.0+0.069 ms clock, 1.3+1.0/0.87/0+0.83 ms cpu, 3->4->2 MB, 4 MB goal, 0 MB stacks, 0 MB globals, 12 P
gc 1587 @7.727s 4%: 0.081+0.86+0.060 ms clock, 0.97+0.66/0.87/0+0.72 ms cpu, 3->4->1 MB, 4 MB goal, 0 MB stacks, 0 MB globals, 12 P
gc 1588 @7.730s 4%: 0.18+1.0+0.082 ms clock, 2.1+0.77/0.89/0+0.99 ms cpu, 3->4->2 MB, 4 MB goal, 0 MB stacks, 0 MB globals, 12 P
gc 1589 @7.733s 4%: 0.12+0.54+0.092 ms clock, 1.4+0.79/0.84/0+1.1 ms cpu, 3->4->1 MB, 4 MB goal, 0 MB stacks, 0 MB globals, 12 P
gc 1590 @7.735s 4%: 0.12+0.58+0.13 ms clock, 1.4+0.68/0.85/0+1.6 ms cpu, 3->3->1 MB, 4 MB goal, 0 MB stacks, 0 MB globals, 12 P
gc 1591 @7.737s 4%: 0.11+0.51+0.11 ms clock, 1.3+0.79/0.89/0+1.3 ms cpu, 3->3->1 MB, 4 MB goal, 0 MB stacks, 0 MB globals, 12 P
gc 1592 @7.739s 4%: 0.14+0.62+0.077 ms clock, 1.7+0.62/0.90/0+0.92 ms cpu, 3->3->1 MB, 4 MB goal, 0 MB stacks, 0 MB globals, 12 P
gc 1593 @7.741s 5%: 0.10+0.71+0.089 ms clock, 1.3+0.88/0.77/0+1.0 ms cpu, 3->3->1 MB, 4 MB goal, 0 MB stacks, 0 MB globals, 12 P
gc 1594 @7.743s 5%: 0.099+0.55+0.078 ms clock, 1.1+0.79/0.84/0+0.93 ms cpu, 3->3->1 MB, 4 MB goal, 0 MB stacks, 0 MB globals, 12 P
gc 1595 @7.745s 5%: 0.10+0.67+0.11 ms clock, 1.3+0.77/0.92/0+1.3 ms cpu, 3->3->1 MB, 4 MB goal, 0 MB stacks, 0 MB globals, 12 P
gc 1596 @7.747s 5%: 0.097+0.49+0.089 ms clock, 1.1+0.62/0.85/0+1.0 ms cpu, 3->3->1 MB, 4 MB goal, 0 MB stacks, 0 MB globals, 12 P
gc 1597 @7.749s 5%: 0.079+0.53+0.11 ms clock, 0.95+0.72/0.89/0+1.4 ms cpu, 3->3->1 MB, 4 MB goal, 0 MB stacks, 0 MB globals, 12 P
gc 1598 @7.751s 5%: 0.10+1.0+0.046 ms clock, 1.3+0.70/0.84/0+0.55 ms cpu, 3->4->2 MB, 4 MB goal, 0 MB stacks, 0 MB globals, 12 P
gc 1599 @7.754s 5%: 0.12+0.49+0.072 ms clock, 1.5+0.82/0.82/0+0.86 ms cpu, 3->4->1 MB, 4 MB goal, 0 MB stacks, 0 MB globals, 12 P
gc 1600 @7.756s 5%: 0.11+0.84+0.12 ms clock, 1.3+0.50/0.98/0+1.4 ms cpu, 3->4->2 MB, 4 MB goal, 0 MB stacks, 0 MB globals, 12 P
gc 1601 @7.759s 5%: 0.091+0.59+0.10 ms clock, 1.1+0.91/0.88/0+1.3 ms cpu, 3->4->1 MB, 4 MB goal, 0 MB stacks, 0 MB globals, 12 P
gc 1602 @7.761s 5%: 0.10+0.51+0.057 ms clock, 1.2+0.60/0.90/0+0.69 ms cpu, 3->3->1 MB, 4 MB goal, 0 MB stacks, 0 MB globals, 12 P
gc 1603 @7.763s 5%: 0.099+0.47+0.10 ms clock, 1.1+0.75/0.85/0+1.2 ms cpu, 3->3->1 MB, 4 MB goal, 0 MB stacks, 0 MB globals, 12 P
gc 1604 @7.765s 5%: 0.075+0.57+0.14 ms clock, 0.90+0.79/0.73/0.072+1.6 ms cpu, 3->3->1 MB, 4 MB goal, 0 MB stacks, 0 MB globals, 12 P
gc 1605 @7.767s 5%: 0.13+0.81+0.083 ms clock, 1.6+0.46/0.70/0+0.99 ms cpu, 3->3->1 MB, 4 MB goal, 0 MB stacks, 0 MB globals, 12 P
gc 1606 @7.769s 5%: 0.13+1.1+0.10 ms clock, 1.6+0.57/0.94/0+1.2 ms cpu, 3->4->2 MB, 4 MB goal, 0 MB stacks, 0 MB globals, 12 P
gc 1607 @7.772s 5%: 0.098+0.52+0.099 ms clock, 1.1+0.77/0.89/0+1.1 ms cpu, 4->4->1 MB, 4 MB goal, 0 MB stacks, 0 MB globals, 12 P
gc 1608 @7.774s 5%: 0.18+0.92+0.091 ms clock, 2.2+0.75/0.90/0+1.1 ms cpu, 3->4->2 MB, 4 MB goal, 0 MB stacks, 0 MB globals, 12 P
gc 1609 @7.777s 5%: 0.11+0.90+0.093 ms clock, 1.3+1.3/0.85/0+1.1 ms cpu, 3->4->2 MB, 4 MB goal, 0 MB stacks, 0 MB globals, 12 P
gc 1610 @7.779s 5%: 0.11+0.58+0.098 ms clock, 1.3+0.69/0.84/0+1.1 ms cpu, 3->4->1 MB, 4 MB goal, 0 MB stacks, 0 MB globals, 12 P
gc 1611 @7.782s 5%: 0.11+1.0+0.14 ms clock, 1.3+0.69/0.90/0+1.7 ms cpu, 3->4->2 MB, 4 MB goal, 0 MB stacks, 0 MB globals, 12 P
gc 1612 @7.784s 5%: 0.11+0.59+0.055 ms clock, 1.3+0.70/0.88/0+0.66 ms cpu, 3->4->1 MB, 4 MB goal, 0 MB stacks, 0 MB globals, 12 P
gc 1613 @7.786s 5%: 0.10+0.81+0.079 ms clock, 1.2+0.65/0.92/0+0.94 ms cpu, 3->3->1 MB, 4 MB goal, 0 MB stacks, 0 MB globals, 12 P
gc 1614 @7.789s 5%: 0.077+0.53+0.088 ms clock, 0.93+0.84/0.87/0+1.0 ms cpu, 3->3->1 MB, 4 MB goal, 0 MB stacks, 0 MB globals, 12 P
gc 1615 @7.791s 5%: 0.10+1.0+0.092 ms clock, 1.3+0.81/0.94/0+1.1 ms cpu, 3->4->2 MB, 4 MB goal, 0 MB stacks, 0 MB globals, 12 P
gc 1616 @7.793s 5%: 0.11+1.1+0.094 ms clock, 1.3+0.79/0.84/0+1.1 ms cpu, 3->4->2 MB, 4 MB goal, 0 MB stacks, 0 MB globals, 12 P
gc 1617 @7.796s 5%: 0.072+0.48+0.11 ms clock, 0.87+0.81/0.82/0+1.4 ms cpu, 3->4->1 MB, 4 MB goal, 0 MB stacks, 0 MB globals, 12 P
gc 1618 @7.798s 5%: 0.14+0.65+0.14 ms clock, 1.6+0.74/0.80/0+1.7 ms cpu, 3->3->1 MB, 4 MB goal, 0 MB stacks, 0 MB globals, 12 P
gc 1619 @7.800s 5%: 0.15+0.84+0.082 ms clock, 1.9+0.72/0.82/0+0.98 ms cpu, 3->4->1 MB, 4 MB goal, 0 MB stacks, 0 MB globals, 12 P
gc 1620 @7.803s 5%: 0.095+0.67+0.080 ms clock, 1.1+0.71/0.91/0+0.97 ms cpu, 3->4->1 MB, 4 MB goal, 0 MB stacks, 0 MB globals, 12 P
gc 1621 @7.805s 5%: 0.11+0.77+0.11 ms clock, 1.3+0.73/0.85/0+1.3 ms cpu, 3->4->1 MB, 4 MB goal, 0 MB stacks, 0 MB globals, 12 P
gc 1622 @7.807s 5%: 0.13+1.2+0.070 ms clock, 1.5+0.57/0.82/0+0.84 ms cpu, 3->4->2 MB, 4 MB goal, 0 MB stacks, 0 MB globals, 12 P
gc 1623 @7.810s 5%: 0.091+0.50+0.11 ms clock, 1.1+0.62/0.87/0+1.3 ms cpu, 3->4->1 MB, 4 MB goal, 0 MB stacks, 0 MB globals, 12 P
gc 1624 @7.812s 5%: 0.17+1.0+0.098 ms clock, 2.0+0.84/0.86/0+1.1 ms cpu, 3->4->2 MB, 4 MB goal, 0 MB stacks, 0 MB globals, 12 P
gc 1625 @7.815s 5%: 0.11+1.1+0.055 ms clock, 1.3+1.4/0.90/0+0.66 ms cpu, 3->4->2 MB, 4 MB goal, 0 MB stacks, 0 MB globals, 12 P
gc 1626 @7.818s 5%: 0.10+0.71+0.063 ms clock, 1.2+0.83/0.84/0+0.76 ms cpu, 3->4->1 MB, 4 MB goal, 0 MB stacks, 0 MB globals, 12 P
gc 1627 @7.820s 5%: 0.17+1.5+0.069 ms clock, 2.1+0.77/0.80/0+0.83 ms cpu, 3->4->2 MB, 4 MB goal, 0 MB stacks, 0 MB globals, 12 P
gc 1628 @7.824s 5%: 0.12+0.43+0.13 ms clock, 1.4+0.87/0.72/0+1.6 ms cpu, 4->4->1 MB, 4 MB goal, 0 MB stacks, 0 MB globals, 12 P
gc 1629 @7.826s 5%: 0.078+0.50+0.065 ms clock, 0.94+0.86/0.84/0+0.78 ms cpu, 3->3->1 MB, 4 MB goal, 0 MB stacks, 0 MB globals, 12 P
gc 1630 @7.827s 5%: 0.057+0.56+0.083 ms clock, 0.68+0.68/0.91/0+0.99 ms cpu, 3->3->1 MB, 4 MB goal, 0 MB stacks, 0 MB globals, 12 P
gc 1631 @7.829s 5%: 0.10+0.56+0.065 ms clock, 1.2+0.71/0.86/0+0.78 ms cpu, 3->3->1 MB, 4 MB goal, 0 MB stacks, 0 MB globals, 12 P
gc 1632 @7.831s 5%: 0.11+0.79+0.074 ms clock, 1.3+0.72/0.89/0+0.89 ms cpu, 3->3->1 MB, 4 MB goal, 0 MB stacks, 0 MB globals, 12 P
gc 1633 @7.834s 5%: 0.090+0.74+0.095 ms clock, 1.0+0.77/0.89/0+1.1 ms cpu, 3->4->1 MB, 4 MB goal, 0 MB stacks, 0 MB globals, 12 P
gc 1634 @7.836s 5%: 0.10+1.4+0.090 ms clock, 1.2+0.74/0.88/0+1.0 ms cpu, 3->4->2 MB, 4 MB goal, 0 MB stacks, 0 MB globals, 12 P
gc 1635 @7.840s 5%: 0.098+0.80+0.099 ms clock, 1.1+0.83/0.86/0+1.1 ms cpu, 4->4->1 MB, 5 MB goal, 0 MB stacks, 0 MB globals, 12 P
gc 1636 @7.842s 5%: 0.082+0.92+0.051 ms clock, 0.98+0.64/0.94/0+0.62 ms cpu, 3->4->2 MB, 4 MB goal, 0 MB stacks, 0 MB globals, 12 P
gc 1637 @7.845s 5%: 0.093+0.93+0.015 ms clock, 1.1+0.62/0.88/0.026+0.18 ms cpu, 3->4->1 MB, 4 MB goal, 0 MB stacks, 0 MB globals, 12 P
gc 1638 @7.847s 5%: 0.084+0.80+0.10 ms clock, 1.0+0.70/0.95/0+1.2 ms cpu, 3->4->1 MB, 4 MB goal, 0 MB stacks, 0 MB globals, 12 P
gc 1639 @7.849s 5%: 0.10+1.1+0.071 ms clock, 1.2+0.75/0.83/0+0.85 ms cpu, 3->4->2 MB, 4 MB goal, 0 MB stacks, 0 MB globals, 12 P
gc 1640 @7.852s 5%: 0.10+0.93+0.056 ms clock, 1.2+0.79/0.89/0+0.67 ms cpu, 3->4->1 MB, 4 MB goal, 0 MB stacks, 0 MB globals, 12 P
gc 1641 @7.855s 5%: 0.12+0.56+0.082 ms clock, 1.5+0.72/0.88/0+0.99 ms cpu, 3->4->1 MB, 4 MB goal, 0 MB stacks, 0 MB globals, 12 P
gc 1642 @7.857s 5%: 0.16+0.75+0.11 ms clock, 1.9+0.80/0.90/0+1.4 ms cpu, 3->3->1 MB, 4 MB goal, 0 MB stacks, 0 MB globals, 12 P
gc 1643 @7.859s 5%: 0.083+0.52+0.12 ms clock, 1.0+0.68/0.90/0+1.4 ms cpu, 3->4->1 MB, 4 MB goal, 0 MB stacks, 0 MB globals, 12 P
gc 1644 @7.861s 5%: 0.088+0.84+0.088 ms clock, 1.0+0.72/1.0/0+1.0 ms cpu, 3->3->1 MB, 4 MB goal, 0 MB stacks, 0 MB globals, 12 P
gc 1645 @7.863s 5%: 0.065+0.92+0.11 ms clock, 0.79+0.86/0.80/0.038+1.3 ms cpu, 3->4->2 MB, 4 MB goal, 0 MB stacks, 0 MB globals, 12 P
gc 1646 @7.866s 5%: 0.12+0.61+0.067 ms clock, 1.4+0.67/0.92/0+0.81 ms cpu, 3->4->1 MB, 4 MB goal, 0 MB stacks, 0 MB globals, 12 P
gc 1647 @7.868s 5%: 0.077+1.0+0.074 ms clock, 0.93+1.0/1.0/0+0.89 ms cpu, 3->4->2 MB, 4 MB goal, 0 MB stacks, 0 MB globals, 12 P
gc 1648 @7.871s 5%: 0.093+0.70+0.069 ms clock, 1.1+0.71/0.82/0+0.83 ms cpu, 3->4->1 MB, 4 MB goal, 0 MB stacks, 0 MB globals, 12 P
gc 1649 @7.873s 5%: 0.13+1.2+0.088 ms clock, 1.5+0.78/1.2/0+1.0 ms cpu, 3->4->2 MB, 4 MB goal, 0 MB stacks, 0 MB globals, 12 P
gc 1650 @7.876s 5%: 0.15+0.56+0.065 ms clock, 1.8+0.67/1.0/0+0.78 ms cpu, 3->4->1 MB, 4 MB goal, 0 MB stacks, 0 MB globals, 12 P
gc 1651 @7.878s 5%: 0.096+0.62+0.10 ms clock, 1.1+0.78/0.89/0+1.2 ms cpu, 3->3->1 MB, 4 MB goal, 0 MB stacks, 0 MB globals, 12 P
gc 1652 @7.880s 5%: 0.12+0.46+0.10 ms clock, 1.5+0.71/0.81/0+1.3 ms cpu, 3->3->1 MB, 4 MB goal, 0 MB stacks, 0 MB globals, 12 P
gc 1653 @7.882s 5%: 0.098+0.78+0.10 ms clock, 1.1+0.67/0.90/0+1.2 ms cpu, 3->3->1 MB, 4 MB goal, 0 MB stacks, 0 MB globals, 12 P
gc 1654 @7.884s 5%: 0.093+0.47+0.078 ms clock, 1.1+0.66/0.91/0+0.94 ms cpu, 3->3->1 MB, 4 MB goal, 0 MB stacks, 0 MB globals, 12 P
gc 1655 @7.886s 5%: 0.16+0.84+0.072 ms clock, 2.0+0.66/0.94/0+0.86 ms cpu, 3->4->1 MB, 4 MB goal, 0 MB stacks, 0 MB globals, 12 P
gc 1656 @7.889s 5%: 0.12+1.5+0.097 ms clock, 1.5+1.0/0.84/0.038+1.1 ms cpu, 3->4->2 MB, 4 MB goal, 0 MB stacks, 0 MB globals, 12 P
gc 1657 @7.892s 5%: 0.080+0.62+0.066 ms clock, 0.96+0.66/0.85/0+0.79 ms cpu, 4->4->1 MB, 5 MB goal, 0 MB stacks, 0 MB globals, 12 P
gc 1658 @7.894s 5%: 0.10+0.99+0.076 ms clock, 1.3+0.68/0.86/0+0.91 ms cpu, 3->4->2 MB, 4 MB goal, 0 MB stacks, 0 MB globals, 12 P
gc 1659 @7.897s 5%: 0.14+1.0+0.062 ms clock, 1.7+0.81/0.86/0+0.74 ms cpu, 3->4->2 MB, 4 MB goal, 0 MB stacks, 0 MB globals, 12 P
gc 1660 @7.900s 5%: 0.15+0.89+0.12 ms clock, 1.9+0.85/0.87/0+1.4 ms cpu, 3->4->2 MB, 4 MB goal, 0 MB stacks, 0 MB globals, 12 P
gc 1661 @7.902s 5%: 0.11+0.52+0.064 ms clock, 1.3+0.79/0.80/0+0.76 ms cpu, 3->4->1 MB, 4 MB goal, 0 MB stacks, 0 MB globals, 12 P
gc 1662 @7.904s 5%: 0.11+0.63+0.14 ms clock, 1.4+0.79/0.92/0+1.7 ms cpu, 3->3->1 MB, 4 MB goal, 0 MB stacks, 0 MB globals, 12 P
gc 1663 @7.906s 5%: 0.078+0.82+0.090 ms clock, 0.94+0.84/0.75/0+1.0 ms cpu, 3->3->1 MB, 4 MB goal, 0 MB stacks, 0 MB globals, 12 P
gc 1664 @7.909s 5%: 0.086+0.63+0.12 ms clock, 1.0+0.76/0.82/0+1.4 ms cpu, 3->4->1 MB, 4 MB goal, 0 MB stacks, 0 MB globals, 12 P
gc 1665 @7.911s 5%: 0.069+0.86+0.095 ms clock, 0.83+0.68/0.95/0+1.1 ms cpu, 3->4->1 MB, 4 MB goal, 0 MB stacks, 0 MB globals, 12 P
gc 1666 @7.913s 5%: 0.11+0.65+0.10 ms clock, 1.3+0.81/0.82/0+1.2 ms cpu, 3->4->1 MB, 4 MB goal, 0 MB stacks, 0 MB globals, 12 P
gc 1667 @7.915s 5%: 0.12+0.51+0.079 ms clock, 1.4+0.77/0.77/0+0.95 ms cpu, 3->3->1 MB, 4 MB goal, 0 MB stacks, 0 MB globals, 12 P
gc 1668 @7.917s 5%: 0.097+0.52+0.12 ms clock, 1.1+0.70/0.83/0+1.4 ms cpu, 3->3->1 MB, 4 MB goal, 0 MB stacks, 0 MB globals, 12 P
gc 1669 @7.919s 5%: 0.10+0.86+0.089 ms clock, 1.2+0.70/0.82/0+1.0 ms cpu, 3->3->1 MB, 4 MB goal, 0 MB stacks, 0 MB globals, 12 P
gc 1670 @7.922s 5%: 0.13+0.66+0.094 ms clock, 1.6+0.68/0.86/0+1.1 ms cpu, 3->4->1 MB, 4 MB goal, 0 MB stacks, 0 MB globals, 12 P
gc 1671 @7.924s 5%: 0.11+0.41+0.049 ms clock, 1.3+0.65/0.83/0+0.59 ms cpu, 3->3->1 MB, 4 MB goal, 0 MB stacks, 0 MB globals, 12 P
gc 1672 @7.926s 5%: 0.11+0.69+0.12 ms clock, 1.3+0.88/0.80/0+1.5 ms cpu, 3->3->1 MB, 4 MB goal, 0 MB stacks, 0 MB globals, 12 P
gc 1673 @7.928s 5%: 0.089+0.63+0.080 ms clock, 1.0+0.69/0.88/0+0.97 ms cpu, 3->3->1 MB, 4 MB goal, 0 MB stacks, 0 MB globals, 12 P
gc 1674 @7.930s 5%: 0.076+0.67+0.10 ms clock, 0.91+0.56/0.98/0+1.2 ms cpu, 3->3->1 MB, 4 MB goal, 0 MB stacks, 0 MB globals, 12 P
gc 1675 @7.932s 5%: 0.15+0.51+0.051 ms clock, 1.8+0.64/0.89/0+0.61 ms cpu, 3->3->1 MB, 4 MB goal, 0 MB stacks, 0 MB globals, 12 P
gc 1676 @7.934s 5%: 0.19+0.97+0.080 ms clock, 2.3+0.78/0.86/0+0.96 ms cpu, 3->4->2 MB, 4 MB goal, 0 MB stacks, 0 MB globals, 12 P
gc 1677 @7.937s 5%: 0.097+0.54+0.090 ms clock, 1.1+0.57/1.0/0+1.0 ms cpu, 3->4->1 MB, 4 MB goal, 0 MB stacks, 0 MB globals, 12 P
gc 1678 @7.939s 5%: 0.077+0.53+0.064 ms clock, 0.92+0.69/0.86/0+0.77 ms cpu, 3->3->1 MB, 4 MB goal, 0 MB stacks, 0 MB globals, 12 P
gc 1679 @7.941s 5%: 0.14+0.57+0.17 ms clock, 1.7+0.63/0.84/0+2.1 ms cpu, 3->3->1 MB, 4 MB goal, 0 MB stacks, 0 MB globals, 12 P
gc 1680 @7.943s 5%: 0.095+0.48+0.097 ms clock, 1.1+0.80/0.78/0.002+1.1 ms cpu, 3->3->1 MB, 4 MB goal, 0 MB stacks, 0 MB globals, 12 P
gc 1681 @7.945s 5%: 0.12+0.64+0.068 ms clock, 1.4+0.54/0.96/0+0.82 ms cpu, 3->3->1 MB, 4 MB goal, 0 MB stacks, 0 MB globals, 12 P
gc 1682 @7.947s 5%: 0.13+0.65+0.097 ms clock, 1.5+0.77/0.97/0+1.1 ms cpu, 3->3->1 MB, 4 MB goal, 0 MB stacks, 0 MB globals, 12 P
gc 1683 @7.949s 5%: 0.10+0.62+0.083 ms clock, 1.2+0.67/0.92/0+0.99 ms cpu, 3->3->1 MB, 4 MB goal, 0 MB stacks, 0 MB globals, 12 P
gc 1684 @7.951s 5%: 0.10+0.70+0.091 ms clock, 1.2+0.73/0.88/0+1.0 ms cpu, 3->3->1 MB, 4 MB goal, 0 MB stacks, 0 MB globals, 12 P
gc 1685 @7.953s 5%: 0.076+0.87+0.087 ms clock, 0.92+1.3/1.0/0.004+1.0 ms cpu, 3->4->1 MB, 4 MB goal, 0 MB stacks, 0 MB globals, 12 P
gc 1686 @7.956s 5%: 0.081+0.92+0.10 ms clock, 0.97+0.62/0.93/0+1.2 ms cpu, 3->4->1 MB, 4 MB goal, 0 MB stacks, 0 MB globals, 12 P
gc 1687 @7.958s 5%: 0.071+0.86+0.12 ms clock, 0.86+0.69/0.97/0+1.4 ms cpu, 3->4->1 MB, 4 MB goal, 0 MB stacks, 0 MB globals, 12 P
gc 1688 @7.960s 5%: 0.094+0.49+0.068 ms clock, 1.1+0.76/0.80/0+0.82 ms cpu, 3->3->1 MB, 4 MB goal, 0 MB stacks, 0 MB globals, 12 P
gc 1689 @7.962s 5%: 0.076+0.79+0.019 ms clock, 0.92+0.81/0.84/0+0.23 ms cpu, 3->3->1 MB, 4 MB goal, 0 MB stacks, 0 MB globals, 12 P
gc 1690 @7.964s 5%: 0.090+0.50+0.13 ms clock, 1.0+0.90/0.69/0+1.5 ms cpu, 3->3->1 MB, 4 MB goal, 0 MB stacks, 0 MB globals, 12 P
gc 1691 @7.966s 5%: 0.17+0.70+0.032 ms clock, 2.0+0.63/0.83/0+0.38 ms cpu, 3->3->1 MB, 4 MB goal, 0 MB stacks, 0 MB globals, 12 P
gc 1692 @7.968s 5%: 0.13+0.70+0.083 ms clock, 1.5+0.69/0.92/0+1.0 ms cpu, 3->3->1 MB, 4 MB goal, 0 MB stacks, 0 MB globals, 12 P
gc 1693 @7.970s 5%: 0.16+0.78+0.096 ms clock, 1.9+0.70/0.83/0+1.1 ms cpu, 3->4->1 MB, 4 MB goal, 0 MB stacks, 0 MB globals, 12 P
gc 1694 @7.973s 5%: 0.10+0.57+0.060 ms clock, 1.2+0.53/0.87/0+0.72 ms cpu, 3->3->1 MB, 4 MB goal, 0 MB stacks, 0 MB globals, 12 P
gc 1695 @7.975s 5%: 0.093+0.49+0.10 ms clock, 1.1+0.70/0.86/0+1.2 ms cpu, 3->3->1 MB, 4 MB goal, 0 MB stacks, 0 MB globals, 12 P
gc 1696 @7.977s 5%: 0.10+0.59+0.079 ms clock, 1.2+0.82/0.79/0+0.95 ms cpu, 3->3->1 MB, 4 MB goal, 0 MB stacks, 0 MB globals, 12 P
gc 1697 @7.979s 5%: 0.16+0.48+0.10 ms clock, 1.9+0.66/0.82/0+1.2 ms cpu, 3->3->1 MB, 4 MB goal, 0 MB stacks, 0 MB globals, 12 P
gc 1698 @7.981s 5%: 0.095+1.1+0.10 ms clock, 1.1+0.68/0.96/0+1.2 ms cpu, 3->4->2 MB, 4 MB goal, 0 MB stacks, 0 MB globals, 12 P
gc 1699 @7.984s 5%: 0.10+0.42+0.10 ms clock, 1.2+0.74/0.82/0+1.2 ms cpu, 3->4->1 MB, 4 MB goal, 0 MB stacks, 0 MB globals, 12 P
gc 1700 @7.986s 5%: 0.12+1.0+0.081 ms clock, 1.5+0.68/0.83/0+0.98 ms cpu, 3->3->2 MB, 4 MB goal, 0 MB stacks, 0 MB globals, 12 P
gc 1701 @7.988s 5%: 0.15+0.55+0.070 ms clock, 1.8+0.79/0.88/0+0.84 ms cpu, 3->4->1 MB, 4 MB goal, 0 MB stacks, 0 MB globals, 12 P
gc 1702 @7.990s 5%: 0.084+0.64+0.072 ms clock, 1.0+0.83/0.86/0+0.86 ms cpu, 3->3->1 MB, 4 MB goal, 0 MB stacks, 0 MB globals, 12 P
gc 1703 @7.992s 5%: 0.13+0.90+0.068 ms clock, 1.6+0.78/0.92/0+0.82 ms cpu, 3->3->1 MB, 4 MB goal, 0 MB stacks, 0 MB globals, 12 P
gc 1704 @7.995s 5%: 0.15+0.60+0.10 ms clock, 1.8+0.62/0.94/0+1.3 ms cpu, 3->3->1 MB, 4 MB goal, 0 MB stacks, 0 MB globals, 12 P
gc 1705 @7.997s 5%: 0.15+0.47+0.11 ms clock, 1.8+0.66/0.91/0+1.3 ms cpu, 3->3->1 MB, 4 MB goal, 0 MB stacks, 0 MB globals, 12 P
gc 1706 @7.999s 5%: 0.10+0.64+0.13 ms clock, 1.2+0.77/1.0/0+1.6 ms cpu, 3->3->1 MB, 4 MB goal, 0 MB stacks, 0 MB globals, 12 P
gc 1707 @8.001s 5%: 0.10+1.1+0.072 ms clock, 1.2+0.62/0.95/0+0.87 ms cpu, 3->4->2 MB, 4 MB goal, 0 MB stacks, 0 MB globals, 12 P
gc 1708 @8.003s 5%: 0.098+0.80+0.088 ms clock, 1.1+0.75/0.87/0+1.0 ms cpu, 3->4->1 MB, 4 MB goal, 0 MB stacks, 0 MB globals, 12 P
gc 1709 @8.006s 5%: 0.14+0.91+0.069 ms clock, 1.7+0.73/1.0/0+0.83 ms cpu, 3->4->2 MB, 4 MB goal, 0 MB stacks, 0 MB globals, 12 P
gc 1710 @8.008s 5%: 0.18+0.56+0.061 ms clock, 2.1+0.72/0.93/0+0.74 ms cpu, 3->4->1 MB, 4 MB goal, 0 MB stacks, 0 MB globals, 12 P
gc 1711 @8.010s 5%: 0.11+1.1+0.066 ms clock, 1.3+0.76/0.81/0+0.79 ms cpu, 3->4->2 MB, 4 MB goal, 0 MB stacks, 0 MB globals, 12 P
gc 1712 @8.013s 5%: 0.11+0.57+0.14 ms clock, 1.3+0.82/0.84/0+1.7 ms cpu, 3->4->1 MB, 4 MB goal, 0 MB stacks, 0 MB globals, 12 P
gc 1713 @8.015s 5%: 0.076+0.54+0.082 ms clock, 0.92+0.73/0.95/0+0.99 ms cpu, 3->3->1 MB, 4 MB goal, 0 MB stacks, 0 MB globals, 12 P
gc 1714 @8.017s 5%: 0.095+0.76+0.091 ms clock, 1.1+0.72/0.89/0+1.0 ms cpu, 3->3->1 MB, 4 MB goal, 0 MB stacks, 0 MB globals, 12 P
gc 1715 @8.019s 5%: 0.15+0.66+0.10 ms clock, 1.8+0.66/0.92/0+1.2 ms cpu, 3->4->1 MB, 4 MB goal, 0 MB stacks, 0 MB globals, 12 P
gc 1716 @8.021s 5%: 0.094+0.77+0.058 ms clock, 1.1+0.66/0.89/0+0.70 ms cpu, 3->3->1 MB, 4 MB goal, 0 MB stacks, 0 MB globals, 12 P
gc 1717 @8.024s 5%: 0.12+0.59+0.084 ms clock, 1.5+0.54/1.0/0+1.0 ms cpu, 3->3->1 MB, 4 MB goal, 0 MB stacks, 0 MB globals, 12 P
gc 1718 @8.026s 5%: 0.062+0.64+0.097 ms clock, 0.74+0.87/0.98/0+1.1 ms cpu, 3->3->1 MB, 4 MB goal, 0 MB stacks, 0 MB globals, 12 P
gc 1719 @8.028s 5%: 0.098+0.54+0.074 ms clock, 1.1+0.68/0.96/0+0.89 ms cpu, 3->3->1 MB, 4 MB goal, 0 MB stacks, 0 MB globals, 12 P
gc 1720 @8.030s 5%: 0.13+0.86+0.10 ms clock, 1.6+0.82/0.96/0+1.2 ms cpu, 3->4->2 MB, 4 MB goal, 0 MB stacks, 0 MB globals, 12 P
gc 1721 @8.032s 5%: 0.12+1.0+0.045 ms clock, 1.4+0.70/0.92/0+0.55 ms cpu, 3->4->2 MB, 4 MB goal, 0 MB stacks, 0 MB globals, 12 P
gc 1722 @8.035s 5%: 0.10+0.46+0.082 ms clock, 1.2+0.70/0.86/0+0.98 ms cpu, 3->4->1 MB, 4 MB goal, 0 MB stacks, 0 MB globals, 12 P
gc 1723 @8.037s 5%: 0.075+0.99+0.042 ms clock, 0.90+0.81/0.87/0+0.50 ms cpu, 3->4->2 MB, 4 MB goal, 0 MB stacks, 0 MB globals, 12 P
gc 1724 @8.040s 5%: 0.093+0.70+0.075 ms clock, 1.1+0.59/0.78/0+0.90 ms cpu, 3->4->1 MB, 4 MB goal, 0 MB stacks, 0 MB globals, 12 P
gc 1725 @8.042s 5%: 0.10+0.83+0.073 ms clock, 1.2+0.78/0.82/0+0.87 ms cpu, 3->4->1 MB, 4 MB goal, 0 MB stacks, 0 MB globals, 12 P
gc 1726 @8.044s 5%: 0.099+0.77+0.030 ms clock, 1.1+0.81/0.81/0+0.36 ms cpu, 3->4->1 MB, 4 MB goal, 0 MB stacks, 0 MB globals, 12 P
gc 1727 @8.046s 5%: 0.10+1.2+0.061 ms clock, 1.2+0.92/0.73/0+0.73 ms cpu, 3->4->2 MB, 4 MB goal, 0 MB stacks, 0 MB globals, 12 P
gc 1728 @8.049s 5%: 0.11+0.43+0.076 ms clock, 1.3+0.83/0.91/0+0.91 ms cpu, 3->4->1 MB, 4 MB goal, 0 MB stacks, 0 MB globals, 12 P
gc 1729 @8.051s 5%: 0.13+0.53+0.078 ms clock, 1.6+0.80/0.79/0+0.93 ms cpu, 3->3->1 MB, 4 MB goal, 0 MB stacks, 0 MB globals, 12 P
gc 1730 @8.053s 5%: 0.10+0.55+0.11 ms clock, 1.2+0.66/0.84/0+1.4 ms cpu, 3->3->1 MB, 4 MB goal, 0 MB stacks, 0 MB globals, 12 P
gc 1731 @8.055s 5%: 0.11+0.61+0.15 ms clock, 1.3+0.78/0.91/0+1.8 ms cpu, 3->3->1 MB, 4 MB goal, 0 MB stacks, 0 MB globals, 12 P
gc 1732 @8.057s 5%: 0.095+0.49+0.10 ms clock, 1.1+0.80/0.76/0+1.2 ms cpu, 3->3->1 MB, 4 MB goal, 0 MB stacks, 0 MB globals, 12 P
gc 1733 @8.059s 5%: 0.079+1.0+0.039 ms clock, 0.94+0.73/0.92/0+0.47 ms cpu, 3->4->2 MB, 4 MB goal, 0 MB stacks, 0 MB globals, 12 P
gc 1734 @8.062s 5%: 0.10+0.99+0.032 ms clock, 1.2+0.63/0.91/0.013+0.39 ms cpu, 3->4->1 MB, 4 MB goal, 0 MB stacks, 0 MB globals, 12 P
gc 1735 @8.064s 5%: 0.075+0.77+0.13 ms clock, 0.90+0.75/0.86/0+1.6 ms cpu, 3->4->1 MB, 4 MB goal, 0 MB stacks, 0 MB globals, 12 P
gc 1736 @8.066s 5%: 0.095+0.86+0.14 ms clock, 1.1+0.74/0.92/0+1.7 ms cpu, 3->4->1 MB, 4 MB goal, 0 MB stacks, 0 MB globals, 12 P
gc 1737 @8.069s 5%: 0.14+0.46+0.072 ms clock, 1.7+0.86/0.85/0+0.86 ms cpu, 3->4->1 MB, 4 MB goal, 0 MB stacks, 0 MB globals, 12 P
gc 1738 @8.071s 5%: 0.14+1.3+0.044 ms clock, 1.7+0.76/0.87/0+0.53 ms cpu, 3->4->2 MB, 4 MB goal, 0 MB stacks, 0 MB globals, 12 P
gc 1739 @8.074s 5%: 0.12+0.71+0.13 ms clock, 1.4+0.88/1.0/0+1.5 ms cpu, 3->4->1 MB, 4 MB goal, 0 MB stacks, 0 MB globals, 12 P
gc 1740 @8.076s 5%: 0.067+0.64+0.075 ms clock, 0.81+0.86/1.0/0+0.90 ms cpu, 3->3->1 MB, 4 MB goal, 0 MB stacks, 0 MB globals, 12 P
gc 1741 @8.078s 5%: 0.077+0.61+0.070 ms clock, 0.93+0.74/0.84/0+0.85 ms cpu, 3->3->1 MB, 4 MB goal, 0 MB stacks, 0 MB globals, 12 P
gc 1742 @8.080s 5%: 0.099+0.53+0.081 ms clock, 1.1+0.72/0.94/0+0.97 ms cpu, 3->3->1 MB, 4 MB goal, 0 MB stacks, 0 MB globals, 12 P
gc 1743 @8.082s 5%: 0.14+0.50+0.11 ms clock, 1.7+0.66/0.84/0+1.3 ms cpu, 3->3->1 MB, 4 MB goal, 0 MB stacks, 0 MB globals, 12 P
gc 1744 @8.084s 5%: 0.091+0.58+0.097 ms clock, 1.1+0.72/0.91/0+1.1 ms cpu, 3->3->1 MB, 4 MB goal, 0 MB stacks, 0 MB globals, 12 P
gc 1745 @8.086s 5%: 0.083+0.54+0.060 ms clock, 0.99+0.65/0.80/0+0.72 ms cpu, 3->3->1 MB, 4 MB goal, 0 MB stacks, 0 MB globals, 12 P
gc 1746 @8.088s 5%: 0.12+0.52+0.066 ms clock, 1.4+0.70/0.82/0+0.80 ms cpu, 3->3->1 MB, 4 MB goal, 0 MB stacks, 0 MB globals, 12 P
gc 1747 @8.090s 5%: 0.078+0.66+0.13 ms clock, 0.94+0.66/0.97/0+1.6 ms cpu, 3->3->1 MB, 4 MB goal, 0 MB stacks, 0 MB globals, 12 P
gc 1748 @8.092s 5%: 0.094+0.44+0.11 ms clock, 1.1+0.62/0.85/0+1.3 ms cpu, 3->3->1 MB, 4 MB goal, 0 MB stacks, 0 MB globals, 12 P
gc 1749 @8.094s 5%: 0.085+0.93+0.075 ms clock, 1.0+0.86/0.80/0+0.90 ms cpu, 3->3->2 MB, 4 MB goal, 0 MB stacks, 0 MB globals, 12 P
gc 1750 @8.097s 5%: 0.12+0.71+0.062 ms clock, 1.5+0.75/0.79/0+0.75 ms cpu, 3->4->1 MB, 4 MB goal, 0 MB stacks, 0 MB globals, 12 P
gc 1751 @8.099s 5%: 0.13+0.98+0.030 ms clock, 1.6+0.66/0.88/0+0.36 ms cpu, 3->4->2 MB, 4 MB goal, 0 MB stacks, 0 MB globals, 12 P
gc 1752 @8.102s 5%: 0.12+0.46+0.065 ms clock, 1.4+0.78/0.83/0+0.78 ms cpu, 3->4->1 MB, 4 MB goal, 0 MB stacks, 0 MB globals, 12 P
gc 1753 @8.104s 5%: 0.091+0.58+0.086 ms clock, 1.0+0.75/0.96/0+1.0 ms cpu, 3->3->1 MB, 4 MB goal, 0 MB stacks, 0 MB globals, 12 P
gc 1754 @8.106s 5%: 0.13+0.48+0.11 ms clock, 1.6+0.85/0.77/0.001+1.4 ms cpu, 3->3->1 MB, 4 MB goal, 0 MB stacks, 0 MB globals, 12 P
gc 1755 @8.108s 5%: 0.12+0.51+0.13 ms clock, 1.4+0.69/0.89/0+1.5 ms cpu, 3->3->1 MB, 4 MB goal, 0 MB stacks, 0 MB globals, 12 P
gc 1756 @8.110s 5%: 0.10+0.89+0.085 ms clock, 1.3+0.44/0.92/0+1.0 ms cpu, 3->3->1 MB, 4 MB goal, 0 MB stacks, 0 MB globals, 12 P
gc 1757 @8.112s 5%: 0.10+0.48+0.12 ms clock, 1.2+0.64/0.90/0+1.5 ms cpu, 3->4->1 MB, 4 MB goal, 0 MB stacks, 0 MB globals, 12 P
gc 1758 @8.115s 5%: 0.070+0.70+0.066 ms clock, 0.84+0.90/1.0/0+0.79 ms cpu, 3->3->1 MB, 4 MB goal, 0 MB stacks, 0 MB globals, 12 P
gc 1759 @8.117s 5%: 0.089+1.0+0.080 ms clock, 1.0+1.5/0.99/0.036+0.96 ms cpu, 3->4->2 MB, 4 MB goal, 0 MB stacks, 0 MB globals, 12 P
gc 1760 @8.119s 5%: 0.093+0.56+0.10 ms clock, 1.1+0.78/0.91/0+1.2 ms cpu, 3->4->1 MB, 4 MB goal, 0 MB stacks, 0 MB globals, 12 P
gc 1761 @8.122s 5%: 0.080+0.64+0.087 ms clock, 0.96+0.60/0.96/0+1.0 ms cpu, 3->3->1 MB, 4 MB goal, 0 MB stacks, 0 MB globals, 12 P
gc 1762 @8.124s 5%: 0.15+0.62+0.12 ms clock, 1.8+0.73/0.84/0+1.5 ms cpu, 3->3->1 MB, 4 MB goal, 0 MB stacks, 0 MB globals, 12 P
gc 1763 @8.126s 5%: 0.094+0.55+0.12 ms clock, 1.1+0.77/0.92/0+1.4 ms cpu, 3->3->1 MB, 4 MB goal, 0 MB stacks, 0 MB globals, 12 P
gc 1764 @8.128s 5%: 0.12+0.54+0.10 ms clock, 1.5+0.91/0.87/0+1.3 ms cpu, 3->3->1 MB, 4 MB goal, 0 MB stacks, 0 MB globals, 12 P
gc 1765 @8.130s 5%: 0.076+0.56+0.058 ms clock, 0.92+0.70/0.85/0.001+0.70 ms cpu, 3->3->1 MB, 4 MB goal, 0 MB stacks, 0 MB globals, 12 P
gc 1766 @8.132s 5%: 0.099+0.61+0.12 ms clock, 1.1+0.79/0.77/0+1.4 ms cpu, 3->3->1 MB, 4 MB goal, 0 MB stacks, 0 MB globals, 12 P
gc 1767 @8.134s 5%: 0.16+0.61+0.14 ms clock, 1.9+0.64/0.94/0+1.7 ms cpu, 3->3->1 MB, 4 MB goal, 0 MB stacks, 0 MB globals, 12 P
gc 1768 @8.136s 5%: 0.10+0.42+0.060 ms clock, 1.2+0.72/0.78/0+0.73 ms cpu, 3->3->1 MB, 4 MB goal, 0 MB stacks, 0 MB globals, 12 P
gc 1769 @8.138s 5%: 0.097+0.57+0.11 ms clock, 1.1+0.76/0.89/0+1.3 ms cpu, 3->3->1 MB, 4 MB goal, 0 MB stacks, 0 MB globals, 12 P
gc 1770 @8.140s 5%: 0.13+0.51+0.096 ms clock, 1.6+0.89/0.73/0+1.1 ms cpu, 3->3->1 MB, 4 MB goal, 0 MB stacks, 0 MB globals, 12 P
gc 1771 @8.142s 5%: 0.11+0.60+0.079 ms clock, 1.3+0.80/0.93/0+0.95 ms cpu, 3->3->1 MB, 4 MB goal, 0 MB stacks, 0 MB globals, 12 P
gc 1772 @8.144s 5%: 0.082+0.80+0.091 ms clock, 0.98+0.84/0.77/0+1.0 ms cpu, 3->4->1 MB, 4 MB goal, 0 MB stacks, 0 MB globals, 12 P
gc 1773 @8.147s 5%: 0.11+0.74+0.13 ms clock, 1.3+0.79/0.85/0+1.5 ms cpu, 3->4->1 MB, 4 MB goal, 0 MB stacks, 0 MB globals, 12 P
gc 1774 @8.149s 5%: 0.099+0.62+0.10 ms clock, 1.1+0.91/0.79/0+1.2 ms cpu, 3->4->1 MB, 4 MB goal, 0 MB stacks, 0 MB globals, 12 P
gc 1775 @8.151s 5%: 0.12+0.95+0.061 ms clock, 1.4+0.86/1.0/0+0.74 ms cpu, 3->4->1 MB, 4 MB goal, 0 MB stacks, 0 MB globals, 12 P
gc 1776 @8.154s 5%: 0.12+0.54+0.087 ms clock, 1.5+0.54/1.0/0+1.0 ms cpu, 3->4->1 MB, 4 MB goal, 0 MB stacks, 0 MB globals, 12 P
gc 1777 @8.156s 5%: 0.11+0.51+0.14 ms clock, 1.3+0.95/0.84/0+1.7 ms cpu, 3->3->1 MB, 4 MB goal, 0 MB stacks, 0 MB globals, 12 P
gc 1778 @8.158s 5%: 0.095+0.87+0.060 ms clock, 1.1+0.60/1.0/0+0.72 ms cpu, 3->3->1 MB, 4 MB goal, 0 MB stacks, 0 MB globals, 12 P
gc 1779 @8.160s 5%: 0.10+0.66+0.12 ms clock, 1.2+0.61/0.94/0+1.4 ms cpu, 3->4->1 MB, 4 MB goal, 0 MB stacks, 0 MB globals, 12 P
gc 1780 @8.162s 5%: 0.076+0.77+0.10 ms clock, 0.91+0.66/0.87/0+1.2 ms cpu, 3->4->1 MB, 4 MB goal, 0 MB stacks, 0 MB globals, 12 P
gc 1781 @8.165s 5%: 0.13+0.61+0.13 ms clock, 1.5+0.70/0.92/0+1.6 ms cpu, 3->4->1 MB, 4 MB goal, 0 MB stacks, 0 MB globals, 12 P
gc 1782 @8.167s 5%: 0.073+0.56+0.098 ms clock, 0.88+0.68/0.92/0+1.1 ms cpu, 3->3->1 MB, 4 MB goal, 0 MB stacks, 0 MB globals, 12 P
gc 1783 @8.169s 5%: 0.089+0.74+0.092 ms clock, 1.0+0.72/0.85/0+1.1 ms cpu, 3->3->1 MB, 4 MB goal, 0 MB stacks, 0 MB globals, 12 P
gc 1784 @8.171s 5%: 0.13+0.51+0.12 ms clock, 1.6+0.73/0.85/0+1.4 ms cpu, 3->3->1 MB, 4 MB goal, 0 MB stacks, 0 MB globals, 12 P
gc 1785 @8.173s 5%: 0.080+0.75+0.091 ms clock, 0.96+0.90/0.74/0+1.0 ms cpu, 3->3->1 MB, 4 MB goal, 0 MB stacks, 0 MB globals, 12 P
gc 1786 @8.175s 5%: 0.13+0.45+0.12 ms clock, 1.5+0.82/0.78/0+1.4 ms cpu, 3->3->1 MB, 4 MB goal, 0 MB stacks, 0 MB globals, 12 P
gc 1787 @8.178s 5%: 0.089+1.2+0.094 ms clock, 1.0+1.4/0.88/0+1.1 ms cpu, 3->4->2 MB, 4 MB goal, 0 MB stacks, 0 MB globals, 12 P
gc 1788 @8.181s 5%: 0.16+1.0+0.099 ms clock, 1.9+0.61/0.94/0+1.1 ms cpu, 3->4->2 MB, 4 MB goal, 0 MB stacks, 0 MB globals, 12 P
gc 1789 @8.184s 5%: 0.11+0.47+0.13 ms clock, 1.3+0.79/0.76/0+1.6 ms cpu, 3->4->1 MB, 4 MB goal, 0 MB stacks, 0 MB globals, 12 P
gc 1790 @8.186s 5%: 0.099+1.0+0.055 ms clock, 1.1+0.79/0.77/0+0.66 ms cpu, 3->4->2 MB, 4 MB goal, 0 MB stacks, 0 MB globals, 12 P
gc 1791 @8.188s 5%: 0.095+0.76+0.090 ms clock, 1.1+0.85/0.82/0+1.0 ms cpu, 3->4->1 MB, 4 MB goal, 0 MB stacks, 0 MB globals, 12 P
gc 1792 @8.191s 5%: 0.15+0.60+0.090 ms clock, 1.8+0.70/0.90/0+1.0 ms cpu, 3->3->1 MB, 4 MB goal, 0 MB stacks, 0 MB globals, 12 P
gc 1793 @8.193s 5%: 0.095+0.98+0.028 ms clock, 1.1+1.4/0.89/0+0.33 ms cpu, 3->4->2 MB, 4 MB goal, 0 MB stacks, 0 MB globals, 12 P
gc 1794 @8.195s 5%: 0.081+1.3+0.076 ms clock, 0.97+0.72/0.88/0+0.91 ms cpu, 3->4->2 MB, 4 MB goal, 0 MB stacks, 0 MB globals, 12 P
gc 1795 @8.198s 5%: 0.10+0.52+0.16 ms clock, 1.2+0.86/0.78/0+2.0 ms cpu, 3->4->1 MB, 4 MB goal, 0 MB stacks, 0 MB globals, 12 P
gc 1796 @8.200s 5%: 0.10+0.94+0.14 ms clock, 1.3+0.66/0.92/0+1.7 ms cpu, 3->3->1 MB, 4 MB goal, 0 MB stacks, 0 MB globals, 12 P
gc 1797 @8.203s 5%: 0.14+0.47+0.070 ms clock, 1.7+0.70/0.96/0+0.84 ms cpu, 3->3->1 MB, 4 MB goal, 0 MB stacks, 0 MB globals, 12 P
gc 1798 @8.205s 5%: 0.068+1.3+0.065 ms clock, 0.81+0.42/0.74/0+0.78 ms cpu, 3->4->2 MB, 4 MB goal, 0 MB stacks, 0 MB globals, 12 P
gc 1799 @8.208s 5%: 0.11+0.60+0.044 ms clock, 1.4+0.86/0.79/0+0.53 ms cpu, 4->4->1 MB, 4 MB goal, 0 MB stacks, 0 MB globals, 12 P
gc 1800 @8.210s 5%: 0.087+0.91+0.041 ms clock, 1.0+0.74/1.0/0+0.49 ms cpu, 3->3->1 MB, 4 MB goal, 0 MB stacks, 0 MB globals, 12 P
gc 1801 @8.213s 5%: 0.13+0.60+0.10 ms clock, 1.6+0.85/0.80/0+1.2 ms cpu, 3->4->1 MB, 4 MB goal, 0 MB stacks, 0 MB globals, 12 P
gc 1802 @8.215s 5%: 0.079+0.65+0.14 ms clock, 0.95+0.73/0.90/0+1.7 ms cpu, 3->3->1 MB, 4 MB goal, 0 MB stacks, 0 MB globals, 12 P
gc 1803 @8.217s 5%: 0.12+0.64+0.11 ms clock, 1.4+0.78/0.83/0+1.3 ms cpu, 3->3->1 MB, 4 MB goal, 0 MB stacks, 0 MB globals, 12 P
gc 1804 @8.219s 5%: 0.17+1.0+0.076 ms clock, 2.1+0.79/0.82/0+0.92 ms cpu, 3->4->2 MB, 4 MB goal, 0 MB stacks, 0 MB globals, 12 P
gc 1805 @8.222s 5%: 0.067+1.4+0.080 ms clock, 0.81+0.71/1.0/0+0.96 ms cpu, 3->4->2 MB, 4 MB goal, 0 MB stacks, 0 MB globals, 12 P
gc 1806 @8.225s 5%: 0.13+0.60+0.14 ms clock, 1.6+0.80/0.80/0+1.6 ms cpu, 4->4->1 MB, 4 MB goal, 0 MB stacks, 0 MB globals, 12 P
gc 1807 @8.227s 5%: 0.11+0.89+0.087 ms clock, 1.3+0.62/0.84/0+1.0 ms cpu, 3->4->2 MB, 4 MB goal, 0 MB stacks, 0 MB globals, 12 P
gc 1808 @8.229s 5%: 0.089+0.99+0.061 ms clock, 1.0+0.80/0.91/0+0.73 ms cpu, 3->4->2 MB, 4 MB goal, 0 MB stacks, 0 MB globals, 12 P
gc 1809 @8.232s 5%: 0.10+0.53+0.11 ms clock, 1.2+0.80/0.85/0+1.3 ms cpu, 3->4->1 MB, 4 MB goal, 0 MB stacks, 0 MB globals, 12 P
gc 1810 @8.234s 5%: 0.12+0.62+0.079 ms clock, 1.4+0.74/0.85/0+0.95 ms cpu, 3->3->1 MB, 4 MB goal, 0 MB stacks, 0 MB globals, 12 P
gc 1811 @8.236s 5%: 0.10+0.80+0.10 ms clock, 1.3+0.73/0.99/0+1.2 ms cpu, 3->4->1 MB, 4 MB goal, 0 MB stacks, 0 MB globals, 12 P
gc 1812 @8.239s 5%: 0.12+1.0+0.061 ms clock, 1.4+0.73/0.83/0+0.73 ms cpu, 3->4->2 MB, 4 MB goal, 0 MB stacks, 0 MB globals, 12 P
gc 1813 @8.242s 5%: 0.13+0.73+0.074 ms clock, 1.6+0.83/0.72/0+0.88 ms cpu, 3->4->1 MB, 4 MB goal, 0 MB stacks, 0 MB globals, 12 P
gc 1814 @8.244s 5%: 0.072+0.66+0.13 ms clock, 0.87+0.80/0.96/0+1.6 ms cpu, 3->4->1 MB, 4 MB goal, 0 MB stacks, 0 MB globals, 12 P
gc 1815 @8.246s 5%: 0.059+0.74+0.071 ms clock, 0.70+0.81/0.91/0+0.86 ms cpu, 3->3->1 MB, 4 MB goal, 0 MB stacks, 0 MB globals, 12 P
gc 1816 @8.248s 5%: 0.11+0.76+0.067 ms clock, 1.3+0.67/0.91/0+0.81 ms cpu, 3->4->1 MB, 4 MB goal, 0 MB stacks, 0 MB globals, 12 P
gc 1817 @8.251s 5%: 0.095+0.51+0.13 ms clock, 1.1+0.66/0.92/0+1.5 ms cpu, 3->3->1 MB, 4 MB goal, 0 MB stacks, 0 MB globals, 12 P
gc 1818 @8.253s 5%: 0.11+0.87+0.032 ms clock, 1.4+0.68/0.95/0+0.38 ms cpu, 3->3->1 MB, 4 MB goal, 0 MB stacks, 0 MB globals, 12 P
gc 1819 @8.255s 5%: 0.093+0.54+0.078 ms clock, 1.1+0.77/0.88/0+0.94 ms cpu, 3->4->1 MB, 4 MB goal, 0 MB stacks, 0 MB globals, 12 P
gc 1820 @8.257s 5%: 0.12+0.55+0.099 ms clock, 1.5+0.58/0.64/0.10+1.1 ms cpu, 3->3->1 MB, 4 MB goal, 0 MB stacks, 0 MB globals, 12 P
gc 1821 @8.259s 5%: 0.13+0.94+0.089 ms clock, 1.5+0.59/0.89/0+1.0 ms cpu, 3->4->2 MB, 4 MB goal, 0 MB stacks, 0 MB globals, 12 P
gc 1822 @8.262s 5%: 0.11+0.56+0.094 ms clock, 1.3+0.94/0.79/0+1.1 ms cpu, 3->4->1 MB, 4 MB goal, 0 MB stacks, 0 MB globals, 12 P
gc 1823 @8.264s 5%: 0.14+1.0+0.10 ms clock, 1.6+0.70/0.87/0+1.2 ms cpu, 3->4->2 MB, 4 MB goal, 0 MB stacks, 0 MB globals, 12 P
gc 1824 @8.266s 5%: 0.10+1.0+0.085 ms clock, 1.3+0.80/0.81/0+1.0 ms cpu, 3->4->2 MB, 4 MB goal, 0 MB stacks, 0 MB globals, 12 P
gc 1825 @8.269s 5%: 0.053+0.65+0.10 ms clock, 0.64+0.80/0.90/0+1.2 ms cpu, 3->4->1 MB, 4 MB goal, 0 MB stacks, 0 MB globals, 12 P
gc 1826 @8.271s 5%: 0.10+1.0+0.025 ms clock, 1.2+0.81/0.81/0+0.31 ms cpu, 3->4->2 MB, 4 MB goal, 0 MB stacks, 0 MB globals, 12 P
gc 1827 @8.274s 5%: 0.12+0.46+0.14 ms clock, 1.5+0.76/0.86/0+1.7 ms cpu, 3->4->1 MB, 4 MB goal, 0 MB stacks, 0 MB globals, 12 P
gc 1828 @8.276s 5%: 0.084+0.80+0.070 ms clock, 1.0+0.63/0.90/0+0.84 ms cpu, 3->3->1 MB, 4 MB goal, 0 MB stacks, 0 MB globals, 12 P
gc 1829 @8.278s 5%: 0.078+1.1+0.054 ms clock, 0.94+0.74/0.89/0+0.65 ms cpu, 3->4->1 MB, 4 MB goal, 0 MB stacks, 0 MB globals, 12 P
gc 1830 @8.281s 5%: 0.089+0.84+0.087 ms clock, 1.0+0.64/0.98/0+1.0 ms cpu, 3->4->1 MB, 4 MB goal, 0 MB stacks, 0 MB globals, 12 P
gc 1831 @8.283s 5%: 0.10+0.88+0.081 ms clock, 1.2+0.78/0.98/0+0.97 ms cpu, 3->4->2 MB, 4 MB goal, 0 MB stacks, 0 MB globals, 12 P
gc 1832 @8.286s 5%: 0.12+0.97+0.074 ms clock, 1.4+0.84/0.84/0+0.89 ms cpu, 3->4->2 MB, 4 MB goal, 0 MB stacks, 0 MB globals, 12 P
gc 1833 @8.289s 5%: 0.072+0.63+0.099 ms clock, 0.87+0.59/0.89/0+1.1 ms cpu, 3->4->1 MB, 4 MB goal, 0 MB stacks, 0 MB globals, 12 P
gc 1834 @8.291s 5%: 0.10+0.56+0.086 ms clock, 1.2+0.83/0.92/0+1.0 ms cpu, 3->3->1 MB, 4 MB goal, 0 MB stacks, 0 MB globals, 12 P
gc 1835 @8.293s 5%: 0.092+0.68+0.064 ms clock, 1.1+0.71/0.83/0+0.76 ms cpu, 3->3->1 MB, 4 MB goal, 0 MB stacks, 0 MB globals, 12 P
gc 1836 @8.295s 5%: 0.12+1.2+0.035 ms clock, 1.4+0.77/0.81/0+0.42 ms cpu, 3->4->2 MB, 4 MB goal, 0 MB stacks, 0 MB globals, 12 P
gc 1837 @8.298s 5%: 0.14+0.84+0.076 ms clock, 1.7+0.66/0.91/0+0.92 ms cpu, 3->4->2 MB, 4 MB goal, 0 MB stacks, 0 MB globals, 12 P
gc 1838 @8.300s 5%: 0.10+0.61+0.085 ms clock, 1.2+0.67/0.94/0+1.0 ms cpu, 3->4->1 MB, 4 MB goal, 0 MB stacks, 0 MB globals, 12 P
gc 1839 @8.302s 5%: 0.12+0.46+0.12 ms clock, 1.4+0.77/0.78/0+1.4 ms cpu, 3->3->1 MB, 4 MB goal, 0 MB stacks, 0 MB globals, 12 P
gc 1840 @8.304s 5%: 0.12+0.68+0.086 ms clock, 1.5+0.56/0.83/0+1.0 ms cpu, 3->3->1 MB, 4 MB goal, 0 MB stacks, 0 MB globals, 12 P
gc 1841 @8.306s 5%: 0.075+0.57+0.060 ms clock, 0.91+0.69/0.92/0+0.72 ms cpu, 3->3->1 MB, 4 MB goal, 0 MB stacks, 0 MB globals, 12 P
gc 1842 @8.308s 5%: 0.083+0.61+0.061 ms clock, 1.0+0.52/0.97/0+0.74 ms cpu, 3->3->1 MB, 4 MB goal, 0 MB stacks, 0 MB globals, 12 P
gc 1843 @8.310s 5%: 0.12+0.54+0.10 ms clock, 1.4+0.75/0.87/0+1.2 ms cpu, 3->3->1 MB, 4 MB goal, 0 MB stacks, 0 MB globals, 12 P
gc 1844 @8.312s 5%: 0.11+0.69+0.16 ms clock, 1.3+0.76/0.88/0+2.0 ms cpu, 3->3->1 MB, 4 MB goal, 0 MB stacks, 0 MB globals, 12 P
gc 1845 @8.314s 5%: 0.12+0.58+0.070 ms clock, 1.4+0.74/0.99/0+0.84 ms cpu, 3->3->1 MB, 4 MB goal, 0 MB stacks, 0 MB globals, 12 P
gc 1846 @8.316s 5%: 0.091+0.56+0.070 ms clock, 1.1+0.78/0.85/0+0.84 ms cpu, 3->3->1 MB, 4 MB goal, 0 MB stacks, 0 MB globals, 12 P
gc 1847 @8.319s 5%: 0.093+0.97+0.065 ms clock, 1.1+0.70/0.91/0+0.78 ms cpu, 3->4->2 MB, 4 MB goal, 0 MB stacks, 0 MB globals, 12 P
gc 1848 @8.321s 5%: 0.084+0.49+0.12 ms clock, 1.0+0.74/0.87/0+1.4 ms cpu, 3->4->1 MB, 4 MB goal, 0 MB stacks, 0 MB globals, 12 P
gc 1849 @8.323s 5%: 0.12+0.90+0.042 ms clock, 1.4+0.70/0.82/0+0.50 ms cpu, 3->3->1 MB, 4 MB goal, 0 MB stacks, 0 MB globals, 12 P
gc 1850 @8.326s 5%: 0.12+1.0+0.047 ms clock, 1.5+0.76/0.82/0+0.56 ms cpu, 3->4->1 MB, 4 MB goal, 0 MB stacks, 0 MB globals, 12 P
gc 1851 @8.328s 5%: 0.11+0.61+0.093 ms clock, 1.4+0.76/0.78/0+1.1 ms cpu, 3->4->1 MB, 4 MB goal, 0 MB stacks, 0 MB globals, 12 P
gc 1852 @8.330s 5%: 0.11+0.74+0.059 ms clock, 1.3+0.66/0.96/0+0.71 ms cpu, 3->3->1 MB, 4 MB goal, 0 MB stacks, 0 MB globals, 12 P
gc 1853 @8.332s 5%: 0.094+0.96+0.078 ms clock, 1.1+0.65/0.94/0+0.93 ms cpu, 3->4->2 MB, 4 MB goal, 0 MB stacks, 0 MB globals, 12 P
gc 1854 @8.335s 5%: 0.098+0.82+0.068 ms clock, 1.1+0.81/0.92/0+0.82 ms cpu, 3->4->1 MB, 4 MB goal, 0 MB stacks, 0 MB globals, 12 P
gc 1855 @8.338s 5%: 0.13+0.76+0.14 ms clock, 1.6+0.67/0.98/0+1.7 ms cpu, 3->4->1 MB, 4 MB goal, 0 MB stacks, 0 MB globals, 12 P
gc 1856 @8.340s 5%: 0.15+0.53+0.072 ms clock, 1.8+0.75/0.87/0+0.86 ms cpu, 3->4->1 MB, 4 MB goal, 0 MB stacks, 0 MB globals, 12 P
gc 1857 @8.342s 5%: 0.096+0.56+0.067 ms clock, 1.1+0.68/0.96/0+0.80 ms cpu, 3->3->1 MB, 4 MB goal, 0 MB stacks, 0 MB globals, 12 P
gc 1858 @8.344s 5%: 0.068+0.52+0.052 ms clock, 0.82+0.72/0.84/0+0.62 ms cpu, 3->3->1 MB, 4 MB goal, 0 MB stacks, 0 MB globals, 12 P
gc 1859 @8.346s 5%: 0.11+0.96+0.081 ms clock, 1.4+0.71/0.94/0+0.97 ms cpu, 3->4->2 MB, 4 MB goal, 0 MB stacks, 0 MB globals, 12 P
gc 1860 @8.349s 5%: 0.10+1.0+0.062 ms clock, 1.2+0.78/0.81/0+0.74 ms cpu, 3->4->1 MB, 4 MB goal, 0 MB stacks, 0 MB globals, 12 P
gc 1861 @8.351s 5%: 0.072+0.87+0.13 ms clock, 0.86+0.60/0.90/0+1.6 ms cpu, 3->4->1 MB, 4 MB goal, 0 MB stacks, 0 MB globals, 12 P
gc 1862 @8.353s 5%: 0.10+0.50+0.079 ms clock, 1.2+0.74/0.83/0+0.95 ms cpu, 3->3->1 MB, 4 MB goal, 0 MB stacks, 0 MB globals, 12 P
gc 1863 @8.355s 5%: 0.082+0.82+0.13 ms clock, 0.98+0.82/0.88/0+1.6 ms cpu, 3->3->1 MB, 4 MB goal, 0 MB stacks, 0 MB globals, 12 P
gc 1864 @8.358s 5%: 0.11+1.0+0.074 ms clock, 1.3+0.71/0.87/0+0.89 ms cpu, 3->4->2 MB, 4 MB goal, 0 MB stacks, 0 MB globals, 12 P
gc 1865 @8.361s 5%: 0.049+0.56+0.057 ms clock, 0.59+0.51/0.99/0+0.69 ms cpu, 3->4->1 MB, 4 MB goal, 0 MB stacks, 0 MB globals, 12 P
gc 1866 @8.363s 5%: 0.10+0.78+0.004 ms clock, 1.2+0.57/0.82/0+0.056 ms cpu, 3->3->1 MB, 4 MB goal, 0 MB stacks, 0 MB globals, 12 P
gc 1867 @8.365s 5%: 0.11+0.79+0.089 ms clock, 1.3+0.78/0.82/0+1.0 ms cpu, 3->4->1 MB, 4 MB goal, 0 MB stacks, 0 MB globals, 12 P
gc 1868 @8.368s 5%: 0.076+0.59+0.098 ms clock, 0.91+0.52/0.90/0.012+1.1 ms cpu, 3->3->1 MB, 4 MB goal, 0 MB stacks, 0 MB globals, 12 P
gc 1869 @8.370s 5%: 0.12+0.64+0.068 ms clock, 1.5+0.78/0.91/0+0.82 ms cpu, 3->3->1 MB, 4 MB goal, 0 MB stacks, 0 MB globals, 12 P
gc 1870 @8.372s 5%: 0.092+0.58+0.064 ms clock, 1.1+0.65/0.96/0+0.77 ms cpu, 3->3->1 MB, 4 MB goal, 0 MB stacks, 0 MB globals, 12 P
gc 1871 @8.374s 5%: 0.11+0.73+0.10 ms clock, 1.3+0.74/0.81/0+1.2 ms cpu, 3->3->1 MB, 4 MB goal, 0 MB stacks, 0 MB globals, 12 P
gc 1872 @8.376s 5%: 0.10+0.49+0.079 ms clock, 1.2+0.67/0.96/0+0.95 ms cpu, 3->3->1 MB, 4 MB goal, 0 MB stacks, 0 MB globals, 12 P
gc 1873 @8.378s 5%: 0.094+0.52+0.078 ms clock, 1.1+0.64/0.98/0+0.94 ms cpu, 3->3->1 MB, 4 MB goal, 0 MB stacks, 0 MB globals, 12 P
gc 1874 @8.380s 5%: 0.079+0.67+0.10 ms clock, 0.95+0.83/0.97/0+1.2 ms cpu, 3->3->1 MB, 4 MB goal, 0 MB stacks, 0 MB globals, 12 P
gc 1875 @8.382s 5%: 0.10+0.87+0.10 ms clock, 1.3+0.66/0.85/0+1.2 ms cpu, 3->3->1 MB, 4 MB goal, 0 MB stacks, 0 MB globals, 12 P
gc 1876 @8.384s 5%: 0.12+0.67+0.069 ms clock, 1.4+0.72/0.90/0+0.83 ms cpu, 3->4->1 MB, 4 MB goal, 0 MB stacks, 0 MB globals, 12 P
gc 1877 @8.387s 5%: 0.10+0.53+0.095 ms clock, 1.2+0.80/0.83/0+1.1 ms cpu, 3->3->1 MB, 4 MB goal, 0 MB stacks, 0 MB globals, 12 P
gc 1878 @8.389s 5%: 0.12+0.83+0.056 ms clock, 1.4+0.71/0.85/0+0.67 ms cpu, 3->4->2 MB, 4 MB goal, 0 MB stacks, 0 MB globals, 12 P
gc 1879 @8.391s 5%: 0.12+0.65+0.070 ms clock, 1.5+0.85/0.83/0+0.84 ms cpu, 3->4->1 MB, 4 MB goal, 0 MB stacks, 0 MB globals, 12 P
gc 1880 @8.393s 5%: 0.092+0.82+0.081 ms clock, 1.1+0.70/0.86/0+0.97 ms cpu, 3->3->1 MB, 4 MB goal, 0 MB stacks, 0 MB globals, 12 P
gc 1881 @8.396s 5%: 0.076+0.74+0.17 ms clock, 0.92+0.80/0.80/0+2.0 ms cpu, 3->4->1 MB, 4 MB goal, 0 MB stacks, 0 MB globals, 12 P
gc 1882 @8.398s 5%: 0.11+0.48+0.078 ms clock, 1.3+0.73/0.84/0+0.93 ms cpu, 3->3->1 MB, 4 MB goal, 0 MB stacks, 0 MB globals, 12 P
gc 1883 @8.400s 5%: 0.088+0.61+0.061 ms clock, 1.0+0.77/0.82/0+0.73 ms cpu, 3->3->1 MB, 4 MB goal, 0 MB stacks, 0 MB globals, 12 P
gc 1884 @8.402s 5%: 0.11+0.48+0.093 ms clock, 1.3+0.68/0.91/0+1.1 ms cpu, 3->3->1 MB, 4 MB goal, 0 MB stacks, 0 MB globals, 12 P
gc 1885 @8.404s 5%: 0.11+0.61+0.067 ms clock, 1.4+0.73/0.91/0+0.80 ms cpu, 3->3->1 MB, 4 MB goal, 0 MB stacks, 0 MB globals, 12 P
gc 1886 @8.406s 5%: 0.10+1.0+0.12 ms clock, 1.3+0.83/0.87/0+1.4 ms cpu, 3->4->2 MB, 4 MB goal, 0 MB stacks, 0 MB globals, 12 P
gc 1887 @8.409s 5%: 0.12+0.53+0.11 ms clock, 1.4+0.88/0.84/0+1.4 ms cpu, 4->4->1 MB, 4 MB goal, 0 MB stacks, 0 MB globals, 12 P
gc 1888 @8.411s 5%: 0.10+0.57+0.13 ms clock, 1.2+0.70/0.97/0+1.5 ms cpu, 3->3->1 MB, 4 MB goal, 0 MB stacks, 0 MB globals, 12 P
gc 1889 @8.413s 5%: 0.095+0.51+0.18 ms clock, 1.1+0.59/0.84/0+2.1 ms cpu, 3->3->1 MB, 4 MB goal, 0 MB stacks, 0 MB globals, 12 P
gc 1890 @8.415s 5%: 0.10+0.82+0.11 ms clock, 1.2+0.74/0.80/0+1.4 ms cpu, 3->3->1 MB, 4 MB goal, 0 MB stacks, 0 MB globals, 12 P
gc 1891 @8.417s 5%: 0.099+0.86+0.13 ms clock, 1.1+0.85/0.79/0+1.5 ms cpu, 3->4->1 MB, 4 MB goal, 0 MB stacks, 0 MB globals, 12 P
gc 1892 @8.419s 5%: 0.095+0.78+0.096 ms clock, 1.1+0.65/0.88/0+1.1 ms cpu, 3->4->1 MB, 4 MB goal, 0 MB stacks, 0 MB globals, 12 P
gc 1893 @8.422s 5%: 0.13+0.62+0.14 ms clock, 1.5+0.63/0.96/0+1.7 ms cpu, 3->4->1 MB, 4 MB goal, 0 MB stacks, 0 MB globals, 12 P
gc 1894 @8.424s 5%: 0.10+0.59+0.075 ms clock, 1.2+0.76/0.86/0+0.90 ms cpu, 3->3->1 MB, 4 MB goal, 0 MB stacks, 0 MB globals, 12 P
gc 1895 @8.426s 5%: 0.14+1.0+0.074 ms clock, 1.7+0.78/0.74/0+0.89 ms cpu, 3->4->2 MB, 4 MB goal, 0 MB stacks, 0 MB globals, 12 P
gc 1896 @8.429s 5%: 0.17+0.65+0.076 ms clock, 2.1+0.75/0.87/0+0.92 ms cpu, 4->4->1 MB, 4 MB goal, 0 MB stacks, 0 MB globals, 12 P
gc 1897 @8.431s 5%: 0.13+0.99+0.084 ms clock, 1.6+0.82/0.94/0+1.0 ms cpu, 3->4->2 MB, 4 MB goal, 0 MB stacks, 0 MB globals, 12 P
gc 1898 @8.434s 5%: 0.12+0.82+0.079 ms clock, 1.5+0.75/0.92/0+0.94 ms cpu, 3->4->1 MB, 4 MB goal, 0 MB stacks, 0 MB globals, 12 P
gc 1899 @8.436s 5%: 0.13+0.59+0.087 ms clock, 1.6+0.75/0.78/0+1.0 ms cpu, 3->4->1 MB, 4 MB goal, 0 MB stacks, 0 MB globals, 12 P
gc 1900 @8.438s 5%: 0.099+0.66+0.074 ms clock, 1.1+0.72/0.88/0+0.88 ms cpu, 3->3->1 MB, 4 MB goal, 0 MB stacks, 0 MB globals, 12 P
gc 1901 @8.440s 5%: 0.070+0.78+0.036 ms clock, 0.84+1.2/0.91/0+0.43 ms cpu, 3->3->1 MB, 4 MB goal, 0 MB stacks, 0 MB globals, 12 P
gc 1902 @8.442s 5%: 0.12+1.6+0.084 ms clock, 1.5+0.80/0.68/0+1.0 ms cpu, 3->4->2 MB, 4 MB goal, 0 MB stacks, 0 MB globals, 12 P
gc 1903 @8.446s 5%: 0.061+0.83+0.11 ms clock, 0.73+1.2/1.0/0+1.3 ms cpu, 4->4->1 MB, 5 MB goal, 0 MB stacks, 0 MB globals, 12 P
gc 1904 @8.448s 5%: 0.14+0.59+0.12 ms clock, 1.7+0.85/0.85/0+1.4 ms cpu, 3->4->1 MB, 4 MB goal, 0 MB stacks, 0 MB globals, 12 P
gc 1905 @8.450s 5%: 0.14+0.48+0.080 ms clock, 1.7+0.70/0.76/0+0.96 ms cpu, 3->3->1 MB, 4 MB goal, 0 MB stacks, 0 MB globals, 12 P
gc 1906 @8.452s 5%: 0.11+0.66+0.064 ms clock, 1.4+0.80/0.78/0+0.76 ms cpu, 3->3->1 MB, 4 MB goal, 0 MB stacks, 0 MB globals, 12 P
gc 1907 @8.454s 5%: 0.12+0.74+0.078 ms clock, 1.5+0.90/0.84/0+0.93 ms cpu, 3->3->1 MB, 4 MB goal, 0 MB stacks, 0 MB globals, 12 P
gc 1908 @8.457s 5%: 0.14+0.65+0.099 ms clock, 1.7+0.80/0.86/0+1.1 ms cpu, 3->4->1 MB, 4 MB goal, 0 MB stacks, 0 MB globals, 12 P
gc 1909 @8.459s 5%: 0.13+0.67+0.14 ms clock, 1.6+0.63/0.98/0+1.7 ms cpu, 3->3->1 MB, 4 MB goal, 0 MB stacks, 0 MB globals, 12 P
gc 1910 @8.461s 5%: 0.13+0.55+0.094 ms clock, 1.5+0.58/0.96/0+1.1 ms cpu, 3->3->1 MB, 4 MB goal, 0 MB stacks, 0 MB globals, 12 P
gc 1911 @8.463s 5%: 0.073+0.85+0.048 ms clock, 0.88+0.89/0.70/0+0.57 ms cpu, 3->3->1 MB, 4 MB goal, 0 MB stacks, 0 MB globals, 12 P
gc 1912 @8.465s 5%: 0.083+0.48+0.12 ms clock, 1.0+0.68/0.96/0+1.5 ms cpu, 3->3->1 MB, 4 MB goal, 0 MB stacks, 0 MB globals, 12 P
gc 1913 @8.467s 5%: 0.14+0.89+0.11 ms clock, 1.7+0.72/1.0/0+1.3 ms cpu, 3->3->2 MB, 4 MB goal, 0 MB stacks, 0 MB globals, 12 P
gc 1914 @8.470s 5%: 0.083+0.49+0.066 ms clock, 1.0+0.76/0.83/0+0.80 ms cpu, 3->4->1 MB, 4 MB goal, 0 MB stacks, 0 MB globals, 12 P
gc 1915 @8.472s 5%: 0.10+1.1+0.077 ms clock, 1.2+0.77/0.90/0+0.92 ms cpu, 3->4->2 MB, 4 MB goal, 0 MB stacks, 0 MB globals, 12 P
gc 1916 @8.474s 5%: 0.095+0.61+0.090 ms clock, 1.1+0.68/0.90/0+1.0 ms cpu, 3->4->1 MB, 4 MB goal, 0 MB stacks, 0 MB globals, 12 P
gc 1917 @8.476s 5%: 0.12+0.67+0.095 ms clock, 1.5+0.77/0.73/0+1.1 ms cpu, 3->3->1 MB, 4 MB goal, 0 MB stacks, 0 MB globals, 12 P
gc 1918 @8.479s 5%: 0.10+1.0+0.063 ms clock, 1.3+0.77/0.92/0+0.76 ms cpu, 3->4->2 MB, 4 MB goal, 0 MB stacks, 0 MB globals, 12 P
gc 1919 @8.481s 5%: 0.13+1.0+0.075 ms clock, 1.6+0.78/0.95/0+0.90 ms cpu, 3->4->2 MB, 4 MB goal, 0 MB stacks, 0 MB globals, 12 P
gc 1920 @8.484s 5%: 0.10+1.2+0.078 ms clock, 1.2+0.69/0.87/0+0.93 ms cpu, 3->4->2 MB, 4 MB goal, 0 MB stacks, 0 MB globals, 12 P
gc 1921 @8.487s 5%: 0.11+0.75+0.087 ms clock, 1.3+0.65/0.93/0+1.0 ms cpu, 3->4->1 MB, 4 MB goal, 0 MB stacks, 0 MB globals, 12 P
gc 1922 @8.489s 5%: 0.10+0.66+0.047 ms clock, 1.2+0.68/0.89/0+0.57 ms cpu, 3->4->1 MB, 4 MB goal, 0 MB stacks, 0 MB globals, 12 P
gc 1923 @8.491s 5%: 0.13+0.90+0.061 ms clock, 1.6+0.90/0.77/0+0.73 ms cpu, 3->4->1 MB, 4 MB goal, 0 MB stacks, 0 MB globals, 12 P
gc 1924 @8.494s 5%: 0.087+1.1+0.059 ms clock, 1.0+0.60/0.92/0+0.71 ms cpu, 3->4->2 MB, 4 MB goal, 0 MB stacks, 0 MB globals, 12 P
gc 1925 @8.497s 5%: 0.13+0.67+0.12 ms clock, 1.5+0.85/0.92/0+1.5 ms cpu, 3->4->1 MB, 4 MB goal, 0 MB stacks, 0 MB globals, 12 P
gc 1926 @8.499s 5%: 0.10+0.89+0.095 ms clock, 1.3+0.68/0.93/0+1.1 ms cpu, 3->4->1 MB, 4 MB goal, 0 MB stacks, 0 MB globals, 12 P
gc 1927 @8.502s 5%: 0.10+1.1+0.094 ms clock, 1.2+0.80/1.6/0+1.1 ms cpu, 3->4->2 MB, 4 MB goal, 0 MB stacks, 0 MB globals, 12 P
gc 1928 @8.504s 5%: 0.13+0.54+0.072 ms clock, 1.6+0.64/0.80/0+0.87 ms cpu, 3->4->1 MB, 4 MB goal, 0 MB stacks, 0 MB globals, 12 P
gc 1929 @8.506s 5%: 0.11+1.1+0.060 ms clock, 1.3+0.69/1.0/0.022+0.72 ms cpu, 3->4->2 MB, 4 MB goal, 0 MB stacks, 0 MB globals, 12 P
gc 1930 @8.509s 5%: 0.11+0.45+0.096 ms clock, 1.3+0.70/0.85/0+1.1 ms cpu, 3->4->1 MB, 4 MB goal, 0 MB stacks, 0 MB globals, 12 P
gc 1931 @8.511s 5%: 0.11+0.53+0.064 ms clock, 1.3+0.85/0.80/0+0.77 ms cpu, 3->3->1 MB, 4 MB goal, 0 MB stacks, 0 MB globals, 12 P
gc 1932 @8.513s 5%: 0.072+0.60+0.088 ms clock, 0.86+0.87/0.86/0+1.0 ms cpu, 3->3->1 MB, 4 MB goal, 0 MB stacks, 0 MB globals, 12 P
gc 1933 @8.515s 5%: 0.078+0.48+0.12 ms clock, 0.93+0.77/0.79/0+1.4 ms cpu, 3->3->1 MB, 4 MB goal, 0 MB stacks, 0 MB globals, 12 P
gc 1934 @8.517s 5%: 0.099+1.1+0.044 ms clock, 1.1+0.73/0.80/0+0.52 ms cpu, 3->4->2 MB, 4 MB goal, 0 MB stacks, 0 MB globals, 12 P
gc 1935 @8.520s 5%: 0.091+0.69+0.10 ms clock, 1.1+0.51/0.93/0+1.2 ms cpu, 3->4->1 MB, 4 MB goal, 0 MB stacks, 0 MB globals, 12 P
gc 1936 @8.522s 5%: 0.10+0.65+0.10 ms clock, 1.2+0.70/0.94/0+1.2 ms cpu, 3->3->1 MB, 4 MB goal, 0 MB stacks, 0 MB globals, 12 P
gc 1937 @8.524s 5%: 0.087+0.63+0.064 ms clock, 1.0+0.60/1.0/0+0.77 ms cpu, 3->3->1 MB, 4 MB goal, 0 MB stacks, 0 MB globals, 12 P
gc 1938 @8.526s 5%: 0.10+0.62+0.076 ms clock, 1.2+0.75/0.97/0+0.91 ms cpu, 3->3->1 MB, 4 MB goal, 0 MB stacks, 0 MB globals, 12 P
gc 1939 @8.528s 5%: 0.069+0.94+0.027 ms clock, 0.83+0.86/0.75/0+0.32 ms cpu, 3->3->1 MB, 4 MB goal, 0 MB stacks, 0 MB globals, 12 P
gc 1940 @8.530s 5%: 0.085+0.57+0.066 ms clock, 1.0+0.67/0.92/0+0.80 ms cpu, 3->3->1 MB, 4 MB goal, 0 MB stacks, 0 MB globals, 12 P
gc 1941 @8.533s 5%: 0.084+0.50+0.13 ms clock, 1.0+0.71/0.86/0+1.5 ms cpu, 3->3->1 MB, 4 MB goal, 0 MB stacks, 0 MB globals, 12 P
gc 1942 @8.535s 5%: 0.12+0.98+0.071 ms clock, 1.4+0.68/0.86/0+0.85 ms cpu, 3->4->1 MB, 4 MB goal, 0 MB stacks, 0 MB globals, 12 P
gc 1943 @8.537s 5%: 0.19+1.1+0.060 ms clock, 2.3+0.61/0.89/0+0.72 ms cpu, 3->4->2 MB, 4 MB goal, 0 MB stacks, 0 MB globals, 12 P
gc 1944 @8.540s 5%: 0.073+0.53+0.099 ms clock, 0.87+0.70/0.82/0+1.1 ms cpu, 3->4->1 MB, 4 MB goal, 0 MB stacks, 0 MB globals, 12 P
gc 1945 @8.542s 5%: 0.11+0.71+0.11 ms clock, 1.4+0.66/0.84/0+1.4 ms cpu, 3->3->1 MB, 4 MB goal, 0 MB stacks, 0 MB globals, 12 P
gc 1946 @8.544s 5%: 0.099+0.55+0.071 ms clock, 1.1+0.69/0.95/0+0.85 ms cpu, 3->4->1 MB, 4 MB goal, 0 MB stacks, 0 MB globals, 12 P
gc 1947 @8.546s 5%: 0.089+0.79+0.043 ms clock, 1.0+0.72/0.86/0+0.51 ms cpu, 3->3->1 MB, 4 MB goal, 0 MB stacks, 0 MB globals, 12 P
gc 1948 @8.549s 5%: 0.094+0.56+0.080 ms clock, 1.1+0.63/0.88/0+0.96 ms cpu, 3->3->1 MB, 4 MB goal, 0 MB stacks, 0 MB globals, 12 P
gc 1949 @8.551s 5%: 0.083+0.77+0.063 ms clock, 1.0+1.0/0.90/0+0.76 ms cpu, 3->3->1 MB, 4 MB goal, 0 MB stacks, 0 MB globals, 12 P
gc 1950 @8.553s 5%: 0.10+0.47+0.062 ms clock, 1.2+0.68/0.91/0+0.75 ms cpu, 3->3->1 MB, 4 MB goal, 0 MB stacks, 0 MB globals, 12 P
gc 1951 @8.555s 5%: 0.11+1.0+0.059 ms clock, 1.3+0.83/0.80/0+0.71 ms cpu, 3->4->2 MB, 4 MB goal, 0 MB stacks, 0 MB globals, 12 P
gc 1952 @8.557s 5%: 0.12+0.47+0.079 ms clock, 1.4+0.75/0.79/0+0.95 ms cpu, 3->4->1 MB, 4 MB goal, 0 MB stacks, 0 MB globals, 12 P
gc 1953 @8.559s 5%: 0.099+0.57+0.10 ms clock, 1.1+0.64/0.91/0+1.3 ms cpu, 3->3->1 MB, 4 MB goal, 0 MB stacks, 0 MB globals, 12 P
gc 1954 @8.561s 5%: 0.11+0.91+0.086 ms clock, 1.3+0.85/0.68/0+1.0 ms cpu, 3->3->1 MB, 4 MB goal, 0 MB stacks, 0 MB globals, 12 P
gc 1955 @8.564s 5%: 0.16+1.0+0.049 ms clock, 1.9+0.78/0.77/0+0.59 ms cpu, 3->4->1 MB, 4 MB goal, 0 MB stacks, 0 MB globals, 12 P
gc 1956 @8.566s 5%: 0.10+1.0+0.045 ms clock, 1.2+0.81/0.84/0+0.54 ms cpu, 3->4->2 MB, 4 MB goal, 0 MB stacks, 0 MB globals, 12 P
gc 1957 @8.569s 5%: 0.10+0.68+0.084 ms clock, 1.2+0.59/0.82/0+1.0 ms cpu, 3->4->1 MB, 4 MB goal, 0 MB stacks, 0 MB globals, 12 P
gc 1958 @8.571s 5%: 0.13+0.72+0.085 ms clock, 1.6+0.54/0.86/0+1.0 ms cpu, 3->3->1 MB, 4 MB goal, 0 MB stacks, 0 MB globals, 12 P
gc 1959 @8.574s 5%: 0.093+0.67+0.13 ms clock, 1.1+0.74/0.92/0+1.6 ms cpu, 3->3->1 MB, 4 MB goal, 0 MB stacks, 0 MB globals, 12 P
gc 1960 @8.576s 5%: 0.15+0.86+0.080 ms clock, 1.8+0.69/0.83/0+0.96 ms cpu, 3->3->1 MB, 4 MB goal, 0 MB stacks, 0 MB globals, 12 P
gc 1961 @8.578s 5%: 0.10+0.70+0.081 ms clock, 1.2+0.67/0.91/0+0.97 ms cpu, 3->4->1 MB, 4 MB goal, 0 MB stacks, 0 MB globals, 12 P
gc 1962 @8.580s 5%: 0.073+0.50+0.12 ms clock, 0.88+0.88/0.77/0+1.4 ms cpu, 3->3->1 MB, 4 MB goal, 0 MB stacks, 0 MB globals, 12 P
gc 1963 @8.582s 5%: 0.16+0.97+0.018 ms clock, 1.9+0.61/1.0/0+0.21 ms cpu, 3->3->1 MB, 4 MB goal, 0 MB stacks, 0 MB globals, 12 P
gc 1964 @8.585s 5%: 0.17+0.89+0.024 ms clock, 2.0+0.76/0.79/0+0.29 ms cpu, 3->4->1 MB, 4 MB goal, 0 MB stacks, 0 MB globals, 12 P
gc 1965 @8.587s 5%: 0.11+0.91+0.071 ms clock, 1.4+0.60/0.88/0+0.85 ms cpu, 3->4->2 MB, 4 MB goal, 0 MB stacks, 0 MB globals, 12 P
gc 1966 @8.590s 5%: 0.12+0.65+0.081 ms clock, 1.4+0.95/0.78/0+0.97 ms cpu, 3->4->1 MB, 4 MB goal, 0 MB stacks, 0 MB globals, 12 P
gc 1967 @8.592s 5%: 0.095+0.56+0.068 ms clock, 1.1+0.66/0.86/0+0.82 ms cpu, 3->3->1 MB, 4 MB goal, 0 MB stacks, 0 MB globals, 12 P
gc 1968 @8.594s 5%: 0.084+0.56+0.062 ms clock, 1.0+0.74/0.87/0+0.74 ms cpu, 3->3->1 MB, 4 MB goal, 0 MB stacks, 0 MB globals, 12 P
gc 1969 @8.596s 5%: 0.11+0.81+0.093 ms clock, 1.3+0.76/0.83/0+1.1 ms cpu, 3->3->1 MB, 4 MB goal, 0 MB stacks, 0 MB globals, 12 P
gc 1970 @8.598s 5%: 0.080+0.50+0.066 ms clock, 0.96+0.66/0.84/0+0.79 ms cpu, 3->3->1 MB, 4 MB goal, 0 MB stacks, 0 MB globals, 12 P
gc 1971 @8.600s 5%: 0.10+0.45+0.084 ms clock, 1.2+0.71/0.81/0+1.0 ms cpu, 3->3->1 MB, 4 MB goal, 0 MB stacks, 0 MB globals, 12 P
gc 1972 @8.602s 5%: 0.13+0.97+0.099 ms clock, 1.5+0.63/0.96/0+1.1 ms cpu, 3->4->2 MB, 4 MB goal, 0 MB stacks, 0 MB globals, 12 P
gc 1973 @8.605s 5%: 0.14+0.76+0.097 ms clock, 1.7+0.69/0.84/0+1.1 ms cpu, 3->4->1 MB, 4 MB goal, 0 MB stacks, 0 MB globals, 12 P
gc 1974 @8.607s 5%: 0.10+0.57+0.10 ms clock, 1.3+0.88/0.79/0+1.2 ms cpu, 3->3->1 MB, 4 MB goal, 0 MB stacks, 0 MB globals, 12 P
gc 1975 @8.610s 5%: 0.11+0.42+0.089 ms clock, 1.4+0.75/0.78/0+1.0 ms cpu, 3->3->1 MB, 4 MB goal, 0 MB stacks, 0 MB globals, 12 P
gc 1976 @8.611s 5%: 0.14+0.66+0.13 ms clock, 1.7+0.73/0.93/0+1.6 ms cpu, 3->3->1 MB, 4 MB goal, 0 MB stacks, 0 MB globals, 12 P
gc 1977 @8.614s 5%: 0.11+0.94+0.080 ms clock, 1.3+0.61/0.95/0.006+0.96 ms cpu, 3->4->1 MB, 4 MB goal, 0 MB stacks, 0 MB globals, 12 P
gc 1978 @8.616s 5%: 0.12+0.51+0.086 ms clock, 1.5+0.74/0.85/0+1.0 ms cpu, 3->4->1 MB, 4 MB goal, 0 MB stacks, 0 MB globals, 12 P
gc 1979 @8.618s 5%: 0.12+0.54+0.091 ms clock, 1.5+0.69/0.90/0+1.0 ms cpu, 3->3->1 MB, 4 MB goal, 0 MB stacks, 0 MB globals, 12 P
gc 1980 @8.620s 5%: 0.11+1.4+0.026 ms clock, 1.4+0.93/0.76/0+0.31 ms cpu, 3->4->2 MB, 4 MB goal, 0 MB stacks, 0 MB globals, 12 P
gc 1981 @8.623s 5%: 0.096+1.1+0.081 ms clock, 1.1+0.86/0.77/0+0.98 ms cpu, 3->4->2 MB, 4 MB goal, 0 MB stacks, 0 MB globals, 12 P
gc 1982 @8.626s 5%: 0.089+0.55+0.10 ms clock, 1.0+0.70/0.83/0+1.2 ms cpu, 3->4->1 MB, 4 MB goal, 0 MB stacks, 0 MB globals, 12 P
gc 1983 @8.628s 5%: 0.18+0.97+0.077 ms clock, 2.1+0.83/0.84/0+0.92 ms cpu, 3->3->1 MB, 4 MB goal, 0 MB stacks, 0 MB globals, 12 P
gc 1984 @8.630s 5%: 0.10+0.79+0.058 ms clock, 1.2+0.79/0.80/0+0.69 ms cpu, 3->4->1 MB, 4 MB goal, 0 MB stacks, 0 MB globals, 12 P
gc 1985 @8.632s 5%: 0.15+0.64+0.088 ms clock, 1.8+0.75/0.81/0+1.0 ms cpu, 3->4->1 MB, 4 MB goal, 0 MB stacks, 0 MB globals, 12 P
gc 1986 @8.635s 5%: 0.11+0.51+0.073 ms clock, 1.3+0.83/0.79/0+0.87 ms cpu, 3->3->1 MB, 4 MB goal, 0 MB stacks, 0 MB globals, 12 P
gc 1987 @8.637s 5%: 0.090+0.83+0.076 ms clock, 1.0+0.71/0.80/0+0.91 ms cpu, 3->3->1 MB, 4 MB goal, 0 MB stacks, 0 MB globals, 12 P
gc 1988 @8.639s 5%: 0.10+0.47+0.11 ms clock, 1.2+0.82/0.80/0+1.3 ms cpu, 3->3->1 MB, 4 MB goal, 0 MB stacks, 0 MB globals, 12 P
gc 1989 @8.641s 5%: 0.075+1.2+0.064 ms clock, 0.90+0.77/0.78/0+0.77 ms cpu, 3->4->2 MB, 4 MB goal, 0 MB stacks, 0 MB globals, 12 P
gc 1990 @8.644s 5%: 0.12+0.56+0.068 ms clock, 1.4+0.63/0.92/0+0.81 ms cpu, 3->4->1 MB, 4 MB goal, 0 MB stacks, 0 MB globals, 12 P
gc 1991 @8.646s 5%: 0.13+0.60+0.11 ms clock, 1.6+0.66/0.91/0+1.3 ms cpu, 3->3->1 MB, 4 MB goal, 0 MB stacks, 0 MB globals, 12 P
gc 1992 @8.648s 5%: 0.13+0.87+0.078 ms clock, 1.5+0.88/0.79/0+0.94 ms cpu, 3->4->1 MB, 4 MB goal, 0 MB stacks, 0 MB globals, 12 P
gc 1993 @8.650s 5%: 0.078+0.85+0.085 ms clock, 0.94+0.52/0.94/0+1.0 ms cpu, 3->4->1 MB, 4 MB goal, 0 MB stacks, 0 MB globals, 12 P
gc 1994 @8.653s 5%: 0.081+0.75+0.081 ms clock, 0.97+0.73/0.85/0+0.97 ms cpu, 3->4->1 MB, 4 MB goal, 0 MB stacks, 0 MB globals, 12 P
gc 1995 @8.655s 5%: 0.072+0.52+0.10 ms clock, 0.86+0.75/0.86/0+1.2 ms cpu, 3->3->1 MB, 4 MB goal, 0 MB stacks, 0 MB globals, 12 P
gc 1996 @8.657s 5%: 0.15+0.96+0.047 ms clock, 1.8+0.65/0.77/0+0.57 ms cpu, 3->3->1 MB, 4 MB goal, 0 MB stacks, 0 MB globals, 12 P
gc 1997 @8.659s 5%: 0.13+0.53+0.052 ms clock, 1.6+0.73/0.92/0+0.63 ms cpu, 3->3->1 MB, 4 MB goal, 0 MB stacks, 0 MB globals, 12 P
gc 1998 @8.661s 5%: 0.15+0.63+0.067 ms clock, 1.8+0.73/0.85/0+0.80 ms cpu, 3->3->1 MB, 4 MB goal, 0 MB stacks, 0 MB globals, 12 P
gc 1999 @8.663s 5%: 0.10+0.75+0.10 ms clock, 1.2+0.67/0.82/0+1.3 ms cpu, 3->3->1 MB, 4 MB goal, 0 MB stacks, 0 MB globals, 12 P
gc 2000 @8.665s 5%: 0.090+0.70+0.080 ms clock, 1.0+0.77/0.81/0+0.96 ms cpu, 3->4->1 MB, 4 MB goal, 0 MB stacks, 0 MB globals, 12 P
gc 2001 @8.667s 5%: 0.097+0.69+0.11 ms clock, 1.1+0.81/0.82/0+1.3 ms cpu, 3->4->1 MB, 4 MB goal, 0 MB stacks, 0 MB globals, 12 P
gc 2002 @8.670s 5%: 0.11+0.81+0.075 ms clock, 1.3+0.90/0.79/0+0.91 ms cpu, 3->4->1 MB, 4 MB goal, 0 MB stacks, 0 MB globals, 12 P
gc 2003 @8.672s 5%: 0.10+0.60+0.074 ms clock, 1.2+0.86/0.81/0+0.89 ms cpu, 3->4->1 MB, 4 MB goal, 0 MB stacks, 0 MB globals, 12 P
gc 2004 @8.674s 5%: 0.082+0.66+0.093 ms clock, 0.99+0.60/0.85/0+1.1 ms cpu, 3->3->1 MB, 4 MB goal, 0 MB stacks, 0 MB globals, 12 P
gc 2005 @8.676s 5%: 0.089+0.80+0.038 ms clock, 1.0+0.68/1.0/0+0.45 ms cpu, 3->4->1 MB, 4 MB goal, 0 MB stacks, 0 MB globals, 12 P
gc 2006 @8.679s 5%: 0.10+1.2+0.082 ms clock, 1.2+0.70/1.0/0+0.99 ms cpu, 3->4->2 MB, 4 MB goal, 0 MB stacks, 0 MB globals, 12 P
gc 2007 @8.682s 5%: 0.10+0.55+0.10 ms clock, 1.2+0.99/0.86/0+1.2 ms cpu, 3->4->1 MB, 4 MB goal, 0 MB stacks, 0 MB globals, 12 P
gc 2008 @8.684s 5%: 0.14+0.81+0.076 ms clock, 1.7+0.78/0.77/0+0.91 ms cpu, 3->3->1 MB, 4 MB goal, 0 MB stacks, 0 MB globals, 12 P
gc 2009 @8.686s 5%: 0.10+0.96+0.083 ms clock, 1.3+0.74/0.76/0+1.0 ms cpu, 3->4->2 MB, 4 MB goal, 0 MB stacks, 0 MB globals, 12 P
gc 2010 @8.689s 5%: 0.083+0.82+0.12 ms clock, 0.99+0.76/0.99/0+1.4 ms cpu, 3->4->1 MB, 4 MB goal, 0 MB stacks, 0 MB globals, 12 P
gc 2011 @8.691s 5%: 0.10+1.1+0.075 ms clock, 1.2+0.76/0.88/0+0.90 ms cpu, 3->4->2 MB, 4 MB goal, 0 MB stacks, 0 MB globals, 12 P
gc 2012 @8.694s 5%: 0.097+0.97+0.10 ms clock, 1.1+0.62/0.87/0+1.2 ms cpu, 4->4->2 MB, 4 MB goal, 0 MB stacks, 0 MB globals, 12 P
gc 2013 @8.697s 5%: 0.11+0.85+0.078 ms clock, 1.3+0.74/0.85/0.027+0.93 ms cpu, 3->4->1 MB, 4 MB goal, 0 MB stacks, 0 MB globals, 12 P
gc 2014 @8.699s 5%: 0.098+0.56+0.078 ms clock, 1.1+0.73/0.89/0+0.93 ms cpu, 3->4->1 MB, 4 MB goal, 0 MB stacks, 0 MB globals, 12 P
gc 2015 @8.701s 5%: 0.092+0.88+0.20 ms clock, 1.1+0.76/0.76/0+2.4 ms cpu, 3->4->2 MB, 4 MB goal, 0 MB stacks, 0 MB globals, 12 P
gc 2016 @8.704s 5%: 0.10+0.78+0.17 ms clock, 1.2+0.65/0.88/0+2.1 ms cpu, 3->4->2 MB, 4 MB goal, 0 MB stacks, 0 MB globals, 12 P
gc 2017 @8.707s 5%: 0.082+1.0+0.066 ms clock, 0.98+0.80/0.81/0+0.79 ms cpu, 3->4->2 MB, 4 MB goal, 0 MB stacks, 0 MB globals, 12 P
gc 2018 @8.709s 5%: 0.11+0.99+0.060 ms clock, 1.4+0.68/0.91/0+0.72 ms cpu, 3->4->2 MB, 4 MB goal, 0 MB stacks, 0 MB globals, 12 P
gc 2019 @8.712s 5%: 0.082+0.55+0.072 ms clock, 0.99+0.75/0.91/0+0.87 ms cpu, 3->4->1 MB, 4 MB goal, 0 MB stacks, 0 MB globals, 12 P
gc 2020 @8.714s 5%: 0.099+0.50+0.083 ms clock, 1.1+0.78/0.74/0+1.0 ms cpu, 3->3->1 MB, 4 MB goal, 0 MB stacks, 0 MB globals, 12 P
gc 2021 @8.716s 5%: 0.12+0.58+0.10 ms clock, 1.4+0.74/0.84/0+1.2 ms cpu, 3->3->1 MB, 4 MB goal, 0 MB stacks, 0 MB globals, 12 P
gc 2022 @8.718s 5%: 0.084+0.44+0.13 ms clock, 1.0+0.90/0.79/0+1.6 ms cpu, 3->3->1 MB, 4 MB goal, 0 MB stacks, 0 MB globals, 12 P
gc 2023 @8.720s 5%: 0.075+0.78+0.077 ms clock, 0.90+0.70/0.99/0+0.92 ms cpu, 3->3->1 MB, 4 MB goal, 0 MB stacks, 0 MB globals, 12 P
gc 2024 @8.722s 5%: 0.10+1.1+0.13 ms clock, 1.2+0.72/0.85/0+1.5 ms cpu, 3->4->2 MB, 4 MB goal, 0 MB stacks, 0 MB globals, 12 P
gc 2025 @8.725s 5%: 0.093+0.77+0.055 ms clock, 1.1+0.64/0.88/0+0.66 ms cpu, 3->4->1 MB, 4 MB goal, 0 MB stacks, 0 MB globals, 12 P
gc 2026 @8.727s 5%: 0.096+1.1+0.089 ms clock, 1.1+0.64/1.5/0+1.0 ms cpu, 3->4->2 MB, 4 MB goal, 0 MB stacks, 0 MB globals, 12 P
gc 2027 @8.730s 5%: 0.096+1.1+0.064 ms clock, 1.1+0.78/0.84/0+0.76 ms cpu, 3->4->2 MB, 4 MB goal, 0 MB stacks, 0 MB globals, 12 P
gc 2028 @8.732s 5%: 0.093+0.58+0.061 ms clock, 1.1+0.72/0.99/0+0.73 ms cpu, 3->4->1 MB, 4 MB goal, 0 MB stacks, 0 MB globals, 12 P
gc 2029 @8.735s 5%: 0.074+0.78+0.13 ms clock, 0.89+0.73/0.97/0+1.6 ms cpu, 3->3->1 MB, 4 MB goal, 0 MB stacks, 0 MB globals, 12 P
gc 2030 @8.737s 5%: 0.099+1.1+0.11 ms clock, 1.1+0.67/0.93/0+1.3 ms cpu, 3->4->2 MB, 4 MB goal, 0 MB stacks, 0 MB globals, 12 P
gc 2031 @8.740s 5%: 0.097+0.88+0.11 ms clock, 1.1+0.66/0.98/0+1.3 ms cpu, 3->4->1 MB, 4 MB goal, 0 MB stacks, 0 MB globals, 12 P
gc 2032 @8.742s 5%: 0.11+0.93+0.088 ms clock, 1.4+0.63/0.90/0+1.0 ms cpu, 3->4->2 MB, 4 MB goal, 0 MB stacks, 0 MB globals, 12 P
gc 2033 @8.745s 5%: 0.079+0.77+0.10 ms clock, 0.95+0.79/0.77/0+1.2 ms cpu, 3->4->1 MB, 4 MB goal, 0 MB stacks, 0 MB globals, 12 P
gc 2034 @8.747s 5%: 0.10+1.2+0.066 ms clock, 1.2+0.66/0.89/0+0.80 ms cpu, 3->4->2 MB, 4 MB goal, 0 MB stacks, 0 MB globals, 12 P
gc 2035 @8.750s 5%: 0.088+0.88+0.069 ms clock, 1.0+0.67/0.95/0+0.83 ms cpu, 4->4->1 MB, 4 MB goal, 0 MB stacks, 0 MB globals, 12 P
gc 2036 @8.753s 5%: 0.091+0.73+0.086 ms clock, 1.0+0.73/0.82/0+1.0 ms cpu, 3->4->1 MB, 4 MB goal, 0 MB stacks, 0 MB globals, 12 P
gc 2037 @8.755s 5%: 0.11+0.45+0.099 ms clock, 1.4+0.72/0.81/0+1.1 ms cpu, 3->3->1 MB, 4 MB goal, 0 MB stacks, 0 MB globals, 12 P
gc 2038 @8.757s 5%: 0.12+0.53+0.087 ms clock, 1.4+0.73/0.93/0+1.0 ms cpu, 3->3->1 MB, 4 MB goal, 0 MB stacks, 0 MB globals, 12 P
gc 2039 @8.759s 5%: 0.084+0.73+0.14 ms clock, 1.0+0.78/0.85/0+1.7 ms cpu, 3->3->1 MB, 4 MB goal, 0 MB stacks, 0 MB globals, 12 P
gc 2040 @8.761s 5%: 0.061+0.64+0.087 ms clock, 0.74+0.75/0.76/0+1.0 ms cpu, 3->3->1 MB, 4 MB goal, 0 MB stacks, 0 MB globals, 12 P
gc 2041 @8.763s 5%: 0.089+0.57+0.10 ms clock, 1.0+0.66/0.89/0+1.2 ms cpu, 3->3->1 MB, 4 MB goal, 0 MB stacks, 0 MB globals, 12 P
gc 2042 @8.765s 5%: 0.093+0.48+0.072 ms clock, 1.1+0.67/0.91/0+0.86 ms cpu, 3->3->1 MB, 4 MB goal, 0 MB stacks, 0 MB globals, 12 P
gc 2043 @8.767s 5%: 0.11+0.45+0.11 ms clock, 1.4+0.70/0.79/0+1.3 ms cpu, 3->3->1 MB, 4 MB goal, 0 MB stacks, 0 MB globals, 12 P
gc 2044 @8.769s 5%: 0.11+0.67+0.071 ms clock, 1.3+0.66/0.87/0+0.85 ms cpu, 3->3->1 MB, 4 MB goal, 0 MB stacks, 0 MB globals, 12 P
gc 2045 @8.771s 5%: 0.15+0.56+0.072 ms clock, 1.8+0.77/0.75/0+0.87 ms cpu, 3->3->1 MB, 4 MB goal, 0 MB stacks, 0 MB globals, 12 P
gc 2046 @8.773s 5%: 0.095+0.68+0.10 ms clock, 1.1+0.67/0.95/0+1.2 ms cpu, 3->3->1 MB, 4 MB goal, 0 MB stacks, 0 MB globals, 12 P
gc 2047 @8.775s 5%: 0.17+0.65+0.12 ms clock, 2.1+0.64/0.92/0+1.4 ms cpu, 3->3->1 MB, 4 MB goal, 0 MB stacks, 0 MB globals, 12 P
gc 2048 @8.778s 5%: 0.10+0.99+0.080 ms clock, 1.3+0.84/0.76/0+0.96 ms cpu, 3->4->1 MB, 4 MB goal, 0 MB stacks, 0 MB globals, 12 P
gc 2049 @8.780s 5%: 0.10+0.77+0.078 ms clock, 1.3+1.1/0.96/0+0.93 ms cpu, 3->4->1 MB, 4 MB goal, 0 MB stacks, 0 MB globals, 12 P
gc 2050 @8.782s 5%: 0.10+0.62+0.095 ms clock, 1.3+0.87/0.76/0+1.1 ms cpu, 3->3->1 MB, 4 MB goal, 0 MB stacks, 0 MB globals, 12 P
gc 2051 @8.784s 5%: 0.089+0.55+0.077 ms clock, 1.0+0.87/0.83/0+0.93 ms cpu, 3->3->1 MB, 4 MB goal, 0 MB stacks, 0 MB globals, 12 P
gc 2052 @8.786s 5%: 0.097+0.94+0.088 ms clock, 1.1+0.61/1.0/0+1.0 ms cpu, 3->4->2 MB, 4 MB goal, 0 MB stacks, 0 MB globals, 12 P
gc 2053 @8.789s 5%: 0.10+1.0+0.028 ms clock, 1.2+0.93/0.84/0+0.34 ms cpu, 3->4->2 MB, 4 MB goal, 0 MB stacks, 0 MB globals, 12 P
gc 2054 @8.792s 5%: 0.074+0.68+0.073 ms clock, 0.89+0.66/0.84/0+0.87 ms cpu, 3->4->1 MB, 4 MB goal, 0 MB stacks, 0 MB globals, 12 P
gc 2055 @8.794s 5%: 0.10+0.82+0.11 ms clock, 1.2+0.74/0.87/0+1.3 ms cpu, 3->4->1 MB, 4 MB goal, 0 MB stacks, 0 MB globals, 12 P
gc 2056 @8.797s 5%: 0.10+0.47+0.089 ms clock, 1.2+0.73/0.85/0+1.0 ms cpu, 3->4->1 MB, 4 MB goal, 0 MB stacks, 0 MB globals, 12 P
gc 2057 @8.798s 5%: 0.11+0.46+0.12 ms clock, 1.4+0.82/0.72/0+1.5 ms cpu, 3->3->1 MB, 4 MB goal, 0 MB stacks, 0 MB globals, 12 P
gc 2058 @8.800s 5%: 0.098+0.66+0.097 ms clock, 1.1+0.74/0.89/0+1.1 ms cpu, 3->3->1 MB, 4 MB goal, 0 MB stacks, 0 MB globals, 12 P
gc 2059 @8.802s 5%: 0.11+0.58+0.059 ms clock, 1.3+0.68/0.83/0+0.71 ms cpu, 3->3->1 MB, 4 MB goal, 0 MB stacks, 0 MB globals, 12 P
gc 2060 @8.804s 5%: 0.080+0.90+0.047 ms clock, 0.96+0.75/0.84/0+0.57 ms cpu, 3->3->1 MB, 4 MB goal, 0 MB stacks, 0 MB globals, 12 P
gc 2061 @8.807s 5%: 0.096+0.62+0.068 ms clock, 1.1+0.55/0.77/0.069+0.81 ms cpu, 3->3->1 MB, 4 MB goal, 0 MB stacks, 0 MB globals, 12 P
gc 2062 @8.809s 5%: 0.065+1.0+0.048 ms clock, 0.78+1.0/1.0/0+0.58 ms cpu, 3->4->2 MB, 4 MB goal, 0 MB stacks, 0 MB globals, 12 P
gc 2063 @8.812s 5%: 0.083+0.73+0.075 ms clock, 0.99+0.77/0.86/0+0.90 ms cpu, 3->4->1 MB, 4 MB goal, 0 MB stacks, 0 MB globals, 12 P
gc 2064 @8.814s 5%: 0.091+0.47+0.074 ms clock, 1.0+0.73/0.93/0+0.89 ms cpu, 3->3->1 MB, 4 MB goal, 0 MB stacks, 0 MB globals, 12 P
gc 2065 @8.816s 5%: 0.10+1.1+0.077 ms clock, 1.2+0.68/0.83/0+0.92 ms cpu, 3->4->2 MB, 4 MB goal, 0 MB stacks, 0 MB globals, 12 P
gc 2066 @8.818s 5%: 0.14+1.0+0.089 ms clock, 1.7+0.77/0.84/0+1.0 ms cpu, 3->4->2 MB, 4 MB goal, 0 MB stacks, 0 MB globals, 12 P
gc 2067 @8.821s 5%: 0.088+0.55+0.11 ms clock, 1.0+0.72/0.84/0+1.3 ms cpu, 3->4->1 MB, 4 MB goal, 0 MB stacks, 0 MB globals, 12 P
gc 2068 @8.823s 5%: 0.10+0.57+0.073 ms clock, 1.2+0.51/0.96/0+0.88 ms cpu, 3->3->1 MB, 4 MB goal, 0 MB stacks, 0 MB globals, 12 P
gc 2069 @8.825s 5%: 0.081+0.68+0.11 ms clock, 0.98+0.59/0.91/0+1.4 ms cpu, 3->3->1 MB, 4 MB goal, 0 MB stacks, 0 MB globals, 12 P
gc 2070 @8.828s 5%: 0.10+0.85+0.11 ms clock, 1.2+0.76/0.79/0+1.3 ms cpu, 3->4->1 MB, 4 MB goal, 0 MB stacks, 0 MB globals, 12 P
gc 2071 @8.830s 5%: 0.089+0.77+0.059 ms clock, 1.0+0.71/0.81/0+0.71 ms cpu, 3->4->1 MB, 4 MB goal, 0 MB stacks, 0 MB globals, 12 P
gc 2072 @8.832s 5%: 0.11+0.67+0.040 ms clock, 1.4+0.74/0.84/0+0.48 ms cpu, 3->3->1 MB, 4 MB goal, 0 MB stacks, 0 MB globals, 12 P
gc 2073 @8.834s 5%: 0.15+0.95+0.10 ms clock, 1.8+0.59/0.88/0+1.2 ms cpu, 3->4->2 MB, 4 MB goal, 0 MB stacks, 0 MB globals, 12 P
gc 2074 @8.837s 5%: 0.12+0.86+0.077 ms clock, 1.4+0.73/0.81/0+0.93 ms cpu, 3->4->1 MB, 4 MB goal, 0 MB stacks, 0 MB globals, 12 P
gc 2075 @8.839s 5%: 0.066+0.87+0.034 ms clock, 0.80+0.59/0.94/0+0.41 ms cpu, 3->4->1 MB, 4 MB goal, 0 MB stacks, 0 MB globals, 12 P
gc 2076 @8.842s 5%: 0.095+0.57+0.10 ms clock, 1.1+0.72/0.94/0+1.2 ms cpu, 3->4->1 MB, 4 MB goal, 0 MB stacks, 0 MB globals, 12 P
gc 2077 @8.844s 5%: 0.13+0.44+0.051 ms clock, 1.5+0.72/0.91/0+0.61 ms cpu, 3->3->1 MB, 4 MB goal, 0 MB stacks, 0 MB globals, 12 P
gc 2078 @8.846s 5%: 0.11+0.47+0.10 ms clock, 1.4+0.69/0.84/0+1.2 ms cpu, 3->3->1 MB, 4 MB goal, 0 MB stacks, 0 MB globals, 12 P
gc 2079 @8.848s 5%: 0.10+0.72+0.097 ms clock, 1.2+0.78/0.84/0+1.1 ms cpu, 3->3->1 MB, 4 MB goal, 0 MB stacks, 0 MB globals, 12 P
gc 2080 @8.850s 5%: 0.091+1.1+0.078 ms clock, 1.1+0.75/0.71/0+0.94 ms cpu, 3->4->1 MB, 4 MB goal, 0 MB stacks, 0 MB globals, 12 P
gc 2081 @8.852s 5%: 0.088+0.66+0.10 ms clock, 1.0+0.74/0.90/0+1.2 ms cpu, 3->4->1 MB, 4 MB goal, 0 MB stacks, 0 MB globals, 12 P
gc 2082 @8.855s 5%: 0.11+0.85+0.082 ms clock, 1.3+0.80/0.90/0+0.98 ms cpu, 3->4->1 MB, 4 MB goal, 0 MB stacks, 0 MB globals, 12 P
gc 2083 @8.857s 5%: 0.10+1.0+0.077 ms clock, 1.2+0.69/0.85/0+0.93 ms cpu, 3->4->2 MB, 4 MB goal, 0 MB stacks, 0 MB globals, 12 P
gc 2084 @8.860s 5%: 0.13+1.0+0.076 ms clock, 1.6+0.61/0.90/0+0.91 ms cpu, 3->4->1 MB, 4 MB goal, 0 MB stacks, 0 MB globals, 12 P
gc 2085 @8.862s 5%: 0.10+0.88+0.089 ms clock, 1.2+1.2/0.79/0+1.0 ms cpu, 3->4->2 MB, 4 MB goal, 0 MB stacks, 0 MB globals, 12 P
gc 2086 @8.865s 5%: 0.089+0.95+0.058 ms clock, 1.0+0.71/0.78/0+0.70 ms cpu, 3->4->1 MB, 4 MB goal, 0 MB stacks, 0 MB globals, 12 P
gc 2087 @8.867s 5%: 0.074+0.44+0.086 ms clock, 0.89+0.79/0.81/0+1.0 ms cpu, 3->3->1 MB, 4 MB goal, 0 MB stacks, 0 MB globals, 12 P
gc 2088 @8.869s 5%: 0.12+0.70+0.055 ms clock, 1.4+0.79/0.85/0+0.66 ms cpu, 3->3->1 MB, 4 MB goal, 0 MB stacks, 0 MB globals, 12 P
gc 2089 @8.871s 5%: 0.11+0.84+0.079 ms clock, 1.3+0.60/1.0/0+0.95 ms cpu, 3->3->1 MB, 4 MB goal, 0 MB stacks, 0 MB globals, 12 P
gc 2090 @8.874s 5%: 0.065+0.54+0.090 ms clock, 0.78+0.96/0.81/0+1.0 ms cpu, 3->3->1 MB, 4 MB goal, 0 MB stacks, 0 MB globals, 12 P
gc 2091 @8.876s 5%: 0.087+0.73+0.073 ms clock, 1.0+0.64/0.92/0+0.87 ms cpu, 3->3->1 MB, 4 MB goal, 0 MB stacks, 0 MB globals, 12 P
gc 2092 @8.878s 5%: 0.085+1.0+0.099 ms clock, 1.0+0.73/0.75/0+1.1 ms cpu, 3->4->1 MB, 4 MB goal, 0 MB stacks, 0 MB globals, 12 P
gc 2093 @8.880s 5%: 0.12+0.61+0.098 ms clock, 1.5+0.64/0.89/0+1.1 ms cpu, 3->4->1 MB, 4 MB goal, 0 MB stacks, 0 MB globals, 12 P
gc 2094 @8.883s 5%: 0.12+0.47+0.060 ms clock, 1.5+0.75/0.87/0+0.72 ms cpu, 3->3->1 MB, 4 MB goal, 0 MB stacks, 0 MB globals, 12 P
gc 2095 @8.884s 5%: 0.15+0.70+0.073 ms clock, 1.8+0.71/0.88/0+0.88 ms cpu, 3->3->1 MB, 4 MB goal, 0 MB stacks, 0 MB globals, 12 P
gc 2096 @8.887s 5%: 0.085+0.52+0.11 ms clock, 1.0+0.78/0.85/0+1.3 ms cpu, 3->3->1 MB, 4 MB goal, 0 MB stacks, 0 MB globals, 12 P
gc 2097 @8.889s 5%: 0.090+0.70+0.13 ms clock, 1.0+0.89/0.70/0+1.5 ms cpu, 3->3->1 MB, 4 MB goal, 0 MB stacks, 0 MB globals, 12 P
gc 2098 @8.891s 5%: 0.10+0.47+0.086 ms clock, 1.2+0.71/0.86/0+1.0 ms cpu, 3->3->1 MB, 4 MB goal, 0 MB stacks, 0 MB globals, 12 P
gc 2099 @8.893s 5%: 0.085+0.78+0.027 ms clock, 1.0+0.67/0.97/0+0.32 ms cpu, 3->3->1 MB, 4 MB goal, 0 MB stacks, 0 MB globals, 12 P
gc 2100 @8.895s 5%: 0.074+0.83+0.099 ms clock, 0.89+0.84/0.81/0+1.1 ms cpu, 3->4->1 MB, 4 MB goal, 0 MB stacks, 0 MB globals, 12 P
gc 2101 @8.897s 5%: 0.10+0.78+0.10 ms clock, 1.2+0.71/0.84/0+1.2 ms cpu, 3->4->1 MB, 4 MB goal, 0 MB stacks, 0 MB globals, 12 P
gc 2102 @8.900s 5%: 0.057+0.55+0.087 ms clock, 0.68+0.66/0.73/0.008+1.0 ms cpu, 3->3->1 MB, 4 MB goal, 0 MB stacks, 0 MB globals, 12 P
gc 2103 @8.902s 5%: 0.081+1.1+0.062 ms clock, 0.97+0.73/0.93/0+0.75 ms cpu, 3->4->2 MB, 4 MB goal, 0 MB stacks, 0 MB globals, 12 P
gc 2104 @8.905s 5%: 0.080+0.51+0.11 ms clock, 0.97+0.79/0.86/0+1.4 ms cpu, 3->4->1 MB, 4 MB goal, 0 MB stacks, 0 MB globals, 12 P
gc 2105 @8.907s 5%: 0.10+0.96+0.070 ms clock, 1.3+0.72/0.87/0+0.84 ms cpu, 3->4->2 MB, 4 MB goal, 0 MB stacks, 0 MB globals, 12 P
gc 2106 @8.910s 5%: 0.084+0.65+0.085 ms clock, 1.0+0.95/0.72/0+1.0 ms cpu, 3->4->1 MB, 4 MB goal, 0 MB stacks, 0 MB globals, 12 P
gc 2107 @8.912s 5%: 0.089+0.63+0.071 ms clock, 1.0+0.80/0.92/0+0.85 ms cpu, 3->3->1 MB, 4 MB goal, 0 MB stacks, 0 MB globals, 12 P
gc 2108 @8.914s 5%: 0.098+0.86+0.10 ms clock, 1.1+0.67/0.96/0+1.2 ms cpu, 3->4->1 MB, 4 MB goal, 0 MB stacks, 0 MB globals, 12 P
gc 2109 @8.916s 5%: 0.11+0.54+0.14 ms clock, 1.3+0.77/0.87/0+1.7 ms cpu, 3->4->1 MB, 4 MB goal, 0 MB stacks, 0 MB globals, 12 P
gc 2110 @8.918s 5%: 0.11+0.71+0.080 ms clock, 1.4+0.76/0.74/0+0.96 ms cpu, 3->3->1 MB, 4 MB goal, 0 MB stacks, 0 MB globals, 12 P
gc 2111 @8.921s 5%: 0.10+0.54+0.16 ms clock, 1.2+0.85/0.72/0+1.9 ms cpu, 3->3->1 MB, 4 MB goal, 0 MB stacks, 0 MB globals, 12 P
gc 2112 @8.923s 5%: 0.097+0.94+0.024 ms clock, 1.1+0.63/0.86/0+0.28 ms cpu, 3->3->1 MB, 4 MB goal, 0 MB stacks, 0 MB globals, 12 P
gc 2113 @8.925s 5%: 0.088+1.1+0.088 ms clock, 1.0+0.75/0.78/0+1.0 ms cpu, 3->4->2 MB, 4 MB goal, 0 MB stacks, 0 MB globals, 12 P
gc 2114 @8.928s 5%: 0.092+0.94+0.097 ms clock, 1.1+0.71/0.80/0+1.1 ms cpu, 3->4->1 MB, 4 MB goal, 0 MB stacks, 0 MB globals, 12 P
gc 2115 @8.931s 5%: 0.097+0.46+0.087 ms clock, 1.1+0.70/0.90/0+1.0 ms cpu, 3->4->1 MB, 4 MB goal, 0 MB stacks, 0 MB globals, 12 P
gc 2116 @8.933s 5%: 0.098+0.50+0.10 ms clock, 1.1+0.75/0.89/0+1.2 ms cpu, 3->3->1 MB, 4 MB goal, 0 MB stacks, 0 MB globals, 12 P
gc 2117 @8.935s 5%: 0.091+0.87+0.086 ms clock, 1.0+0.86/0.73/0+1.0 ms cpu, 3->3->1 MB, 4 MB goal, 0 MB stacks, 0 MB globals, 12 P
gc 2118 @8.937s 5%: 0.10+0.92+0.10 ms clock, 1.2+0.77/0.76/0+1.2 ms cpu, 3->4->1 MB, 4 MB goal, 0 MB stacks, 0 MB globals, 12 P
gc 2119 @8.940s 5%: 0.093+0.48+0.080 ms clock, 1.1+0.80/0.72/0+0.96 ms cpu, 3->3->1 MB, 4 MB goal, 0 MB stacks, 0 MB globals, 12 P
gc 2120 @8.942s 5%: 0.079+0.93+0.085 ms clock, 0.95+0.71/0.80/0+1.0 ms cpu, 3->4->1 MB, 4 MB goal, 0 MB stacks, 0 MB globals, 12 P
gc 2121 @8.944s 5%: 0.071+0.77+0.093 ms clock, 0.85+0.84/0.86/0+1.1 ms cpu, 3->4->1 MB, 4 MB goal, 0 MB stacks, 0 MB globals, 12 P
gc 2122 @8.946s 5%: 0.10+0.77+0.088 ms clock, 1.2+0.80/0.78/0+1.0 ms cpu, 3->4->2 MB, 4 MB goal, 0 MB stacks, 0 MB globals, 12 P
gc 2123 @8.949s 5%: 0.094+0.50+0.11 ms clock, 1.1+0.87/0.75/0+1.3 ms cpu, 3->4->1 MB, 4 MB goal, 0 MB stacks, 0 MB globals, 12 P
gc 2124 @8.951s 5%: 0.077+1.1+0.072 ms clock, 0.93+0.55/0.91/0.044+0.86 ms cpu, 3->4->2 MB, 4 MB goal, 0 MB stacks, 0 MB globals, 12 P
gc 2125 @8.954s 5%: 0.10+0.91+0.089 ms clock, 1.3+0.91/0.69/0+1.0 ms cpu, 3->4->2 MB, 4 MB goal, 0 MB stacks, 0 MB globals, 12 P
gc 2126 @8.956s 5%: 0.19+0.65+0.11 ms clock, 2.2+0.60/1.0/0+1.3 ms cpu, 3->4->1 MB, 4 MB goal, 0 MB stacks, 0 MB globals, 12 P
gc 2127 @8.958s 5%: 0.14+0.50+0.068 ms clock, 1.7+0.72/0.84/0+0.82 ms cpu, 3->3->1 MB, 4 MB goal, 0 MB stacks, 0 MB globals, 12 P
gc 2128 @8.960s 5%: 0.10+0.52+0.12 ms clock, 1.2+0.66/0.83/0+1.4 ms cpu, 3->3->1 MB, 4 MB goal, 0 MB stacks, 0 MB globals, 12 P
gc 2129 @8.962s 5%: 0.10+0.76+0.074 ms clock, 1.2+0.72/0.75/0+0.89 ms cpu, 3->3->1 MB, 4 MB goal, 0 MB stacks, 0 MB globals, 12 P
gc 2130 @8.964s 5%: 0.11+0.51+0.073 ms clock, 1.4+0.76/0.86/0+0.88 ms cpu, 3->3->1 MB, 4 MB goal, 0 MB stacks, 0 MB globals, 12 P
gc 2131 @8.967s 5%: 0.091+1.1+0.085 ms clock, 1.1+0.51/0.91/0+1.0 ms cpu, 3->4->2 MB, 4 MB goal, 0 MB stacks, 0 MB globals, 12 P
gc 2132 @8.969s 5%: 0.079+0.89+0.11 ms clock, 0.94+0.63/0.86/0+1.3 ms cpu, 3->4->2 MB, 4 MB goal, 0 MB stacks, 0 MB globals, 12 P
gc 2133 @8.972s 5%: 0.11+0.87+0.067 ms clock, 1.3+0.77/0.72/0+0.80 ms cpu, 3->4->1 MB, 4 MB goal, 0 MB stacks, 0 MB globals, 12 P
gc 2134 @8.975s 5%: 0.10+1.0+0.084 ms clock, 1.2+0.68/0.83/0+1.0 ms cpu, 3->4->2 MB, 4 MB goal, 0 MB stacks, 0 MB globals, 12 P
gc 2135 @8.977s 5%: 0.099+0.52+0.13 ms clock, 1.1+0.60/0.90/0+1.6 ms cpu, 3->4->1 MB, 4 MB goal, 0 MB stacks, 0 MB globals, 12 P
gc 2136 @8.979s 5%: 0.10+0.51+0.13 ms clock, 1.2+0.80/0.81/0+1.6 ms cpu, 3->3->1 MB, 4 MB goal, 0 MB stacks, 0 MB globals, 12 P
gc 2137 @8.981s 5%: 0.091+0.59+0.077 ms clock, 1.1+0.77/0.86/0+0.92 ms cpu, 3->3->1 MB, 4 MB goal, 0 MB stacks, 0 MB globals, 12 P
gc 2138 @8.983s 5%: 0.098+1.2+0.039 ms clock, 1.1+0.79/0.88/0+0.47 ms cpu, 3->4->2 MB, 4 MB goal, 0 MB stacks, 0 MB globals, 12 P
gc 2139 @8.987s 5%: 0.093+0.48+0.11 ms clock, 1.1+0.92/0.78/0+1.3 ms cpu, 4->4->1 MB, 4 MB goal, 0 MB stacks, 0 MB globals, 12 P
gc 2140 @8.989s 5%: 0.10+0.94+0.099 ms clock, 1.2+0.79/0.84/0+1.1 ms cpu, 3->3->2 MB, 4 MB goal, 0 MB stacks, 0 MB globals, 12 P
gc 2141 @8.991s 5%: 0.11+0.92+0.089 ms clock, 1.4+0.78/0.92/0+1.0 ms cpu, 3->4->2 MB, 4 MB goal, 0 MB stacks, 0 MB globals, 12 P
gc 2142 @8.994s 5%: 0.091+0.53+0.068 ms clock, 1.1+0.76/0.91/0+0.82 ms cpu, 3->4->1 MB, 4 MB goal, 0 MB stacks, 0 MB globals, 12 P
gc 2143 @8.996s 5%: 0.11+0.75+0.13 ms clock, 1.3+0.75/0.84/0+1.5 ms cpu, 3->3->1 MB, 4 MB goal, 0 MB stacks, 0 MB globals, 12 P
gc 2144 @8.998s 5%: 0.13+0.54+0.069 ms clock, 1.6+0.84/0.80/0+0.83 ms cpu, 3->3->1 MB, 4 MB goal, 0 MB stacks, 0 MB globals, 12 P
gc 2145 @9.000s 5%: 0.097+0.80+0.10 ms clock, 1.1+0.68/0.86/0+1.2 ms cpu, 3->3->1 MB, 4 MB goal, 0 MB stacks, 0 MB globals, 12 P
gc 2146 @9.003s 5%: 0.078+0.77+0.11 ms clock, 0.93+0.55/0.98/0+1.3 ms cpu, 3->4->1 MB, 4 MB goal, 0 MB stacks, 0 MB globals, 12 P
gc 2147 @9.005s 5%: 0.081+0.96+0.073 ms clock, 0.97+1.4/0.94/0+0.88 ms cpu, 3->4->2 MB, 4 MB goal, 0 MB stacks, 0 MB globals, 12 P
gc 2148 @9.008s 5%: 0.067+0.53+0.12 ms clock, 0.81+0.61/0.88/0+1.5 ms cpu, 3->4->1 MB, 4 MB goal, 0 MB stacks, 0 MB globals, 12 P
gc 2149 @9.010s 5%: 0.098+0.74+0.083 ms clock, 1.1+0.80/0.88/0+1.0 ms cpu, 3->3->1 MB, 4 MB goal, 0 MB stacks, 0 MB globals, 12 P
gc 2150 @9.012s 5%: 0.11+0.62+0.10 ms clock, 1.3+0.69/0.92/0+1.2 ms cpu, 3->3->1 MB, 4 MB goal, 0 MB stacks, 0 MB globals, 12 P
gc 2151 @9.014s 5%: 0.11+0.59+0.13 ms clock, 1.3+0.61/0.76/0+1.6 ms cpu, 3->3->1 MB, 4 MB goal, 0 MB stacks, 0 MB globals, 12 P
gc 2152 @9.016s 5%: 0.15+0.65+0.079 ms clock, 1.8+0.82/0.90/0+0.95 ms cpu, 3->3->1 MB, 4 MB goal, 0 MB stacks, 0 MB globals, 12 P
gc 2153 @9.018s 5%: 0.099+0.61+0.063 ms clock, 1.1+0.56/1.0/0+0.75 ms cpu, 3->3->1 MB, 4 MB goal, 0 MB stacks, 0 MB globals, 12 P
gc 2154 @9.020s 5%: 0.097+0.79+0.019 ms clock, 1.1+0.79/0.84/0+0.22 ms cpu, 3->3->1 MB, 4 MB goal, 0 MB stacks, 0 MB globals, 12 P
gc 2155 @9.022s 5%: 0.11+0.44+0.087 ms clock, 1.3+0.86/0.68/0+1.0 ms cpu, 3->3->1 MB, 4 MB goal, 0 MB stacks, 0 MB globals, 12 P
gc 2156 @9.024s 5%: 0.13+0.52+0.056 ms clock, 1.5+0.66/0.87/0+0.67 ms cpu, 3->3->1 MB, 4 MB goal, 0 MB stacks, 0 MB globals, 12 P
gc 2157 @9.026s 5%: 0.093+0.77+0.067 ms clock, 1.1+0.71/0.81/0+0.81 ms cpu, 3->3->1 MB, 4 MB goal, 0 MB stacks, 0 MB globals, 12 P
gc 2158 @9.028s 5%: 0.099+0.54+0.11 ms clock, 1.1+0.68/0.86/0+1.3 ms cpu, 3->3->1 MB, 4 MB goal, 0 MB stacks, 0 MB globals, 12 P
gc 2159 @9.030s 5%: 0.087+0.88+0.047 ms clock, 1.0+0.77/0.72/0+0.56 ms cpu, 3->3->1 MB, 4 MB goal, 0 MB stacks, 0 MB globals, 12 P
gc 2160 @9.033s 5%: 0.10+0.88+0.10 ms clock, 1.2+0.71/0.87/0+1.2 ms cpu, 3->4->1 MB, 4 MB goal, 0 MB stacks, 0 MB globals, 12 P
gc 2161 @9.035s 5%: 0.15+0.79+0.074 ms clock, 1.8+0.74/0.82/0+0.89 ms cpu, 3->4->1 MB, 4 MB goal, 0 MB stacks, 0 MB globals, 12 P
gc 2162 @9.037s 5%: 0.12+1.3+0.042 ms clock, 1.4+0.73/0.79/0+0.51 ms cpu, 3->4->2 MB, 4 MB goal, 0 MB stacks, 0 MB globals, 12 P
gc 2163 @9.040s 5%: 0.12+0.41+0.10 ms clock, 1.4+0.80/0.77/0+1.2 ms cpu, 4->4->1 MB, 4 MB goal, 0 MB stacks, 0 MB globals, 12 P
gc 2164 @9.042s 5%: 0.099+0.63+0.086 ms clock, 1.1+0.77/0.76/0+1.0 ms cpu, 3->3->1 MB, 4 MB goal, 0 MB stacks, 0 MB globals, 12 P
gc 2165 @9.045s 5%: 0.099+0.65+0.058 ms clock, 1.1+0.65/0.96/0+0.70 ms cpu, 3->3->1 MB, 4 MB goal, 0 MB stacks, 0 MB globals, 12 P
gc 2166 @9.047s 5%: 0.11+1.3+0.040 ms clock, 1.4+0.77/0.87/0+0.48 ms cpu, 3->4->2 MB, 4 MB goal, 0 MB stacks, 0 MB globals, 12 P
gc 2167 @9.050s 5%: 0.078+0.86+0.11 ms clock, 0.94+0.83/0.82/0+1.4 ms cpu, 4->4->1 MB, 4 MB goal, 0 MB stacks, 0 MB globals, 12 P
gc 2168 @9.052s 5%: 0.10+1.1+0.12 ms clock, 1.2+0.90/0.85/0+1.5 ms cpu, 3->4->2 MB, 4 MB goal, 0 MB stacks, 0 MB globals, 12 P
gc 2169 @9.055s 5%: 0.10+0.48+0.090 ms clock, 1.2+0.72/0.79/0+1.0 ms cpu, 3->4->1 MB, 4 MB goal, 0 MB stacks, 0 MB globals, 12 P
gc 2170 @9.057s 5%: 0.10+0.64+0.11 ms clock, 1.2+0.70/0.89/0+1.3 ms cpu, 3->3->1 MB, 4 MB goal, 0 MB stacks, 0 MB globals, 12 P
gc 2171 @9.059s 5%: 0.11+1.4+0.061 ms clock, 1.3+1.9/0.72/0+0.73 ms cpu, 3->4->2 MB, 4 MB goal, 0 MB stacks, 0 MB globals, 12 P
gc 2172 @9.062s 5%: 0.098+0.75+0.076 ms clock, 1.1+1.2/0.86/0+0.91 ms cpu, 4->4->1 MB, 5 MB goal, 0 MB stacks, 0 MB globals, 12 P
gc 2173 @9.065s 5%: 0.10+0.80+0.12 ms clock, 1.2+0.59/0.83/0+1.5 ms cpu, 3->4->2 MB, 4 MB goal, 0 MB stacks, 0 MB globals, 12 P
gc 2174 @9.067s 5%: 0.11+1.2+0.088 ms clock, 1.3+0.86/0.81/0+1.0 ms cpu, 3->4->2 MB, 4 MB goal, 0 MB stacks, 0 MB globals, 12 P
gc 2175 @9.070s 5%: 0.11+0.90+0.089 ms clock, 1.4+0.57/1.0/0+1.0 ms cpu, 3->4->2 MB, 4 MB goal, 0 MB stacks, 0 MB globals, 12 P
gc 2176 @9.073s 5%: 0.090+1.3+0.034 ms clock, 1.0+0.70/0.85/0+0.41 ms cpu, 3->4->2 MB, 4 MB goal, 0 MB stacks, 0 MB globals, 12 P
gc 2177 @9.076s 5%: 0.10+0.67+0.087 ms clock, 1.3+0.67/0.82/0+1.0 ms cpu, 4->4->1 MB, 4 MB goal, 0 MB stacks, 0 MB globals, 12 P
gc 2178 @9.078s 5%: 0.17+0.54+0.082 ms clock, 2.1+0.83/0.88/0+0.98 ms cpu, 3->3->1 MB, 4 MB goal, 0 MB stacks, 0 MB globals, 12 P
gc 2179 @9.080s 5%: 0.094+1.0+0.078 ms clock, 1.1+0.85/0.89/0+0.94 ms cpu, 3->4->2 MB, 4 MB goal, 0 MB stacks, 0 MB globals, 12 P
gc 2180 @9.083s 5%: 0.079+0.47+0.076 ms clock, 0.95+0.80/0.81/0+0.92 ms cpu, 3->4->1 MB, 4 MB goal, 0 MB stacks, 0 MB globals, 12 P
gc 2181 @9.085s 5%: 0.091+1.0+0.051 ms clock, 1.0+0.79/0.80/0+0.61 ms cpu, 3->3->2 MB, 4 MB goal, 0 MB stacks, 0 MB globals, 12 P
gc 2182 @9.087s 5%: 0.11+1.3+0.093 ms clock, 1.3+0.93/0.98/0+1.1 ms cpu, 3->4->2 MB, 4 MB goal, 0 MB stacks, 0 MB globals, 12 P
gc 2183 @9.091s 5%: 0.14+0.95+0.082 ms clock, 1.7+0.92/0.77/0+0.99 ms cpu, 4->4->1 MB, 5 MB goal, 0 MB stacks, 0 MB globals, 12 P
gc 2184 @9.093s 5%: 0.11+0.55+0.073 ms clock, 1.3+0.63/0.92/0+0.88 ms cpu, 3->4->1 MB, 4 MB goal, 0 MB stacks, 0 MB globals, 12 P
gc 2185 @9.095s 5%: 0.10+0.72+0.059 ms clock, 1.2+0.59/0.80/0+0.71 ms cpu, 3->3->1 MB, 4 MB goal, 0 MB stacks, 0 MB globals, 12 P
gc 2186 @9.097s 5%: 0.071+0.57+0.058 ms clock, 0.85+0.69/0.90/0+0.70 ms cpu, 3->3->1 MB, 4 MB goal, 0 MB stacks, 0 MB globals, 12 P
gc 2187 @9.099s 5%: 0.10+0.72+0.099 ms clock, 1.2+0.67/0.89/0+1.1 ms cpu, 3->3->1 MB, 4 MB goal, 0 MB stacks, 0 MB globals, 12 P
gc 2188 @9.102s 5%: 0.086+0.50+0.058 ms clock, 1.0+0.75/0.98/0+0.70 ms cpu, 3->3->1 MB, 4 MB goal, 0 MB stacks, 0 MB globals, 12 P
gc 2189 @9.104s 5%: 0.084+0.55+0.073 ms clock, 1.0+0.75/0.84/0+0.87 ms cpu, 3->3->1 MB, 4 MB goal, 0 MB stacks, 0 MB globals, 12 P
gc 2190 @9.106s 5%: 0.10+0.47+0.054 ms clock, 1.2+0.77/0.71/0+0.65 ms cpu, 3->3->1 MB, 4 MB goal, 0 MB stacks, 0 MB globals, 12 P
gc 2191 @9.108s 5%: 0.070+0.48+0.13 ms clock, 0.85+0.57/0.90/0+1.5 ms cpu, 3->3->1 MB, 4 MB goal, 0 MB stacks, 0 MB globals, 12 P
gc 2192 @9.110s 5%: 0.12+0.83+0.10 ms clock, 1.4+1.3/0.91/0+1.3 ms cpu, 3->4->1 MB, 4 MB goal, 0 MB stacks, 0 MB globals, 12 P
gc 2193 @9.112s 5%: 0.11+0.90+0.069 ms clock, 1.3+0.73/0.80/0+0.83 ms cpu, 3->4->1 MB, 4 MB goal, 0 MB stacks, 0 MB globals, 12 P
gc 2194 @9.115s 5%: 0.11+0.90+0.086 ms clock, 1.4+0.68/0.84/0+1.0 ms cpu, 3->4->2 MB, 4 MB goal, 0 MB stacks, 0 MB globals, 12 P
gc 2195 @9.117s 5%: 0.12+0.57+0.13 ms clock, 1.5+0.69/0.89/0+1.6 ms cpu, 3->4->1 MB, 4 MB goal, 0 MB stacks, 0 MB globals, 12 P
gc 2196 @9.120s 5%: 0.14+0.50+0.086 ms clock, 1.6+0.74/0.85/0+1.0 ms cpu, 3->3->1 MB, 4 MB goal, 0 MB stacks, 0 MB globals, 12 P
gc 2197 @9.122s 5%: 0.20+0.96+0.064 ms clock, 2.4+0.75/0.85/0+0.77 ms cpu, 3->4->2 MB, 4 MB goal, 0 MB stacks, 0 MB globals, 12 P
gc 2198 @9.124s 5%: 0.088+0.51+0.088 ms clock, 1.0+0.73/0.85/0+1.0 ms cpu, 3->4->1 MB, 4 MB goal, 0 MB stacks, 0 MB globals, 12 P
gc 2199 @9.126s 5%: 0.13+0.54+0.062 ms clock, 1.6+0.79/0.85/0+0.74 ms cpu, 3->3->1 MB, 4 MB goal, 0 MB stacks, 0 MB globals, 12 P
gc 2200 @9.128s 5%: 0.10+0.55+0.095 ms clock, 1.2+0.68/0.87/0+1.1 ms cpu, 3->3->1 MB, 4 MB goal, 0 MB stacks, 0 MB globals, 12 P
gc 2201 @9.130s 5%: 0.10+0.85+0.020 ms clock, 1.2+0.76/0.84/0+0.24 ms cpu, 3->3->1 MB, 4 MB goal, 0 MB stacks, 0 MB globals, 12 P
gc 2202 @9.133s 5%: 0.093+0.55+0.094 ms clock, 1.1+0.61/0.89/0+1.1 ms cpu, 3->4->1 MB, 4 MB goal, 0 MB stacks, 0 MB globals, 12 P
gc 2203 @9.135s 5%: 0.11+0.81+0.076 ms clock, 1.3+0.70/0.84/0+0.91 ms cpu, 3->3->1 MB, 4 MB goal, 0 MB stacks, 0 MB globals, 12 P
gc 2204 @9.137s 5%: 0.14+0.64+0.054 ms clock, 1.7+0.79/0.94/0+0.65 ms cpu, 3->3->1 MB, 4 MB goal, 0 MB stacks, 0 MB globals, 12 P
gc 2205 @9.139s 5%: 0.080+0.97+0.044 ms clock, 0.97+0.71/0.86/0+0.53 ms cpu, 3->4->2 MB, 4 MB goal, 0 MB stacks, 0 MB globals, 12 P
gc 2206 @9.142s 5%: 0.076+0.88+0.099 ms clock, 0.91+0.73/0.85/0+1.1 ms cpu, 3->4->1 MB, 4 MB goal, 0 MB stacks, 0 MB globals, 12 P
gc 2207 @9.144s 5%: 0.11+0.49+0.078 ms clock, 1.3+0.73/0.84/0+0.93 ms cpu, 3->3->1 MB, 4 MB goal, 0 MB stacks, 0 MB globals, 12 P
gc 2208 @9.146s 5%: 0.10+0.58+0.10 ms clock, 1.3+0.76/0.89/0+1.2 ms cpu, 3->3->1 MB, 4 MB goal, 0 MB stacks, 0 MB globals, 12 P
gc 2209 @9.148s 5%: 0.10+1.2+0.054 ms clock, 1.2+0.78/0.78/0+0.65 ms cpu, 3->4->2 MB, 4 MB goal, 0 MB stacks, 0 MB globals, 12 P
gc 2210 @9.151s 5%: 0.096+0.52+0.063 ms clock, 1.1+0.69/0.86/0+0.76 ms cpu, 3->4->1 MB, 4 MB goal, 0 MB stacks, 0 MB globals, 12 P
gc 2211 @9.153s 5%: 0.10+0.49+0.11 ms clock, 1.2+0.64/0.91/0+1.3 ms cpu, 3->3->1 MB, 4 MB goal, 0 MB stacks, 0 MB globals, 12 P
gc 2212 @9.155s 5%: 0.10+0.91+0.079 ms clock, 1.2+0.67/0.83/0+0.95 ms cpu, 3->3->2 MB, 4 MB goal, 0 MB stacks, 0 MB globals, 12 P
gc 2213 @9.158s 5%: 0.12+0.61+0.069 ms clock, 1.4+0.72/0.87/0+0.82 ms cpu, 3->4->1 MB, 4 MB goal, 0 MB stacks, 0 MB globals, 12 P
gc 2214 @9.160s 5%: 0.16+1.5+0.045 ms clock, 1.9+0.78/0.79/0+0.54 ms cpu, 3->4->2 MB, 4 MB goal, 0 MB stacks, 0 MB globals, 12 P
gc 2215 @9.163s 5%: 0.080+0.45+0.076 ms clock, 0.96+0.63/0.91/0+0.91 ms cpu, 4->4->1 MB, 5 MB goal, 0 MB stacks, 0 MB globals, 12 P
gc 2216 @9.165s 5%: 0.12+0.92+0.090 ms clock, 1.4+0.59/0.98/0+1.0 ms cpu, 3->3->2 MB, 4 MB goal, 0 MB stacks, 0 MB globals, 12 P
gc 2217 @9.168s 5%: 0.089+0.84+0.077 ms clock, 1.0+0.90/0.98/0+0.93 ms cpu, 3->4->1 MB, 4 MB goal, 0 MB stacks, 0 MB globals, 12 P
gc 2218 @9.170s 5%: 0.077+0.50+0.10 ms clock, 0.93+0.82/0.81/0+1.2 ms cpu, 3->3->1 MB, 4 MB goal, 0 MB stacks, 0 MB globals, 12 P
gc 2219 @9.172s 5%: 0.11+0.66+0.078 ms clock, 1.3+0.47/1.0/0+0.94 ms cpu, 3->3->1 MB, 4 MB goal, 0 MB stacks, 0 MB globals, 12 P
gc 2220 @9.174s 5%: 0.073+1.2+0.054 ms clock, 0.87+0.83/0.66/0+0.65 ms cpu, 3->4->2 MB, 4 MB goal, 0 MB stacks, 0 MB globals, 12 P
gc 2221 @9.177s 5%: 0.12+0.59+0.066 ms clock, 1.4+0.76/0.92/0+0.79 ms cpu, 3->4->1 MB, 4 MB goal, 0 MB stacks, 0 MB globals, 12 P
gc 2222 @9.179s 5%: 0.12+1.1+0.096 ms clock, 1.4+0.71/0.94/0+1.1 ms cpu, 3->4->2 MB, 4 MB goal, 0 MB stacks, 0 MB globals, 12 P
gc 2223 @9.182s 5%: 0.12+0.75+0.070 ms clock, 1.4+0.89/0.78/0+0.84 ms cpu, 3->4->1 MB, 4 MB goal, 0 MB stacks, 0 MB globals, 12 P
gc 2224 @9.184s 5%: 0.15+1.0+0.051 ms clock, 1.8+0.83/0.83/0+0.61 ms cpu, 3->4->2 MB, 4 MB goal, 0 MB stacks, 0 MB globals, 12 P
gc 2225 @9.187s 5%: 0.089+0.60+0.076 ms clock, 1.0+0.72/0.85/0+0.91 ms cpu, 3->4->1 MB, 4 MB goal, 0 MB stacks, 0 MB globals, 12 P
gc 2226 @9.189s 5%: 0.11+1.1+0.036 ms clock, 1.3+0.73/0.86/0+0.43 ms cpu, 3->4->2 MB, 4 MB goal, 0 MB stacks, 0 MB globals, 12 P
gc 2227 @9.192s 5%: 0.081+0.84+0.081 ms clock, 0.97+0.77/0.84/0+0.98 ms cpu, 3->4->1 MB, 4 MB goal, 0 MB stacks, 0 MB globals, 12 P
gc 2228 @9.194s 5%: 0.081+0.49+0.10 ms clock, 0.97+0.80/0.78/0+1.2 ms cpu, 3->3->1 MB, 4 MB goal, 0 MB stacks, 0 MB globals, 12 P
gc 2229 @9.196s 5%: 0.15+1.1+0.13 ms clock, 1.8+0.90/0.78/0+1.6 ms cpu, 3->4->2 MB, 4 MB goal, 0 MB stacks, 0 MB globals, 12 P
gc 2230 @9.199s 5%: 0.10+1.7+0.078 ms clock, 1.2+0.81/1.0/0+0.93 ms cpu, 4->5->2 MB, 4 MB goal, 0 MB stacks, 0 MB globals, 12 P
gc 2231 @9.202s 5%: 0.10+0.85+0.12 ms clock, 1.2+0.80/0.82/0+1.5 ms cpu, 4->4->1 MB, 5 MB goal, 0 MB stacks, 0 MB globals, 12 P
gc 2232 @9.205s 5%: 0.10+0.50+0.053 ms clock, 1.3+0.77/0.82/0+0.64 ms cpu, 3->4->1 MB, 4 MB goal, 0 MB stacks, 0 MB globals, 12 P
gc 2233 @9.207s 5%: 0.095+0.57+0.074 ms clock, 1.1+0.77/0.90/0+0.89 ms cpu, 3->3->1 MB, 4 MB goal, 0 MB stacks, 0 MB globals, 12 P
gc 2234 @9.209s 5%: 0.081+0.57+0.073 ms clock, 0.97+0.69/0.89/0+0.87 ms cpu, 3->3->1 MB, 4 MB goal, 0 MB stacks, 0 MB globals, 12 P
gc 2235 @9.211s 5%: 0.10+0.89+0.11 ms clock, 1.2+0.59/1.0/0+1.3 ms cpu, 3->4->1 MB, 4 MB goal, 0 MB stacks, 0 MB globals, 12 P
gc 2236 @9.213s 5%: 0.093+0.59+0.10 ms clock, 1.1+0.61/0.95/0+1.2 ms cpu, 3->4->1 MB, 4 MB goal, 0 MB stacks, 0 MB globals, 12 P
gc 2237 @9.215s 5%: 0.10+0.55+0.10 ms clock, 1.2+0.63/0.93/0+1.2 ms cpu, 3->3->1 MB, 4 MB goal, 0 MB stacks, 0 MB globals, 12 P
gc 2238 @9.218s 5%: 0.10+0.83+0.075 ms clock, 1.2+0.73/0.82/0+0.90 ms cpu, 3->3->1 MB, 4 MB goal, 0 MB stacks, 0 MB globals, 12 P
gc 2239 @9.220s 5%: 0.079+0.68+0.092 ms clock, 0.94+0.74/0.94/0+1.1 ms cpu, 3->4->1 MB, 4 MB goal, 0 MB stacks, 0 MB globals, 12 P
gc 2240 @9.222s 5%: 0.073+0.59+0.12 ms clock, 0.88+0.87/0.67/0+1.4 ms cpu, 3->3->1 MB, 4 MB goal, 0 MB stacks, 0 MB globals, 12 P
gc 2241 @9.224s 5%: 0.12+0.62+0.13 ms clock, 1.4+0.74/0.92/0+1.6 ms cpu, 3->3->1 MB, 4 MB goal, 0 MB stacks, 0 MB globals, 12 P
gc 2242 @9.227s 5%: 0.10+0.86+0.050 ms clock, 1.2+0.70/0.89/0+0.60 ms cpu, 3->4->1 MB, 4 MB goal, 0 MB stacks, 0 MB globals, 12 P
gc 2243 @9.229s 5%: 0.10+0.55+0.076 ms clock, 1.2+0.77/0.84/0+0.91 ms cpu, 3->4->1 MB, 4 MB goal, 0 MB stacks, 0 MB globals, 12 P
gc 2244 @9.231s 5%: 0.12+0.76+0.045 ms clock, 1.4+0.73/0.91/0+0.54 ms cpu, 3->3->1 MB, 4 MB goal, 0 MB stacks, 0 MB globals, 12 P
gc 2245 @9.233s 5%: 0.11+0.50+0.12 ms clock, 1.3+0.70/0.84/0+1.4 ms cpu, 3->3->1 MB, 4 MB goal, 0 MB stacks, 0 MB globals, 12 P
gc 2246 @9.235s 5%: 0.12+1.1+0.071 ms clock, 1.4+1.6/0.83/0+0.85 ms cpu, 3->4->2 MB, 4 MB goal, 0 MB stacks, 0 MB globals, 12 P
gc 2247 @9.238s 5%: 0.11+1.2+0.050 ms clock, 1.4+0.95/0.83/0+0.60 ms cpu, 3->5->2 MB, 4 MB goal, 0 MB stacks, 0 MB globals, 12 P
gc 2248 @9.241s 5%: 0.11+0.73+0.10 ms clock, 1.4+0.73/0.76/0+1.2 ms cpu, 4->4->1 MB, 4 MB goal, 0 MB stacks, 0 MB globals, 12 P
gc 2249 @9.244s 5%: 0.074+1.2+0.099 ms clock, 0.89+0.82/0.73/0+1.1 ms cpu, 3->4->2 MB, 4 MB goal, 0 MB stacks, 0 MB globals, 12 P
gc 2250 @9.247s 5%: 0.10+0.57+0.13 ms clock, 1.2+0.77/0.85/0+1.6 ms cpu, 4->4->1 MB, 4 MB goal, 0 MB stacks, 0 MB globals, 12 P
gc 2251 @9.249s 5%: 0.11+0.81+0.081 ms clock, 1.3+0.67/0.90/0+0.97 ms cpu, 3->3->1 MB, 4 MB goal, 0 MB stacks, 0 MB globals, 12 P
gc 2252 @9.251s 5%: 0.12+0.91+0.057 ms clock, 1.5+0.66/0.98/0+0.68 ms cpu, 3->4->1 MB, 4 MB goal, 0 MB stacks, 0 MB globals, 12 P
gc 2253 @9.254s 5%: 0.14+0.54+0.078 ms clock, 1.7+0.69/0.85/0+0.94 ms cpu, 3->4->1 MB, 4 MB goal, 0 MB stacks, 0 MB globals, 12 P
gc 2254 @9.256s 5%: 0.11+0.58+0.090 ms clock, 1.4+0.72/0.91/0+1.0 ms cpu, 3->3->1 MB, 4 MB goal, 0 MB stacks, 0 MB globals, 12 P
gc 2255 @9.258s 5%: 0.11+0.95+0.027 ms clock, 1.4+0.76/0.86/0+0.33 ms cpu, 3->4->1 MB, 4 MB goal, 0 MB stacks, 0 MB globals, 12 P
gc 2256 @9.260s 5%: 0.16+0.69+0.073 ms clock, 1.9+0.71/1.0/0+0.88 ms cpu, 3->4->1 MB, 4 MB goal, 0 MB stacks, 0 MB globals, 12 P
gc 2257 @9.263s 5%: 0.12+0.58+0.077 ms clock, 1.4+0.74/0.97/0+0.92 ms cpu, 3->3->1 MB, 4 MB goal, 0 MB stacks, 0 MB globals, 12 P
gc 2258 @9.265s 5%: 0.093+0.66+0.13 ms clock, 1.1+0.79/0.85/0+1.6 ms cpu, 3->3->1 MB, 4 MB goal, 0 MB stacks, 0 MB globals, 12 P
gc 2259 @9.267s 5%: 0.097+1.0+0.071 ms clock, 1.1+0.80/0.83/0+0.86 ms cpu, 3->4->2 MB, 4 MB goal, 0 MB stacks, 0 MB globals, 12 P
gc 2260 @9.270s 5%: 0.089+0.87+0.076 ms clock, 1.0+0.66/0.95/0+0.92 ms cpu, 3->4->1 MB, 4 MB goal, 0 MB stacks, 0 MB globals, 12 P
gc 2261 @9.272s 5%: 0.18+0.44+0.067 ms clock, 2.1+0.56/0.98/0+0.81 ms cpu, 3->4->1 MB, 4 MB goal, 0 MB stacks, 0 MB globals, 12 P
gc 2262 @9.274s 5%: 0.12+0.93+0.090 ms clock, 1.5+0.69/0.91/0+1.0 ms cpu, 3->3->2 MB, 4 MB goal, 0 MB stacks, 0 MB globals, 12 P
gc 2263 @9.277s 5%: 0.10+1.0+0.088 ms clock, 1.3+0.62/0.91/0+1.0 ms cpu, 3->4->1 MB, 4 MB goal, 0 MB stacks, 0 MB globals, 12 P
gc 2264 @9.279s 5%: 0.14+0.99+0.094 ms clock, 1.6+0.59/0.86/0+1.1 ms cpu, 3->4->1 MB, 4 MB goal, 0 MB stacks, 0 MB globals, 12 P
gc 2265 @9.282s 5%: 0.089+1.0+0.067 ms clock, 1.0+0.59/0.91/0+0.80 ms cpu, 3->4->1 MB, 4 MB goal, 0 MB stacks, 0 MB globals, 12 P
gc 2266 @9.284s 5%: 0.12+0.51+0.046 ms clock, 1.4+0.66/0.85/0+0.56 ms cpu, 3->4->1 MB, 4 MB goal, 0 MB stacks, 0 MB globals, 12 P
gc 2267 @9.286s 5%: 0.13+0.89+0.050 ms clock, 1.5+0.71/0.84/0+0.61 ms cpu, 3->3->2 MB, 4 MB goal, 0 MB stacks, 0 MB globals, 12 P
gc 2268 @9.289s 5%: 0.078+0.54+0.060 ms clock, 0.93+0.75/0.86/0+0.72 ms cpu, 3->4->1 MB, 4 MB goal, 0 MB stacks, 0 MB globals, 12 P
gc 2269 @9.291s 5%: 0.11+0.79+0.081 ms clock, 1.3+0.75/0.99/0+0.98 ms cpu, 3->3->1 MB, 4 MB goal, 0 MB stacks, 0 MB globals, 12 P
gc 2270 @9.293s 5%: 0.090+0.71+0.13 ms clock, 1.0+0.70/0.89/0+1.5 ms cpu, 3->4->1 MB, 4 MB goal, 0 MB stacks, 0 MB globals, 12 P
gc 2271 @9.295s 5%: 0.090+1.0+0.042 ms clock, 1.0+0.81/0.73/0+0.50 ms cpu, 3->4->2 MB, 4 MB goal, 0 MB stacks, 0 MB globals, 12 P
gc 2272 @9.298s 5%: 0.12+0.55+0.080 ms clock, 1.4+0.68/0.82/0+0.96 ms cpu, 3->4->1 MB, 4 MB goal, 0 MB stacks, 0 MB globals, 12 P
gc 2273 @9.300s 5%: 0.10+0.85+0.085 ms clock, 1.2+1.2/0.88/0+1.0 ms cpu, 3->3->1 MB, 4 MB goal, 0 MB stacks, 0 MB globals, 12 P
gc 2274 @9.302s 5%: 0.14+0.47+0.084 ms clock, 1.7+0.76/0.84/0+1.0 ms cpu, 3->3->1 MB, 4 MB goal, 0 MB stacks, 0 MB globals, 12 P
gc 2275 @9.304s 5%: 0.12+0.73+0.10 ms clock, 1.4+0.73/0.78/0+1.2 ms cpu, 3->3->1 MB, 4 MB goal, 0 MB stacks, 0 MB globals, 12 P
gc 2276 @9.307s 5%: 0.090+0.72+0.15 ms clock, 1.0+0.63/0.94/0+1.8 ms cpu, 3->3->1 MB, 4 MB goal, 0 MB stacks, 0 MB globals, 12 P
gc 2277 @9.309s 5%: 0.12+0.88+0.10 ms clock, 1.5+0.59/0.96/0+1.2 ms cpu, 3->4->2 MB, 4 MB goal, 0 MB stacks, 0 MB globals, 12 P
gc 2278 @9.312s 5%: 0.090+0.64+0.089 ms clock, 1.0+0.57/0.75/0+1.0 ms cpu, 3->4->1 MB, 4 MB goal, 0 MB stacks, 0 MB globals, 12 P
gc 2279 @9.314s 5%: 0.12+0.56+0.098 ms clock, 1.5+0.70/0.85/0+1.1 ms cpu, 3->3->1 MB, 4 MB goal, 0 MB stacks, 0 MB globals, 12 P
gc 2280 @9.316s 5%: 0.11+0.56+0.12 ms clock, 1.3+0.77/0.90/0+1.5 ms cpu, 3->3->1 MB, 4 MB goal, 0 MB stacks, 0 MB globals, 12 P
gc 2281 @9.317s 5%: 0.10+1.1+0.17 ms clock, 1.2+0.75/0.93/0+2.1 ms cpu, 3->4->2 MB, 4 MB goal, 0 MB stacks, 0 MB globals, 12 P
gc 2282 @9.321s 5%: 0.11+0.62+0.13 ms clock, 1.3+0.76/0.81/0+1.6 ms cpu, 4->4->1 MB, 4 MB goal, 0 MB stacks, 0 MB globals, 12 P
gc 2283 @9.323s 5%: 0.11+0.59+0.099 ms clock, 1.3+0.68/0.97/0+1.1 ms cpu, 3->3->1 MB, 4 MB goal, 0 MB stacks, 0 MB globals, 12 P
gc 2284 @9.325s 5%: 0.094+0.60+0.067 ms clock, 1.1+0.74/0.92/0+0.81 ms cpu, 3->3->1 MB, 4 MB goal, 0 MB stacks, 0 MB globals, 12 P
gc 2285 @9.327s 5%: 0.11+0.57+0.10 ms clock, 1.3+0.81/0.96/0+1.2 ms cpu, 3->3->1 MB, 4 MB goal, 0 MB stacks, 0 MB globals, 12 P
gc 2286 @9.329s 5%: 0.10+0.53+0.11 ms clock, 1.2+0.70/0.93/0+1.3 ms cpu, 3->3->1 MB, 4 MB goal, 0 MB stacks, 0 MB globals, 12 P
gc 2287 @9.331s 5%: 0.14+1.1+0.047 ms clock, 1.7+0.78/0.78/0+0.57 ms cpu, 3->4->2 MB, 4 MB goal, 0 MB stacks, 0 MB globals, 12 P
gc 2288 @9.334s 5%: 0.095+1.0+0.083 ms clock, 1.1+0.76/0.91/0+1.0 ms cpu, 3->4->2 MB, 4 MB goal, 0 MB stacks, 0 MB globals, 12 P
gc 2289 @9.336s 5%: 0.14+0.90+0.037 ms clock, 1.7+0.72/0.86/0.065+0.44 ms cpu, 3->4->1 MB, 4 MB goal, 0 MB stacks, 0 MB globals, 12 P
gc 2290 @9.339s 5%: 0.077+0.89+0.065 ms clock, 0.92+0.65/0.89/0+0.79 ms cpu, 3->4->2 MB, 4 MB goal, 0 MB stacks, 0 MB globals, 12 P
gc 2291 @9.341s 5%: 0.13+0.92+0.10 ms clock, 1.5+0.43/0.99/0+1.2 ms cpu, 3->4->2 MB, 4 MB goal, 0 MB stacks, 0 MB globals, 12 P
gc 2292 @9.344s 5%: 0.12+0.42+0.053 ms clock, 1.4+0.77/0.83/0+0.64 ms cpu, 3->4->1 MB, 4 MB goal, 0 MB stacks, 0 MB globals, 12 P
gc 2293 @9.346s 5%: 0.091+0.41+0.10 ms clock, 1.0+0.84/0.74/0+1.2 ms cpu, 3->3->1 MB, 4 MB goal, 0 MB stacks, 0 MB globals, 12 P
gc 2294 @9.348s 5%: 0.10+0.74+0.080 ms clock, 1.2+0.77/0.81/0+0.96 ms cpu, 3->3->1 MB, 4 MB goal, 0 MB stacks, 0 MB globals, 12 P
gc 2295 @9.350s 5%: 0.15+0.52+0.10 ms clock, 1.9+0.76/0.81/0+1.2 ms cpu, 3->3->1 MB, 4 MB goal, 0 MB stacks, 0 MB globals, 12 P
gc 2296 @9.352s 5%: 0.088+1.0+0.097 ms clock, 1.0+0.78/0.80/0+1.1 ms cpu, 3->4->2 MB, 4 MB goal, 0 MB stacks, 0 MB globals, 12 P
gc 2297 @9.355s 5%: 0.14+0.67+0.15 ms clock, 1.7+0.70/1.0/0+1.8 ms cpu, 3->4->1 MB, 4 MB goal, 0 MB stacks, 0 MB globals, 12 P
gc 2298 @9.357s 5%: 0.11+0.92+0.10 ms clock, 1.3+0.51/0.86/0+1.3 ms cpu, 3->3->1 MB, 4 MB goal, 0 MB stacks, 0 MB globals, 12 P
gc 2299 @9.359s 5%: 0.10+1.2+0.075 ms clock, 1.2+0.72/0.88/0+0.90 ms cpu, 3->4->2 MB, 4 MB goal, 0 MB stacks, 0 MB globals, 12 P
gc 2300 @9.363s 5%: 0.13+1.1+0.052 ms clock, 1.6+0.67/0.91/0+0.62 ms cpu, 4->4->2 MB, 4 MB goal, 0 MB stacks, 0 MB globals, 12 P
gc 2301 @9.365s 5%: 0.13+0.83+0.041 ms clock, 1.6+0.60/0.79/0+0.49 ms cpu, 3->4->1 MB, 4 MB goal, 0 MB stacks, 0 MB globals, 12 P
gc 2302 @9.368s 5%: 0.11+0.58+0.088 ms clock, 1.4+0.75/0.79/0+1.0 ms cpu, 3->4->1 MB, 4 MB goal, 0 MB stacks, 0 MB globals, 12 P
gc 2303 @9.370s 5%: 0.076+0.57+0.072 ms clock, 0.91+0.76/0.86/0+0.87 ms cpu, 3->3->1 MB, 4 MB goal, 0 MB stacks, 0 MB globals, 12 P
gc 2304 @9.372s 5%: 0.13+0.55+0.099 ms clock, 1.6+0.86/0.73/0+1.1 ms cpu, 3->3->1 MB, 4 MB goal, 0 MB stacks, 0 MB globals, 12 P
gc 2305 @9.374s 5%: 0.097+0.94+0.072 ms clock, 1.1+0.85/0.84/0+0.86 ms cpu, 3->3->1 MB, 4 MB goal, 0 MB stacks, 0 MB globals, 12 P
gc 2306 @9.376s 5%: 0.084+1.5+0.073 ms clock, 1.0+0.71/0.84/0+0.88 ms cpu, 3->4->2 MB, 4 MB goal, 0 MB stacks, 0 MB globals, 12 P
gc 2307 @9.380s 5%: 0.11+0.73+0.066 ms clock, 1.3+0.64/0.87/0+0.79 ms cpu, 4->4->1 MB, 5 MB goal, 0 MB stacks, 0 MB globals, 12 P
gc 2308 @9.382s 5%: 0.10+1.2+0.071 ms clock, 1.2+0.76/0.80/0+0.85 ms cpu, 3->4->2 MB, 4 MB goal, 0 MB stacks, 0 MB globals, 12 P
gc 2309 @9.385s 5%: 0.069+0.42+0.063 ms clock, 0.83+0.82/0.78/0+0.75 ms cpu, 4->4->1 MB, 4 MB goal, 0 MB stacks, 0 MB globals, 12 P
gc 2310 @9.387s 5%: 0.12+0.97+0.094 ms clock, 1.4+0.81/0.83/0+1.1 ms cpu, 3->3->2 MB, 4 MB goal, 0 MB stacks, 0 MB globals, 12 P
gc 2311 @9.390s 5%: 0.092+0.52+0.081 ms clock, 1.1+0.84/0.79/0.026+0.97 ms cpu, 3->4->1 MB, 4 MB goal, 0 MB stacks, 0 MB globals, 12 P
gc 2312 @9.392s 5%: 0.12+0.43+0.10 ms clock, 1.4+0.83/0.80/0+1.2 ms cpu, 3->3->1 MB, 4 MB goal, 0 MB stacks, 0 MB globals, 12 P
gc 2313 @9.394s 5%: 0.086+0.99+0.085 ms clock, 1.0+1.0/0.97/0+1.0 ms cpu, 3->3->2 MB, 4 MB goal, 0 MB stacks, 0 MB globals, 12 P
gc 2314 @9.396s 5%: 0.18+0.85+0.086 ms clock, 2.2+0.74/0.93/0+1.0 ms cpu, 3->4->2 MB, 4 MB goal, 0 MB stacks, 0 MB globals, 12 P
gc 2315 @9.399s 5%: 0.10+0.53+0.064 ms clock, 1.2+0.67/0.86/0+0.77 ms cpu, 3->4->1 MB, 4 MB goal, 0 MB stacks, 0 MB globals, 12 P
gc 2316 @9.401s 5%: 0.15+1.0+0.046 ms clock, 1.8+0.72/0.94/0+0.55 ms cpu, 3->4->2 MB, 4 MB goal, 0 MB stacks, 0 MB globals, 12 P
gc 2317 @9.404s 5%: 0.094+0.77+0.089 ms clock, 1.1+0.52/0.82/0+1.0 ms cpu, 3->4->1 MB, 4 MB goal, 0 MB stacks, 0 MB globals, 12 P
gc 2318 @9.406s 5%: 0.10+0.70+0.093 ms clock, 1.2+0.83/0.76/0+1.1 ms cpu, 3->3->1 MB, 4 MB goal, 0 MB stacks, 0 MB globals, 12 P
gc 2319 @9.408s 5%: 0.12+0.81+0.056 ms clock, 1.4+0.61/1.0/0+0.68 ms cpu, 3->4->1 MB, 4 MB goal, 0 MB stacks, 0 MB globals, 12 P
gc 2320 @9.410s 5%: 0.092+0.98+0.078 ms clock, 1.1+0.69/0.87/0+0.94 ms cpu, 3->4->2 MB, 4 MB goal, 0 MB stacks, 0 MB globals, 12 P
gc 2321 @9.413s 5%: 0.10+0.59+0.11 ms clock, 1.2+0.71/0.89/0+1.3 ms cpu, 3->4->1 MB, 4 MB goal, 0 MB stacks, 0 MB globals, 12 P
gc 2322 @9.415s 5%: 0.12+0.55+0.082 ms clock, 1.4+0.69/0.81/0+0.98 ms cpu, 3->3->1 MB, 4 MB goal, 0 MB stacks, 0 MB globals, 12 P
gc 2323 @9.417s 5%: 0.093+0.60+0.095 ms clock, 1.1+0.77/0.86/0+1.1 ms cpu, 3->3->1 MB, 4 MB goal, 0 MB stacks, 0 MB globals, 12 P
gc 2324 @9.419s 5%: 0.13+0.96+0.078 ms clock, 1.6+0.73/0.86/0+0.94 ms cpu, 3->4->2 MB, 4 MB goal, 0 MB stacks, 0 MB globals, 12 P
gc 2325 @9.421s 5%: 0.088+0.73+0.035 ms clock, 1.0+0.72/0.93/0+0.42 ms cpu, 3->4->1 MB, 4 MB goal, 0 MB stacks, 0 MB globals, 12 P
gc 2326 @9.423s 5%: 0.17+1.0+0.068 ms clock, 2.0+0.76/0.83/0+0.82 ms cpu, 3->4->2 MB, 4 MB goal, 0 MB stacks, 0 MB globals, 12 P
gc 2327 @9.426s 5%: 0.099+0.79+0.026 ms clock, 1.1+0.84/0.78/0.020+0.31 ms cpu, 3->4->1 MB, 4 MB goal, 0 MB stacks, 0 MB globals, 12 P
gc 2328 @9.428s 5%: 0.11+0.49+0.069 ms clock, 1.4+0.84/0.85/0+0.83 ms cpu, 3->3->1 MB, 4 MB goal, 0 MB stacks, 0 MB globals, 12 P
gc 2329 @9.430s 5%: 0.092+0.60+0.15 ms clock, 1.1+0.74/0.90/0+1.8 ms cpu, 3->3->1 MB, 4 MB goal, 0 MB stacks, 0 MB globals, 12 P
gc 2330 @9.432s 5%: 0.18+0.43+0.062 ms clock, 2.2+0.72/0.83/0+0.75 ms cpu, 3->3->1 MB, 4 MB goal, 0 MB stacks, 0 MB globals, 12 P
gc 2331 @9.434s 5%: 0.11+0.44+0.067 ms clock, 1.3+0.67/0.85/0+0.80 ms cpu, 3->3->1 MB, 4 MB goal, 0 MB stacks, 0 MB globals, 12 P
gc 2332 @9.436s 5%: 0.15+1.1+0.034 ms clock, 1.8+0.70/0.77/0+0.41 ms cpu, 3->3->2 MB, 4 MB goal, 0 MB stacks, 0 MB globals, 12 P
gc 2333 @9.439s 5%: 0.089+1.0+0.092 ms clock, 1.0+0.76/0.82/0+1.1 ms cpu, 3->4->2 MB, 4 MB goal, 0 MB stacks, 0 MB globals, 12 P
gc 2334 @9.442s 5%: 0.099+0.86+0.061 ms clock, 1.1+0.91/0.83/0+0.73 ms cpu, 3->4->1 MB, 4 MB goal, 0 MB stacks, 0 MB globals, 12 P
gc 2335 @9.444s 5%: 0.19+0.49+0.11 ms clock, 2.3+0.69/0.91/0+1.3 ms cpu, 3->3->1 MB, 4 MB goal, 0 MB stacks, 0 MB globals, 12 P
gc 2336 @9.446s 6%: 0.11+1.0+0.082 ms clock, 1.3+0.74/0.86/0+0.99 ms cpu, 3->4->2 MB, 4 MB goal, 0 MB stacks, 0 MB globals, 12 P
gc 2337 @9.449s 6%: 0.082+0.94+0.076 ms clock, 0.98+0.75/0.80/0+0.92 ms cpu, 3->4->1 MB, 4 MB goal, 0 MB stacks, 0 MB globals, 12 P
gc 2338 @9.451s 6%: 0.10+0.58+0.10 ms clock, 1.2+0.58/1.0/0+1.2 ms cpu, 3->4->1 MB, 4 MB goal, 0 MB stacks, 0 MB globals, 12 P
gc 2339 @9.453s 6%: 0.11+0.51+0.10 ms clock, 1.4+0.74/0.92/0+1.2 ms cpu, 3->3->1 MB, 4 MB goal, 0 MB stacks, 0 MB globals, 12 P
gc 2340 @9.455s 6%: 0.17+0.75+0.11 ms clock, 2.1+0.62/0.89/0+1.3 ms cpu, 3->4->1 MB, 4 MB goal, 0 MB stacks, 0 MB globals, 12 P
gc 2341 @9.458s 6%: 0.12+0.59+0.061 ms clock, 1.4+0.76/0.89/0+0.74 ms cpu, 3->4->1 MB, 4 MB goal, 0 MB stacks, 0 MB globals, 12 P
gc 2342 @9.460s 6%: 0.10+0.60+0.091 ms clock, 1.2+0.67/0.83/0+1.1 ms cpu, 3->3->1 MB, 4 MB goal, 0 MB stacks, 0 MB globals, 12 P
gc 2343 @9.462s 6%: 0.10+0.59+0.099 ms clock, 1.3+0.65/1.0/0+1.1 ms cpu, 3->3->1 MB, 4 MB goal, 0 MB stacks, 0 MB globals, 12 P
gc 2344 @9.464s 6%: 0.083+0.42+0.063 ms clock, 1.0+0.66/0.83/0+0.76 ms cpu, 3->3->1 MB, 4 MB goal, 0 MB stacks, 0 MB globals, 12 P
gc 2345 @9.466s 6%: 0.10+1.1+0.12 ms clock, 1.2+0.64/0.98/0+1.4 ms cpu, 3->4->2 MB, 4 MB goal, 0 MB stacks, 0 MB globals, 12 P
gc 2346 @9.469s 6%: 0.12+0.60+0.094 ms clock, 1.5+0.68/0.86/0+1.1 ms cpu, 3->4->1 MB, 4 MB goal, 0 MB stacks, 0 MB globals, 12 P
gc 2347 @9.471s 6%: 0.15+0.63+0.069 ms clock, 1.8+0.80/1.0/0+0.83 ms cpu, 3->3->1 MB, 4 MB goal, 0 MB stacks, 0 MB globals, 12 P
gc 2348 @9.473s 6%: 0.096+1.1+0.021 ms clock, 1.1+0.65/0.93/0+0.25 ms cpu, 3->4->2 MB, 4 MB goal, 0 MB stacks, 0 MB globals, 12 P
gc 2349 @9.476s 6%: 0.067+0.53+0.076 ms clock, 0.81+0.91/0.85/0+0.92 ms cpu, 3->4->1 MB, 4 MB goal, 0 MB stacks, 0 MB globals, 12 P
gc 2350 @9.478s 6%: 0.13+0.97+0.042 ms clock, 1.6+0.67/0.87/0+0.51 ms cpu, 3->3->1 MB, 4 MB goal, 0 MB stacks, 0 MB globals, 12 P
gc 2351 @9.480s 6%: 0.10+0.56+0.11 ms clock, 1.2+0.88/0.96/0+1.3 ms cpu, 3->4->1 MB, 4 MB goal, 0 MB stacks, 0 MB globals, 12 P
gc 2352 @9.482s 6%: 0.17+1.0+0.035 ms clock, 2.0+0.68/0.79/0+0.42 ms cpu, 3->4->2 MB, 4 MB goal, 0 MB stacks, 0 MB globals, 12 P
gc 2353 @9.485s 6%: 0.097+0.65+0.083 ms clock, 1.1+0.78/0.76/0+0.99 ms cpu, 3->4->1 MB, 4 MB goal, 0 MB stacks, 0 MB globals, 12 P
gc 2354 @9.487s 6%: 0.12+0.55+0.11 ms clock, 1.4+0.65/0.98/0+1.3 ms cpu, 3->3->1 MB, 4 MB goal, 0 MB stacks, 0 MB globals, 12 P
gc 2355 @9.489s 6%: 0.097+0.62+0.13 ms clock, 1.1+0.79/0.89/0+1.6 ms cpu, 3->3->1 MB, 4 MB goal, 0 MB stacks, 0 MB globals, 12 P
gc 2356 @9.491s 6%: 0.12+0.71+0.080 ms clock, 1.4+0.95/0.77/0.009+0.96 ms cpu, 3->3->1 MB, 4 MB goal, 0 MB stacks, 0 MB globals, 12 P
gc 2357 @9.494s 6%: 0.15+0.96+0.072 ms clock, 1.8+0.73/0.86/0+0.86 ms cpu, 3->4->2 MB, 4 MB goal, 0 MB stacks, 0 MB globals, 12 P
gc 2358 @9.496s 6%: 0.071+0.50+0.093 ms clock, 0.85+0.86/0.81/0+1.1 ms cpu, 3->4->1 MB, 4 MB goal, 0 MB stacks, 0 MB globals, 12 P
gc 2359 @9.498s 6%: 0.11+0.63+0.16 ms clock, 1.4+0.71/0.94/0+1.9 ms cpu, 3->3->1 MB, 4 MB goal, 0 MB stacks, 0 MB globals, 12 P
gc 2360 @9.500s 6%: 0.10+0.51+0.080 ms clock, 1.2+0.72/0.90/0+0.96 ms cpu, 3->3->1 MB, 4 MB goal, 0 MB stacks, 0 MB globals, 12 P
gc 2361 @9.502s 6%: 0.12+0.78+0.13 ms clock, 1.4+0.88/1.0/0+1.6 ms cpu, 3->3->1 MB, 4 MB goal, 0 MB stacks, 0 MB globals, 12 P
gc 2362 @9.505s 6%: 0.12+0.41+0.073 ms clock, 1.4+0.90/0.83/0+0.88 ms cpu, 3->3->1 MB, 4 MB goal, 0 MB stacks, 0 MB globals, 12 P
gc 2363 @9.507s 6%: 0.11+0.56+0.10 ms clock, 1.3+0.81/0.81/0+1.2 ms cpu, 3->3->1 MB, 4 MB goal, 0 MB stacks, 0 MB globals, 12 P
gc 2364 @9.509s 6%: 0.11+0.89+0.061 ms clock, 1.4+0.62/0.96/0+0.73 ms cpu, 3->3->1 MB, 4 MB goal, 0 MB stacks, 0 MB globals, 12 P
gc 2365 @9.511s 6%: 0.079+0.55+0.076 ms clock, 0.95+0.90/0.83/0+0.91 ms cpu, 3->3->1 MB, 4 MB goal, 0 MB stacks, 0 MB globals, 12 P
gc 2366 @9.513s 6%: 0.064+0.63+0.090 ms clock, 0.77+0.95/0.90/0+1.0 ms cpu, 3->3->1 MB, 4 MB goal, 0 MB stacks, 0 MB globals, 12 P
gc 2367 @9.515s 6%: 0.090+0.72+0.10 ms clock, 1.0+0.81/0.91/0+1.2 ms cpu, 3->3->1 MB, 4 MB goal, 0 MB stacks, 0 MB globals, 12 P
gc 2368 @9.518s 6%: 0.087+0.76+0.068 ms clock, 1.0+1.1/0.90/0+0.82 ms cpu, 3->4->1 MB, 4 MB goal, 0 MB stacks, 0 MB globals, 12 P
gc 2369 @9.520s 6%: 0.13+0.44+0.13 ms clock, 1.6+0.71/0.79/0+1.5 ms cpu, 3->3->1 MB, 4 MB goal, 0 MB stacks, 0 MB globals, 12 P
gc 2370 @9.522s 6%: 0.098+1.0+0.074 ms clock, 1.1+0.66/0.96/0+0.89 ms cpu, 3->4->2 MB, 4 MB goal, 0 MB stacks, 0 MB globals, 12 P
gc 2371 @9.524s 6%: 0.089+0.50+0.095 ms clock, 1.0+0.75/0.87/0+1.1 ms cpu, 3->4->1 MB, 4 MB goal, 0 MB stacks, 0 MB globals, 12 P
gc 2372 @9.526s 6%: 0.13+0.51+0.12 ms clock, 1.5+0.78/0.82/0+1.5 ms cpu, 3->3->1 MB, 4 MB goal, 0 MB stacks, 0 MB globals, 12 P
gc 2373 @9.528s 6%: 0.11+0.63+0.074 ms clock, 1.4+0.78/0.87/0+0.89 ms cpu, 3->3->1 MB, 4 MB goal, 0 MB stacks, 0 MB globals, 12 P
gc 2374 @9.531s 6%: 0.13+0.52+0.096 ms clock, 1.5+0.71/0.91/0+1.1 ms cpu, 3->3->1 MB, 4 MB goal, 0 MB stacks, 0 MB globals, 12 P
gc 2375 @9.533s 6%: 0.10+0.77+0.14 ms clock, 1.2+0.64/0.92/0+1.7 ms cpu, 3->3->1 MB, 4 MB goal, 0 MB stacks, 0 MB globals, 12 P
gc 2376 @9.535s 6%: 0.097+0.86+0.062 ms clock, 1.1+0.75/0.85/0+0.74 ms cpu, 3->4->1 MB, 4 MB goal, 0 MB stacks, 0 MB globals, 12 P
gc 2377 @9.537s 6%: 0.10+0.56+0.098 ms clock, 1.2+0.83/0.85/0+1.1 ms cpu, 3->3->1 MB, 4 MB goal, 0 MB stacks, 0 MB globals, 12 P
gc 2378 @9.539s 6%: 0.11+0.64+0.077 ms clock, 1.3+0.74/0.91/0+0.93 ms cpu, 3->3->1 MB, 4 MB goal, 0 MB stacks, 0 MB globals, 12 P
gc 2379 @9.541s 6%: 0.080+0.53+0.070 ms clock, 0.96+0.75/0.80/0+0.84 ms cpu, 3->3->1 MB, 4 MB goal, 0 MB stacks, 0 MB globals, 12 P
gc 2380 @9.543s 6%: 0.12+0.68+0.080 ms clock, 1.4+0.74/0.76/0+0.96 ms cpu, 3->3->1 MB, 4 MB goal, 0 MB stacks, 0 MB globals, 12 P
gc 2381 @9.545s 6%: 0.12+0.95+0.037 ms clock, 1.5+0.92/0.83/0+0.45 ms cpu, 3->4->1 MB, 4 MB goal, 0 MB stacks, 0 MB globals, 12 P
gc 2382 @9.548s 6%: 0.12+0.85+0.075 ms clock, 1.5+0.76/0.90/0+0.90 ms cpu, 3->4->1 MB, 4 MB goal, 0 MB stacks, 0 MB globals, 12 P
gc 2383 @9.550s 6%: 0.16+0.93+0.077 ms clock, 2.0+0.83/0.73/0+0.93 ms cpu, 3->4->2 MB, 4 MB goal, 0 MB stacks, 0 MB globals, 12 P
gc 2384 @9.553s 6%: 0.10+0.52+0.13 ms clock, 1.2+0.63/0.94/0+1.5 ms cpu, 3->4->1 MB, 4 MB goal, 0 MB stacks, 0 MB globals, 12 P
gc 2385 @9.555s 6%: 0.12+0.56+0.10 ms clock, 1.5+0.62/0.93/0+1.2 ms cpu, 3->3->1 MB, 4 MB goal, 0 MB stacks, 0 MB globals, 12 P
gc 2386 @9.557s 6%: 0.11+0.48+0.058 ms clock, 1.3+0.71/0.90/0+0.70 ms cpu, 3->3->1 MB, 4 MB goal, 0 MB stacks, 0 MB globals, 12 P
gc 2387 @9.559s 6%: 0.10+0.60+0.073 ms clock, 1.2+0.69/0.88/0+0.88 ms cpu, 3->3->1 MB, 4 MB goal, 0 MB stacks, 0 MB globals, 12 P
gc 2388 @9.561s 6%: 0.17+0.55+0.095 ms clock, 2.0+0.65/0.89/0+1.1 ms cpu, 3->3->1 MB, 4 MB goal, 0 MB stacks, 0 MB globals, 12 P
gc 2389 @9.563s 6%: 0.069+0.47+0.074 ms clock, 0.83+0.83/0.81/0+0.89 ms cpu, 3->3->1 MB, 4 MB goal, 0 MB stacks, 0 MB globals, 12 P
gc 2390 @9.565s 6%: 0.15+0.58+0.082 ms clock, 1.8+0.64/0.82/0+0.98 ms cpu, 3->3->1 MB, 4 MB goal, 0 MB stacks, 0 MB globals, 12 P
gc 2391 @9.567s 6%: 0.084+0.67+0.11 ms clock, 1.0+0.75/0.88/0+1.3 ms cpu, 3->3->1 MB, 4 MB goal, 0 MB stacks, 0 MB globals, 12 P
gc 2392 @9.569s 6%: 0.085+0.47+0.14 ms clock, 1.0+0.73/0.81/0+1.7 ms cpu, 3->3->1 MB, 4 MB goal, 0 MB stacks, 0 MB globals, 12 P
gc 2393 @9.571s 6%: 0.071+0.64+0.066 ms clock, 0.86+0.89/0.76/0+0.79 ms cpu, 3->3->1 MB, 4 MB goal, 0 MB stacks, 0 MB globals, 12 P
gc 2394 @9.573s 6%: 0.11+0.77+0.14 ms clock, 1.4+0.66/0.86/0+1.7 ms cpu, 3->3->1 MB, 4 MB goal, 0 MB stacks, 0 MB globals, 12 P
gc 2395 @9.576s 6%: 0.11+0.96+0.053 ms clock, 1.4+0.70/0.94/0+0.63 ms cpu, 3->4->2 MB, 4 MB goal, 0 MB stacks, 0 MB globals, 12 P
gc 2396 @9.579s 6%: 0.066+0.53+0.066 ms clock, 0.79+0.70/0.89/0+0.79 ms cpu, 3->4->1 MB, 4 MB goal, 0 MB stacks, 0 MB globals, 12 P
gc 2397 @9.581s 6%: 0.15+0.44+0.076 ms clock, 1.8+0.73/0.86/0+0.92 ms cpu, 3->3->1 MB, 4 MB goal, 0 MB stacks, 0 MB globals, 12 P
gc 2398 @9.583s 6%: 0.10+0.60+0.14 ms clock, 1.2+0.72/0.89/0+1.7 ms cpu, 3->3->1 MB, 4 MB goal, 0 MB stacks, 0 MB globals, 12 P
gc 2399 @9.585s 6%: 0.12+0.65+0.070 ms clock, 1.5+0.72/0.99/0+0.84 ms cpu, 3->3->1 MB, 4 MB goal, 0 MB stacks, 0 MB globals, 12 P
gc 2400 @9.587s 6%: 0.11+0.52+0.10 ms clock, 1.3+0.82/0.83/0+1.2 ms cpu, 3->3->1 MB, 4 MB goal, 0 MB stacks, 0 MB globals, 12 P
gc 2401 @9.589s 6%: 0.070+0.65+0.098 ms clock, 0.84+0.58/0.94/0+1.1 ms cpu, 3->3->1 MB, 4 MB goal, 0 MB stacks, 0 MB globals, 12 P
gc 2402 @9.591s 6%: 0.15+0.73+0.065 ms clock, 1.8+0.72/0.71/0.003+0.78 ms cpu, 3->3->1 MB, 4 MB goal, 0 MB stacks, 0 MB globals, 12 P
gc 2403 @9.593s 6%: 0.094+0.78+0.11 ms clock, 1.1+0.79/0.86/0+1.4 ms cpu, 3->4->1 MB, 4 MB goal, 0 MB stacks, 0 MB globals, 12 P
gc 2404 @9.596s 6%: 0.088+0.63+0.10 ms clock, 1.0+0.53/1.0/0+1.2 ms cpu, 3->4->1 MB, 4 MB goal, 0 MB stacks, 0 MB globals, 12 P
gc 2405 @9.598s 6%: 0.12+1.2+0.053 ms clock, 1.5+0.81/0.69/0+0.64 ms cpu, 3->3->1 MB, 4 MB goal, 0 MB stacks, 0 MB globals, 12 P
gc 2406 @9.600s 6%: 0.093+0.62+0.097 ms clock, 1.1+0.67/0.94/0+1.1 ms cpu, 3->3->1 MB, 4 MB goal, 0 MB stacks, 0 MB globals, 12 P
gc 2407 @9.602s 6%: 0.099+1.0+0.073 ms clock, 1.1+0.76/0.88/0+0.88 ms cpu, 3->4->2 MB, 4 MB goal, 0 MB stacks, 0 MB globals, 12 P
gc 2408 @9.605s 6%: 0.10+0.49+0.13 ms clock, 1.2+0.75/0.89/0+1.6 ms cpu, 3->4->1 MB, 4 MB goal, 0 MB stacks, 0 MB globals, 12 P
gc 2409 @9.607s 6%: 0.10+0.52+0.10 ms clock, 1.2+0.61/0.79/0.063+1.2 ms cpu, 3->3->1 MB, 4 MB goal, 0 MB stacks, 0 MB globals, 12 P
gc 2410 @9.609s 6%: 0.098+0.64+0.091 ms clock, 1.1+0.76/0.82/0+1.0 ms cpu, 3->3->1 MB, 4 MB goal, 0 MB stacks, 0 MB globals, 12 P
gc 2411 @9.611s 6%: 0.098+0.55+0.087 ms clock, 1.1+0.87/0.78/0+1.0 ms cpu, 3->3->1 MB, 4 MB goal, 0 MB stacks, 0 MB globals, 12 P
gc 2412 @9.613s 6%: 0.15+0.44+0.10 ms clock, 1.8+0.72/0.73/0+1.2 ms cpu, 3->3->1 MB, 4 MB goal, 0 MB stacks, 0 MB globals, 12 P
gc 2413 @9.615s 6%: 0.091+0.45+0.077 ms clock, 1.1+0.81/0.78/0+0.93 ms cpu, 3->3->1 MB, 4 MB goal, 0 MB stacks, 0 MB globals, 12 P
gc 2414 @9.617s 6%: 0.12+0.65+0.082 ms clock, 1.4+0.75/0.82/0+0.99 ms cpu, 3->3->1 MB, 4 MB goal, 0 MB stacks, 0 MB globals, 12 P
gc 2415 @9.619s 6%: 0.098+0.77+0.076 ms clock, 1.1+0.74/1.0/0+0.91 ms cpu, 3->3->1 MB, 4 MB goal, 0 MB stacks, 0 MB globals, 12 P
gc 2416 @9.621s 6%: 0.086+0.97+0.042 ms clock, 1.0+0.94/0.64/0+0.50 ms cpu, 3->4->1 MB, 4 MB goal, 0 MB stacks, 0 MB globals, 12 P
gc 2417 @9.624s 6%: 0.12+0.54+0.064 ms clock, 1.5+0.71/0.80/0+0.77 ms cpu, 3->3->1 MB, 4 MB goal, 0 MB stacks, 0 MB globals, 12 P
gc 2418 @9.626s 6%: 0.10+0.73+0.13 ms clock, 1.2+0.73/0.90/0+1.5 ms cpu, 3->3->1 MB, 4 MB goal, 0 MB stacks, 0 MB globals, 12 P
gc 2419 @9.628s 6%: 0.12+0.72+0.065 ms clock, 1.5+0.78/0.82/0+0.78 ms cpu, 3->3->1 MB, 4 MB goal, 0 MB stacks, 0 MB globals, 12 P
gc 2420 @9.630s 6%: 0.10+0.62+0.056 ms clock, 1.2+0.68/0.85/0+0.68 ms cpu, 3->3->1 MB, 4 MB goal, 0 MB stacks, 0 MB globals, 12 P
gc 2421 @9.632s 6%: 0.12+0.77+0.097 ms clock, 1.4+0.53/0.96/0+1.1 ms cpu, 3->3->1 MB, 4 MB goal, 0 MB stacks, 0 MB globals, 12 P
gc 2422 @9.634s 6%: 0.085+0.79+0.092 ms clock, 1.0+0.74/0.93/0+1.1 ms cpu, 3->4->1 MB, 4 MB goal, 0 MB stacks, 0 MB globals, 12 P
gc 2423 @9.637s 6%: 0.061+0.51+0.085 ms clock, 0.73+0.76/0.81/0+1.0 ms cpu, 3->4->1 MB, 4 MB goal, 0 MB stacks, 0 MB globals, 12 P
gc 2424 @9.639s 6%: 0.18+0.64+0.076 ms clock, 2.1+0.71/0.85/0+0.91 ms cpu, 3->3->1 MB, 4 MB goal, 0 MB stacks, 0 MB globals, 12 P
gc 2425 @9.641s 6%: 0.10+0.70+0.064 ms clock, 1.2+0.69/0.91/0+0.76 ms cpu, 3->3->1 MB, 4 MB goal, 0 MB stacks, 0 MB globals, 12 P
gc 2426 @9.643s 6%: 0.073+0.80+0.039 ms clock, 0.87+0.69/0.88/0.005+0.46 ms cpu, 3->3->1 MB, 4 MB goal, 0 MB stacks, 0 MB globals, 12 P
gc 2427 @9.645s 6%: 0.13+0.76+0.065 ms clock, 1.6+0.85/0.78/0+0.79 ms cpu, 3->3->1 MB, 4 MB goal, 0 MB stacks, 0 MB globals, 12 P
gc 2428 @9.647s 6%: 0.093+1.1+0.046 ms clock, 1.1+0.77/0.81/0+0.55 ms cpu, 3->4->2 MB, 4 MB goal, 0 MB stacks, 0 MB globals, 12 P
gc 2429 @9.650s 6%: 0.12+1.1+0.16 ms clock, 1.4+0.81/0.82/0+1.9 ms cpu, 3->4->2 MB, 4 MB goal, 0 MB stacks, 0 MB globals, 12 P
gc 2430 @9.653s 6%: 0.10+1.5+0.065 ms clock, 1.2+0.68/0.88/0+0.78 ms cpu, 3->5->2 MB, 4 MB goal, 0 MB stacks, 0 MB globals, 12 P
gc 2431 @9.657s 6%: 0.12+1.0+0.093 ms clock, 1.4+0.85/0.83/0+1.1 ms cpu, 4->5->2 MB, 5 MB goal, 0 MB stacks, 0 MB globals, 12 P
gc 2432 @9.660s 6%: 0.099+0.75+0.068 ms clock, 1.1+0.71/0.88/0+0.82 ms cpu, 3->4->1 MB, 4 MB goal, 0 MB stacks, 0 MB globals, 12 P
gc 2433 @9.662s 6%: 0.12+0.58+0.098 ms clock, 1.4+0.77/1.1/0+1.1 ms cpu, 3->3->1 MB, 4 MB goal, 0 MB stacks, 0 MB globals, 12 P
gc 2434 @9.664s 6%: 0.072+0.94+0.10 ms clock, 0.87+0.87/0.76/0+1.2 ms cpu, 3->3->2 MB, 4 MB goal, 0 MB stacks, 0 MB globals, 12 P
gc 2435 @9.667s 6%: 0.095+0.87+0.061 ms clock, 1.1+1.0/0.94/0+0.73 ms cpu, 3->4->1 MB, 4 MB goal, 0 MB stacks, 0 MB globals, 12 P
gc 2436 @9.669s 6%: 0.12+0.80+0.073 ms clock, 1.4+0.70/0.88/0+0.88 ms cpu, 3->4->1 MB, 4 MB goal, 0 MB stacks, 0 MB globals, 12 P
gc 2437 @9.672s 6%: 0.097+0.50+0.10 ms clock, 1.1+0.93/0.82/0+1.2 ms cpu, 3->4->1 MB, 4 MB goal, 0 MB stacks, 0 MB globals, 12 P
gc 2438 @9.674s 6%: 0.13+0.82+0.059 ms clock, 1.5+0.72/0.80/0+0.71 ms cpu, 3->3->1 MB, 4 MB goal, 0 MB stacks, 0 MB globals, 12 P
gc 2439 @9.676s 6%: 0.11+0.57+0.086 ms clock, 1.3+0.72/0.78/0+1.0 ms cpu, 3->3->1 MB, 4 MB goal, 0 MB stacks, 0 MB globals, 12 P
gc 2440 @9.678s 6%: 0.16+0.54+0.073 ms clock, 2.0+0.68/0.89/0+0.88 ms cpu, 3->3->1 MB, 4 MB goal, 0 MB stacks, 0 MB globals, 12 P
gc 2441 @9.680s 6%: 0.072+0.89+0.080 ms clock, 0.86+0.89/0.80/0+0.96 ms cpu, 3->4->1 MB, 4 MB goal, 0 MB stacks, 0 MB globals, 12 P
gc 2442 @9.682s 6%: 0.084+0.57+0.056 ms clock, 1.0+0.85/0.86/0+0.68 ms cpu, 3->4->1 MB, 4 MB goal, 0 MB stacks, 0 MB globals, 12 P
gc 2443 @9.685s 6%: 0.090+0.60+0.091 ms clock, 1.0+0.75/0.94/0+1.0 ms cpu, 3->3->1 MB, 4 MB goal, 0 MB stacks, 0 MB globals, 12 P
gc 2444 @9.686s 6%: 0.092+0.74+0.091 ms clock, 1.1+0.65/1.0/0+1.0 ms cpu, 3->3->1 MB, 4 MB goal, 0 MB stacks, 0 MB globals, 12 P
gc 2445 @9.689s 6%: 0.094+0.54+0.097 ms clock, 1.1+0.87/0.84/0+1.1 ms cpu, 3->3->1 MB, 4 MB goal, 0 MB stacks, 0 MB globals, 12 P
gc 2446 @9.691s 6%: 0.094+0.99+0.081 ms clock, 1.1+0.71/0.91/0.065+0.98 ms cpu, 3->4->2 MB, 4 MB goal, 0 MB stacks, 0 MB globals, 12 P
gc 2447 @9.693s 6%: 0.11+0.54+0.10 ms clock, 1.3+0.60/0.96/0.032+1.3 ms cpu, 3->4->1 MB, 4 MB goal, 0 MB stacks, 0 MB globals, 12 P
gc 2448 @9.695s 6%: 0.089+0.94+0.056 ms clock, 1.0+0.76/0.86/0+0.68 ms cpu, 3->4->1 MB, 4 MB goal, 0 MB stacks, 0 MB globals, 12 P
gc 2449 @9.698s 6%: 0.10+0.91+0.053 ms clock, 1.3+0.71/0.90/0+0.64 ms cpu, 3->4->1 MB, 4 MB goal, 0 MB stacks, 0 MB globals, 12 P
gc 2450 @9.700s 6%: 0.10+0.78+0.062 ms clock, 1.2+0.75/0.79/0.049+0.75 ms cpu, 3->4->1 MB, 4 MB goal, 0 MB stacks, 0 MB globals, 12 P
gc 2451 @9.703s 6%: 0.10+0.62+0.099 ms clock, 1.2+0.90/1.0/0+1.1 ms cpu, 3->3->1 MB, 4 MB goal, 0 MB stacks, 0 MB globals, 12 P
gc 2452 @9.705s 6%: 0.090+0.82+0.095 ms clock, 1.0+0.87/0.85/0+1.1 ms cpu, 3->4->2 MB, 4 MB goal, 0 MB stacks, 0 MB globals, 12 P
gc 2453 @9.707s 6%: 0.12+0.71+0.087 ms clock, 1.5+0.69/0.90/0+1.0 ms cpu, 3->4->1 MB, 4 MB goal, 0 MB stacks, 0 MB globals, 12 P
gc 2454 @9.709s 6%: 0.11+0.59+0.089 ms clock, 1.3+0.77/0.95/0+1.0 ms cpu, 3->4->1 MB, 4 MB goal, 0 MB stacks, 0 MB globals, 12 P
gc 2455 @9.712s 6%: 0.091+0.95+0.085 ms clock, 1.1+0.61/0.97/0+1.0 ms cpu, 3->4->2 MB, 4 MB goal, 0 MB stacks, 0 MB globals, 12 P
gc 2456 @9.714s 6%: 0.11+0.52+0.069 ms clock, 1.4+0.85/0.82/0+0.83 ms cpu, 3->4->1 MB, 4 MB goal, 0 MB stacks, 0 MB globals, 12 P
gc 2457 @9.716s 6%: 0.13+0.54+0.078 ms clock, 1.6+0.77/0.84/0+0.94 ms cpu, 3->3->1 MB, 4 MB goal, 0 MB stacks, 0 MB globals, 12 P
gc 2458 @9.718s 6%: 0.11+0.64+0.11 ms clock, 1.3+0.73/0.87/0+1.3 ms cpu, 3->3->1 MB, 4 MB goal, 0 MB stacks, 0 MB globals, 12 P
gc 2459 @9.720s 6%: 0.097+0.74+0.092 ms clock, 1.1+0.84/0.79/0+1.1 ms cpu, 3->3->1 MB, 4 MB goal, 0 MB stacks, 0 MB globals, 12 P
gc 2460 @9.723s 6%: 0.077+0.60+0.097 ms clock, 0.92+0.66/0.90/0+1.1 ms cpu, 3->3->1 MB, 4 MB goal, 0 MB stacks, 0 MB globals, 12 P
gc 2461 @9.725s 6%: 0.21+0.53+0.10 ms clock, 2.5+0.54/0.95/0+1.3 ms cpu, 3->3->1 MB, 4 MB goal, 0 MB stacks, 0 MB globals, 12 P
gc 2462 @9.727s 6%: 0.094+0.53+0.10 ms clock, 1.1+0.67/0.85/0+1.2 ms cpu, 3->3->1 MB, 4 MB goal, 0 MB stacks, 0 MB globals, 12 P
gc 2463 @9.729s 6%: 0.10+0.53+0.045 ms clock, 1.2+0.68/0.90/0+0.54 ms cpu, 3->3->1 MB, 4 MB goal, 0 MB stacks, 0 MB globals, 12 P
gc 2464 @9.731s 6%: 0.11+0.56+0.073 ms clock, 1.3+0.73/0.96/0+0.88 ms cpu, 3->3->1 MB, 4 MB goal, 0 MB stacks, 0 MB globals, 12 P
gc 2465 @9.733s 6%: 0.16+0.75+0.087 ms clock, 2.0+0.73/0.86/0+1.0 ms cpu, 3->3->1 MB, 4 MB goal, 0 MB stacks, 0 MB globals, 12 P
gc 2466 @9.735s 6%: 0.10+0.38+0.079 ms clock, 1.2+0.76/0.72/0+0.95 ms cpu, 3->3->1 MB, 4 MB goal, 0 MB stacks, 0 MB globals, 12 P
gc 2467 @9.737s 6%: 0.11+0.57+0.15 ms clock, 1.3+0.66/0.83/0+1.8 ms cpu, 3->3->1 MB, 4 MB goal, 0 MB stacks, 0 MB globals, 12 P
gc 2468 @9.739s 6%: 0.10+0.62+0.083 ms clock, 1.3+0.62/0.93/0+1.0 ms cpu, 3->3->1 MB, 4 MB goal, 0 MB stacks, 0 MB globals, 12 P
gc 2469 @9.741s 6%: 0.098+0.54+0.11 ms clock, 1.1+0.68/0.93/0+1.3 ms cpu, 3->3->1 MB, 4 MB goal, 0 MB stacks, 0 MB globals, 12 P
gc 2470 @9.744s 6%: 0.11+0.92+0.052 ms clock, 1.4+0.70/0.92/0+0.62 ms cpu, 3->3->1 MB, 4 MB goal, 0 MB stacks, 0 MB globals, 12 P
gc 2471 @9.746s 6%: 0.090+0.83+0.042 ms clock, 1.0+0.77/0.88/0+0.51 ms cpu, 3->4->1 MB, 4 MB goal, 0 MB stacks, 0 MB globals, 12 P
gc 2472 @9.748s 6%: 0.084+0.53+0.062 ms clock, 1.0+0.68/0.86/0+0.74 ms cpu, 3->3->1 MB, 4 MB goal, 0 MB stacks, 0 MB globals, 12 P
gc 2473 @9.750s 6%: 0.10+0.53+0.093 ms clock, 1.2+0.67/0.90/0.024+1.1 ms cpu, 3->3->1 MB, 4 MB goal, 0 MB stacks, 0 MB globals, 12 P
gc 2474 @9.752s 6%: 0.11+0.69+0.083 ms clock, 1.4+0.65/0.98/0+1.0 ms cpu, 3->3->1 MB, 4 MB goal, 0 MB stacks, 0 MB globals, 12 P
gc 2475 @9.754s 6%: 0.10+1.0+0.049 ms clock, 1.2+0.71/0.86/0+0.59 ms cpu, 3->4->2 MB, 4 MB goal, 0 MB stacks, 0 MB globals, 12 P
gc 2476 @9.757s 6%: 0.10+0.59+0.081 ms clock, 1.2+0.71/0.89/0+0.97 ms cpu, 3->4->1 MB, 4 MB goal, 0 MB stacks, 0 MB globals, 12 P
gc 2477 @9.759s 6%: 0.076+0.57+0.14 ms clock, 0.92+0.69/0.92/0+1.6 ms cpu, 3->3->1 MB, 4 MB goal, 0 MB stacks, 0 MB globals, 12 P
gc 2478 @9.761s 6%: 0.12+0.69+0.064 ms clock, 1.5+0.64/0.88/0+0.77 ms cpu, 3->3->1 MB, 4 MB goal, 0 MB stacks, 0 MB globals, 12 P
gc 2479 @9.763s 6%: 0.13+0.54+0.15 ms clock, 1.6+0.67/0.86/0+1.8 ms cpu, 3->3->1 MB, 4 MB goal, 0 MB stacks, 0 MB globals, 12 P
gc 2480 @9.765s 6%: 0.15+0.85+0.062 ms clock, 1.8+0.58/0.92/0+0.74 ms cpu, 3->4->1 MB, 4 MB goal, 0 MB stacks, 0 MB globals, 12 P
gc 2481 @9.768s 6%: 0.10+0.71+0.089 ms clock, 1.2+0.75/0.83/0+1.0 ms cpu, 3->4->1 MB, 4 MB goal, 0 MB stacks, 0 MB globals, 12 P
gc 2482 @9.770s 6%: 0.12+0.47+0.061 ms clock, 1.5+0.91/0.77/0+0.73 ms cpu, 3->3->1 MB, 4 MB goal, 0 MB stacks, 0 MB globals, 12 P
gc 2483 @9.772s 6%: 0.088+0.62+0.083 ms clock, 1.0+0.79/0.96/0+1.0 ms cpu, 3->3->1 MB, 4 MB goal, 0 MB stacks, 0 MB globals, 12 P
gc 2484 @9.774s 6%: 0.11+0.58+0.10 ms clock, 1.4+0.79/0.84/0+1.3 ms cpu, 3->3->1 MB, 4 MB goal, 0 MB stacks, 0 MB globals, 12 P
gc 2485 @9.776s 6%: 0.10+0.56+0.085 ms clock, 1.3+0.87/0.90/0+1.0 ms cpu, 3->3->1 MB, 4 MB goal, 0 MB stacks, 0 MB globals, 12 P
gc 2486 @9.778s 6%: 0.065+0.44+0.19 ms clock, 0.78+0.84/0.73/0+2.3 ms cpu, 3->3->1 MB, 4 MB goal, 0 MB stacks, 0 MB globals, 12 P
gc 2487 @9.780s 6%: 0.11+0.52+0.054 ms clock, 1.4+0.71/0.94/0+0.64 ms cpu, 3->3->1 MB, 4 MB goal, 0 MB stacks, 0 MB globals, 12 P
gc 2488 @9.782s 6%: 0.083+0.55+0.072 ms clock, 1.0+0.75/0.83/0+0.87 ms cpu, 3->3->1 MB, 4 MB goal, 0 MB stacks, 0 MB globals, 12 P
gc 2489 @9.784s 6%: 0.13+0.50+0.077 ms clock, 1.6+0.74/0.84/0+0.92 ms cpu, 3->3->1 MB, 4 MB goal, 0 MB stacks, 0 MB globals, 12 P
gc 2490 @9.786s 6%: 0.098+1.2+0.13 ms clock, 1.1+0.73/0.80/0+1.6 ms cpu, 3->4->2 MB, 4 MB goal, 0 MB stacks, 0 MB globals, 12 P
gc 2491 @9.789s 6%: 0.096+1.0+0.058 ms clock, 1.1+0.62/0.69/0+0.70 ms cpu, 3->4->2 MB, 4 MB goal, 0 MB stacks, 0 MB globals, 12 P
gc 2492 @9.792s 6%: 0.083+1.3+0.051 ms clock, 1.0+1.6/0.89/0+0.61 ms cpu, 3->4->2 MB, 4 MB goal, 0 MB stacks, 0 MB globals, 12 P
gc 2493 @9.795s 6%: 0.076+0.46+0.063 ms clock, 0.92+0.66/0.88/0+0.75 ms cpu, 4->4->1 MB, 4 MB goal, 0 MB stacks, 0 MB globals, 12 P
gc 2494 @9.797s 6%: 0.088+0.58+0.093 ms clock, 1.0+0.74/0.85/0+1.1 ms cpu, 3->3->1 MB, 4 MB goal, 0 MB stacks, 0 MB globals, 12 P
gc 2495 @9.799s 6%: 0.13+0.47+0.073 ms clock, 1.5+0.76/0.83/0+0.87 ms cpu, 3->3->1 MB, 4 MB goal, 0 MB stacks, 0 MB globals, 12 P
gc 2496 @9.801s 6%: 0.096+1.0+0.12 ms clock, 1.1+1.3/0.86/0+1.5 ms cpu, 3->4->2 MB, 4 MB goal, 0 MB stacks, 0 MB globals, 12 P
gc 2497 @9.804s 6%: 0.082+0.56+0.096 ms clock, 0.98+0.78/0.80/0+1.1 ms cpu, 3->4->1 MB, 4 MB goal, 0 MB stacks, 0 MB globals, 12 P
gc 2498 @9.806s 6%: 0.087+1.1+0.11 ms clock, 1.0+0.78/0.92/0+1.3 ms cpu, 3->4->2 MB, 4 MB goal, 0 MB stacks, 0 MB globals, 12 P
gc 2499 @9.809s 6%: 0.078+0.58+0.10 ms clock, 0.93+0.75/0.88/0+1.2 ms cpu, 3->4->1 MB, 4 MB goal, 0 MB stacks, 0 MB globals, 12 P
gc 2500 @9.811s 6%: 0.084+0.48+0.11 ms clock, 1.0+0.88/0.84/0+1.3 ms cpu, 3->3->1 MB, 4 MB goal, 0 MB stacks, 0 MB globals, 12 P
gc 2501 @9.813s 6%: 0.083+0.64+0.093 ms clock, 0.99+0.81/0.94/0+1.1 ms cpu, 3->3->1 MB, 4 MB goal, 0 MB stacks, 0 MB globals, 12 P
gc 2502 @9.815s 6%: 0.17+0.72+0.089 ms clock, 2.1+0.68/0.84/0+1.0 ms cpu, 3->3->1 MB, 4 MB goal, 0 MB stacks, 0 MB globals, 12 P
gc 2503 @9.817s 6%: 0.074+0.87+0.083 ms clock, 0.89+0.53/0.82/0+1.0 ms cpu, 3->4->2 MB, 4 MB goal, 0 MB stacks, 0 MB globals, 12 P
gc 2504 @9.820s 6%: 0.15+0.70+0.063 ms clock, 1.8+0.87/0.88/0+0.76 ms cpu, 3->4->1 MB, 4 MB goal, 0 MB stacks, 0 MB globals, 12 P
gc 2505 @9.822s 6%: 0.083+1.0+0.063 ms clock, 0.99+0.74/0.98/0+0.76 ms cpu, 3->4->2 MB, 4 MB goal, 0 MB stacks, 0 MB globals, 12 P
gc 2506 @9.824s 6%: 0.10+0.78+0.093 ms clock, 1.3+0.71/0.81/0+1.1 ms cpu, 3->4->1 MB, 4 MB goal, 0 MB stacks, 0 MB globals, 12 P
gc 2507 @9.827s 6%: 0.11+0.76+0.10 ms clock, 1.3+0.58/0.86/0+1.2 ms cpu, 3->4->1 MB, 4 MB goal, 0 MB stacks, 0 MB globals, 12 P
gc 2508 @9.829s 6%: 0.091+0.65+0.073 ms clock, 1.1+0.70/0.86/0+0.88 ms cpu, 3->3->1 MB, 4 MB goal, 0 MB stacks, 0 MB globals, 12 P
gc 2509 @9.831s 6%: 0.10+0.63+0.075 ms clock, 1.2+0.76/0.79/0+0.90 ms cpu, 3->3->1 MB, 4 MB goal, 0 MB stacks, 0 MB globals, 12 P
gc 2510 @9.833s 6%: 0.12+0.51+0.068 ms clock, 1.4+0.77/0.86/0+0.82 ms cpu, 3->3->1 MB, 4 MB goal, 0 MB stacks, 0 MB globals, 12 P
gc 2511 @9.835s 6%: 0.084+0.53+0.082 ms clock, 1.0+0.68/0.86/0+0.98 ms cpu, 3->3->1 MB, 4 MB goal, 0 MB stacks, 0 MB globals, 12 P
gc 2512 @9.837s 6%: 0.091+0.46+0.13 ms clock, 1.1+0.67/0.86/0+1.6 ms cpu, 3->3->1 MB, 4 MB goal, 0 MB stacks, 0 MB globals, 12 P
gc 2513 @9.839s 6%: 0.13+0.54+0.081 ms clock, 1.6+0.67/0.81/0+0.97 ms cpu, 3->3->1 MB, 4 MB goal, 0 MB stacks, 0 MB globals, 12 P
gc 2514 @9.841s 6%: 0.11+1.1+0.082 ms clock, 1.3+0.73/0.78/0+0.99 ms cpu, 3->4->2 MB, 4 MB goal, 0 MB stacks, 0 MB globals, 12 P
gc 2515 @9.844s 6%: 0.10+1.3+0.086 ms clock, 1.2+0.63/0.82/0+1.0 ms cpu, 3->4->2 MB, 4 MB goal, 0 MB stacks, 0 MB globals, 12 P
gc 2516 @9.847s 6%: 0.14+0.90+0.084 ms clock, 1.7+0.80/0.71/0+1.0 ms cpu, 3->4->2 MB, 4 MB goal, 0 MB stacks, 0 MB globals, 12 P
gc 2517 @9.849s 6%: 0.11+0.77+0.062 ms clock, 1.3+0.85/0.79/0+0.75 ms cpu, 3->4->1 MB, 4 MB goal, 0 MB stacks, 0 MB globals, 12 P
gc 2518 @9.851s 6%: 0.089+0.80+0.055 ms clock, 1.0+0.73/0.77/0+0.66 ms cpu, 3->4->1 MB, 4 MB goal, 0 MB stacks, 0 MB globals, 12 P
gc 2519 @9.854s 6%: 0.092+0.95+0.12 ms clock, 1.1+0.70/0.91/0+1.4 ms cpu, 3->4->2 MB, 4 MB goal, 0 MB stacks, 0 MB globals, 12 P
gc 2520 @9.857s 6%: 0.083+1.1+0.094 ms clock, 1.0+0.64/0.99/0+1.1 ms cpu, 3->4->2 MB, 4 MB goal, 0 MB stacks, 0 MB globals, 12 P
gc 2521 @9.859s 6%: 0.12+0.59+0.067 ms clock, 1.5+0.81/0.88/0+0.81 ms cpu, 3->4->1 MB, 4 MB goal, 0 MB stacks, 0 MB globals, 12 P
gc 2522 @9.861s 6%: 0.15+0.55+0.081 ms clock, 1.8+0.75/0.97/0+0.97 ms cpu, 3->3->1 MB, 4 MB goal, 0 MB stacks, 0 MB globals, 12 P
gc 2523 @9.863s 6%: 0.068+0.56+0.062 ms clock, 0.82+0.72/1.0/0+0.74 ms cpu, 3->3->1 MB, 4 MB goal, 0 MB stacks, 0 MB globals, 12 P
gc 2524 @9.865s 6%: 0.086+0.55+0.11 ms clock, 1.0+0.58/0.97/0+1.4 ms cpu, 3->3->1 MB, 4 MB goal, 0 MB stacks, 0 MB globals, 12 P
gc 2525 @9.867s 6%: 0.096+0.41+0.065 ms clock, 1.1+0.72/0.85/0+0.78 ms cpu, 3->3->1 MB, 4 MB goal, 0 MB stacks, 0 MB globals, 12 P
gc 2526 @9.869s 6%: 0.11+0.52+0.067 ms clock, 1.3+0.60/0.88/0+0.81 ms cpu, 3->3->1 MB, 4 MB goal, 0 MB stacks, 0 MB globals, 12 P
gc 2527 @9.871s 6%: 0.10+0.58+0.081 ms clock, 1.2+0.66/0.90/0+0.97 ms cpu, 3->3->1 MB, 4 MB goal, 0 MB stacks, 0 MB globals, 12 P
gc 2528 @9.873s 6%: 0.094+0.98+0.037 ms clock, 1.1+0.56/0.86/0+0.44 ms cpu, 3->3->1 MB, 4 MB goal, 0 MB stacks, 0 MB globals, 12 P
gc 2529 @9.876s 6%: 0.11+0.99+0.12 ms clock, 1.4+0.67/0.78/0+1.4 ms cpu, 3->4->2 MB, 4 MB goal, 0 MB stacks, 0 MB globals, 12 P
gc 2530 @9.878s 6%: 0.074+0.76+0.085 ms clock, 0.89+0.66/0.82/0+1.0 ms cpu, 3->4->1 MB, 4 MB goal, 0 MB stacks, 0 MB globals, 12 P
gc 2531 @9.881s 6%: 0.17+0.90+0.078 ms clock, 2.0+0.79/0.74/0+0.93 ms cpu, 3->4->1 MB, 4 MB goal, 0 MB stacks, 0 MB globals, 12 P
gc 2532 @9.883s 6%: 0.11+0.51+0.082 ms clock, 1.4+0.78/0.74/0+0.98 ms cpu, 3->4->1 MB, 4 MB goal, 0 MB stacks, 0 MB globals, 12 P
gc 2533 @9.885s 6%: 0.10+0.57+0.083 ms clock, 1.2+0.66/0.93/0+1.0 ms cpu, 3->3->1 MB, 4 MB goal, 0 MB stacks, 0 MB globals, 12 P
gc 2534 @9.887s 6%: 0.081+0.54+0.067 ms clock, 0.98+0.82/0.89/0+0.81 ms cpu, 3->3->1 MB, 4 MB goal, 0 MB stacks, 0 MB globals, 12 P
gc 2535 @9.889s 6%: 0.10+0.72+0.11 ms clock, 1.2+0.74/0.97/0+1.3 ms cpu, 3->3->1 MB, 4 MB goal, 0 MB stacks, 0 MB globals, 12 P
gc 2536 @9.892s 6%: 0.10+0.50+0.087 ms clock, 1.2+0.73/0.71/0+1.0 ms cpu, 3->3->1 MB, 4 MB goal, 0 MB stacks, 0 MB globals, 12 P
gc 2537 @9.894s 6%: 0.082+0.81+0.043 ms clock, 0.98+0.77/0.86/0+0.52 ms cpu, 3->3->1 MB, 4 MB goal, 0 MB stacks, 0 MB globals, 12 P
gc 2538 @9.896s 6%: 0.10+1.5+0.030 ms clock, 1.2+1.5/1.5/0+0.36 ms cpu, 3->4->2 MB, 4 MB goal, 0 MB stacks, 0 MB globals, 12 P
gc 2539 @9.899s 6%: 0.10+1.1+0.075 ms clock, 1.2+0.71/0.85/0+0.91 ms cpu, 4->4->2 MB, 4 MB goal, 0 MB stacks, 0 MB globals, 12 P
gc 2540 @9.902s 6%: 0.091+0.71+0.086 ms clock, 1.1+0.66/0.98/0+1.0 ms cpu, 3->4->1 MB, 4 MB goal, 0 MB stacks, 0 MB globals, 12 P
gc 2541 @9.904s 6%: 0.061+0.56+0.12 ms clock, 0.73+0.59/0.89/0+1.4 ms cpu, 3->3->1 MB, 4 MB goal, 0 MB stacks, 0 MB globals, 12 P
gc 2542 @9.906s 6%: 0.090+0.69+0.076 ms clock, 1.0+0.67/0.90/0+0.91 ms cpu, 3->3->1 MB, 4 MB goal, 0 MB stacks, 0 MB globals, 12 P
gc 2543 @9.909s 6%: 0.14+0.44+0.13 ms clock, 1.7+0.75/0.91/0+1.6 ms cpu, 3->3->1 MB, 4 MB goal, 0 MB stacks, 0 MB globals, 12 P
gc 2544 @9.911s 6%: 0.10+0.97+0.078 ms clock, 1.2+0.65/0.88/0+0.93 ms cpu, 3->3->1 MB, 4 MB goal, 0 MB stacks, 0 MB globals, 12 P
gc 2545 @9.913s 6%: 0.11+0.54+0.068 ms clock, 1.3+0.87/0.84/0+0.82 ms cpu, 3->3->1 MB, 4 MB goal, 0 MB stacks, 0 MB globals, 12 P
gc 2546 @9.915s 6%: 0.092+0.56+0.089 ms clock, 1.1+0.75/0.84/0+1.0 ms cpu, 3->3->1 MB, 4 MB goal, 0 MB stacks, 0 MB globals, 12 P
gc 2547 @9.917s 6%: 0.087+0.46+0.092 ms clock, 1.0+0.65/0.89/0+1.1 ms cpu, 3->3->1 MB, 4 MB goal, 0 MB stacks, 0 MB globals, 12 P
gc 2548 @9.919s 6%: 0.11+0.73+0.092 ms clock, 1.4+0.75/0.89/0+1.1 ms cpu, 3->3->1 MB, 4 MB goal, 0 MB stacks, 0 MB globals, 12 P
gc 2549 @9.921s 6%: 0.078+0.84+0.078 ms clock, 0.94+0.64/0.87/0+0.93 ms cpu, 3->4->1 MB, 4 MB goal, 0 MB stacks, 0 MB globals, 12 P
gc 2550 @9.924s 6%: 0.11+1.1+0.021 ms clock, 1.3+0.28/1.4/0+0.25 ms cpu, 3->4->2 MB, 4 MB goal, 0 MB stacks, 0 MB globals, 12 P
gc 2551 @9.927s 6%: 0.092+0.84+0.091 ms clock, 1.1+0.53/1.0/0+1.0 ms cpu, 3->4->1 MB, 4 MB goal, 0 MB stacks, 0 MB globals, 12 P
gc 2552 @9.929s 6%: 0.061+0.57+0.076 ms clock, 0.74+0.74/0.84/0+0.91 ms cpu, 3->3->1 MB, 4 MB goal, 0 MB stacks, 0 MB globals, 12 P
gc 2553 @9.931s 6%: 0.096+1.0+0.073 ms clock, 1.1+0.80/0.76/0+0.88 ms cpu, 3->4->2 MB, 4 MB goal, 0 MB stacks, 0 MB globals, 12 P
gc 2554 @9.934s 6%: 0.065+0.67+0.070 ms clock, 0.79+0.67/0.88/0+0.84 ms cpu, 3->4->1 MB, 4 MB goal, 0 MB stacks, 0 MB globals, 12 P
gc 2555 @9.936s 6%: 0.12+0.50+0.090 ms clock, 1.4+0.71/0.87/0+1.0 ms cpu, 3->3->1 MB, 4 MB goal, 0 MB stacks, 0 MB globals, 12 P
gc 2556 @9.938s 6%: 0.093+0.53+0.13 ms clock, 1.1+0.56/0.94/0+1.6 ms cpu, 3->3->1 MB, 4 MB goal, 0 MB stacks, 0 MB globals, 12 P
gc 2557 @9.940s 6%: 0.13+0.68+0.087 ms clock, 1.6+0.69/0.92/0+1.0 ms cpu, 3->3->1 MB, 4 MB goal, 0 MB stacks, 0 MB globals, 12 P
gc 2558 @9.942s 6%: 0.090+0.58+0.098 ms clock, 1.0+0.54/1.0/0+1.1 ms cpu, 3->3->1 MB, 4 MB goal, 0 MB stacks, 0 MB globals, 12 P
gc 2559 @9.944s 6%: 0.10+1.0+0.057 ms clock, 1.2+0.66/0.84/0+0.68 ms cpu, 3->4->2 MB, 4 MB goal, 0 MB stacks, 0 MB globals, 12 P
gc 2560 @9.947s 6%: 0.12+0.70+0.078 ms clock, 1.5+0.67/0.96/0+0.94 ms cpu, 3->4->1 MB, 4 MB goal, 0 MB stacks, 0 MB globals, 12 P
gc 2561 @9.949s 6%: 0.10+0.46+0.097 ms clock, 1.2+0.76/0.91/0+1.1 ms cpu, 3->3->1 MB, 4 MB goal, 0 MB stacks, 0 MB globals, 12 P
gc 2562 @9.951s 6%: 0.094+1.3+0.070 ms clock, 1.1+0.50/0.87/0+0.84 ms cpu, 3->4->2 MB, 4 MB goal, 0 MB stacks, 0 MB globals, 12 P
gc 2563 @9.954s 6%: 0.097+0.82+0.10 ms clock, 1.1+0.66/0.78/0.063+1.2 ms cpu, 4->4->1 MB, 4 MB goal, 0 MB stacks, 0 MB globals, 12 P
gc 2564 @9.956s 6%: 0.18+0.79+0.10 ms clock, 2.1+0.76/0.89/0+1.2 ms cpu, 3->3->1 MB, 4 MB goal, 0 MB stacks, 0 MB globals, 12 P
gc 2565 @9.958s 6%: 0.10+0.50+0.086 ms clock, 1.2+0.78/0.85/0+1.0 ms cpu, 3->3->1 MB, 4 MB goal, 0 MB stacks, 0 MB globals, 12 P
gc 2566 @9.960s 6%: 0.11+0.54+0.13 ms clock, 1.3+0.70/0.82/0+1.5 ms cpu, 3->3->1 MB, 4 MB goal, 0 MB stacks, 0 MB globals, 12 P
gc 2567 @9.962s 6%: 0.091+0.96+0.058 ms clock, 1.1+0.64/0.96/0+0.70 ms cpu, 3->4->2 MB, 4 MB goal, 0 MB stacks, 0 MB globals, 12 P
gc 2568 @9.965s 6%: 0.079+0.95+0.070 ms clock, 0.95+0.55/0.84/0+0.84 ms cpu, 3->4->1 MB, 4 MB goal, 0 MB stacks, 0 MB globals, 12 P
gc 2569 @9.967s 6%: 0.096+0.54+0.089 ms clock, 1.1+0.85/0.77/0+1.0 ms cpu, 3->4->1 MB, 4 MB goal, 0 MB stacks, 0 MB globals, 12 P
gc 2570 @9.969s 6%: 0.095+0.56+0.12 ms clock, 1.1+0.75/0.78/0+1.4 ms cpu, 3->3->1 MB, 4 MB goal, 0 MB stacks, 0 MB globals, 12 P
gc 2571 @9.971s 6%: 0.10+1.2+0.054 ms clock, 1.2+0.71/0.88/0+0.65 ms cpu, 3->4->2 MB, 4 MB goal, 0 MB stacks, 0 MB globals, 12 P
gc 2572 @9.974s 6%: 0.10+1.0+0.073 ms clock, 1.2+0.72/0.80/0+0.88 ms cpu, 3->4->2 MB, 4 MB goal, 0 MB stacks, 0 MB globals, 12 P
gc 2573 @9.977s 6%: 0.085+0.61+0.12 ms clock, 1.0+0.76/0.84/0+1.5 ms cpu, 3->4->1 MB, 4 MB goal, 0 MB stacks, 0 MB globals, 12 P
gc 2574 @9.979s 6%: 0.14+0.63+0.076 ms clock, 1.7+0.90/0.83/0+0.91 ms cpu, 3->3->1 MB, 4 MB goal, 0 MB stacks, 0 MB globals, 12 P
gc 2575 @9.981s 6%: 0.099+0.46+0.089 ms clock, 1.1+0.60/0.87/0+1.0 ms cpu, 3->3->1 MB, 4 MB goal, 0 MB stacks, 0 MB globals, 12 P
gc 2576 @9.983s 6%: 0.11+0.71+0.12 ms clock, 1.3+0.67/0.89/0+1.4 ms cpu, 3->3->1 MB, 4 MB goal, 0 MB stacks, 0 MB globals, 12 P
gc 2577 @9.986s 6%: 0.099+0.45+0.095 ms clock, 1.1+0.76/0.78/0+1.1 ms cpu, 3->3->1 MB, 4 MB goal, 0 MB stacks, 0 MB globals, 12 P
gc 2578 @9.988s 6%: 0.099+0.65+0.077 ms clock, 1.1+0.75/0.84/0+0.92 ms cpu, 3->3->1 MB, 4 MB goal, 0 MB stacks, 0 MB globals, 12 P
gc 2579 @9.990s 6%: 0.12+0.85+0.080 ms clock, 1.5+0.72/0.89/0+0.96 ms cpu, 3->3->1 MB, 4 MB goal, 0 MB stacks, 0 MB globals, 12 P
gc 2580 @9.992s 6%: 0.075+0.78+0.084 ms clock, 0.90+0.68/0.86/0+1.0 ms cpu, 3->4->1 MB, 4 MB goal, 0 MB stacks, 0 MB globals, 12 P
gc 2581 @9.995s 6%: 0.086+0.50+0.072 ms clock, 1.0+0.80/0.82/0+0.86 ms cpu, 3->3->1 MB, 4 MB goal, 0 MB stacks, 0 MB globals, 12 P
gc 2582 @9.997s 6%: 0.14+0.59+0.097 ms clock, 1.6+0.73/0.80/0+1.1 ms cpu, 3->3->1 MB, 4 MB goal, 0 MB stacks, 0 MB globals, 12 P
gc 2583 @9.999s 6%: 0.10+1.0+0.089 ms clock, 1.2+0.63/0.97/0+1.0 ms cpu, 3->4->2 MB, 4 MB goal, 0 MB stacks, 0 MB globals, 12 P
gc 2584 @10.002s 6%: 0.091+1.0+0.10 ms clock, 1.0+0.62/0.80/0+1.3 ms cpu, 3->4->2 MB, 4 MB goal, 0 MB stacks, 0 MB globals, 12 P
gc 2585 @10.004s 6%: 0.10+0.99+0.096 ms clock, 1.2+0.62/0.99/0+1.1 ms cpu, 3->4->2 MB, 4 MB goal, 0 MB stacks, 0 MB globals, 12 P
gc 2586 @10.007s 6%: 0.14+0.58+0.11 ms clock, 1.7+0.73/0.86/0+1.3 ms cpu, 3->4->1 MB, 4 MB goal, 0 MB stacks, 0 MB globals, 12 P
gc 2587 @10.009s 6%: 0.12+0.44+0.12 ms clock, 1.4+0.85/0.76/0+1.4 ms cpu, 3->3->1 MB, 4 MB goal, 0 MB stacks, 0 MB globals, 12 P
gc 2588 @10.011s 6%: 0.11+1.0+0.049 ms clock, 1.4+0.74/0.82/0+0.59 ms cpu, 3->3->2 MB, 4 MB goal, 0 MB stacks, 0 MB globals, 12 P
gc 2589 @10.014s 6%: 0.11+1.0+0.058 ms clock, 1.3+0.67/0.89/0+0.70 ms cpu, 3->4->2 MB, 4 MB goal, 0 MB stacks, 0 MB globals, 12 P
gc 2590 @10.017s 6%: 0.10+0.84+0.084 ms clock, 1.2+0.77/0.89/0+1.0 ms cpu, 3->4->1 MB, 4 MB goal, 0 MB stacks, 0 MB globals, 12 P
gc 2591 @10.019s 6%: 0.085+0.61+0.12 ms clock, 1.0+0.73/0.86/0+1.4 ms cpu, 3->4->1 MB, 4 MB goal, 0 MB stacks, 0 MB globals, 12 P
gc 2592 @10.021s 6%: 0.096+0.96+0.10 ms clock, 1.1+0.72/0.81/0+1.2 ms cpu, 3->4->2 MB, 4 MB goal, 0 MB stacks, 0 MB globals, 12 P
gc 2593 @10.024s 6%: 0.10+0.69+0.16 ms clock, 1.2+0.63/0.91/0+2.0 ms cpu, 3->4->1 MB, 4 MB goal, 0 MB stacks, 0 MB globals, 12 P
gc 2594 @10.026s 6%: 0.13+0.42+0.083 ms clock, 1.6+0.87/0.78/0+0.99 ms cpu, 3->3->1 MB, 4 MB goal, 0 MB stacks, 0 MB globals, 12 P
gc 2595 @10.028s 6%: 0.10+0.58+0.14 ms clock, 1.2+0.69/0.96/0+1.7 ms cpu, 3->3->1 MB, 4 MB goal, 0 MB stacks, 0 MB globals, 12 P
gc 2596 @10.030s 6%: 0.10+0.99+0.088 ms clock, 1.2+0.66/0.86/0+1.0 ms cpu, 3->4->2 MB, 4 MB goal, 0 MB stacks, 0 MB globals, 12 P
gc 2597 @10.032s 6%: 0.096+0.54+0.079 ms clock, 1.1+0.76/0.84/0+0.95 ms cpu, 3->4->1 MB, 4 MB goal, 0 MB stacks, 0 MB globals, 12 P
gc 2598 @10.034s 6%: 0.086+0.61+0.11 ms clock, 1.0+0.86/0.64/0+1.3 ms cpu, 3->3->1 MB, 4 MB goal, 0 MB stacks, 0 MB globals, 12 P
gc 2599 @10.036s 6%: 0.084+1.4+0.060 ms clock, 1.0+0.75/0.90/0+0.72 ms cpu, 3->4->2 MB, 4 MB goal, 0 MB stacks, 0 MB globals, 12 P
gc 2600 @10.040s 6%: 0.18+0.45+0.12 ms clock, 2.2+0.67/0.90/0+1.5 ms cpu, 4->4->1 MB, 4 MB goal, 0 MB stacks, 0 MB globals, 12 P
gc 2601 @10.042s 6%: 0.098+0.78+0.080 ms clock, 1.1+0.55/1.1/0+0.96 ms cpu, 3->4->1 MB, 4 MB goal, 0 MB stacks, 0 MB globals, 12 P
gc 2602 @10.044s 6%: 0.088+0.83+0.079 ms clock, 1.0+0.81/0.90/0+0.95 ms cpu, 3->4->1 MB, 4 MB goal, 0 MB stacks, 0 MB globals, 12 P
gc 2603 @10.047s 6%: 0.10+0.79+0.072 ms clock, 1.2+0.53/0.88/0+0.87 ms cpu, 3->4->1 MB, 4 MB goal, 0 MB stacks, 0 MB globals, 12 P
gc 2604 @10.049s 6%: 0.10+0.57+0.12 ms clock, 1.3+0.62/0.85/0+1.5 ms cpu, 3->3->1 MB, 4 MB goal, 0 MB stacks, 0 MB globals, 12 P
gc 2605 @10.051s 6%: 0.098+0.99+0.11 ms clock, 1.1+0.55/0.84/0+1.3 ms cpu, 3->3->1 MB, 4 MB goal, 0 MB stacks, 0 MB globals, 12 P
gc 2606 @10.053s 6%: 0.11+0.91+0.087 ms clock, 1.4+0.82/0.77/0+1.0 ms cpu, 3->4->1 MB, 4 MB goal, 0 MB stacks, 0 MB globals, 12 P
gc 2607 @10.056s 6%: 0.10+1.1+0.086 ms clock, 1.2+1.2/0.86/0+1.0 ms cpu, 3->4->2 MB, 4 MB goal, 0 MB stacks, 0 MB globals, 12 P
gc 2608 @10.059s 6%: 0.099+0.48+0.10 ms clock, 1.1+0.60/0.78/0+1.3 ms cpu, 3->4->1 MB, 4 MB goal, 0 MB stacks, 0 MB globals, 12 P
gc 2609 @10.061s 6%: 0.11+0.83+0.052 ms clock, 1.3+0.64/0.86/0+0.62 ms cpu, 3->4->1 MB, 4 MB goal, 0 MB stacks, 0 MB globals, 12 P
gc 2610 @10.063s 6%: 0.10+0.71+0.044 ms clock, 1.2+0.82/0.86/0+0.53 ms cpu, 3->4->1 MB, 4 MB goal, 0 MB stacks, 0 MB globals, 12 P
gc 2611 @10.065s 6%: 0.10+0.77+0.091 ms clock, 1.2+0.90/0.84/0+1.0 ms cpu, 3->4->1 MB, 4 MB goal, 0 MB stacks, 0 MB globals, 12 P
gc 2612 @10.068s 6%: 0.075+0.54+0.11 ms clock, 0.91+0.72/0.98/0+1.4 ms cpu, 3->3->1 MB, 4 MB goal, 0 MB stacks, 0 MB globals, 12 P
gc 2613 @10.070s 6%: 0.11+0.70+0.073 ms clock, 1.3+0.87/0.82/0+0.88 ms cpu, 3->3->1 MB, 4 MB goal, 0 MB stacks, 0 MB globals, 12 P
gc 2614 @10.072s 6%: 0.13+0.55+0.059 ms clock, 1.6+0.71/0.84/0+0.71 ms cpu, 3->4->1 MB, 4 MB goal, 0 MB stacks, 0 MB globals, 12 P
gc 2615 @10.075s 6%: 0.18+0.65+0.072 ms clock, 2.2+0.82/0.90/0+0.86 ms cpu, 3->3->1 MB, 4 MB goal, 0 MB stacks, 0 MB globals, 12 P
gc 2616 @10.077s 6%: 0.089+0.59+0.11 ms clock, 1.0+0.85/0.75/0+1.4 ms cpu, 3->3->1 MB, 4 MB goal, 0 MB stacks, 0 MB globals, 12 P
gc 2617 @10.079s 6%: 0.091+0.77+0.091 ms clock, 1.1+0.78/0.95/0+1.0 ms cpu, 3->3->1 MB, 4 MB goal, 0 MB stacks, 0 MB globals, 12 P
gc 2618 @10.081s 6%: 0.094+0.96+0.18 ms clock, 1.1+0.70/0.93/0+2.2 ms cpu, 3->4->2 MB, 4 MB goal, 0 MB stacks, 0 MB globals, 12 P
gc 2619 @10.084s 6%: 0.10+1.2+0.086 ms clock, 1.2+0.72/0.79/0+1.0 ms cpu, 3->4->2 MB, 4 MB goal, 0 MB stacks, 0 MB globals, 12 P
gc 2620 @10.087s 6%: 0.097+0.93+0.028 ms clock, 1.1+0.85/0.73/0+0.33 ms cpu, 3->4->1 MB, 4 MB goal, 0 MB stacks, 0 MB globals, 12 P
gc 2621 @10.089s 6%: 0.10+0.58+0.13 ms clock, 1.3+0.66/0.92/0+1.5 ms cpu, 3->4->1 MB, 4 MB goal, 0 MB stacks, 0 MB globals, 12 P
gc 2622 @10.091s 6%: 0.10+0.66+0.064 ms clock, 1.2+0.71/0.83/0+0.76 ms cpu, 3->3->1 MB, 4 MB goal, 0 MB stacks, 0 MB globals, 12 P
gc 2623 @10.094s 6%: 0.12+0.52+0.068 ms clock, 1.4+0.75/0.81/0+0.81 ms cpu, 3->3->1 MB, 4 MB goal, 0 MB stacks, 0 MB globals, 12 P
gc 2624 @10.096s 6%: 0.096+0.56+0.075 ms clock, 1.1+0.57/0.94/0+0.90 ms cpu, 3->3->1 MB, 4 MB goal, 0 MB stacks, 0 MB globals, 12 P
gc 2625 @10.098s 6%: 0.14+0.40+0.13 ms clock, 1.7+0.84/0.81/0+1.5 ms cpu, 3->3->1 MB, 4 MB goal, 0 MB stacks, 0 MB globals, 12 P
gc 2626 @10.100s 6%: 0.10+0.55+0.10 ms clock, 1.2+0.62/0.98/0+1.2 ms cpu, 3->3->1 MB, 4 MB goal, 0 MB stacks, 0 MB globals, 12 P
gc 2627 @10.102s 6%: 0.099+0.51+0.068 ms clock, 1.1+0.78/0.83/0+0.81 ms cpu, 3->3->1 MB, 4 MB goal, 0 MB stacks, 0 MB globals, 12 P
gc 2628 @10.104s 6%: 0.088+0.54+0.094 ms clock, 1.0+0.75/0.88/0+1.1 ms cpu, 3->3->1 MB, 4 MB goal, 0 MB stacks, 0 MB globals, 12 P
gc 2629 @10.106s 6%: 0.12+0.65+0.10 ms clock, 1.4+0.68/0.99/0+1.2 ms cpu, 3->3->1 MB, 4 MB goal, 0 MB stacks, 0 MB globals, 12 P
gc 2630 @10.108s 6%: 0.071+0.94+0.11 ms clock, 0.86+0.88/0.80/0+1.3 ms cpu, 3->4->1 MB, 4 MB goal, 0 MB stacks, 0 MB globals, 12 P
gc 2631 @10.110s 6%: 0.35+0.44+0.097 ms clock, 4.2+0.50/0.92/0+1.1 ms cpu, 3->4->1 MB, 4 MB goal, 0 MB stacks, 0 MB globals, 12 P
gc 2632 @10.113s 6%: 0.12+1.2+0.055 ms clock, 1.5+0.42/1.2/0+0.66 ms cpu, 3->4->2 MB, 4 MB goal, 0 MB stacks, 0 MB globals, 12 P
gc 2633 @10.116s 6%: 0.11+0.61+0.094 ms clock, 1.4+0.80/0.86/0+1.1 ms cpu, 4->4->1 MB, 5 MB goal, 0 MB stacks, 0 MB globals, 12 P
gc 2634 @10.118s 6%: 0.15+0.78+0.073 ms clock, 1.8+0.68/0.99/0+0.88 ms cpu, 3->3->1 MB, 4 MB goal, 0 MB stacks, 0 MB globals, 12 P
gc 2635 @10.120s 6%: 0.15+0.83+0.058 ms clock, 1.8+1.4/0.88/0+0.69 ms cpu, 3->3->2 MB, 4 MB goal, 0 MB stacks, 0 MB globals, 12 P
gc 2636 @10.122s 6%: 0.11+0.54+0.056 ms clock, 1.3+0.85/0.68/0+0.67 ms cpu, 3->4->1 MB, 4 MB goal, 0 MB stacks, 0 MB globals, 12 P
gc 2637 @10.124s 6%: 0.088+0.67+0.13 ms clock, 1.0+0.58/0.88/0+1.6 ms cpu, 3->3->1 MB, 4 MB goal, 0 MB stacks, 0 MB globals, 12 P
gc 2638 @10.126s 6%: 0.12+0.50+0.066 ms clock, 1.4+0.90/0.78/0+0.80 ms cpu, 3->3->1 MB, 4 MB goal, 0 MB stacks, 0 MB globals, 12 P
gc 2639 @10.128s 6%: 0.097+0.54+0.079 ms clock, 1.1+0.74/0.95/0+0.95 ms cpu, 3->3->1 MB, 4 MB goal, 0 MB stacks, 0 MB globals, 12 P
gc 2640 @10.130s 6%: 0.11+0.83+0.089 ms clock, 1.3+0.78/0.77/0+1.0 ms cpu, 3->3->1 MB, 4 MB goal, 0 MB stacks, 0 MB globals, 12 P
gc 2641 @10.133s 6%: 0.14+0.66+0.14 ms clock, 1.7+0.85/0.75/0+1.7 ms cpu, 3->4->1 MB, 4 MB goal, 0 MB stacks, 0 MB globals, 12 P
gc 2642 @10.135s 6%: 0.16+0.83+0.061 ms clock, 2.0+0.70/0.93/0+0.73 ms cpu, 3->4->2 MB, 4 MB goal, 0 MB stacks, 0 MB globals, 12 P
gc 2643 @10.137s 6%: 0.14+0.88+0.033 ms clock, 1.6+0.73/0.78/0+0.40 ms cpu, 3->4->1 MB, 4 MB goal, 0 MB stacks, 0 MB globals, 12 P
gc 2644 @10.140s 6%: 0.12+0.76+0.080 ms clock, 1.4+0.65/0.89/0+0.96 ms cpu, 3->4->1 MB, 4 MB goal, 0 MB stacks, 0 MB globals, 12 P
gc 2645 @10.142s 6%: 0.13+1.0+0.068 ms clock, 1.5+0.79/0.74/0+0.82 ms cpu, 3->4->2 MB, 4 MB goal, 0 MB stacks, 0 MB globals, 12 P
gc 2646 @10.145s 6%: 0.11+0.75+0.097 ms clock, 1.3+0.89/0.73/0+1.1 ms cpu, 3->4->1 MB, 4 MB goal, 0 MB stacks, 0 MB globals, 12 P
gc 2647 @10.147s 6%: 0.14+1.0+0.051 ms clock, 1.7+0.72/0.76/0+0.62 ms cpu, 3->4->2 MB, 4 MB goal, 0 MB stacks, 0 MB globals, 12 P
gc 2648 @10.150s 6%: 0.13+0.96+0.079 ms clock, 1.6+0.82/0.92/0+0.95 ms cpu, 3->4->1 MB, 4 MB goal, 0 MB stacks, 0 MB globals, 12 P
gc 2649 @10.153s 6%: 0.066+0.46+0.074 ms clock, 0.79+0.83/0.81/0+0.88 ms cpu, 3->4->1 MB, 4 MB goal, 0 MB stacks, 0 MB globals, 12 P
gc 2650 @10.155s 6%: 0.095+0.77+0.086 ms clock, 1.1+0.63/0.89/0+1.0 ms cpu, 3->3->1 MB, 4 MB goal, 0 MB stacks, 0 MB globals, 12 P
gc 2651 @10.157s 6%: 0.11+1.2+0.095 ms clock, 1.3+0.91/1.7/0+1.1 ms cpu, 3->4->2 MB, 4 MB goal, 0 MB stacks, 0 MB globals, 12 P
gc 2652 @10.160s 6%: 0.13+0.91+0.087 ms clock, 1.5+0.65/0.83/0+1.0 ms cpu, 3->4->2 MB, 4 MB goal, 0 MB stacks, 0 MB globals, 12 P
gc 2653 @10.163s 6%: 0.093+0.68+0.091 ms clock, 1.1+0.79/0.86/0+1.0 ms cpu, 3->4->1 MB, 4 MB goal, 0 MB stacks, 0 MB globals, 12 P
gc 2654 @10.165s 6%: 0.18+0.49+0.13 ms clock, 2.2+0.80/0.79/0+1.6 ms cpu, 3->3->1 MB, 4 MB goal, 0 MB stacks, 0 MB globals, 12 P
gc 2655 @10.167s 6%: 0.11+0.51+0.10 ms clock, 1.3+0.85/0.94/0+1.2 ms cpu, 3->3->1 MB, 4 MB goal, 0 MB stacks, 0 MB globals, 12 P
gc 2656 @10.169s 6%: 0.13+0.48+0.082 ms clock, 1.6+0.76/0.81/0+0.98 ms cpu, 3->3->1 MB, 4 MB goal, 0 MB stacks, 0 MB globals, 12 P
gc 2657 @10.171s 6%: 0.098+0.79+0.084 ms clock, 1.1+0.63/0.83/0+1.0 ms cpu, 3->3->1 MB, 4 MB goal, 0 MB stacks, 0 MB globals, 12 P
gc 2658 @10.173s 6%: 0.15+0.76+0.091 ms clock, 1.8+0.86/0.77/0+1.0 ms cpu, 3->4->1 MB, 4 MB goal, 0 MB stacks, 0 MB globals, 12 P
gc 2659 @10.175s 6%: 0.10+0.83+0.089 ms clock, 1.2+0.63/1.0/0+1.0 ms cpu, 3->4->1 MB, 4 MB goal, 0 MB stacks, 0 MB globals, 12 P
gc 2660 @10.178s 6%: 0.091+0.76+0.073 ms clock, 1.0+0.83/0.90/0+0.88 ms cpu, 3->4->1 MB, 4 MB goal, 0 MB stacks, 0 MB globals, 12 P
gc 2661 @10.180s 6%: 0.069+0.91+0.095 ms clock, 0.82+1.1/0.87/0+1.1 ms cpu, 3->4->1 MB, 4 MB goal, 0 MB stacks, 0 MB globals, 12 P
gc 2662 @10.183s 6%: 0.096+0.54+0.10 ms clock, 1.1+0.71/0.90/0+1.2 ms cpu, 3->4->1 MB, 4 MB goal, 0 MB stacks, 0 MB globals, 12 P
gc 2663 @10.185s 6%: 0.11+0.77+0.053 ms clock, 1.3+0.84/0.78/0+0.63 ms cpu, 3->3->1 MB, 4 MB goal, 0 MB stacks, 0 MB globals, 12 P
gc 2664 @10.187s 6%: 0.086+0.64+0.099 ms clock, 1.0+0.79/0.82/0+1.1 ms cpu, 3->4->1 MB, 4 MB goal, 0 MB stacks, 0 MB globals, 12 P
gc 2665 @10.189s 6%: 0.12+0.54+0.083 ms clock, 1.4+0.85/0.80/0+0.99 ms cpu, 3->3->1 MB, 4 MB goal, 0 MB stacks, 0 MB globals, 12 P
gc 2666 @10.191s 6%: 0.095+0.72+0.079 ms clock, 1.1+0.77/0.97/0+0.95 ms cpu, 3->3->1 MB, 4 MB goal, 0 MB stacks, 0 MB globals, 12 P
gc 2667 @10.193s 6%: 0.12+1.2+0.089 ms clock, 1.5+0.78/0.92/0.006+1.0 ms cpu, 3->4->2 MB, 4 MB goal, 0 MB stacks, 0 MB globals, 12 P
gc 2668 @10.196s 6%: 0.10+1.1+0.072 ms clock, 1.2+0.50/0.98/0+0.87 ms cpu, 3->4->2 MB, 4 MB goal, 0 MB stacks, 0 MB globals, 12 P
gc 2669 @10.199s 6%: 0.084+0.75+0.046 ms clock, 1.0+0.75/0.88/0+0.56 ms cpu, 3->4->1 MB, 4 MB goal, 0 MB stacks, 0 MB globals, 12 P
gc 2670 @10.201s 6%: 0.13+0.47+0.094 ms clock, 1.6+0.65/0.82/0+1.1 ms cpu, 3->3->1 MB, 4 MB goal, 0 MB stacks, 0 MB globals, 12 P
gc 2671 @10.203s 6%: 0.14+0.88+0.043 ms clock, 1.7+0.67/0.88/0+0.51 ms cpu, 3->3->1 MB, 4 MB goal, 0 MB stacks, 0 MB globals, 12 P
gc 2672 @10.206s 6%: 0.16+0.85+0.076 ms clock, 1.9+1.2/0.91/0+0.91 ms cpu, 3->4->2 MB, 4 MB goal, 0 MB stacks, 0 MB globals, 12 P
gc 2673 @10.208s 6%: 0.12+0.86+0.098 ms clock, 1.4+0.71/0.93/0+1.1 ms cpu, 3->4->1 MB, 4 MB goal, 0 MB stacks, 0 MB globals, 12 P
gc 2674 @10.211s 6%: 0.099+1.0+0.098 ms clock, 1.1+0.69/0.86/0+1.1 ms cpu, 3->4->2 MB, 4 MB goal, 0 MB stacks, 0 MB globals, 12 P
gc 2675 @10.214s 6%: 0.076+0.69+0.069 ms clock, 0.91+0.54/0.88/0+0.83 ms cpu, 3->4->1 MB, 4 MB goal, 0 MB stacks, 0 MB globals, 12 P
gc 2676 @10.216s 6%: 0.13+0.49+0.099 ms clock, 1.6+0.77/0.80/0+1.1 ms cpu, 3->3->1 MB, 4 MB goal, 0 MB stacks, 0 MB globals, 12 P
gc 2677 @10.218s 6%: 0.086+0.62+0.079 ms clock, 1.0+0.64/1.1/0+0.95 ms cpu, 3->3->1 MB, 4 MB goal, 0 MB stacks, 0 MB globals, 12 P
gc 2678 @10.220s 6%: 0.14+0.49+0.10 ms clock, 1.7+0.81/0.76/0+1.2 ms cpu, 3->3->1 MB, 4 MB goal, 0 MB stacks, 0 MB globals, 12 P
gc 2679 @10.222s 6%: 0.094+1.0+0.056 ms clock, 1.1+0.76/0.94/0+0.67 ms cpu, 3->4->2 MB, 4 MB goal, 0 MB stacks, 0 MB globals, 12 P
gc 2680 @10.225s 6%: 0.099+0.67+0.055 ms clock, 1.1+0.84/0.84/0+0.66 ms cpu, 3->4->1 MB, 4 MB goal, 0 MB stacks, 0 MB globals, 12 P
gc 2681 @10.227s 6%: 0.14+0.90+0.070 ms clock, 1.7+0.69/0.93/0+0.84 ms cpu, 3->4->2 MB, 4 MB goal, 0 MB stacks, 0 MB globals, 12 P
gc 2682 @10.229s 6%: 0.10+0.85+0.089 ms clock, 1.2+0.67/0.91/0+1.0 ms cpu, 3->4->1 MB, 4 MB goal, 0 MB stacks, 0 MB globals, 12 P
gc 2683 @10.232s 6%: 0.11+0.75+0.089 ms clock, 1.4+0.72/0.85/0+1.0 ms cpu, 3->4->1 MB, 4 MB goal, 0 MB stacks, 0 MB globals, 12 P
gc 2684 @10.234s 6%: 0.081+0.41+0.085 ms clock, 0.98+0.71/0.90/0+1.0 ms cpu, 3->3->1 MB, 4 MB goal, 0 MB stacks, 0 MB globals, 12 P
gc 2685 @10.236s 6%: 0.085+0.61+0.080 ms clock, 1.0+0.66/0.81/0+0.97 ms cpu, 3->3->1 MB, 4 MB goal, 0 MB stacks, 0 MB globals, 12 P
gc 2686 @10.238s 6%: 0.096+0.90+0.11 ms clock, 1.1+0.74/0.88/0+1.3 ms cpu, 3->3->1 MB, 4 MB goal, 0 MB stacks, 0 MB globals, 12 P
gc 2687 @10.240s 6%: 0.10+0.59+0.11 ms clock, 1.3+0.53/0.92/0+1.4 ms cpu, 3->4->1 MB, 4 MB goal, 0 MB stacks, 0 MB globals, 12 P
gc 2688 @10.242s 6%: 0.15+1.5+0.039 ms clock, 1.8+0.64/0.87/0+0.47 ms cpu, 3->4->2 MB, 4 MB goal, 0 MB stacks, 0 MB globals, 12 P
gc 2689 @10.246s 6%: 0.11+0.49+0.056 ms clock, 1.4+0.66/0.88/0+0.67 ms cpu, 4->4->1 MB, 5 MB goal, 0 MB stacks, 0 MB globals, 12 P
gc 2690 @10.248s 6%: 0.10+0.79+0.090 ms clock, 1.2+0.60/0.91/0+1.0 ms cpu, 3->3->1 MB, 4 MB goal, 0 MB stacks, 0 MB globals, 12 P
gc 2691 @10.250s 6%: 0.10+0.60+0.073 ms clock, 1.2+0.91/0.72/0.057+0.87 ms cpu, 3->3->1 MB, 4 MB goal, 0 MB stacks, 0 MB globals, 12 P
gc 2692 @10.252s 6%: 0.13+0.72+0.082 ms clock, 1.6+0.65/0.92/0+0.99 ms cpu, 3->3->1 MB, 4 MB goal, 0 MB stacks, 0 MB globals, 12 P
gc 2693 @10.255s 6%: 0.10+0.80+0.090 ms clock, 1.2+0.62/0.88/0+1.0 ms cpu, 3->4->1 MB, 4 MB goal, 0 MB stacks, 0 MB globals, 12 P
gc 2694 @10.257s 6%: 0.091+0.91+0.088 ms clock, 1.0+0.81/0.83/0+1.0 ms cpu, 3->4->1 MB, 4 MB goal, 0 MB stacks, 0 MB globals, 12 P
gc 2695 @10.260s 6%: 0.10+0.55+0.093 ms clock, 1.2+0.57/0.96/0+1.1 ms cpu, 3->4->1 MB, 4 MB goal, 0 MB stacks, 0 MB globals, 12 P
gc 2696 @10.262s 6%: 0.095+0.99+0.10 ms clock, 1.1+0.88/1.4/0+1.2 ms cpu, 3->4->2 MB, 4 MB goal, 0 MB stacks, 0 MB globals, 12 P
gc 2697 @10.264s 6%: 0.068+0.71+0.089 ms clock, 0.82+0.74/0.80/0+1.0 ms cpu, 3->4->1 MB, 4 MB goal, 0 MB stacks, 0 MB globals, 12 P
gc 2698 @10.267s 6%: 0.097+0.47+0.10 ms clock, 1.1+0.84/0.78/0+1.2 ms cpu, 3->3->1 MB, 4 MB goal, 0 MB stacks, 0 MB globals, 12 P
gc 2699 @10.269s 6%: 0.075+0.71+0.082 ms clock, 0.91+0.60/0.91/0+0.98 ms cpu, 3->3->1 MB, 4 MB goal, 0 MB stacks, 0 MB globals, 12 P
gc 2700 @10.271s 6%: 0.10+1.1+0.029 ms clock, 1.2+0.91/1.5/0.001+0.35 ms cpu, 3->4->2 MB, 4 MB goal, 0 MB stacks, 0 MB globals, 12 P
gc 2701 @10.273s 6%: 0.17+1.0+0.087 ms clock, 2.0+1.0/1.0/0+1.0 ms cpu, 3->4->2 MB, 4 MB goal, 0 MB stacks, 0 MB globals, 12 P
gc 2702 @10.276s 6%: 0.099+0.71+0.11 ms clock, 1.1+0.75/0.83/0+1.3 ms cpu, 3->4->1 MB, 4 MB goal, 0 MB stacks, 0 MB globals, 12 P
gc 2703 @10.279s 6%: 0.088+1.0+0.11 ms clock, 1.0+0.77/0.79/0+1.3 ms cpu, 3->4->2 MB, 4 MB goal, 0 MB stacks, 0 MB globals, 12 P
gc 2704 @10.281s 6%: 0.098+0.87+0.038 ms clock, 1.1+0.73/0.79/0+0.46 ms cpu, 3->4->1 MB, 4 MB goal, 0 MB stacks, 0 MB globals, 12 P
gc 2705 @10.284s 6%: 0.074+0.55+0.076 ms clock, 0.89+0.72/0.91/0+0.92 ms cpu, 3->3->1 MB, 4 MB goal, 0 MB stacks, 0 MB globals, 12 P
gc 2706 @10.286s 6%: 0.10+0.79+0.058 ms clock, 1.2+0.84/0.80/0+0.70 ms cpu, 3->3->1 MB, 4 MB goal, 0 MB stacks, 0 MB globals, 12 P
gc 2707 @10.288s 6%: 0.15+1.0+0.058 ms clock, 1.8+0.75/0.86/0+0.69 ms cpu, 3->4->2 MB, 4 MB goal, 0 MB stacks, 0 MB globals, 12 P
gc 2708 @10.291s 6%: 0.10+0.48+0.056 ms clock, 1.2+0.76/0.91/0+0.68 ms cpu, 3->4->1 MB, 4 MB goal, 0 MB stacks, 0 MB globals, 12 P
gc 2709 @10.293s 6%: 0.11+0.85+0.13 ms clock, 1.3+0.61/0.97/0+1.6 ms cpu, 3->3->1 MB, 4 MB goal, 0 MB stacks, 0 MB globals, 12 P
gc 2710 @10.295s 6%: 0.084+0.61+0.068 ms clock, 1.0+0.88/0.72/0.10+0.81 ms cpu, 3->3->1 MB, 4 MB goal, 0 MB stacks, 0 MB globals, 12 P
gc 2711 @10.297s 6%: 0.080+0.73+0.091 ms clock, 0.96+0.66/0.91/0+1.0 ms cpu, 3->3->1 MB, 4 MB goal, 0 MB stacks, 0 MB globals, 12 P
gc 2712 @10.299s 6%: 0.12+0.55+0.066 ms clock, 1.5+0.66/0.88/0+0.79 ms cpu, 3->3->1 MB, 4 MB goal, 0 MB stacks, 0 MB globals, 12 P
gc 2713 @10.301s 6%: 0.10+0.95+0.080 ms clock, 1.3+0.65/1.0/0+0.96 ms cpu, 3->4->2 MB, 4 MB goal, 0 MB stacks, 0 MB globals, 12 P
gc 2714 @10.304s 6%: 0.10+0.57+0.096 ms clock, 1.2+0.54/0.92/0+1.1 ms cpu, 3->4->1 MB, 4 MB goal, 0 MB stacks, 0 MB globals, 12 P
gc 2715 @10.306s 6%: 0.13+0.87+0.098 ms clock, 1.6+0.81/0.85/0+1.1 ms cpu, 3->3->2 MB, 4 MB goal, 0 MB stacks, 0 MB globals, 12 P
gc 2716 @10.309s 6%: 0.10+1.3+0.054 ms clock, 1.2+0.75/0.85/0+0.65 ms cpu, 3->4->2 MB, 4 MB goal, 0 MB stacks, 0 MB globals, 12 P
gc 2717 @10.312s 6%: 0.096+0.83+0.084 ms clock, 1.1+0.84/0.80/0+1.0 ms cpu, 4->4->2 MB, 5 MB goal, 0 MB stacks, 0 MB globals, 12 P
gc 2718 @10.315s 6%: 0.10+0.54+0.086 ms clock, 1.2+0.84/0.83/0+1.0 ms cpu, 3->4->1 MB, 4 MB goal, 0 MB stacks, 0 MB globals, 12 P
gc 2719 @10.317s 6%: 0.15+0.40+0.11 ms clock, 1.8+0.94/0.79/0+1.4 ms cpu, 3->3->1 MB, 4 MB goal, 0 MB stacks, 0 MB globals, 12 P
gc 2720 @10.319s 6%: 0.10+0.57+0.076 ms clock, 1.3+0.87/0.91/0+0.92 ms cpu, 3->3->1 MB, 4 MB goal, 0 MB stacks, 0 MB globals, 12 P
gc 2721 @10.321s 6%: 0.10+0.86+0.079 ms clock, 1.2+0.81/0.87/0+0.95 ms cpu, 3->3->1 MB, 4 MB goal, 0 MB stacks, 0 MB globals, 12 P
gc 2722 @10.323s 6%: 0.077+0.71+0.054 ms clock, 0.92+0.72/0.72/0+0.64 ms cpu, 3->4->1 MB, 4 MB goal, 0 MB stacks, 0 MB globals, 12 P
gc 2723 @10.325s 6%: 0.13+0.60+0.058 ms clock, 1.5+0.69/0.91/0+0.70 ms cpu, 3->3->1 MB, 4 MB goal, 0 MB stacks, 0 MB globals, 12 P
gc 2724 @10.327s 6%: 0.079+0.76+0.064 ms clock, 0.95+0.72/0.90/0+0.77 ms cpu, 3->3->1 MB, 4 MB goal, 0 MB stacks, 0 MB globals, 12 P
gc 2725 @10.330s 6%: 0.070+0.67+0.11 ms clock, 0.84+0.88/0.85/0+1.4 ms cpu, 3->3->1 MB, 4 MB goal, 0 MB stacks, 0 MB globals, 12 P
gc 2726 @10.332s 6%: 0.090+0.59+0.093 ms clock, 1.0+0.65/0.87/0+1.1 ms cpu, 3->3->1 MB, 4 MB goal, 0 MB stacks, 0 MB globals, 12 P
gc 2727 @10.334s 6%: 0.25+0.94+0.095 ms clock, 3.0+0.097/1.0/0+1.1 ms cpu, 3->3->1 MB, 4 MB goal, 0 MB stacks, 0 MB globals, 12 P
gc 2728 @10.336s 6%: 0.092+0.97+0.10 ms clock, 1.1+0.81/1.0/0+1.2 ms cpu, 3->4->2 MB, 4 MB goal, 0 MB stacks, 0 MB globals, 12 P
gc 2729 @10.339s 6%: 0.12+0.60+0.10 ms clock, 1.5+0.80/0.91/0+1.2 ms cpu, 3->4->1 MB, 4 MB goal, 0 MB stacks, 0 MB globals, 12 P
gc 2730 @10.341s 6%: 0.10+1.0+0.061 ms clock, 1.2+0.70/0.92/0+0.73 ms cpu, 3->3->2 MB, 4 MB goal, 0 MB stacks, 0 MB globals, 12 P
gc 2731 @10.344s 6%: 0.13+0.65+0.11 ms clock, 1.6+0.64/0.98/0+1.3 ms cpu, 3->4->1 MB, 4 MB goal, 0 MB stacks, 0 MB globals, 12 P
gc 2732 @10.346s 6%: 0.13+0.65+0.086 ms clock, 1.5+0.71/0.93/0+1.0 ms cpu, 3->3->1 MB, 4 MB goal, 0 MB stacks, 0 MB globals, 12 P
gc 2733 @10.348s 6%: 0.097+0.45+0.10 ms clock, 1.1+0.87/0.76/0+1.2 ms cpu, 3->3->1 MB, 4 MB goal, 0 MB stacks, 0 MB globals, 12 P
gc 2734 @10.350s 6%: 0.12+0.62+0.081 ms clock, 1.4+0.81/0.83/0+0.97 ms cpu, 3->3->1 MB, 4 MB goal, 0 MB stacks, 0 MB globals, 12 P
gc 2735 @10.352s 6%: 0.13+0.85+0.069 ms clock, 1.6+0.67/0.90/0+0.83 ms cpu, 3->3->2 MB, 4 MB goal, 0 MB stacks, 0 MB globals, 12 P
gc 2736 @10.354s 6%: 0.13+1.6+0.063 ms clock, 1.5+0.74/0.84/0+0.76 ms cpu, 3->4->2 MB, 4 MB goal, 0 MB stacks, 0 MB globals, 12 P
gc 2737 @10.357s 6%: 0.092+1.1+0.035 ms clock, 1.1+0.78/1.0/0+0.42 ms cpu, 4->4->2 MB, 4 MB goal, 0 MB stacks, 0 MB globals, 12 P
gc 2738 @10.360s 6%: 0.12+0.47+0.14 ms clock, 1.5+0.75/0.80/0+1.7 ms cpu, 4->4->1 MB, 4 MB goal, 0 MB stacks, 0 MB globals, 12 P
gc 2739 @10.362s 6%: 0.16+0.58+0.087 ms clock, 1.9+0.75/0.95/0+1.0 ms cpu, 3->3->1 MB, 4 MB goal, 0 MB stacks, 0 MB globals, 12 P
gc 2740 @10.364s 6%: 0.13+0.98+0.11 ms clock, 1.6+0.67/0.85/0+1.3 ms cpu, 3->4->2 MB, 4 MB goal, 0 MB stacks, 0 MB globals, 12 P
gc 2741 @10.367s 6%: 0.097+0.71+0.041 ms clock, 1.1+0.82/0.82/0+0.50 ms cpu, 3->4->1 MB, 4 MB goal, 0 MB stacks, 0 MB globals, 12 P
gc 2742 @10.369s 6%: 0.11+0.67+0.11 ms clock, 1.4+0.67/0.88/0+1.3 ms cpu, 3->3->1 MB, 4 MB goal, 0 MB stacks, 0 MB globals, 12 P
gc 2743 @10.371s 6%: 0.091+1.0+0.057 ms clock, 1.0+0.73/0.78/0+0.69 ms cpu, 3->3->2 MB, 4 MB goal, 0 MB stacks, 0 MB globals, 12 P
gc 2744 @10.374s 6%: 0.14+1.0+0.075 ms clock, 1.7+0.83/0.85/0+0.90 ms cpu, 3->4->2 MB, 4 MB goal, 0 MB stacks, 0 MB globals, 12 P
gc 2745 @10.377s 6%: 0.10+0.85+0.14 ms clock, 1.3+0.72/0.85/0+1.7 ms cpu, 3->4->1 MB, 4 MB goal, 0 MB stacks, 0 MB globals, 12 P
gc 2746 @10.379s 6%: 0.11+1.2+0.064 ms clock, 1.4+0.78/0.81/0+0.77 ms cpu, 3->4->2 MB, 4 MB goal, 0 MB stacks, 0 MB globals, 12 P
gc 2747 @10.382s 6%: 0.10+0.92+0.059 ms clock, 1.2+0.72/0.88/0+0.71 ms cpu, 3->4->1 MB, 4 MB goal, 0 MB stacks, 0 MB globals, 12 P
gc 2748 @10.384s 6%: 0.093+0.83+0.13 ms clock, 1.1+0.67/0.89/0+1.5 ms cpu, 3->4->1 MB, 4 MB goal, 0 MB stacks, 0 MB globals, 12 P
gc 2749 @10.387s 6%: 0.10+0.56+0.063 ms clock, 1.2+0.83/0.85/0+0.76 ms cpu, 3->4->1 MB, 4 MB goal, 0 MB stacks, 0 MB globals, 12 P
gc 2750 @10.388s 6%: 0.092+0.51+0.053 ms clock, 1.1+0.75/0.91/0+0.64 ms cpu, 3->3->1 MB, 4 MB goal, 0 MB stacks, 0 MB globals, 12 P
gc 2751 @10.390s 6%: 0.11+0.68+0.080 ms clock, 1.4+0.79/0.93/0+0.96 ms cpu, 3->3->1 MB, 4 MB goal, 0 MB stacks, 0 MB globals, 12 P
gc 2752 @10.392s 6%: 0.073+0.45+0.057 ms clock, 0.88+0.74/0.81/0+0.69 ms cpu, 3->3->1 MB, 4 MB goal, 0 MB stacks, 0 MB globals, 12 P
gc 2753 @10.394s 6%: 0.11+0.39+0.091 ms clock, 1.4+0.86/0.71/0+1.0 ms cpu, 3->3->1 MB, 4 MB goal, 0 MB stacks, 0 MB globals, 12 P
gc 2754 @10.396s 6%: 0.089+0.83+0.10 ms clock, 1.0+0.67/0.90/0+1.2 ms cpu, 3->4->1 MB, 4 MB goal, 0 MB stacks, 0 MB globals, 12 P
gc 2755 @10.399s 6%: 0.11+1.0+0.029 ms clock, 1.3+0.76/0.90/0+0.34 ms cpu, 3->4->1 MB, 4 MB goal, 0 MB stacks, 0 MB globals, 12 P
gc 2756 @10.401s 6%: 0.10+0.61+0.084 ms clock, 1.2+0.67/0.93/0+1.0 ms cpu, 3->4->1 MB, 4 MB goal, 0 MB stacks, 0 MB globals, 12 P
gc 2757 @10.403s 6%: 0.12+0.83+0.11 ms clock, 1.4+0.85/0.76/0+1.3 ms cpu, 3->3->1 MB, 4 MB goal, 0 MB stacks, 0 MB globals, 12 P
gc 2758 @10.406s 6%: 0.086+0.51+0.11 ms clock, 1.0+0.65/0.90/0+1.4 ms cpu, 3->3->1 MB, 4 MB goal, 0 MB stacks, 0 MB globals, 12 P
gc 2759 @10.408s 6%: 0.12+0.53+0.095 ms clock, 1.5+0.67/0.83/0+1.1 ms cpu, 3->3->1 MB, 4 MB goal, 0 MB stacks, 0 MB globals, 12 P
gc 2760 @10.409s 6%: 0.13+1.2+0.10 ms clock, 1.6+0.78/0.82/0+1.2 ms cpu, 3->4->2 MB, 4 MB goal, 0 MB stacks, 0 MB globals, 12 P
gc 2761 @10.412s 6%: 0.14+0.83+0.087 ms clock, 1.7+0.76/0.84/0+1.0 ms cpu, 3->4->1 MB, 4 MB goal, 0 MB stacks, 0 MB globals, 12 P
gc 2762 @10.415s 6%: 0.10+1.1+0.080 ms clock, 1.2+0.75/0.93/0+0.96 ms cpu, 3->4->2 MB, 4 MB goal, 0 MB stacks, 0 MB globals, 12 P
gc 2763 @10.418s 6%: 0.086+0.62+0.085 ms clock, 1.0+0.67/0.77/0.070+1.0 ms cpu, 3->4->1 MB, 4 MB goal, 0 MB stacks, 0 MB globals, 12 P
gc 2764 @10.420s 6%: 0.12+1.1+0.021 ms clock, 1.5+0.66/0.89/0+0.25 ms cpu, 3->4->2 MB, 4 MB goal, 0 MB stacks, 0 MB globals, 12 P
gc 2765 @10.422s 6%: 0.10+0.68+0.10 ms clock, 1.2+0.55/0.90/0+1.2 ms cpu, 3->4->1 MB, 4 MB goal, 0 MB stacks, 0 MB globals, 12 P
gc 2766 @10.424s 6%: 0.10+1.1+0.072 ms clock, 1.2+0.73/0.88/0+0.86 ms cpu, 3->4->2 MB, 4 MB goal, 0 MB stacks, 0 MB globals, 12 P
gc 2767 @10.427s 6%: 0.091+0.55+0.13 ms clock, 1.0+0.64/0.80/0+1.5 ms cpu, 3->4->1 MB, 4 MB goal, 0 MB stacks, 0 MB globals, 12 P
gc 2768 @10.429s 6%: 0.14+0.64+0.068 ms clock, 1.6+0.63/0.87/0+0.81 ms cpu, 3->3->1 MB, 4 MB goal, 0 MB stacks, 0 MB globals, 12 P
gc 2769 @10.431s 6%: 0.13+0.89+0.034 ms clock, 1.6+0.81/0.80/0+0.41 ms cpu, 3->3->1 MB, 4 MB goal, 0 MB stacks, 0 MB globals, 12 P
gc 2770 @10.434s 6%: 0.086+0.42+0.065 ms clock, 1.0+0.65/0.84/0+0.78 ms cpu, 3->3->1 MB, 4 MB goal, 0 MB stacks, 0 MB globals, 12 P
gc 2771 @10.436s 6%: 0.098+0.41+0.066 ms clock, 1.1+0.70/0.87/0+0.79 ms cpu, 3->3->1 MB, 4 MB goal, 0 MB stacks, 0 MB globals, 12 P
gc 2772 @10.438s 6%: 0.13+0.90+0.093 ms clock, 1.6+0.69/0.94/0+1.1 ms cpu, 3->4->2 MB, 4 MB goal, 0 MB stacks, 0 MB globals, 12 P
gc 2773 @10.440s 6%: 0.085+0.86+0.081 ms clock, 1.0+0.75/0.81/0+0.97 ms cpu, 3->4->1 MB, 4 MB goal, 0 MB stacks, 0 MB globals, 12 P
gc 2774 @10.443s 6%: 0.15+1.1+0.018 ms clock, 1.8+0.64/0.90/0+0.22 ms cpu, 3->4->2 MB, 4 MB goal, 0 MB stacks, 0 MB globals, 12 P
gc 2775 @10.445s 6%: 0.13+0.60+0.058 ms clock, 1.6+0.68/0.75/0+0.70 ms cpu, 3->4->1 MB, 4 MB goal, 0 MB stacks, 0 MB globals, 12 P
gc 2776 @10.448s 6%: 0.11+1.3+0.039 ms clock, 1.4+0.77/0.70/0+0.47 ms cpu, 3->4->2 MB, 4 MB goal, 0 MB stacks, 0 MB globals, 12 P
gc 2777 @10.451s 6%: 0.17+0.56+0.071 ms clock, 2.0+0.77/0.76/0+0.85 ms cpu, 4->4->1 MB, 4 MB goal, 0 MB stacks, 0 MB globals, 12 P
gc 2778 @10.453s 6%: 0.13+0.51+0.062 ms clock, 1.5+0.75/0.86/0+0.75 ms cpu, 3->3->1 MB, 4 MB goal, 0 MB stacks, 0 MB globals, 12 P
gc 2779 @10.455s 6%: 0.088+0.61+0.093 ms clock, 1.0+0.75/0.85/0+1.1 ms cpu, 3->3->1 MB, 4 MB goal, 0 MB stacks, 0 MB globals, 12 P
gc 2780 @10.457s 6%: 0.12+0.57+0.10 ms clock, 1.5+0.78/0.84/0+1.3 ms cpu, 3->3->1 MB, 4 MB goal, 0 MB stacks, 0 MB globals, 12 P
gc 2781 @10.459s 6%: 0.14+0.66+0.080 ms clock, 1.7+0.53/0.89/0+0.96 ms cpu, 3->3->1 MB, 4 MB goal, 0 MB stacks, 0 MB globals, 12 P
gc 2782 @10.461s 6%: 0.10+0.56+0.095 ms clock, 1.2+0.83/0.79/0+1.1 ms cpu, 3->3->1 MB, 4 MB goal, 0 MB stacks, 0 MB globals, 12 P
gc 2783 @10.463s 6%: 0.098+0.59+0.13 ms clock, 1.1+0.75/0.92/0+1.6 ms cpu, 3->3->1 MB, 4 MB goal, 0 MB stacks, 0 MB globals, 12 P
gc 2784 @10.465s 6%: 0.087+0.73+0.091 ms clock, 1.0+0.55/0.85/0+1.0 ms cpu, 3->3->1 MB, 4 MB goal, 0 MB stacks, 0 MB globals, 12 P
gc 2785 @10.467s 6%: 0.099+1.1+0.059 ms clock, 1.1+0.73/0.66/0+0.71 ms cpu, 3->4->2 MB, 4 MB goal, 0 MB stacks, 0 MB globals, 12 P
gc 2786 @10.470s 6%: 0.56+0.17+0.068 ms clock, 6.7+0.93/0.78/0.015+0.82 ms cpu, 3->4->1 MB, 4 MB goal, 0 MB stacks, 0 MB globals, 12 P
gc 2787 @10.472s 6%: 0.11+0.84+0.061 ms clock, 1.3+0.73/0.84/0+0.73 ms cpu, 3->3->1 MB, 4 MB goal, 0 MB stacks, 0 MB globals, 12 P
gc 2788 @10.474s 6%: 0.042+0.60+0.077 ms clock, 0.50+0.46/1.1/0+0.93 ms cpu, 3->3->1 MB, 4 MB goal, 0 MB stacks, 0 MB globals, 12 P
gc 2789 @10.476s 6%: 0.12+0.69+0.093 ms clock, 1.4+0.73/0.84/0+1.1 ms cpu, 3->3->1 MB, 4 MB goal, 0 MB stacks, 0 MB globals, 12 P
gc 2790 @10.478s 6%: 0.14+0.57+0.067 ms clock, 1.7+0.71/0.81/0+0.80 ms cpu, 3->3->1 MB, 4 MB goal, 0 MB stacks, 0 MB globals, 12 P
gc 2791 @10.480s 6%: 0.15+0.61+0.12 ms clock, 1.8+0.62/0.79/0+1.5 ms cpu, 3->3->1 MB, 4 MB goal, 0 MB stacks, 0 MB globals, 12 P
gc 2792 @10.482s 6%: 0.082+0.57+0.066 ms clock, 0.99+0.71/0.90/0+0.79 ms cpu, 3->3->1 MB, 4 MB goal, 0 MB stacks, 0 MB globals, 12 P
gc 2793 @10.485s 6%: 0.14+0.62+0.076 ms clock, 1.7+0.80/0.68/0+0.91 ms cpu, 3->3->1 MB, 4 MB goal, 0 MB stacks, 0 MB globals, 12 P
gc 2794 @10.487s 6%: 0.13+0.49+0.12 ms clock, 1.5+0.75/0.85/0+1.4 ms cpu, 3->3->1 MB, 4 MB goal, 0 MB stacks, 0 MB globals, 12 P
gc 2795 @10.489s 6%: 0.092+0.86+0.088 ms clock, 1.1+0.71/0.85/0+1.0 ms cpu, 3->4->2 MB, 4 MB goal, 0 MB stacks, 0 MB globals, 12 P
gc 2796 @10.491s 6%: 0.11+0.51+0.094 ms clock, 1.3+0.65/0.89/0+1.1 ms cpu, 3->3->1 MB, 4 MB goal, 0 MB stacks, 0 MB globals, 12 P
gc 2797 @10.493s 6%: 0.078+0.62+0.12 ms clock, 0.94+0.82/0.82/0+1.4 ms cpu, 3->3->1 MB, 4 MB goal, 0 MB stacks, 0 MB globals, 12 P
gc 2798 @10.495s 6%: 0.075+0.62+0.13 ms clock, 0.90+0.76/0.89/0+1.6 ms cpu, 3->3->1 MB, 4 MB goal, 0 MB stacks, 0 MB globals, 12 P
gc 2799 @10.497s 6%: 0.062+0.44+0.070 ms clock, 0.75+0.79/0.81/0+0.84 ms cpu, 3->3->1 MB, 4 MB goal, 0 MB stacks, 0 MB globals, 12 P
gc 2800 @10.499s 6%: 0.088+0.69+0.071 ms clock, 1.0+0.64/0.91/0+0.85 ms cpu, 3->3->1 MB, 4 MB goal, 0 MB stacks, 0 MB globals, 12 P
gc 2801 @10.502s 6%: 0.070+0.37+0.062 ms clock, 0.84+0.66/0.84/0+0.75 ms cpu, 3->3->1 MB, 4 MB goal, 0 MB stacks, 0 MB globals, 12 P
gc 2802 @10.503s 6%: 0.11+1.1+0.082 ms clock, 1.4+0.67/1.5/0.023+0.98 ms cpu, 3->4->2 MB, 4 MB goal, 0 MB stacks, 0 MB globals, 12 P
gc 2803 @10.506s 6%: 0.079+0.48+0.060 ms clock, 0.95+0.80/0.79/0+0.72 ms cpu, 3->3->1 MB, 4 MB goal, 0 MB stacks, 0 MB globals, 12 P
gc 2804 @10.508s 6%: 0.10+0.53+0.10 ms clock, 1.3+0.70/0.86/0+1.2 ms cpu, 3->3->1 MB, 4 MB goal, 0 MB stacks, 0 MB globals, 12 P
gc 2805 @10.510s 6%: 0.10+0.56+0.048 ms clock, 1.2+0.72/0.96/0+0.58 ms cpu, 3->3->1 MB, 4 MB goal, 0 MB stacks, 0 MB globals, 12 P
gc 2806 @10.512s 6%: 0.10+1.2+0.075 ms clock, 1.2+0.83/0.81/0+0.90 ms cpu, 3->4->2 MB, 4 MB goal, 0 MB stacks, 0 MB globals, 12 P
gc 2807 @10.515s 6%: 0.17+0.89+0.086 ms clock, 2.1+0.81/0.85/0+1.0 ms cpu, 4->4->2 MB, 4 MB goal, 0 MB stacks, 0 MB globals, 12 P
gc 2808 @10.518s 6%: 0.13+0.44+0.073 ms clock, 1.5+0.71/0.90/0+0.87 ms cpu, 3->4->1 MB, 4 MB goal, 0 MB stacks, 0 MB globals, 12 P
gc 2809 @10.520s 6%: 0.066+0.44+0.062 ms clock, 0.79+0.77/0.81/0+0.74 ms cpu, 3->3->1 MB, 4 MB goal, 0 MB stacks, 0 MB globals, 12 P
gc 2810 @10.521s 6%: 0.075+0.46+0.16 ms clock, 0.90+0.66/0.86/0+1.9 ms cpu, 3->3->1 MB, 4 MB goal, 0 MB stacks, 0 MB globals, 12 P
gc 2811 @10.523s 6%: 0.17+0.54+0.077 ms clock, 2.0+0.65/0.86/0.010+0.93 ms cpu, 3->3->1 MB, 4 MB goal, 0 MB stacks, 0 MB globals, 12 P
gc 2812 @10.525s 6%: 0.12+0.94+0.057 ms clock, 1.5+0.84/0.82/0+0.68 ms cpu, 3->4->2 MB, 4 MB goal, 0 MB stacks, 0 MB globals, 12 P
gc 2813 @10.528s 6%: 0.10+1.3+0.049 ms clock, 1.2+0.75/0.83/0+0.59 ms cpu, 3->4->2 MB, 4 MB goal, 0 MB stacks, 0 MB globals, 12 P
gc 2814 @10.531s 6%: 0.12+0.43+0.084 ms clock, 1.4+0.82/0.89/0+1.0 ms cpu, 4->4->1 MB, 4 MB goal, 0 MB stacks, 0 MB globals, 12 P
gc 2815 @10.533s 6%: 0.10+0.56+0.12 ms clock, 1.2+0.55/0.83/0+1.4 ms cpu, 3->3->1 MB, 4 MB goal, 0 MB stacks, 0 MB globals, 12 P
gc 2816 @10.535s 6%: 0.10+0.94+0.081 ms clock, 1.2+0.84/0.84/0+0.97 ms cpu, 3->3->2 MB, 4 MB goal, 0 MB stacks, 0 MB globals, 12 P
gc 2817 @10.537s 6%: 0.093+0.96+0.075 ms clock, 1.1+0.71/0.90/0+0.90 ms cpu, 3->4->2 MB, 4 MB goal, 0 MB stacks, 0 MB globals, 12 P
gc 2818 @10.540s 6%: 0.12+0.87+0.091 ms clock, 1.4+0.49/0.94/0+1.0 ms cpu, 3->4->1 MB, 4 MB goal, 0 MB stacks, 0 MB globals, 12 P
gc 2819 @10.542s 6%: 0.079+0.74+0.10 ms clock, 0.95+0.78/0.85/0+1.3 ms cpu, 3->4->1 MB, 4 MB goal, 0 MB stacks, 0 MB globals, 12 P
gc 2820 @10.545s 6%: 0.10+0.82+0.085 ms clock, 1.2+0.79/0.74/0.018+1.0 ms cpu, 3->4->2 MB, 4 MB goal, 0 MB stacks, 0 MB globals, 12 P
gc 2821 @10.547s 6%: 0.094+0.98+0.10 ms clock, 1.1+0.67/0.84/0+1.2 ms cpu, 3->4->1 MB, 4 MB goal, 0 MB stacks, 0 MB globals, 12 P
gc 2822 @10.550s 6%: 0.12+0.62+0.088 ms clock, 1.5+0.74/0.89/0+1.0 ms cpu, 3->4->1 MB, 4 MB goal, 0 MB stacks, 0 MB globals, 12 P
gc 2823 @10.552s 6%: 0.080+0.81+0.080 ms clock, 0.97+0.69/0.88/0+0.96 ms cpu, 3->3->1 MB, 4 MB goal, 0 MB stacks, 0 MB globals, 12 P
gc 2824 @10.554s 6%: 0.13+0.75+0.10 ms clock, 1.6+0.71/0.94/0+1.2 ms cpu, 3->4->1 MB, 4 MB goal, 0 MB stacks, 0 MB globals, 12 P
gc 2825 @10.556s 6%: 0.076+0.49+0.081 ms clock, 0.91+0.77/0.82/0+0.97 ms cpu, 3->3->1 MB, 4 MB goal, 0 MB stacks, 0 MB globals, 12 P
gc 2826 @10.558s 6%: 0.088+0.87+0.057 ms clock, 1.0+0.68/0.82/0+0.68 ms cpu, 3->3->1 MB, 4 MB goal, 0 MB stacks, 0 MB globals, 12 P
gc 2827 @10.561s 6%: 0.098+0.81+0.11 ms clock, 1.1+0.84/0.92/0+1.3 ms cpu, 3->4->1 MB, 4 MB goal, 0 MB stacks, 0 MB globals, 12 P
gc 2828 @10.563s 6%: 0.11+0.66+0.13 ms clock, 1.4+0.82/0.85/0+1.5 ms cpu, 3->4->1 MB, 4 MB goal, 0 MB stacks, 0 MB globals, 12 P
gc 2829 @10.565s 6%: 0.094+0.96+0.11 ms clock, 1.1+0.64/0.93/0+1.3 ms cpu, 3->4->2 MB, 4 MB goal, 0 MB stacks, 0 MB globals, 12 P
gc 2830 @10.568s 6%: 0.076+0.71+0.081 ms clock, 0.91+0.74/0.97/0+0.97 ms cpu, 3->4->1 MB, 4 MB goal, 0 MB stacks, 0 MB globals, 12 P
gc 2831 @10.570s 6%: 0.075+0.62+0.051 ms clock, 0.90+0.57/0.99/0+0.61 ms cpu, 3->3->1 MB, 4 MB goal, 0 MB stacks, 0 MB globals, 12 P
gc 2832 @10.572s 6%: 0.065+0.72+0.088 ms clock, 0.78+0.67/0.91/0+1.0 ms cpu, 3->3->1 MB, 4 MB goal, 0 MB stacks, 0 MB globals, 12 P
gc 2833 @10.574s 6%: 0.13+0.51+0.063 ms clock, 1.6+1.0/0.85/0+0.76 ms cpu, 3->3->1 MB, 4 MB goal, 0 MB stacks, 0 MB globals, 12 P
gc 2834 @10.576s 6%: 0.099+0.44+0.18 ms clock, 1.1+0.74/0.83/0+2.1 ms cpu, 3->3->1 MB, 4 MB goal, 0 MB stacks, 0 MB globals, 12 P
gc 2835 @10.578s 6%: 0.098+0.80+0.093 ms clock, 1.1+0.81/0.92/0+1.1 ms cpu, 3->3->1 MB, 4 MB goal, 0 MB stacks, 0 MB globals, 12 P
gc 2836 @10.580s 6%: 0.12+0.82+0.10 ms clock, 1.5+0.91/0.82/0+1.2 ms cpu, 3->4->1 MB, 4 MB goal, 0 MB stacks, 0 MB globals, 12 P
gc 2837 @10.583s 6%: 0.089+0.55+0.10 ms clock, 1.0+0.60/1.0/0+1.2 ms cpu, 3->4->1 MB, 4 MB goal, 0 MB stacks, 0 MB globals, 12 P
gc 2838 @10.585s 6%: 0.10+0.57+0.12 ms clock, 1.2+0.64/0.80/0+1.5 ms cpu, 3->3->1 MB, 4 MB goal, 0 MB stacks, 0 MB globals, 12 P
gc 2839 @10.587s 6%: 0.098+0.84+0.043 ms clock, 1.1+0.43/1.1/0+0.52 ms cpu, 3->3->1 MB, 4 MB goal, 0 MB stacks, 0 MB globals, 12 P
gc 2840 @10.589s 6%: 0.096+0.65+0.10 ms clock, 1.1+0.77/0.93/0+1.2 ms cpu, 3->4->1 MB, 4 MB goal, 0 MB stacks, 0 MB globals, 12 P
gc 2841 @10.591s 6%: 0.13+0.71+0.094 ms clock, 1.6+0.70/0.96/0+1.1 ms cpu, 3->3->1 MB, 4 MB goal, 0 MB stacks, 0 MB globals, 12 P
gc 2842 @10.594s 6%: 0.079+0.56+0.12 ms clock, 0.95+0.77/0.92/0+1.4 ms cpu, 3->3->1 MB, 4 MB goal, 0 MB stacks, 0 MB globals, 12 P
gc 2843 @10.596s 6%: 0.11+0.79+0.11 ms clock, 1.3+0.87/0.78/0+1.4 ms cpu, 3->3->1 MB, 4 MB goal, 0 MB stacks, 0 MB globals, 12 P
gc 2844 @10.598s 6%: 0.12+0.88+0.044 ms clock, 1.4+0.65/0.92/0+0.52 ms cpu, 3->4->1 MB, 4 MB goal, 0 MB stacks, 0 MB globals, 12 P
gc 2845 @10.600s 6%: 0.11+0.58+0.089 ms clock, 1.3+0.69/0.86/0+1.0 ms cpu, 3->3->1 MB, 4 MB goal, 0 MB stacks, 0 MB globals, 12 P
gc 2846 @10.603s 6%: 0.093+0.63+0.097 ms clock, 1.1+0.67/1.0/0+1.1 ms cpu, 3->3->1 MB, 4 MB goal, 0 MB stacks, 0 MB globals, 12 P
gc 2847 @10.605s 6%: 0.072+1.0+0.082 ms clock, 0.87+0.69/0.96/0+0.99 ms cpu, 3->4->2 MB, 4 MB goal, 0 MB stacks, 0 MB globals, 12 P
gc 2848 @10.607s 6%: 0.096+0.83+0.10 ms clock, 1.1+0.97/0.76/0+1.2 ms cpu, 3->4->2 MB, 4 MB goal, 0 MB stacks, 0 MB globals, 12 P
gc 2849 @10.610s 6%: 0.10+0.49+0.093 ms clock, 1.2+0.75/0.82/0+1.1 ms cpu, 3->4->1 MB, 4 MB goal, 0 MB stacks, 0 MB globals, 12 P
gc 2850 @10.612s 6%: 0.11+0.78+0.077 ms clock, 1.3+0.62/0.84/0+0.93 ms cpu, 3->3->1 MB, 4 MB goal, 0 MB stacks, 0 MB globals, 12 P
gc 2851 @10.614s 6%: 0.098+0.64+0.097 ms clock, 1.1+0.83/0.77/0+1.1 ms cpu, 3->4->1 MB, 4 MB goal, 0 MB stacks, 0 MB globals, 12 P
gc 2852 @10.616s 6%: 0.19+0.52+0.082 ms clock, 2.3+0.84/0.73/0+0.98 ms cpu, 3->3->1 MB, 4 MB goal, 0 MB stacks, 0 MB globals, 12 P
gc 2853 @10.618s 6%: 0.10+0.54+0.085 ms clock, 1.3+0.82/0.77/0+1.0 ms cpu, 3->3->1 MB, 4 MB goal, 0 MB stacks, 0 MB globals, 12 P
gc 2854 @10.620s 6%: 0.092+0.65+0.057 ms clock, 1.1+1.2/0.91/0+0.69 ms cpu, 3->3->1 MB, 4 MB goal, 0 MB stacks, 0 MB globals, 12 P
gc 2855 @10.622s 6%: 0.075+0.74+0.075 ms clock, 0.90+0.64/0.94/0+0.91 ms cpu, 3->3->1 MB, 4 MB goal, 0 MB stacks, 0 MB globals, 12 P
gc 2856 @10.624s 6%: 0.13+0.88+0.11 ms clock, 1.5+0.64/0.86/0+1.3 ms cpu, 3->4->1 MB, 4 MB goal, 0 MB stacks, 0 MB globals, 12 P
gc 2857 @10.627s 6%: 0.11+0.55+0.085 ms clock, 1.4+0.62/0.93/0+1.0 ms cpu, 3->3->1 MB, 4 MB goal, 0 MB stacks, 0 MB globals, 12 P
gc 2858 @10.629s 6%: 0.12+0.57+0.076 ms clock, 1.4+0.84/0.88/0+0.92 ms cpu, 3->3->1 MB, 4 MB goal, 0 MB stacks, 0 MB globals, 12 P
gc 2859 @10.631s 6%: 0.10+0.52+0.086 ms clock, 1.2+0.73/0.85/0+1.0 ms cpu, 3->3->1 MB, 4 MB goal, 0 MB stacks, 0 MB globals, 12 P
gc 2860 @10.633s 6%: 0.092+0.94+0.010 ms clock, 1.1+0.82/0.89/0+0.12 ms cpu, 3->3->1 MB, 4 MB goal, 0 MB stacks, 0 MB globals, 12 P
gc 2861 @10.635s 6%: 0.14+0.53+0.090 ms clock, 1.6+0.63/0.83/0+1.0 ms cpu, 3->4->1 MB, 4 MB goal, 0 MB stacks, 0 MB globals, 12 P
gc 2862 @10.637s 6%: 0.083+1.0+0.076 ms clock, 1.0+0.67/0.94/0+0.91 ms cpu, 3->4->2 MB, 4 MB goal, 0 MB stacks, 0 MB globals, 12 P
gc 2863 @10.640s 6%: 0.12+0.48+0.13 ms clock, 1.4+0.73/0.87/0+1.6 ms cpu, 3->4->1 MB, 4 MB goal, 0 MB stacks, 0 MB globals, 12 P
gc 2864 @10.642s 6%: 0.14+0.67+0.12 ms clock, 1.7+0.62/0.94/0+1.4 ms cpu, 3->3->1 MB, 4 MB goal, 0 MB stacks, 0 MB globals, 12 P
gc 2865 @10.644s 6%: 0.17+0.88+0.091 ms clock, 2.1+0.69/0.87/0+1.0 ms cpu, 3->4->2 MB, 4 MB goal, 0 MB stacks, 0 MB globals, 12 P
gc 2866 @10.647s 6%: 0.13+0.56+0.10 ms clock, 1.5+0.68/0.84/0.037+1.2 ms cpu, 3->4->1 MB, 4 MB goal, 0 MB stacks, 0 MB globals, 12 P
gc 2867 @10.649s 6%: 0.12+1.0+0.077 ms clock, 1.5+0.72/0.81/0+0.93 ms cpu, 3->3->2 MB, 4 MB goal, 0 MB stacks, 0 MB globals, 12 P
gc 2868 @10.651s 6%: 0.082+0.50+0.11 ms clock, 0.98+0.79/0.86/0+1.3 ms cpu, 3->4->1 MB, 4 MB goal, 0 MB stacks, 0 MB globals, 12 P
gc 2869 @10.653s 6%: 0.079+0.71+0.066 ms clock, 0.94+0.59/1.0/0+0.79 ms cpu, 3->3->1 MB, 4 MB goal, 0 MB stacks, 0 MB globals, 12 P
gc 2870 @10.656s 6%: 0.10+0.68+0.084 ms clock, 1.2+0.84/0.80/0+1.0 ms cpu, 3->4->1 MB, 4 MB goal, 0 MB stacks, 0 MB globals, 12 P
gc 2871 @10.658s 6%: 0.087+0.54+0.11 ms clock, 1.0+0.91/0.85/0+1.3 ms cpu, 3->3->1 MB, 4 MB goal, 0 MB stacks, 0 MB globals, 12 P
gc 2872 @10.660s 6%: 0.18+0.86+0.089 ms clock, 2.2+0.56/0.91/0+1.0 ms cpu, 3->3->1 MB, 4 MB goal, 0 MB stacks, 0 MB globals, 12 P
gc 2873 @10.662s 6%: 0.091+0.62+0.098 ms clock, 1.0+0.70/0.83/0+1.1 ms cpu, 3->4->1 MB, 4 MB goal, 0 MB stacks, 0 MB globals, 12 P
gc 2874 @10.664s 6%: 0.093+0.84+0.10 ms clock, 1.1+0.79/0.87/0+1.2 ms cpu, 3->3->2 MB, 4 MB goal, 0 MB stacks, 0 MB globals, 12 P
gc 2875 @10.667s 6%: 0.077+0.67+0.096 ms clock, 0.93+0.79/0.76/0+1.1 ms cpu, 3->4->1 MB, 4 MB goal, 0 MB stacks, 0 MB globals, 12 P
gc 2876 @10.669s 6%: 0.066+0.59+0.084 ms clock, 0.79+0.57/0.86/0+1.0 ms cpu, 3->3->1 MB, 4 MB goal, 0 MB stacks, 0 MB globals, 12 P
gc 2877 @10.671s 6%: 0.083+0.69+0.093 ms clock, 1.0+0.76/0.82/0+1.1 ms cpu, 3->3->1 MB, 4 MB goal, 0 MB stacks, 0 MB globals, 12 P
gc 2878 @10.673s 6%: 0.13+0.48+0.068 ms clock, 1.5+0.81/0.75/0+0.82 ms cpu, 3->3->1 MB, 4 MB goal, 0 MB stacks, 0 MB globals, 12 P
gc 2879 @10.675s 6%: 0.065+0.92+0.061 ms clock, 0.78+0.71/1.3/0+0.73 ms cpu, 3->3->1 MB, 4 MB goal, 0 MB stacks, 0 MB globals, 12 P
gc 2880 @10.678s 6%: 0.11+0.91+0.038 ms clock, 1.3+0.71/0.91/0+0.45 ms cpu, 3->4->1 MB, 4 MB goal, 0 MB stacks, 0 MB globals, 12 P
gc 2881 @10.680s 6%: 0.14+0.72+0.081 ms clock, 1.7+0.53/0.91/0+0.97 ms cpu, 3->4->1 MB, 4 MB goal, 0 MB stacks, 0 MB globals, 12 P
gc 2882 @10.682s 6%: 0.075+0.84+0.071 ms clock, 0.90+1.3/0.83/0+0.85 ms cpu, 3->4->1 MB, 4 MB goal, 0 MB stacks, 0 MB globals, 12 P
gc 2883 @10.685s 6%: 0.092+0.76+0.085 ms clock, 1.1+0.35/0.95/0+1.0 ms cpu, 3->4->1 MB, 4 MB goal, 0 MB stacks, 0 MB globals, 12 P
gc 2884 @10.687s 6%: 0.089+1.0+0.038 ms clock, 1.0+0.71/0.83/0+0.46 ms cpu, 3->4->1 MB, 4 MB goal, 0 MB stacks, 0 MB globals, 12 P
gc 2885 @10.690s 6%: 0.088+0.46+0.098 ms clock, 1.0+0.90/0.68/0+1.1 ms cpu, 3->3->1 MB, 4 MB goal, 0 MB stacks, 0 MB globals, 12 P
gc 2886 @10.692s 6%: 0.085+0.70+0.12 ms clock, 1.0+0.80/0.80/0+1.5 ms cpu, 3->3->1 MB, 4 MB goal, 0 MB stacks, 0 MB globals, 12 P
gc 2887 @10.694s 6%: 0.12+0.57+0.089 ms clock, 1.4+0.80/0.80/0+1.0 ms cpu, 3->3->1 MB, 4 MB goal, 0 MB stacks, 0 MB globals, 12 P
gc 2888 @10.696s 6%: 0.12+0.54+0.079 ms clock, 1.5+0.69/0.85/0+0.95 ms cpu, 3->3->1 MB, 4 MB goal, 0 MB stacks, 0 MB globals, 12 P
gc 2889 @10.698s 6%: 0.12+0.77+0.091 ms clock, 1.4+0.65/0.90/0+1.0 ms cpu, 3->4->1 MB, 4 MB goal, 0 MB stacks, 0 MB globals, 12 P
gc 2890 @10.700s 6%: 0.095+1.0+0.045 ms clock, 1.1+0.68/0.77/0+0.54 ms cpu, 3->4->2 MB, 4 MB goal, 0 MB stacks, 0 MB globals, 12 P
gc 2891 @10.703s 6%: 0.10+0.59+0.10 ms clock, 1.2+0.69/0.82/0+1.3 ms cpu, 3->4->1 MB, 4 MB goal, 0 MB stacks, 0 MB globals, 12 P
gc 2892 @10.705s 6%: 0.15+0.51+0.066 ms clock, 1.8+0.86/0.80/0+0.79 ms cpu, 3->3->1 MB, 4 MB goal, 0 MB stacks, 0 MB globals, 12 P
gc 2893 @10.707s 6%: 0.11+0.68+0.088 ms clock, 1.3+0.75/0.92/0+1.0 ms cpu, 3->3->1 MB, 4 MB goal, 0 MB stacks, 0 MB globals, 12 P
gc 2894 @10.709s 6%: 0.085+1.0+0.092 ms clock, 1.0+0.72/0.78/0+1.1 ms cpu, 3->4->1 MB, 4 MB goal, 0 MB stacks, 0 MB globals, 12 P
gc 2895 @10.712s 6%: 0.14+0.47+0.085 ms clock, 1.7+0.58/0.86/0+1.0 ms cpu, 3->3->1 MB, 4 MB goal, 0 MB stacks, 0 MB globals, 12 P
gc 2896 @10.714s 6%: 0.089+0.47+0.065 ms clock, 1.0+0.70/0.87/0+0.78 ms cpu, 3->3->1 MB, 4 MB goal, 0 MB stacks, 0 MB globals, 12 P
gc 2897 @10.716s 6%: 0.15+0.46+0.093 ms clock, 1.8+0.77/0.85/0+1.1 ms cpu, 3->3->1 MB, 4 MB goal, 0 MB stacks, 0 MB globals, 12 P
gc 2898 @10.718s 6%: 0.10+0.88+0.094 ms clock, 1.2+0.83/0.81/0+1.1 ms cpu, 3->3->1 MB, 4 MB goal, 0 MB stacks, 0 MB globals, 12 P
gc 2899 @10.720s 6%: 0.10+1.0+0.098 ms clock, 1.3+0.86/0.77/0+1.1 ms cpu, 3->4->1 MB, 4 MB goal, 0 MB stacks, 0 MB globals, 12 P
gc 2900 @10.723s 6%: 0.15+0.63+0.076 ms clock, 1.8+0.73/0.83/0+0.91 ms cpu, 3->4->1 MB, 4 MB goal, 0 MB stacks, 0 MB globals, 12 P
gc 2901 @10.725s 6%: 0.11+0.53+0.081 ms clock, 1.3+0.75/0.83/0+0.97 ms cpu, 3->3->1 MB, 4 MB goal, 0 MB stacks, 0 MB globals, 12 P
gc 2902 @10.727s 6%: 0.11+0.61+0.059 ms clock, 1.3+0.80/0.92/0+0.71 ms cpu, 3->3->1 MB, 4 MB goal, 0 MB stacks, 0 MB globals, 12 P
gc 2903 @10.729s 6%: 0.078+0.54+0.11 ms clock, 0.94+0.71/0.94/0+1.3 ms cpu, 3->3->1 MB, 4 MB goal, 0 MB stacks, 0 MB globals, 12 P
gc 2904 @10.731s 6%: 0.12+0.66+0.063 ms clock, 1.4+0.77/0.97/0+0.75 ms cpu, 3->3->1 MB, 4 MB goal, 0 MB stacks, 0 MB globals, 12 P
gc 2905 @10.733s 6%: 0.076+1.0+0.082 ms clock, 0.92+0.74/0.75/0+0.99 ms cpu, 3->4->2 MB, 4 MB goal, 0 MB stacks, 0 MB globals, 12 P
gc 2906 @10.736s 6%: 0.10+1.1+0.085 ms clock, 1.3+0.63/0.79/0+1.0 ms cpu, 3->4->2 MB, 4 MB goal, 0 MB stacks, 0 MB globals, 12 P
gc 2907 @10.738s 6%: 0.089+1.2+0.12 ms clock, 1.0+0.75/1.0/0+1.5 ms cpu, 3->4->2 MB, 4 MB goal, 0 MB stacks, 0 MB globals, 12 P
gc 2908 @10.742s 6%: 0.12+0.99+0.058 ms clock, 1.4+0.68/0.94/0+0.70 ms cpu, 4->4->2 MB, 4 MB goal, 0 MB stacks, 0 MB globals, 12 P
gc 2909 @10.744s 6%: 0.081+1.0+0.10 ms clock, 0.97+0.32/0.82/0+1.3 ms cpu, 3->4->2 MB, 4 MB goal, 0 MB stacks, 0 MB globals, 12 P
gc 2910 @10.747s 6%: 0.094+1.1+0.076 ms clock, 1.1+0.63/0.69/0+0.91 ms cpu, 3->4->2 MB, 4 MB goal, 0 MB stacks, 0 MB globals, 12 P
gc 2911 @10.750s 6%: 0.11+0.82+0.060 ms clock, 1.4+0.87/0.69/0+0.72 ms cpu, 3->4->1 MB, 4 MB goal, 0 MB stacks, 0 MB globals, 12 P
gc 2912 @10.752s 6%: 0.13+0.58+0.090 ms clock, 1.6+0.60/0.88/0+1.0 ms cpu, 3->3->1 MB, 4 MB goal, 0 MB stacks, 0 MB globals, 12 P
gc 2913 @10.754s 6%: 0.12+1.0+0.020 ms clock, 1.5+0.90/0.96/0+0.24 ms cpu, 3->4->2 MB, 4 MB goal, 0 MB stacks, 0 MB globals, 12 P
gc 2914 @10.757s 6%: 0.10+0.51+0.078 ms clock, 1.2+0.91/0.74/0.023+0.93 ms cpu, 3->3->1 MB, 4 MB goal, 0 MB stacks, 0 MB globals, 12 P
gc 2915 @10.759s 6%: 0.16+0.59+0.077 ms clock, 2.0+0.68/0.96/0+0.92 ms cpu, 3->3->1 MB, 4 MB goal, 0 MB stacks, 0 MB globals, 12 P
gc 2916 @10.761s 6%: 0.11+1.2+0.064 ms clock, 1.4+0.73/0.92/0+0.77 ms cpu, 3->4->2 MB, 4 MB goal, 0 MB stacks, 0 MB globals, 12 P
gc 2917 @10.764s 6%: 0.15+1.0+0.047 ms clock, 1.8+0.66/0.92/0+0.57 ms cpu, 4->4->2 MB, 4 MB goal, 0 MB stacks, 0 MB globals, 12 P
gc 2918 @10.767s 6%: 0.099+0.90+0.048 ms clock, 1.1+0.71/0.88/0+0.57 ms cpu, 3->4->1 MB, 4 MB goal, 0 MB stacks, 0 MB globals, 12 P
gc 2919 @10.769s 6%: 0.16+0.99+0.097 ms clock, 1.9+0.77/0.76/0+1.1 ms cpu, 3->4->2 MB, 4 MB goal, 0 MB stacks, 0 MB globals, 12 P
gc 2920 @10.772s 6%: 0.075+0.93+0.064 ms clock, 0.90+0.77/0.82/0+0.76 ms cpu, 3->4->1 MB, 4 MB goal, 0 MB stacks, 0 MB globals, 12 P
gc 2921 @10.774s 6%: 0.097+0.44+0.059 ms clock, 1.1+0.72/0.90/0+0.71 ms cpu, 3->3->1 MB, 4 MB goal, 0 MB stacks, 0 MB globals, 12 P
gc 2922 @10.776s 6%: 0.12+0.47+0.16 ms clock, 1.4+0.76/0.79/0+1.9 ms cpu, 3->3->1 MB, 4 MB goal, 0 MB stacks, 0 MB globals, 12 P
gc 2923 @10.778s 6%: 0.097+0.50+0.070 ms clock, 1.1+0.76/0.82/0+0.84 ms cpu, 3->3->1 MB, 4 MB goal, 0 MB stacks, 0 MB globals, 12 P
gc 2924 @10.780s 6%: 0.11+0.56+0.092 ms clock, 1.3+0.84/0.71/0+1.1 ms cpu, 3->3->1 MB, 4 MB goal, 0 MB stacks, 0 MB globals, 12 P
gc 2925 @10.782s 6%: 0.084+0.48+0.056 ms clock, 1.0+0.77/0.88/0+0.67 ms cpu, 3->3->1 MB, 4 MB goal, 0 MB stacks, 0 MB globals, 12 P
gc 2926 @10.784s 6%: 0.10+0.53+0.096 ms clock, 1.3+0.73/0.82/0+1.1 ms cpu, 3->3->1 MB, 4 MB goal, 0 MB stacks, 0 MB globals, 12 P
gc 2927 @10.786s 6%: 0.10+1.2+0.074 ms clock, 1.3+0.57/0.89/0+0.89 ms cpu, 3->4->2 MB, 4 MB goal, 0 MB stacks, 0 MB globals, 12 P
gc 2928 @10.789s 6%: 0.14+0.38+0.071 ms clock, 1.7+0.83/0.70/0+0.85 ms cpu, 3->4->1 MB, 4 MB goal, 0 MB stacks, 0 MB globals, 12 P
gc 2929 @10.791s 6%: 0.076+0.46+0.10 ms clock, 0.92+0.79/0.86/0+1.2 ms cpu, 3->3->1 MB, 4 MB goal, 0 MB stacks, 0 MB globals, 12 P
gc 2930 @10.793s 6%: 0.14+0.59+0.11 ms clock, 1.7+0.73/0.90/0+1.4 ms cpu, 3->3->1 MB, 4 MB goal, 0 MB stacks, 0 MB globals, 12 P
gc 2931 @10.795s 6%: 0.090+0.91+0.052 ms clock, 1.0+0.64/1.0/0+0.62 ms cpu, 3->4->1 MB, 4 MB goal, 0 MB stacks, 0 MB globals, 12 P
gc 2932 @10.798s 6%: 0.14+0.57+0.11 ms clock, 1.6+0.77/0.78/0+1.3 ms cpu, 3->4->1 MB, 4 MB goal, 0 MB stacks, 0 MB globals, 12 P
gc 2933 @10.800s 6%: 0.14+0.62+0.11 ms clock, 1.7+0.58/0.87/0+1.3 ms cpu, 3->3->1 MB, 4 MB goal, 0 MB stacks, 0 MB globals, 12 P
gc 2934 @10.802s 6%: 0.10+1.1+0.038 ms clock, 1.2+0.69/0.87/0+0.46 ms cpu, 3->4->2 MB, 4 MB goal, 0 MB stacks, 0 MB globals, 12 P
gc 2935 @10.805s 6%: 0.13+0.59+0.069 ms clock, 1.6+0.80/0.76/0+0.83 ms cpu, 3->4->1 MB, 4 MB goal, 0 MB stacks, 0 MB globals, 12 P
gc 2936 @10.807s 6%: 0.098+0.84+0.048 ms clock, 1.1+0.64/0.84/0+0.58 ms cpu, 3->3->1 MB, 4 MB goal, 0 MB stacks, 0 MB globals, 12 P
gc 2937 @10.809s 6%: 0.084+1.1+0.068 ms clock, 1.0+0.69/0.94/0.020+0.82 ms cpu, 3->4->2 MB, 4 MB goal, 0 MB stacks, 0 MB globals, 12 P
gc 2938 @10.812s 6%: 0.11+0.76+0.10 ms clock, 1.3+0.87/0.69/0+1.2 ms cpu, 3->4->1 MB, 4 MB goal, 0 MB stacks, 0 MB globals, 12 P
gc 2939 @10.814s 6%: 0.10+0.51+0.077 ms clock, 1.2+0.75/0.88/0+0.93 ms cpu, 3->3->1 MB, 4 MB goal, 0 MB stacks, 0 MB globals, 12 P
gc 2940 @10.816s 6%: 0.099+0.51+0.082 ms clock, 1.1+0.87/0.88/0+0.98 ms cpu, 3->3->1 MB, 4 MB goal, 0 MB stacks, 0 MB globals, 12 P
gc 2941 @10.818s 6%: 0.11+0.48+0.078 ms clock, 1.4+0.66/0.91/0+0.93 ms cpu, 3->3->1 MB, 4 MB goal, 0 MB stacks, 0 MB globals, 12 P
gc 2942 @10.820s 6%: 0.090+0.57+0.081 ms clock, 1.0+0.86/0.84/0+0.97 ms cpu, 3->3->1 MB, 4 MB goal, 0 MB stacks, 0 MB globals, 12 P
gc 2943 @10.822s 6%: 0.13+0.62+0.084 ms clock, 1.6+0.73/0.90/0+1.0 ms cpu, 3->3->1 MB, 4 MB goal, 0 MB stacks, 0 MB globals, 12 P
gc 2944 @10.824s 6%: 0.099+0.46+0.12 ms clock, 1.1+0.73/0.86/0+1.5 ms cpu, 3->3->1 MB, 4 MB goal, 0 MB stacks, 0 MB globals, 12 P
gc 2945 @10.826s 6%: 0.14+0.68+0.091 ms clock, 1.6+0.74/0.75/0+1.0 ms cpu, 3->3->1 MB, 4 MB goal, 0 MB stacks, 0 MB globals, 12 P
gc 2946 @10.829s 6%: 0.10+0.50+0.072 ms clock, 1.2+0.75/0.86/0+0.87 ms cpu, 3->3->1 MB, 4 MB goal, 0 MB stacks, 0 MB globals, 12 P
gc 2947 @10.831s 6%: 0.087+0.55+0.11 ms clock, 1.0+0.63/0.82/0+1.3 ms cpu, 3->3->1 MB, 4 MB goal, 0 MB stacks, 0 MB globals, 12 P
gc 2948 @10.833s 6%: 0.089+0.54+0.097 ms clock, 1.0+0.67/0.84/0+1.1 ms cpu, 3->3->1 MB, 4 MB goal, 0 MB stacks, 0 MB globals, 12 P
gc 2949 @10.835s 6%: 0.10+0.54+0.053 ms clock, 1.2+0.73/0.91/0+0.64 ms cpu, 3->3->1 MB, 4 MB goal, 0 MB stacks, 0 MB globals, 12 P
gc 2950 @10.837s 6%: 0.091+0.72+0.080 ms clock, 1.1+0.77/0.91/0+0.96 ms cpu, 3->3->1 MB, 4 MB goal, 0 MB stacks, 0 MB globals, 12 P
gc 2951 @10.839s 6%: 0.092+1.1+0.055 ms clock, 1.1+0.66/0.91/0+0.66 ms cpu, 3->4->2 MB, 4 MB goal, 0 MB stacks, 0 MB globals, 12 P
gc 2952 @10.842s 6%: 0.23+0.76+0.11 ms clock, 2.7+0.61/0.98/0+1.3 ms cpu, 3->4->1 MB, 4 MB goal, 0 MB stacks, 0 MB globals, 12 P
gc 2953 @10.844s 6%: 0.10+0.78+0.12 ms clock, 1.2+0.67/0.88/0+1.4 ms cpu, 3->4->1 MB, 4 MB goal, 0 MB stacks, 0 MB globals, 12 P
gc 2954 @10.846s 6%: 0.10+0.40+0.075 ms clock, 1.2+0.88/0.77/0+0.90 ms cpu, 3->3->1 MB, 4 MB goal, 0 MB stacks, 0 MB globals, 12 P
gc 2955 @10.848s 6%: 0.084+0.66+0.079 ms clock, 1.0+0.72/0.84/0+0.95 ms cpu, 3->3->1 MB, 4 MB goal, 0 MB stacks, 0 MB globals, 12 P
gc 2956 @10.851s 6%: 0.089+0.77+0.055 ms clock, 1.0+0.85/0.74/0+0.66 ms cpu, 3->3->1 MB, 4 MB goal, 0 MB stacks, 0 MB globals, 12 P
gc 2957 @10.853s 6%: 0.10+0.52+0.074 ms clock, 1.2+0.69/0.83/0+0.89 ms cpu, 3->3->1 MB, 4 MB goal, 0 MB stacks, 0 MB globals, 12 P
gc 2958 @10.855s 6%: 0.10+1.1+0.067 ms clock, 1.3+0.71/0.89/0+0.80 ms cpu, 3->4->2 MB, 4 MB goal, 0 MB stacks, 0 MB globals, 12 P
gc 2959 @10.858s 6%: 0.14+0.89+0.079 ms clock, 1.7+0.78/0.79/0+0.95 ms cpu, 3->4->1 MB, 4 MB goal, 0 MB stacks, 0 MB globals, 12 P
gc 2960 @10.860s 6%: 0.11+0.43+0.075 ms clock, 1.3+0.74/0.84/0+0.90 ms cpu, 3->4->1 MB, 4 MB goal, 0 MB stacks, 0 MB globals, 12 P
gc 2961 @10.862s 6%: 0.091+1.0+0.044 ms clock, 1.0+0.70/0.85/0+0.53 ms cpu, 3->4->2 MB, 4 MB goal, 0 MB stacks, 0 MB globals, 12 P
gc 2962 @10.865s 6%: 0.19+0.54+0.052 ms clock, 2.3+0.72/0.89/0+0.62 ms cpu, 3->4->1 MB, 4 MB goal, 0 MB stacks, 0 MB globals, 12 P
gc 2963 @10.867s 6%: 0.13+1.1+0.072 ms clock, 1.6+0.67/0.81/0+0.86 ms cpu, 3->4->2 MB, 4 MB goal, 0 MB stacks, 0 MB globals, 12 P
gc 2964 @10.870s 6%: 0.10+1.6+0.062 ms clock, 1.2+0.58/0.83/0+0.75 ms cpu, 3->5->2 MB, 4 MB goal, 0 MB stacks, 0 MB globals, 12 P
gc 2965 @10.874s 6%: 0.085+0.51+0.089 ms clock, 1.0+0.87/0.82/0+1.0 ms cpu, 4->4->1 MB, 5 MB goal, 0 MB stacks, 0 MB globals, 12 P
gc 2966 @10.876s 6%: 0.096+0.57+0.072 ms clock, 1.1+0.78/0.86/0+0.86 ms cpu, 3->3->1 MB, 4 MB goal, 0 MB stacks, 0 MB globals, 12 P
gc 2967 @10.878s 6%: 0.13+1.0+0.11 ms clock, 1.6+0.83/0.89/0+1.4 ms cpu, 3->4->2 MB, 4 MB goal, 0 MB stacks, 0 MB globals, 12 P
gc 2968 @10.880s 6%: 0.077+0.88+0.072 ms clock, 0.92+1.1/0.92/0+0.86 ms cpu, 3->4->1 MB, 4 MB goal, 0 MB stacks, 0 MB globals, 12 P
gc 2969 @10.883s 6%: 0.092+0.81+0.11 ms clock, 1.1+0.68/0.88/0+1.3 ms cpu, 3->4->1 MB, 4 MB goal, 0 MB stacks, 0 MB globals, 12 P
gc 2970 @10.885s 6%: 0.12+0.66+0.076 ms clock, 1.5+0.66/0.86/0+0.92 ms cpu, 3->3->1 MB, 4 MB goal, 0 MB stacks, 0 MB globals, 12 P
gc 2971 @10.887s 6%: 0.076+0.49+0.072 ms clock, 0.91+0.85/0.78/0+0.86 ms cpu, 3->3->1 MB, 4 MB goal, 0 MB stacks, 0 MB globals, 12 P
gc 2972 @10.889s 6%: 0.071+0.68+0.090 ms clock, 0.85+0.68/0.87/0+1.0 ms cpu, 3->3->1 MB, 4 MB goal, 0 MB stacks, 0 MB globals, 12 P
gc 2973 @10.891s 6%: 0.12+0.85+0.090 ms clock, 1.5+0.80/0.87/0+1.0 ms cpu, 3->4->1 MB, 4 MB goal, 0 MB stacks, 0 MB globals, 12 P
gc 2974 @10.894s 6%: 0.10+0.58+0.13 ms clock, 1.2+0.74/0.88/0+1.5 ms cpu, 3->4->1 MB, 4 MB goal, 0 MB stacks, 0 MB globals, 12 P
gc 2975 @10.896s 6%: 0.081+0.78+0.079 ms clock, 0.97+1.0/0.76/0+0.94 ms cpu, 3->3->1 MB, 4 MB goal, 0 MB stacks, 0 MB globals, 12 P
gc 2976 @10.898s 6%: 0.087+0.44+0.076 ms clock, 1.0+0.74/0.91/0+0.91 ms cpu, 3->3->1 MB, 4 MB goal, 0 MB stacks, 0 MB globals, 12 P
gc 2977 @10.900s 6%: 0.092+0.68+0.066 ms clock, 1.1+0.51/0.94/0+0.80 ms cpu, 3->3->1 MB, 4 MB goal, 0 MB stacks, 0 MB globals, 12 P
gc 2978 @10.902s 6%: 0.092+0.61+0.099 ms clock, 1.1+0.71/0.90/0+1.1 ms cpu, 3->3->1 MB, 4 MB goal, 0 MB stacks, 0 MB globals, 12 P
gc 2979 @10.904s 6%: 0.10+1.0+0.040 ms clock, 1.2+1.4/0.82/0+0.49 ms cpu, 3->4->2 MB, 4 MB goal, 0 MB stacks, 0 MB globals, 12 P
gc 2980 @10.907s 6%: 0.12+1.0+0.037 ms clock, 1.4+0.72/0.74/0+0.44 ms cpu, 3->4->1 MB, 4 MB goal, 0 MB stacks, 0 MB globals, 12 P
gc 2981 @10.910s 6%: 0.11+1.0+0.051 ms clock, 1.3+0.62/0.94/0+0.61 ms cpu, 3->4->2 MB, 4 MB goal, 0 MB stacks, 0 MB globals, 12 P
gc 2982 @10.912s 6%: 0.12+0.73+0.076 ms clock, 1.5+0.76/0.87/0+0.91 ms cpu, 3->4->1 MB, 4 MB goal, 0 MB stacks, 0 MB globals, 12 P
gc 2983 @10.915s 6%: 0.089+0.60+0.10 ms clock, 1.0+0.62/0.95/0+1.2 ms cpu, 3->3->1 MB, 4 MB goal, 0 MB stacks, 0 MB globals, 12 P
gc 2984 @10.917s 6%: 0.095+0.61+0.068 ms clock, 1.1+0.69/0.87/0+0.81 ms cpu, 3->3->1 MB, 4 MB goal, 0 MB stacks, 0 MB globals, 12 P
gc 2985 @10.919s 6%: 0.11+0.62+0.072 ms clock, 1.3+0.80/0.82/0+0.87 ms cpu, 3->3->1 MB, 4 MB goal, 0 MB stacks, 0 MB globals, 12 P
gc 2986 @10.921s 6%: 0.10+0.81+0.14 ms clock, 1.2+0.57/0.89/0+1.7 ms cpu, 3->3->1 MB, 4 MB goal, 0 MB stacks, 0 MB globals, 12 P
gc 2987 @10.923s 6%: 0.087+0.90+0.067 ms clock, 1.0+0.87/0.61/0+0.80 ms cpu, 3->3->1 MB, 4 MB goal, 0 MB stacks, 0 MB globals, 12 P
gc 2988 @10.925s 6%: 0.14+0.96+0.097 ms clock, 1.7+0.59/0.84/0+1.1 ms cpu, 3->4->2 MB, 4 MB goal, 0 MB stacks, 0 MB globals, 12 P
gc 2989 @10.928s 6%: 0.10+0.61+0.065 ms clock, 1.3+0.66/0.88/0+0.78 ms cpu, 3->4->1 MB, 4 MB goal, 0 MB stacks, 0 MB globals, 12 P
gc 2990 @10.930s 6%: 0.067+0.79+0.082 ms clock, 0.81+0.79/0.75/0+0.98 ms cpu, 3->3->1 MB, 4 MB goal, 0 MB stacks, 0 MB globals, 12 P
gc 2991 @10.933s 6%: 0.13+1.1+0.055 ms clock, 1.6+0.97/0.75/0+0.66 ms cpu, 3->4->2 MB, 4 MB goal, 0 MB stacks, 0 MB globals, 12 P
gc 2992 @10.935s 6%: 0.14+0.66+0.11 ms clock, 1.6+0.67/0.88/0+1.3 ms cpu, 3->4->1 MB, 4 MB goal, 0 MB stacks, 0 MB globals, 12 P
gc 2993 @10.938s 6%: 0.12+0.56+0.14 ms clock, 1.4+0.70/0.97/0+1.7 ms cpu, 3->3->1 MB, 4 MB goal, 0 MB stacks, 0 MB globals, 12 P
gc 2994 @10.940s 6%: 0.17+0.94+0.062 ms clock, 2.0+0.74/0.71/0+0.75 ms cpu, 3->4->2 MB, 4 MB goal, 0 MB stacks, 0 MB globals, 12 P
gc 2995 @10.942s 6%: 0.095+0.52+0.055 ms clock, 1.1+0.83/0.90/0+0.66 ms cpu, 3->4->1 MB, 4 MB goal, 0 MB stacks, 0 MB globals, 12 P
gc 2996 @10.944s 6%: 0.14+0.55+0.095 ms clock, 1.7+0.81/0.85/0+1.1 ms cpu, 3->3->1 MB, 4 MB goal, 0 MB stacks, 0 MB globals, 12 P
gc 2997 @10.946s 6%: 0.10+0.60+0.090 ms clock, 1.2+0.87/1.0/0+1.0 ms cpu, 3->3->1 MB, 4 MB goal, 0 MB stacks, 0 MB globals, 12 P
gc 2998 @10.948s 6%: 0.094+0.66+0.11 ms clock, 1.1+0.74/0.88/0+1.3 ms cpu, 3->3->1 MB, 4 MB goal, 0 MB stacks, 0 MB globals, 12 P
gc 2999 @10.950s 6%: 0.083+0.93+0.067 ms clock, 1.0+0.74/0.85/0+0.81 ms cpu, 3->3->1 MB, 4 MB goal, 0 MB stacks, 0 MB globals, 12 P
gc 3000 @10.953s 6%: 0.10+0.67+0.077 ms clock, 1.2+0.66/0.99/0+0.93 ms cpu, 3->4->1 MB, 4 MB goal, 0 MB stacks, 0 MB globals, 12 P
gc 3001 @10.955s 6%: 0.10+1.0+0.083 ms clock, 1.2+0.68/0.88/0+1.0 ms cpu, 3->4->2 MB, 4 MB goal, 0 MB stacks, 0 MB globals, 12 P
gc 3002 @10.958s 6%: 0.078+0.76+0.097 ms clock, 0.94+0.71/1.1/0.003+1.1 ms cpu, 3->4->1 MB, 4 MB goal, 0 MB stacks, 0 MB globals, 12 P
gc 3003 @10.960s 6%: 0.12+0.65+0.11 ms clock, 1.4+0.65/0.94/0+1.3 ms cpu, 3->4->1 MB, 4 MB goal, 0 MB stacks, 0 MB globals, 12 P
gc 3004 @10.962s 6%: 0.10+0.42+0.091 ms clock, 1.2+0.74/0.80/0+1.0 ms cpu, 3->3->1 MB, 4 MB goal, 0 MB stacks, 0 MB globals, 12 P
gc 3005 @10.964s 6%: 0.19+0.63+0.082 ms clock, 2.3+0.73/0.83/0+0.98 ms cpu, 3->3->1 MB, 4 MB goal, 0 MB stacks, 0 MB globals, 12 P
gc 3006 @10.966s 6%: 0.097+0.65+0.082 ms clock, 1.1+0.63/1.0/0+0.99 ms cpu, 3->3->1 MB, 4 MB goal, 0 MB stacks, 0 MB globals, 12 P
gc 3007 @10.969s 6%: 0.13+0.55+0.10 ms clock, 1.5+0.93/0.68/0+1.2 ms cpu, 3->3->1 MB, 4 MB goal, 0 MB stacks, 0 MB globals, 12 P
gc 3008 @10.971s 6%: 0.077+0.88+0.10 ms clock, 0.92+0.69/0.98/0+1.2 ms cpu, 3->3->1 MB, 4 MB goal, 0 MB stacks, 0 MB globals, 12 P
gc 3009 @10.973s 6%: 0.12+0.51+0.10 ms clock, 1.4+0.74/0.82/0+1.3 ms cpu, 3->4->1 MB, 4 MB goal, 0 MB stacks, 0 MB globals, 12 P
gc 3010 @10.975s 6%: 0.093+0.96+0.040 ms clock, 1.1+0.81/0.79/0+0.48 ms cpu, 3->3->1 MB, 4 MB goal, 0 MB stacks, 0 MB globals, 12 P
gc 3011 @10.978s 6%: 0.19+0.61+0.10 ms clock, 2.3+0.75/0.85/0+1.2 ms cpu, 3->4->1 MB, 4 MB goal, 0 MB stacks, 0 MB globals, 12 P
gc 3012 @10.980s 6%: 0.11+0.96+0.074 ms clock, 1.3+0.78/0.86/0+0.89 ms cpu, 3->4->2 MB, 4 MB goal, 0 MB stacks, 0 MB globals, 12 P
gc 3013 @10.982s 6%: 0.085+1.0+0.093 ms clock, 1.0+0.72/1.3/0+1.1 ms cpu, 3->4->2 MB, 4 MB goal, 0 MB stacks, 0 MB globals, 12 P
gc 3014 @10.985s 6%: 0.11+1.1+0.043 ms clock, 1.3+0.86/0.61/0.009+0.52 ms cpu, 3->4->2 MB, 4 MB goal, 0 MB stacks, 0 MB globals, 12 P
gc 3015 @10.988s 6%: 0.086+0.65+0.074 ms clock, 1.0+0.68/0.84/0+0.89 ms cpu, 3->4->1 MB, 4 MB goal, 0 MB stacks, 0 MB globals, 12 P
gc 3016 @10.990s 6%: 0.083+0.89+0.093 ms clock, 0.99+0.65/0.84/0+1.1 ms cpu, 3->3->1 MB, 4 MB goal, 0 MB stacks, 0 MB globals, 12 P
gc 3017 @10.992s 6%: 0.083+0.46+0.12 ms clock, 0.99+0.76/0.77/0+1.4 ms cpu, 3->3->1 MB, 4 MB goal, 0 MB stacks, 0 MB globals, 12 P
gc 3018 @10.994s 6%: 0.12+0.59+0.12 ms clock, 1.5+0.80/0.94/0+1.5 ms cpu, 3->3->1 MB, 4 MB goal, 0 MB stacks, 0 MB globals, 12 P
gc 3019 @10.996s 6%: 0.093+0.45+0.12 ms clock, 1.1+0.82/0.80/0+1.5 ms cpu, 3->3->1 MB, 4 MB goal, 0 MB stacks, 0 MB globals, 12 P
gc 3020 @10.998s 6%: 0.10+1.0+0.086 ms clock, 1.2+1.5/0.80/0+1.0 ms cpu, 3->4->2 MB, 4 MB goal, 0 MB stacks, 0 MB globals, 12 P
gc 3021 @11.001s 6%: 0.12+1.0+0.078 ms clock, 1.4+0.71/0.90/0+0.94 ms cpu, 3->4->1 MB, 4 MB goal, 0 MB stacks, 0 MB globals, 12 P
gc 3022 @11.004s 6%: 0.091+1.3+0.089 ms clock, 1.0+0.67/0.88/0+1.0 ms cpu, 3->4->2 MB, 4 MB goal, 0 MB stacks, 0 MB globals, 12 P
gc 3023 @11.007s 6%: 0.11+0.53+0.054 ms clock, 1.4+0.64/0.90/0.018+0.65 ms cpu, 4->4->1 MB, 4 MB goal, 0 MB stacks, 0 MB globals, 12 P
gc 3024 @11.009s 6%: 0.086+0.50+0.10 ms clock, 1.0+0.69/0.83/0+1.2 ms cpu, 3->3->1 MB, 4 MB goal, 0 MB stacks, 0 MB globals, 12 P
gc 3025 @11.011s 6%: 0.12+0.73+0.15 ms clock, 1.4+0.89/0.84/0+1.8 ms cpu, 3->3->1 MB, 4 MB goal, 0 MB stacks, 0 MB globals, 12 P
gc 3026 @11.013s 6%: 0.11+0.68+0.17 ms clock, 1.3+0.88/0.85/0+2.1 ms cpu, 3->3->1 MB, 4 MB goal, 0 MB stacks, 0 MB globals, 12 P
gc 3027 @11.015s 6%: 0.097+0.46+0.079 ms clock, 1.1+0.84/0.74/0+0.95 ms cpu, 3->3->1 MB, 4 MB goal, 0 MB stacks, 0 MB globals, 12 P
gc 3028 @11.017s 6%: 0.10+0.62+0.085 ms clock, 1.2+0.66/0.97/0+1.0 ms cpu, 3->3->1 MB, 4 MB goal, 0 MB stacks, 0 MB globals, 12 P
gc 3029 @11.019s 6%: 0.082+0.55+0.093 ms clock, 0.99+0.66/0.92/0+1.1 ms cpu, 3->3->1 MB, 4 MB goal, 0 MB stacks, 0 MB globals, 12 P
gc 3030 @11.021s 6%: 0.14+0.45+0.092 ms clock, 1.6+0.85/0.63/0+1.1 ms cpu, 3->3->1 MB, 4 MB goal, 0 MB stacks, 0 MB globals, 12 P
gc 3031 @11.023s 6%: 0.088+1.2+0.078 ms clock, 1.0+0.84/0.94/0+0.94 ms cpu, 3->4->2 MB, 4 MB goal, 0 MB stacks, 0 MB globals, 12 P
gc 3032 @11.026s 6%: 0.11+0.57+0.10 ms clock, 1.3+0.72/0.81/0+1.2 ms cpu, 3->4->1 MB, 4 MB goal, 0 MB stacks, 0 MB globals, 12 P
gc 3033 @11.028s 6%: 0.11+1.4+0.12 ms clock, 1.4+0.67/0.84/0+1.4 ms cpu, 3->4->2 MB, 4 MB goal, 0 MB stacks, 0 MB globals, 12 P
gc 3034 @11.032s 6%: 0.10+0.94+0.074 ms clock, 1.2+0.85/0.92/0+0.89 ms cpu, 4->5->2 MB, 5 MB goal, 0 MB stacks, 0 MB globals, 12 P
gc 3035 @11.034s 6%: 0.095+1.0+0.073 ms clock, 1.1+0.77/0.83/0+0.87 ms cpu, 3->4->1 MB, 4 MB goal, 0 MB stacks, 0 MB globals, 12 P
gc 3036 @11.037s 6%: 0.076+0.77+0.10 ms clock, 0.92+0.80/0.90/0+1.2 ms cpu, 3->4->1 MB, 4 MB goal, 0 MB stacks, 0 MB globals, 12 P
gc 3037 @11.039s 6%: 0.10+1.4+0.073 ms clock, 1.2+1.8/0.92/0+0.88 ms cpu, 3->4->2 MB, 4 MB goal, 0 MB stacks, 0 MB globals, 12 P
gc 3038 @11.043s 6%: 0.10+0.69+0.099 ms clock, 1.2+0.80/0.97/0+1.1 ms cpu, 4->4->1 MB, 5 MB goal, 0 MB stacks, 0 MB globals, 12 P
gc 3039 @11.045s 6%: 0.13+0.77+0.079 ms clock, 1.6+0.88/0.72/0+0.95 ms cpu, 3->3->1 MB, 4 MB goal, 0 MB stacks, 0 MB globals, 12 P
gc 3040 @11.047s 6%: 0.12+0.56+0.089 ms clock, 1.4+0.73/0.92/0+1.0 ms cpu, 3->3->1 MB, 4 MB goal, 0 MB stacks, 0 MB globals, 12 P
gc 3041 @11.049s 6%: 0.10+0.98+0.049 ms clock, 1.2+0.77/0.91/0+0.58 ms cpu, 3->4->1 MB, 4 MB goal, 0 MB stacks, 0 MB globals, 12 P
gc 3042 @11.051s 6%: 0.11+0.62+0.084 ms clock, 1.3+0.73/0.87/0+1.0 ms cpu, 3->4->1 MB, 4 MB goal, 0 MB stacks, 0 MB globals, 12 P
gc 3043 @11.054s 6%: 0.098+0.52+0.067 ms clock, 1.1+0.81/0.72/0+0.80 ms cpu, 3->3->1 MB, 4 MB goal, 0 MB stacks, 0 MB globals, 12 P
gc 3044 @11.056s 6%: 0.11+0.92+0.046 ms clock, 1.3+0.62/0.88/0+0.56 ms cpu, 3->3->1 MB, 4 MB goal, 0 MB stacks, 0 MB globals, 12 P
gc 3045 @11.058s 6%: 0.13+1.0+0.062 ms clock, 1.6+0.66/0.80/0+0.74 ms cpu, 3->4->2 MB, 4 MB goal, 0 MB stacks, 0 MB globals, 12 P
gc 3046 @11.061s 6%: 0.13+0.98+0.068 ms clock, 1.6+0.77/0.90/0+0.82 ms cpu, 3->4->1 MB, 4 MB goal, 0 MB stacks, 0 MB globals, 12 P
gc 3047 @11.063s 6%: 0.13+0.51+0.055 ms clock, 1.6+0.79/0.89/0+0.66 ms cpu, 3->4->1 MB, 4 MB goal, 0 MB stacks, 0 MB globals, 12 P
gc 3048 @11.065s 6%: 0.10+1.1+0.068 ms clock, 1.2+0.76/0.74/0+0.81 ms cpu, 3->4->2 MB, 4 MB goal, 0 MB stacks, 0 MB globals, 12 P
gc 3049 @11.068s 6%: 0.14+1.0+0.010 ms clock, 1.7+0.71/0.83/0+0.12 ms cpu, 4->4->1 MB, 4 MB goal, 0 MB stacks, 0 MB globals, 12 P
gc 3050 @11.071s 6%: 0.096+0.61+0.073 ms clock, 1.1+0.67/0.84/0+0.88 ms cpu, 3->4->1 MB, 4 MB goal, 0 MB stacks, 0 MB globals, 12 P
gc 3051 @11.073s 6%: 0.11+0.69+0.080 ms clock, 1.3+0.69/0.84/0+0.96 ms cpu, 3->3->1 MB, 4 MB goal, 0 MB stacks, 0 MB globals, 12 P
gc 3052 @11.075s 6%: 0.15+0.58+0.047 ms clock, 1.8+0.65/0.82/0+0.57 ms cpu, 3->3->1 MB, 4 MB goal, 0 MB stacks, 0 MB globals, 12 P
gc 3053 @11.077s 6%: 0.11+0.60+0.10 ms clock, 1.4+0.64/0.95/0+1.2 ms cpu, 3->3->1 MB, 4 MB goal, 0 MB stacks, 0 MB globals, 12 P
gc 3054 @11.079s 6%: 0.097+0.64+0.083 ms clock, 1.1+0.74/0.72/0+1.0 ms cpu, 3->3->1 MB, 4 MB goal, 0 MB stacks, 0 MB globals, 12 P
gc 3055 @11.081s 6%: 0.087+0.55+0.096 ms clock, 1.0+0.70/0.86/0+1.1 ms cpu, 3->3->1 MB, 4 MB goal, 0 MB stacks, 0 MB globals, 12 P
gc 3056 @11.083s 6%: 0.11+1.2+0.055 ms clock, 1.3+0.97/0.81/0+0.66 ms cpu, 3->4->2 MB, 4 MB goal, 0 MB stacks, 0 MB globals, 12 P
gc 3057 @11.086s 6%: 0.079+1.2+0.085 ms clock, 0.95+1.0/0.90/0+1.0 ms cpu, 4->5->2 MB, 4 MB goal, 0 MB stacks, 0 MB globals, 12 P
gc 3058 @11.089s 6%: 0.065+0.48+0.10 ms clock, 0.78+0.81/0.81/0+1.2 ms cpu, 4->4->1 MB, 4 MB goal, 0 MB stacks, 0 MB globals, 12 P
gc 3059 @11.091s 6%: 0.10+0.52+0.11 ms clock, 1.3+0.77/0.79/0+1.4 ms cpu, 3->3->1 MB, 4 MB goal, 0 MB stacks, 0 MB globals, 12 P
gc 3060 @11.093s 6%: 0.064+0.60+0.091 ms clock, 0.76+0.76/0.89/0+1.0 ms cpu, 3->3->1 MB, 4 MB goal, 0 MB stacks, 0 MB globals, 12 P
gc 3061 @11.095s 6%: 0.10+0.50+0.10 ms clock, 1.2+0.66/0.91/0+1.3 ms cpu, 3->3->1 MB, 4 MB goal, 0 MB stacks, 0 MB globals, 12 P
gc 3062 @11.097s 6%: 0.080+0.53+0.084 ms clock, 0.96+0.68/0.99/0+1.0 ms cpu, 3->3->1 MB, 4 MB goal, 0 MB stacks, 0 MB globals, 12 P
gc 3063 @11.099s 6%: 0.10+0.69+0.057 ms clock, 1.3+0.66/0.92/0+0.69 ms cpu, 3->3->1 MB, 4 MB goal, 0 MB stacks, 0 MB globals, 12 P
gc 3064 @11.101s 6%: 0.12+0.58+0.087 ms clock, 1.4+0.66/0.93/0+1.0 ms cpu, 3->3->1 MB, 4 MB goal, 0 MB stacks, 0 MB globals, 12 P
gc 3065 @11.103s 6%: 0.085+0.48+0.081 ms clock, 1.0+0.77/0.82/0+0.98 ms cpu, 3->3->1 MB, 4 MB goal, 0 MB stacks, 0 MB globals, 12 P
gc 3066 @11.105s 6%: 0.083+0.68+0.089 ms clock, 1.0+1.1/0.78/0+1.0 ms cpu, 3->3->1 MB, 4 MB goal, 0 MB stacks, 0 MB globals, 12 P
gc 3067 @11.108s 6%: 0.10+0.96+0.066 ms clock, 1.3+0.70/0.94/0+0.80 ms cpu, 3->4->1 MB, 4 MB goal, 0 MB stacks, 0 MB globals, 12 P
gc 3068 @11.110s 6%: 0.13+0.59+0.070 ms clock, 1.6+0.71/0.77/0+0.84 ms cpu, 3->4->1 MB, 4 MB goal, 0 MB stacks, 0 MB globals, 12 P
gc 3069 @11.112s 6%: 0.083+0.61+0.098 ms clock, 1.0+0.71/1.0/0+1.1 ms cpu, 3->3->1 MB, 4 MB goal, 0 MB stacks, 0 MB globals, 12 P
gc 3070 @11.114s 6%: 0.080+0.63+0.15 ms clock, 0.96+0.89/0.99/0+1.8 ms cpu, 3->3->1 MB, 4 MB goal, 0 MB stacks, 0 MB globals, 12 P
gc 3071 @11.117s 6%: 0.084+0.49+0.15 ms clock, 1.0+0.66/0.82/0+1.8 ms cpu, 3->3->1 MB, 4 MB goal, 0 MB stacks, 0 MB globals, 12 P
gc 3072 @11.119s 6%: 0.14+0.97+0.048 ms clock, 1.7+0.85/0.79/0+0.58 ms cpu, 3->3->1 MB, 4 MB goal, 0 MB stacks, 0 MB globals, 12 P
gc 3073 @11.121s 6%: 0.13+0.54+0.079 ms clock, 1.6+0.71/0.83/0+0.95 ms cpu, 3->4->1 MB, 4 MB goal, 0 MB stacks, 0 MB globals, 12 P
gc 3074 @11.123s 6%: 0.10+0.64+0.071 ms clock, 1.2+0.61/0.93/0+0.85 ms cpu, 3->3->1 MB, 4 MB goal, 0 MB stacks, 0 MB globals, 12 P
gc 3075 @11.125s 6%: 0.086+1.0+0.060 ms clock, 1.0+0.55/1.0/0+0.72 ms cpu, 3->4->2 MB, 4 MB goal, 0 MB stacks, 0 MB globals, 12 P
gc 3076 @11.128s 6%: 0.11+0.94+0.077 ms clock, 1.3+0.79/0.82/0+0.93 ms cpu, 3->4->2 MB, 4 MB goal, 0 MB stacks, 0 MB globals, 12 P
gc 3077 @11.130s 6%: 0.10+0.68+0.089 ms clock, 1.2+0.64/0.90/0+1.0 ms cpu, 3->4->1 MB, 4 MB goal, 0 MB stacks, 0 MB globals, 12 P
gc 3078 @11.133s 6%: 0.14+1.3+0.070 ms clock, 1.7+0.96/0.80/0+0.84 ms cpu, 3->4->2 MB, 4 MB goal, 0 MB stacks, 0 MB globals, 12 P
gc 3079 @11.136s 6%: 0.098+0.47+0.11 ms clock, 1.1+0.80/0.85/0+1.4 ms cpu, 3->4->1 MB, 4 MB goal, 0 MB stacks, 0 MB globals, 12 P
gc 3080 @11.138s 6%: 0.10+1.1+0.082 ms clock, 1.2+0.71/0.94/0+0.99 ms cpu, 3->4->2 MB, 4 MB goal, 0 MB stacks, 0 MB globals, 12 P
gc 3081 @11.141s 6%: 0.10+0.99+0.022 ms clock, 1.2+0.75/0.89/0+0.27 ms cpu, 3->4->2 MB, 4 MB goal, 0 MB stacks, 0 MB globals, 12 P
gc 3082 @11.143s 6%: 0.082+0.64+0.11 ms clock, 0.99+0.66/0.89/0+1.4 ms cpu, 3->4->1 MB, 4 MB goal, 0 MB stacks, 0 MB globals, 12 P
gc 3083 @11.145s 6%: 0.094+0.66+0.083 ms clock, 1.1+0.66/0.95/0+1.0 ms cpu, 3->3->1 MB, 4 MB goal, 0 MB stacks, 0 MB globals, 12 P
gc 3084 @11.147s 6%: 0.11+0.46+0.081 ms clock, 1.3+0.66/0.94/0+0.98 ms cpu, 3->3->1 MB, 4 MB goal, 0 MB stacks, 0 MB globals, 12 P
gc 3085 @11.149s 6%: 0.087+0.75+0.092 ms clock, 1.0+0.75/0.89/0+1.1 ms cpu, 3->3->1 MB, 4 MB goal, 0 MB stacks, 0 MB globals, 12 P
gc 3086 @11.152s 6%: 0.14+0.68+0.049 ms clock, 1.7+0.79/0.86/0+0.59 ms cpu, 3->4->1 MB, 4 MB goal, 0 MB stacks, 0 MB globals, 12 P
gc 3087 @11.154s 6%: 0.082+0.61+0.12 ms clock, 0.99+0.60/1.0/0+1.4 ms cpu, 3->3->1 MB, 4 MB goal, 0 MB stacks, 0 MB globals, 12 P
gc 3088 @11.156s 6%: 0.088+0.59+0.14 ms clock, 1.0+0.74/0.84/0+1.7 ms cpu, 3->4->1 MB, 4 MB goal, 0 MB stacks, 0 MB globals, 12 P
gc 3089 @11.158s 6%: 0.12+0.54+0.087 ms clock, 1.4+0.82/0.79/0+1.0 ms cpu, 3->3->1 MB, 4 MB goal, 0 MB stacks, 0 MB globals, 12 P
gc 3090 @11.160s 6%: 0.11+0.91+0.063 ms clock, 1.4+0.64/0.93/0+0.76 ms cpu, 3->3->1 MB, 4 MB goal, 0 MB stacks, 0 MB globals, 12 P
gc 3091 @11.163s 6%: 0.13+0.48+0.066 ms clock, 1.5+0.71/0.82/0.011+0.80 ms cpu, 3->3->1 MB, 4 MB goal, 0 MB stacks, 0 MB globals, 12 P
gc 3092 @11.165s 6%: 0.091+0.58+0.069 ms clock, 1.0+0.78/0.88/0+0.83 ms cpu, 3->3->1 MB, 4 MB goal, 0 MB stacks, 0 MB globals, 12 P
gc 3093 @11.167s 6%: 0.10+1.0+0.087 ms clock, 1.3+1.4/0.99/0+1.0 ms cpu, 3->3->1 MB, 4 MB goal, 0 MB stacks, 0 MB globals, 12 P
gc 3094 @11.169s 6%: 0.13+0.54+0.10 ms clock, 1.5+0.49/0.92/0+1.3 ms cpu, 3->3->1 MB, 4 MB goal, 0 MB stacks, 0 MB globals, 12 P
gc 3095 @11.171s 6%: 0.49+1.0+0.047 ms clock, 5.9+0.83/1.5/0+0.56 ms cpu, 3->4->2 MB, 4 MB goal, 0 MB stacks, 0 MB globals, 12 P
gc 3096 @11.174s 6%: 0.10+1.5+0.097 ms clock, 1.2+0.77/0.84/0+1.1 ms cpu, 3->5->2 MB, 4 MB goal, 0 MB stacks, 0 MB globals, 12 P
gc 3097 @11.177s 6%: 0.069+0.74+0.073 ms clock, 0.83+0.61/0.98/0+0.88 ms cpu, 4->5->1 MB, 5 MB goal, 0 MB stacks, 0 MB globals, 12 P
gc 3098 @11.180s 6%: 0.098+0.54+0.057 ms clock, 1.1+0.77/0.85/0+0.68 ms cpu, 3->3->1 MB, 4 MB goal, 0 MB stacks, 0 MB globals, 12 P
gc 3099 @11.182s 6%: 0.10+0.70+0.12 ms clock, 1.2+0.65/0.77/0+1.4 ms cpu, 3->3->1 MB, 4 MB goal, 0 MB stacks, 0 MB globals, 12 P
gc 3100 @11.184s 6%: 0.11+0.49+0.066 ms clock, 1.3+0.66/0.87/0+0.80 ms cpu, 3->3->1 MB, 4 MB goal, 0 MB stacks, 0 MB globals, 12 P
gc 3101 @11.186s 6%: 0.10+0.50+0.14 ms clock, 1.2+0.72/0.85/0+1.7 ms cpu, 3->3->1 MB, 4 MB goal, 0 MB stacks, 0 MB globals, 12 P
gc 3102 @11.188s 6%: 0.15+0.94+0.031 ms clock, 1.8+0.50/0.91/0+0.37 ms cpu, 3->4->2 MB, 4 MB goal, 0 MB stacks, 0 MB globals, 12 P
gc 3103 @11.191s 6%: 0.089+0.54+0.073 ms clock, 1.0+0.72/0.91/0+0.88 ms cpu, 3->4->1 MB, 4 MB goal, 0 MB stacks, 0 MB globals, 12 P
gc 3104 @11.193s 6%: 0.10+0.87+0.064 ms clock, 1.2+0.57/0.96/0+0.77 ms cpu, 3->3->1 MB, 4 MB goal, 0 MB stacks, 0 MB globals, 12 P
gc 3105 @11.195s 6%: 0.087+0.61+0.10 ms clock, 1.0+0.72/1.1/0+1.2 ms cpu, 3->4->1 MB, 4 MB goal, 0 MB stacks, 0 MB globals, 12 P
gc 3106 @11.197s 6%: 0.10+1.0+0.078 ms clock, 1.2+0.83/0.74/0+0.94 ms cpu, 3->4->2 MB, 4 MB goal, 0 MB stacks, 0 MB globals, 12 P
gc 3107 @11.200s 6%: 0.082+1.1+0.073 ms clock, 0.98+0.69/0.81/0+0.87 ms cpu, 3->4->2 MB, 4 MB goal, 0 MB stacks, 0 MB globals, 12 P
gc 3108 @11.202s 6%: 0.076+1.0+0.093 ms clock, 0.92+0.82/0.89/0+1.1 ms cpu, 3->4->2 MB, 4 MB goal, 0 MB stacks, 0 MB globals, 12 P
gc 3109 @11.205s 6%: 0.11+0.78+0.066 ms clock, 1.3+0.69/0.83/0+0.79 ms cpu, 3->4->1 MB, 4 MB goal, 0 MB stacks, 0 MB globals, 12 P
gc 3110 @11.208s 6%: 0.090+0.49+0.078 ms clock, 1.0+0.76/0.88/0+0.94 ms cpu, 3->3->1 MB, 4 MB goal, 0 MB stacks, 0 MB globals, 12 P
gc 3111 @11.210s 6%: 0.087+1.1+0.069 ms clock, 1.0+0.60/1.1/0+0.83 ms cpu, 3->4->2 MB, 4 MB goal, 0 MB stacks, 0 MB globals, 12 P
gc 3112 @11.212s 6%: 0.13+0.68+0.11 ms clock, 1.6+0.77/0.92/0+1.4 ms cpu, 3->4->1 MB, 4 MB goal, 0 MB stacks, 0 MB globals, 12 P
gc 3113 @11.215s 6%: 0.11+1.2+0.085 ms clock, 1.3+0.74/0.85/0+1.0 ms cpu, 3->4->2 MB, 4 MB goal, 0 MB stacks, 0 MB globals, 12 P
gc 3114 @11.218s 6%: 0.12+0.58+0.048 ms clock, 1.4+0.87/0.97/0+0.58 ms cpu, 4->4->1 MB, 4 MB goal, 0 MB stacks, 0 MB globals, 12 P
gc 3115 @11.220s 6%: 0.10+0.51+0.094 ms clock, 1.2+0.72/0.78/0+1.1 ms cpu, 3->3->1 MB, 4 MB goal, 0 MB stacks, 0 MB globals, 12 P
gc 3116 @11.222s 6%: 0.12+0.45+0.079 ms clock, 1.4+0.86/0.72/0+0.95 ms cpu, 3->3->1 MB, 4 MB goal, 0 MB stacks, 0 MB globals, 12 P
gc 3117 @11.223s 6%: 0.13+0.61+0.090 ms clock, 1.5+0.74/0.87/0+1.0 ms cpu, 3->3->1 MB, 4 MB goal, 0 MB stacks, 0 MB globals, 12 P
gc 3118 @11.226s 6%: 0.11+0.47+0.061 ms clock, 1.3+0.79/0.82/0+0.73 ms cpu, 3->3->1 MB, 4 MB goal, 0 MB stacks, 0 MB globals, 12 P
gc 3119 @11.228s 6%: 0.11+0.63+0.057 ms clock, 1.3+0.70/0.84/0+0.68 ms cpu, 3->3->1 MB, 4 MB goal, 0 MB stacks, 0 MB globals, 12 P
gc 3120 @11.230s 6%: 0.091+0.53+0.097 ms clock, 1.0+0.69/0.87/0+1.1 ms cpu, 3->3->1 MB, 4 MB goal, 0 MB stacks, 0 MB globals, 12 P
gc 3121 @11.232s 6%: 0.10+0.65+0.094 ms clock, 1.2+0.69/0.83/0+1.1 ms cpu, 3->3->1 MB, 4 MB goal, 0 MB stacks, 0 MB globals, 12 P
gc 3122 @11.234s 6%: 0.14+0.53+0.087 ms clock, 1.7+0.74/0.84/0+1.0 ms cpu, 3->3->1 MB, 4 MB goal, 0 MB stacks, 0 MB globals, 12 P
gc 3123 @11.236s 6%: 0.092+0.60+0.16 ms clock, 1.1+0.55/0.94/0+2.0 ms cpu, 3->3->1 MB, 4 MB goal, 0 MB stacks, 0 MB globals, 12 P
gc 3124 @11.238s 6%: 0.10+0.84+0.087 ms clock, 1.2+0.79/0.93/0+1.0 ms cpu, 3->4->2 MB, 4 MB goal, 0 MB stacks, 0 MB globals, 12 P
gc 3125 @11.241s 6%: 0.10+0.60+0.10 ms clock, 1.2+0.70/0.83/0+1.2 ms cpu, 3->4->1 MB, 4 MB goal, 0 MB stacks, 0 MB globals, 12 P
gc 3126 @11.243s 6%: 0.095+0.75+0.10 ms clock, 1.1+0.68/0.85/0.097+1.2 ms cpu, 3->3->1 MB, 4 MB goal, 0 MB stacks, 0 MB globals, 12 P
gc 3127 @11.245s 6%: 0.11+0.88+0.092 ms clock, 1.3+0.82/0.99/0+1.1 ms cpu, 3->4->1 MB, 4 MB goal, 0 MB stacks, 0 MB globals, 12 P
gc 3128 @11.247s 6%: 0.10+0.64+0.10 ms clock, 1.2+0.73/0.89/0+1.2 ms cpu, 3->4->1 MB, 4 MB goal, 0 MB stacks, 0 MB globals, 12 P
gc 3129 @11.249s 6%: 0.084+0.50+0.072 ms clock, 1.0+0.68/0.88/0+0.86 ms cpu, 3->3->1 MB, 4 MB goal, 0 MB stacks, 0 MB globals, 12 P
gc 3130 @11.251s 6%: 0.10+0.49+0.093 ms clock, 1.2+0.72/0.87/0+1.1 ms cpu, 3->3->1 MB, 4 MB goal, 0 MB stacks, 0 MB globals, 12 P
gc 3131 @11.253s 6%: 0.10+0.89+0.049 ms clock, 1.3+0.87/0.83/0+0.59 ms cpu, 3->3->1 MB, 4 MB goal, 0 MB stacks, 0 MB globals, 12 P
gc 3132 @11.256s 6%: 0.082+0.58+0.069 ms clock, 0.99+0.64/0.89/0+0.83 ms cpu, 3->3->1 MB, 4 MB goal, 0 MB stacks, 0 MB globals, 12 P
gc 3133 @11.258s 6%: 0.10+0.57+0.075 ms clock, 1.2+0.76/0.94/0+0.90 ms cpu, 3->3->1 MB, 4 MB goal, 0 MB stacks, 0 MB globals, 12 P
gc 3134 @11.260s 6%: 0.083+0.91+0.052 ms clock, 1.0+0.64/0.90/0+0.63 ms cpu, 3->4->2 MB, 4 MB goal, 0 MB stacks, 0 MB globals, 12 P
gc 3135 @11.262s 6%: 0.10+0.85+0.086 ms clock, 1.2+0.70/0.77/0+1.0 ms cpu, 3->4->1 MB, 4 MB goal, 0 MB stacks, 0 MB globals, 12 P
gc 3136 @11.265s 6%: 0.10+0.59+0.073 ms clock, 1.2+0.74/0.79/0+0.88 ms cpu, 3->3->1 MB, 4 MB goal, 0 MB stacks, 0 MB globals, 12 P
gc 3137 @11.267s 6%: 0.079+0.47+0.060 ms clock, 0.95+0.79/0.90/0+0.72 ms cpu, 3->3->1 MB, 4 MB goal, 0 MB stacks, 0 MB globals, 12 P
gc 3138 @11.269s 6%: 0.083+0.51+0.11 ms clock, 1.0+0.76/0.77/0+1.3 ms cpu, 3->3->1 MB, 4 MB goal, 0 MB stacks, 0 MB globals, 12 P
gc 3139 @11.271s 6%: 0.12+0.87+0.081 ms clock, 1.5+0.68/1.0/0+0.98 ms cpu, 3->3->1 MB, 4 MB goal, 0 MB stacks, 0 MB globals, 12 P
gc 3140 @11.273s 6%: 0.10+1.0+0.087 ms clock, 1.2+0.92/1.5/0+1.0 ms cpu, 3->4->2 MB, 4 MB goal, 0 MB stacks, 0 MB globals, 12 P
gc 3141 @11.276s 6%: 0.10+1.0+0.092 ms clock, 1.2+0.93/0.80/0+1.1 ms cpu, 3->4->2 MB, 4 MB goal, 0 MB stacks, 0 MB globals, 12 P
gc 3142 @11.279s 6%: 0.099+0.59+0.089 ms clock, 1.1+0.76/1.0/0+1.0 ms cpu, 3->4->1 MB, 4 MB goal, 0 MB stacks, 0 MB globals, 12 P
gc 3143 @11.281s 6%: 0.17+0.50+0.073 ms clock, 2.0+0.63/0.85/0+0.88 ms cpu, 3->3->1 MB, 4 MB goal, 0 MB stacks, 0 MB globals, 12 P
gc 3144 @11.283s 6%: 0.11+0.92+0.065 ms clock, 1.3+0.63/0.80/0+0.78 ms cpu, 3->3->2 MB, 4 MB goal, 0 MB stacks, 0 MB globals, 12 P
gc 3145 @11.285s 6%: 0.12+0.97+0.071 ms clock, 1.4+0.74/0.92/0+0.85 ms cpu, 3->4->2 MB, 4 MB goal, 0 MB stacks, 0 MB globals, 12 P
gc 3146 @11.288s 6%: 0.13+0.57+0.091 ms clock, 1.6+0.68/0.79/0+1.0 ms cpu, 3->4->1 MB, 4 MB goal, 0 MB stacks, 0 MB globals, 12 P
gc 3147 @11.290s 6%: 0.10+0.81+0.10 ms clock, 1.3+0.67/0.83/0+1.3 ms cpu, 3->3->1 MB, 4 MB goal, 0 MB stacks, 0 MB globals, 12 P
gc 3148 @11.292s 6%: 0.070+0.53+0.099 ms clock, 0.85+0.74/0.84/0+1.1 ms cpu, 3->3->1 MB, 4 MB goal, 0 MB stacks, 0 MB globals, 12 P
gc 3149 @11.294s 6%: 0.11+0.49+0.12 ms clock, 1.3+0.74/0.77/0+1.4 ms cpu, 3->3->1 MB, 4 MB goal, 0 MB stacks, 0 MB globals, 12 P
gc 3150 @11.296s 6%: 0.086+1.1+0.052 ms clock, 1.0+0.79/0.76/0+0.63 ms cpu, 3->4->2 MB, 4 MB goal, 0 MB stacks, 0 MB globals, 12 P
gc 3151 @11.299s 6%: 0.085+0.52+0.062 ms clock, 1.0+0.74/0.87/0+0.75 ms cpu, 3->4->1 MB, 4 MB goal, 0 MB stacks, 0 MB globals, 12 P
gc 3152 @11.301s 6%: 0.10+1.0+0.093 ms clock, 1.2+0.81/0.79/0+1.1 ms cpu, 3->4->2 MB, 4 MB goal, 0 MB stacks, 0 MB globals, 12 P
gc 3153 @11.304s 6%: 0.072+0.50+0.096 ms clock, 0.87+0.84/0.73/0+1.1 ms cpu, 3->4->1 MB, 4 MB goal, 0 MB stacks, 0 MB globals, 12 P
gc 3154 @11.306s 6%: 0.11+0.99+0.11 ms clock, 1.4+0.79/0.78/0+1.4 ms cpu, 3->4->2 MB, 4 MB goal, 0 MB stacks, 0 MB globals, 12 P
gc 3155 @11.308s 6%: 0.11+0.66+0.052 ms clock, 1.3+0.85/0.80/0+0.62 ms cpu, 3->4->1 MB, 4 MB goal, 0 MB stacks, 0 MB globals, 12 P
gc 3156 @11.310s 6%: 0.11+0.67+0.099 ms clock, 1.4+0.65/0.87/0+1.1 ms cpu, 3->3->1 MB, 4 MB goal, 0 MB stacks, 0 MB globals, 12 P
gc 3157 @11.313s 6%: 0.070+0.58+0.11 ms clock, 0.84+0.45/0.96/0+1.3 ms cpu, 3->3->1 MB, 4 MB goal, 0 MB stacks, 0 MB globals, 12 P
gc 3158 @11.315s 6%: 0.070+0.62+0.064 ms clock, 0.84+0.84/0.82/0+0.77 ms cpu, 3->3->1 MB, 4 MB goal, 0 MB stacks, 0 MB globals, 12 P
gc 3159 @11.317s 6%: 0.082+0.54+0.080 ms clock, 0.98+0.74/0.83/0.006+0.96 ms cpu, 3->3->1 MB, 4 MB goal, 0 MB stacks, 0 MB globals, 12 P
gc 3160 @11.319s 6%: 0.072+0.84+0.044 ms clock, 0.86+0.67/0.91/0+0.53 ms cpu, 3->3->1 MB, 4 MB goal, 0 MB stacks, 0 MB globals, 12 P
gc 3161 @11.321s 6%: 0.10+1.1+0.076 ms clock, 1.2+0.77/0.93/0+0.92 ms cpu, 3->4->2 MB, 4 MB goal, 0 MB stacks, 0 MB globals, 12 P
gc 3162 @11.324s 6%: 0.10+0.53+0.13 ms clock, 1.3+0.83/0.82/0+1.6 ms cpu, 3->4->1 MB, 4 MB goal, 0 MB stacks, 0 MB globals, 12 P
gc 3163 @11.326s 6%: 0.14+0.77+0.071 ms clock, 1.7+0.62/0.94/0+0.86 ms cpu, 3->3->1 MB, 4 MB goal, 0 MB stacks, 0 MB globals, 12 P
gc 3164 @11.328s 6%: 0.15+0.63+0.11 ms clock, 1.8+0.77/0.84/0+1.3 ms cpu, 3->3->1 MB, 4 MB goal, 0 MB stacks, 0 MB globals, 12 P
gc 3165 @11.330s 6%: 0.087+0.73+0.076 ms clock, 1.0+0.78/1.0/0+0.91 ms cpu, 3->3->1 MB, 4 MB goal, 0 MB stacks, 0 MB globals, 12 P
gc 3166 @11.332s 6%: 0.10+0.49+0.076 ms clock, 1.2+0.75/0.82/0+0.91 ms cpu, 3->3->1 MB, 4 MB goal, 0 MB stacks, 0 MB globals, 12 P
gc 3167 @11.334s 6%: 0.097+0.83+0.038 ms clock, 1.1+0.56/0.95/0+0.46 ms cpu, 3->3->1 MB, 4 MB goal, 0 MB stacks, 0 MB globals, 12 P
gc 3168 @11.337s 6%: 0.088+0.58+0.074 ms clock, 1.0+0.77/0.81/0+0.89 ms cpu, 3->3->1 MB, 4 MB goal, 0 MB stacks, 0 MB globals, 12 P
gc 3169 @11.339s 6%: 0.12+0.61+0.098 ms clock, 1.5+0.81/0.97/0+1.1 ms cpu, 3->3->1 MB, 4 MB goal, 0 MB stacks, 0 MB globals, 12 P
gc 3170 @11.341s 6%: 0.12+0.55+0.10 ms clock, 1.4+0.55/1.0/0+1.2 ms cpu, 3->3->1 MB, 4 MB goal, 0 MB stacks, 0 MB globals, 12 P
gc 3171 @11.343s 6%: 0.087+0.61+0.11 ms clock, 1.0+0.74/0.96/0+1.3 ms cpu, 3->3->1 MB, 4 MB goal, 0 MB stacks, 0 MB globals, 12 P
gc 3172 @11.345s 6%: 0.15+0.52+0.11 ms clock, 1.8+0.78/0.82/0+1.3 ms cpu, 3->3->1 MB, 4 MB goal, 0 MB stacks, 0 MB globals, 12 P
gc 3173 @11.347s 6%: 0.11+1.0+0.066 ms clock, 1.4+0.64/1.3/0.019+0.79 ms cpu, 3->4->2 MB, 4 MB goal, 0 MB stacks, 0 MB globals, 12 P
gc 3174 @11.350s 6%: 0.065+0.62+0.053 ms clock, 0.78+0.68/1.0/0+0.64 ms cpu, 3->4->1 MB, 4 MB goal, 0 MB stacks, 0 MB globals, 12 P
gc 3175 @11.352s 6%: 0.11+0.98+0.089 ms clock, 1.3+0.75/0.97/0+1.0 ms cpu, 3->4->1 MB, 4 MB goal, 0 MB stacks, 0 MB globals, 12 P
gc 3176 @11.354s 6%: 0.14+0.63+0.071 ms clock, 1.7+0.81/0.91/0+0.85 ms cpu, 3->4->1 MB, 4 MB goal, 0 MB stacks, 0 MB globals, 12 P
gc 3177 @11.356s 6%: 0.11+0.86+0.093 ms clock, 1.3+0.65/0.88/0+1.1 ms cpu, 3->4->1 MB, 4 MB goal, 0 MB stacks, 0 MB globals, 12 P
gc 3178 @11.359s 6%: 0.078+0.71+0.086 ms clock, 0.94+0.91/0.78/0+1.0 ms cpu, 3->4->1 MB, 4 MB goal, 0 MB stacks, 0 MB globals, 12 P
gc 3179 @11.361s 6%: 0.10+0.52+0.080 ms clock, 1.2+0.73/0.97/0+0.96 ms cpu, 3->3->1 MB, 4 MB goal, 0 MB stacks, 0 MB globals, 12 P
gc 3180 @11.363s 6%: 0.10+0.48+0.12 ms clock, 1.2+0.73/0.81/0+1.4 ms cpu, 3->3->1 MB, 4 MB goal, 0 MB stacks, 0 MB globals, 12 P
gc 3181 @11.365s 6%: 0.11+0.72+0.074 ms clock, 1.4+0.60/0.94/0+0.89 ms cpu, 3->3->1 MB, 4 MB goal, 0 MB stacks, 0 MB globals, 12 P
gc 3182 @11.367s 6%: 0.094+0.58+0.092 ms clock, 1.1+0.77/0.82/0+1.1 ms cpu, 3->4->1 MB, 4 MB goal, 0 MB stacks, 0 MB globals, 12 P
gc 3183 @11.369s 6%: 0.095+0.93+0.054 ms clock, 1.1+0.69/0.88/0+0.65 ms cpu, 3->3->1 MB, 4 MB goal, 0 MB stacks, 0 MB globals, 12 P
gc 3184 @11.372s 6%: 0.098+0.82+0.040 ms clock, 1.1+0.66/0.85/0+0.48 ms cpu, 3->4->1 MB, 4 MB goal, 0 MB stacks, 0 MB globals, 12 P
gc 3185 @11.374s 6%: 0.16+0.62+0.12 ms clock, 1.9+0.74/0.77/0+1.5 ms cpu, 3->3->1 MB, 4 MB goal, 0 MB stacks, 0 MB globals, 12 P
gc 3186 @11.376s 6%: 0.12+0.77+0.086 ms clock, 1.4+0.71/0.82/0+1.0 ms cpu, 3->3->1 MB, 4 MB goal, 0 MB stacks, 0 MB globals, 12 P
gc 3187 @11.378s 6%: 0.11+0.86+0.12 ms clock, 1.3+0.80/0.87/0+1.4 ms cpu, 3->4->1 MB, 4 MB goal, 0 MB stacks, 0 MB globals, 12 P
gc 3188 @11.381s 6%: 0.096+0.71+0.097 ms clock, 1.1+0.68/0.95/0+1.1 ms cpu, 3->4->1 MB, 4 MB goal, 0 MB stacks, 0 MB globals, 12 P
gc 3189 @11.383s 6%: 0.095+1.1+0.091 ms clock, 1.1+0.70/0.84/0+1.1 ms cpu, 3->4->2 MB, 4 MB goal, 0 MB stacks, 0 MB globals, 12 P
gc 3190 @11.386s 6%: 0.11+0.52+0.080 ms clock, 1.4+0.87/0.87/0+0.96 ms cpu, 3->4->1 MB, 4 MB goal, 0 MB stacks, 0 MB globals, 12 P
gc 3191 @11.388s 6%: 0.11+0.56+0.088 ms clock, 1.3+0.67/0.91/0+1.0 ms cpu, 3->3->1 MB, 4 MB goal, 0 MB stacks, 0 MB globals, 12 P
gc 3192 @11.390s 6%: 0.12+0.59+0.088 ms clock, 1.5+0.75/0.96/0+1.0 ms cpu, 3->3->1 MB, 4 MB goal, 0 MB stacks, 0 MB globals, 12 P
gc 3193 @11.392s 6%: 0.12+0.49+0.12 ms clock, 1.4+0.76/0.75/0+1.4 ms cpu, 3->3->1 MB, 4 MB goal, 0 MB stacks, 0 MB globals, 12 P
gc 3194 @11.394s 6%: 0.15+0.74+0.069 ms clock, 1.8+0.72/0.72/0+0.83 ms cpu, 3->3->1 MB, 4 MB goal, 0 MB stacks, 0 MB globals, 12 P
gc 3195 @11.396s 6%: 0.10+0.65+0.094 ms clock, 1.2+0.71/0.84/0+1.1 ms cpu, 3->4->1 MB, 4 MB goal, 0 MB stacks, 0 MB globals, 12 P
gc 3196 @11.398s 6%: 0.10+0.51+0.086 ms clock, 1.2+0.74/0.85/0+1.0 ms cpu, 3->3->1 MB, 4 MB goal, 0 MB stacks, 0 MB globals, 12 P
gc 3197 @11.400s 6%: 0.12+0.87+0.061 ms clock, 1.5+0.77/0.79/0+0.74 ms cpu, 3->4->1 MB, 4 MB goal, 0 MB stacks, 0 MB globals, 12 P
gc 3198 @11.403s 6%: 0.11+0.89+0.084 ms clock, 1.4+0.83/0.84/0+1.0 ms cpu, 3->4->1 MB, 4 MB goal, 0 MB stacks, 0 MB globals, 12 P
gc 3199 @11.405s 6%: 0.10+0.78+0.086 ms clock, 1.3+0.66/0.87/0+1.0 ms cpu, 3->4->1 MB, 4 MB goal, 0 MB stacks, 0 MB globals, 12 P
gc 3200 @11.408s 6%: 0.10+0.54+0.063 ms clock, 1.2+0.72/0.92/0+0.75 ms cpu, 3->3->1 MB, 4 MB goal, 0 MB stacks, 0 MB globals, 12 P
gc 3201 @11.410s 6%: 0.095+0.57+0.086 ms clock, 1.1+0.68/0.90/0+1.0 ms cpu, 3->3->1 MB, 4 MB goal, 0 MB stacks, 0 MB globals, 12 P
gc 3202 @11.412s 6%: 0.10+0.48+0.078 ms clock, 1.2+0.75/0.82/0+0.94 ms cpu, 3->3->1 MB, 4 MB goal, 0 MB stacks, 0 MB globals, 12 P
gc 3203 @11.414s 6%: 0.12+0.41+0.065 ms clock, 1.4+0.82/0.78/0+0.78 ms cpu, 3->3->1 MB, 4 MB goal, 0 MB stacks, 0 MB globals, 12 P
gc 3204 @11.416s 6%: 0.098+0.96+0.073 ms clock, 1.1+0.78/0.89/0+0.88 ms cpu, 3->4->2 MB, 4 MB goal, 0 MB stacks, 0 MB globals, 12 P
gc 3205 @11.418s 6%: 0.088+1.0+0.052 ms clock, 1.0+0.61/0.99/0+0.62 ms cpu, 3->4->2 MB, 4 MB goal, 0 MB stacks, 0 MB globals, 12 P
gc 3206 @11.421s 6%: 0.076+0.70+0.057 ms clock, 0.92+0.79/0.80/0+0.69 ms cpu, 3->4->1 MB, 4 MB goal, 0 MB stacks, 0 MB globals, 12 P
gc 3207 @11.423s 6%: 0.14+0.60+0.089 ms clock, 1.7+0.78/0.84/0+1.0 ms cpu, 3->3->1 MB, 4 MB goal, 0 MB stacks, 0 MB globals, 12 P
gc 3208 @11.425s 6%: 0.12+0.52+0.074 ms clock, 1.4+0.70/0.80/0+0.88 ms cpu, 3->3->1 MB, 4 MB goal, 0 MB stacks, 0 MB globals, 12 P
gc 3209 @11.427s 6%: 0.070+0.58+0.080 ms clock, 0.84+0.74/0.95/0+0.96 ms cpu, 3->3->1 MB, 4 MB goal, 0 MB stacks, 0 MB globals, 12 P
gc 3210 @11.429s 6%: 0.12+0.95+0.10 ms clock, 1.5+0.78/0.89/0+1.2 ms cpu, 3->4->1 MB, 4 MB goal, 0 MB stacks, 0 MB globals, 12 P
gc 3211 @11.432s 6%: 0.10+0.65+0.11 ms clock, 1.2+0.73/1.0/0+1.3 ms cpu, 3->4->1 MB, 4 MB goal, 0 MB stacks, 0 MB globals, 12 P
gc 3212 @11.434s 6%: 0.10+0.75+0.13 ms clock, 1.2+0.71/0.85/0+1.6 ms cpu, 3->4->1 MB, 4 MB goal, 0 MB stacks, 0 MB globals, 12 P
gc 3213 @11.436s 6%: 0.090+0.50+0.088 ms clock, 1.0+0.76/0.85/0+1.0 ms cpu, 3->3->1 MB, 4 MB goal, 0 MB stacks, 0 MB globals, 12 P
gc 3214 @11.438s 6%: 0.11+0.57+0.093 ms clock, 1.3+0.65/0.79/0+1.1 ms cpu, 3->3->1 MB, 4 MB goal, 0 MB stacks, 0 MB globals, 12 P
gc 3215 @11.440s 6%: 0.096+0.45+0.16 ms clock, 1.1+0.62/0.83/0.016+1.9 ms cpu, 3->3->1 MB, 4 MB goal, 0 MB stacks, 0 MB globals, 12 P
gc 3216 @11.442s 6%: 0.15+0.76+0.075 ms clock, 1.8+0.69/0.95/0+0.90 ms cpu, 3->3->1 MB, 4 MB goal, 0 MB stacks, 0 MB globals, 12 P
gc 3217 @11.445s 6%: 0.087+0.78+0.056 ms clock, 1.0+0.70/0.90/0+0.67 ms cpu, 3->4->1 MB, 4 MB goal, 0 MB stacks, 0 MB globals, 12 P
gc 3218 @11.447s 6%: 0.097+0.89+0.12 ms clock, 1.1+0.78/0.76/0+1.4 ms cpu, 3->4->1 MB, 4 MB goal, 0 MB stacks, 0 MB globals, 12 P
gc 3219 @11.450s 6%: 0.092+0.51+0.062 ms clock, 1.1+0.81/0.78/0+0.75 ms cpu, 3->3->1 MB, 4 MB goal, 0 MB stacks, 0 MB globals, 12 P
gc 3220 @11.451s 6%: 0.10+0.60+0.10 ms clock, 1.2+0.74/0.87/0+1.2 ms cpu, 3->3->1 MB, 4 MB goal, 0 MB stacks, 0 MB globals, 12 P
gc 3221 @11.454s 6%: 0.15+0.45+0.078 ms clock, 1.8+0.73/0.78/0+0.94 ms cpu, 3->3->1 MB, 4 MB goal, 0 MB stacks, 0 MB globals, 12 P
gc 3222 @11.456s 6%: 0.055+0.85+0.054 ms clock, 0.66+0.77/0.97/0+0.65 ms cpu, 3->3->1 MB, 4 MB goal, 0 MB stacks, 0 MB globals, 12 P
gc 3223 @11.458s 6%: 0.10+0.59+0.10 ms clock, 1.2+0.73/0.87/0+1.2 ms cpu, 3->4->1 MB, 4 MB goal, 0 MB stacks, 0 MB globals, 12 P
gc 3224 @11.460s 6%: 0.11+1.0+0.096 ms clock, 1.4+0.69/0.87/0+1.1 ms cpu, 3->4->2 MB, 4 MB goal, 0 MB stacks, 0 MB globals, 12 P
gc 3225 @11.463s 6%: 0.078+0.63+0.086 ms clock, 0.94+0.55/0.98/0+1.0 ms cpu, 3->4->1 MB, 4 MB goal, 0 MB stacks, 0 MB globals, 12 P
gc 3226 @11.465s 6%: 0.096+0.57+0.097 ms clock, 1.1+0.70/0.79/0+1.1 ms cpu, 3->3->1 MB, 4 MB goal, 0 MB stacks, 0 MB globals, 12 P
gc 3227 @11.467s 6%: 0.090+0.99+0.10 ms clock, 1.0+0.75/0.91/0+1.2 ms cpu, 3->4->2 MB, 4 MB goal, 0 MB stacks, 0 MB globals, 12 P
gc 3228 @11.470s 6%: 0.097+0.51+0.10 ms clock, 1.1+0.52/0.95/0+1.2 ms cpu, 3->4->1 MB, 4 MB goal, 0 MB stacks, 0 MB globals, 12 P
gc 3229 @11.472s 6%: 0.083+1.0+0.071 ms clock, 1.0+1.0/0.84/0+0.85 ms cpu, 3->4->2 MB, 4 MB goal, 0 MB stacks, 0 MB globals, 12 P
gc 3230 @11.474s 6%: 0.13+1.4+0.067 ms clock, 1.5+0.82/0.83/0+0.81 ms cpu, 3->5->2 MB, 4 MB goal, 0 MB stacks, 0 MB globals, 12 P
gc 3231 @11.478s 6%: 0.097+0.50+0.059 ms clock, 1.1+0.86/0.89/0+0.71 ms cpu, 4->4->1 MB, 5 MB goal, 0 MB stacks, 0 MB globals, 12 P
gc 3232 @11.480s 6%: 0.085+0.56+0.11 ms clock, 1.0+0.77/0.82/0+1.4 ms cpu, 3->3->1 MB, 4 MB goal, 0 MB stacks, 0 MB globals, 12 P
gc 3233 @11.482s 6%: 0.094+0.97+0.062 ms clock, 1.1+0.68/0.95/0+0.74 ms cpu, 3->4->2 MB, 4 MB goal, 0 MB stacks, 0 MB globals, 12 P
gc 3234 @11.485s 6%: 0.096+0.68+0.055 ms clock, 1.1+0.57/1.0/0+0.66 ms cpu, 3->4->1 MB, 4 MB goal, 0 MB stacks, 0 MB globals, 12 P
gc 3235 @11.487s 6%: 0.090+0.58+0.097 ms clock, 1.0+0.91/0.88/0+1.1 ms cpu, 3->3->1 MB, 4 MB goal, 0 MB stacks, 0 MB globals, 12 P
gc 3236 @11.489s 6%: 0.10+0.53+0.082 ms clock, 1.2+0.63/0.92/0+0.98 ms cpu, 3->3->1 MB, 4 MB goal, 0 MB stacks, 0 MB globals, 12 P
gc 3237 @11.491s 6%: 0.13+0.58+0.21 ms clock, 1.6+0.61/0.97/0+2.6 ms cpu, 3->3->1 MB, 4 MB goal, 0 MB stacks, 0 MB globals, 12 P
gc 3238 @11.493s 6%: 0.11+1.1+0.073 ms clock, 1.4+0.56/0.87/0+0.88 ms cpu, 3->4->2 MB, 4 MB goal, 0 MB stacks, 0 MB globals, 12 P
gc 3239 @11.496s 6%: 0.16+1.1+0.095 ms clock, 1.9+0.64/0.99/0+1.1 ms cpu, 3->4->2 MB, 4 MB goal, 0 MB stacks, 0 MB globals, 12 P
gc 3240 @11.499s 6%: 0.11+0.54+0.071 ms clock, 1.3+0.69/0.95/0+0.86 ms cpu, 3->4->1 MB, 4 MB goal, 0 MB stacks, 0 MB globals, 12 P
gc 3241 @11.502s 6%: 0.090+1.4+0.023 ms clock, 1.0+0.80/0.75/0+0.27 ms cpu, 3->4->2 MB, 4 MB goal, 0 MB stacks, 0 MB globals, 12 P
gc 3242 @11.505s 6%: 0.12+0.65+0.081 ms clock, 1.5+1.0/0.77/0+0.98 ms cpu, 4->5->1 MB, 5 MB goal, 0 MB stacks, 0 MB globals, 12 P
gc 3243 @11.507s 6%: 0.11+1.0+0.041 ms clock, 1.3+0.88/0.94/0+0.50 ms cpu, 3->4->2 MB, 4 MB goal, 0 MB stacks, 0 MB globals, 12 P
gc 3244 @11.510s 6%: 0.10+0.59+0.078 ms clock, 1.3+0.78/0.90/0+0.94 ms cpu, 3->4->1 MB, 4 MB goal, 0 MB stacks, 0 MB globals, 12 P
gc 3245 @11.512s 6%: 0.092+0.70+0.097 ms clock, 1.1+0.76/1.0/0+1.1 ms cpu, 3->3->1 MB, 4 MB goal, 0 MB stacks, 0 MB globals, 12 P
gc 3246 @11.514s 6%: 0.085+0.92+0.11 ms clock, 1.0+0.77/0.94/0+1.3 ms cpu, 3->4->2 MB, 4 MB goal, 0 MB stacks, 0 MB globals, 12 P
gc 3247 @11.516s 6%: 0.10+1.1+0.10 ms clock, 1.2+0.74/0.91/0+1.2 ms cpu, 3->4->2 MB, 4 MB goal, 0 MB stacks, 0 MB globals, 12 P
gc 3248 @11.519s 6%: 0.14+0.98+0.062 ms clock, 1.7+0.58/0.77/0+0.74 ms cpu, 3->4->1 MB, 4 MB goal, 0 MB stacks, 0 MB globals, 12 P
gc 3249 @11.522s 6%: 0.11+0.91+0.15 ms clock, 1.3+0.72/0.76/0+1.8 ms cpu, 3->4->1 MB, 4 MB goal, 0 MB stacks, 0 MB globals, 12 P
gc 3250 @11.524s 6%: 0.10+0.84+0.079 ms clock, 1.2+1.3/0.81/0+0.95 ms cpu, 3->4->1 MB, 4 MB goal, 0 MB stacks, 0 MB globals, 12 P
gc 3251 @11.527s 6%: 0.13+0.88+0.036 ms clock, 1.6+0.67/0.96/0+0.43 ms cpu, 3->4->1 MB, 4 MB goal, 0 MB stacks, 0 MB globals, 12 P
gc 3252 @11.529s 6%: 0.13+0.60+0.077 ms clock, 1.6+0.75/0.83/0+0.92 ms cpu, 3->3->1 MB, 4 MB goal, 0 MB stacks, 0 MB globals, 12 P
gc 3253 @11.531s 6%: 0.12+0.79+0.047 ms clock, 1.4+0.78/0.84/0+0.56 ms cpu, 3->3->1 MB, 4 MB goal, 0 MB stacks, 0 MB globals, 12 P
gc 3254 @11.534s 6%: 0.11+0.90+0.12 ms clock, 1.3+0.74/0.85/0+1.4 ms cpu, 3->4->1 MB, 4 MB goal, 0 MB stacks, 0 MB globals, 12 P
gc 3255 @11.536s 6%: 0.12+1.0+0.096 ms clock, 1.4+1.3/0.83/0+1.1 ms cpu, 3->4->2 MB, 4 MB goal, 0 MB stacks, 0 MB globals, 12 P
gc 3256 @11.539s 6%: 0.089+0.65+0.11 ms clock, 1.0+0.67/0.94/0+1.3 ms cpu, 3->4->1 MB, 4 MB goal, 0 MB stacks, 0 MB globals, 12 P
gc 3257 @11.541s 6%: 0.11+0.52+0.11 ms clock, 1.4+0.70/0.88/0+1.4 ms cpu, 3->3->1 MB, 4 MB goal, 0 MB stacks, 0 MB globals, 12 P
gc 3258 @11.543s 6%: 0.092+1.0+0.077 ms clock, 1.1+0.69/0.98/0+0.93 ms cpu, 3->4->2 MB, 4 MB goal, 0 MB stacks, 0 MB globals, 12 P
gc 3259 @11.546s 6%: 0.16+0.55+0.084 ms clock, 1.9+0.90/0.76/0+1.0 ms cpu, 3->4->1 MB, 4 MB goal, 0 MB stacks, 0 MB globals, 12 P
gc 3260 @11.548s 6%: 0.095+0.84+0.011 ms clock, 1.1+0.85/0.67/0+0.13 ms cpu, 3->3->1 MB, 4 MB goal, 0 MB stacks, 0 MB globals, 12 P
gc 3261 @11.550s 6%: 0.076+1.2+0.064 ms clock, 0.91+0.85/0.67/0+0.77 ms cpu, 3->4->2 MB, 4 MB goal, 0 MB stacks, 0 MB globals, 12 P
gc 3262 @11.553s 6%: 0.11+1.2+0.10 ms clock, 1.4+0.64/0.91/0+1.3 ms cpu, 4->5->2 MB, 4 MB goal, 0 MB stacks, 0 MB globals, 12 P
gc 3263 @11.556s 6%: 0.10+0.55+0.091 ms clock, 1.2+0.73/0.86/0+1.0 ms cpu, 4->4->1 MB, 4 MB goal, 0 MB stacks, 0 MB globals, 12 P
gc 3264 @11.558s 6%: 0.10+0.59+0.069 ms clock, 1.2+0.73/0.89/0+0.83 ms cpu, 3->3->1 MB, 4 MB goal, 0 MB stacks, 0 MB globals, 12 P
gc 3265 @11.560s 6%: 0.11+0.50+0.10 ms clock, 1.3+0.86/0.85/0+1.3 ms cpu, 3->3->1 MB, 4 MB goal, 0 MB stacks, 0 MB globals, 12 P
gc 3266 @11.562s 6%: 0.10+1.0+0.058 ms clock, 1.2+0.52/1.0/0.002+0.69 ms cpu, 3->4->2 MB, 4 MB goal, 0 MB stacks, 0 MB globals, 12 P
gc 3267 @11.565s 6%: 0.11+0.54+0.077 ms clock, 1.3+0.84/0.80/0+0.92 ms cpu, 3->3->1 MB, 4 MB goal, 0 MB stacks, 0 MB globals, 12 P
gc 3268 @11.567s 6%: 0.16+0.57+0.12 ms clock, 1.9+0.63/0.84/0+1.4 ms cpu, 3->3->1 MB, 4 MB goal, 0 MB stacks, 0 MB globals, 12 P
gc 3269 @11.569s 6%: 0.10+1.5+0.050 ms clock, 1.2+0.70/0.93/0+0.60 ms cpu, 3->4->2 MB, 4 MB goal, 0 MB stacks, 0 MB globals, 12 P
gc 3270 @11.572s 6%: 0.093+0.57+0.067 ms clock, 1.1+0.77/0.87/0+0.81 ms cpu, 4->4->1 MB, 5 MB goal, 0 MB stacks, 0 MB globals, 12 P
gc 3271 @11.574s 6%: 0.085+0.59+0.065 ms clock, 1.0+0.55/0.97/0+0.78 ms cpu, 3->3->1 MB, 4 MB goal, 0 MB stacks, 0 MB globals, 12 P
gc 3272 @11.576s 6%: 0.080+1.4+0.091 ms clock, 0.96+0.85/0.80/0+1.0 ms cpu, 3->4->2 MB, 4 MB goal, 0 MB stacks, 0 MB globals, 12 P
gc 3273 @11.579s 6%: 0.11+0.74+0.097 ms clock, 1.4+0.88/0.71/0+1.1 ms cpu, 4->4->1 MB, 5 MB goal, 0 MB stacks, 0 MB globals, 12 P
gc 3274 @11.581s 6%: 0.13+0.97+0.078 ms clock, 1.5+0.80/0.86/0+0.94 ms cpu, 3->4->2 MB, 4 MB goal, 0 MB stacks, 0 MB globals, 12 P
gc 3275 @11.584s 6%: 0.085+0.98+0.089 ms clock, 1.0+0.74/0.91/0+1.0 ms cpu, 3->4->2 MB, 4 MB goal, 0 MB stacks, 0 MB globals, 12 P
gc 3276 @11.587s 6%: 0.091+0.44+0.096 ms clock, 1.1+0.67/0.79/0.054+1.1 ms cpu, 3->4->1 MB, 4 MB goal, 0 MB stacks, 0 MB globals, 12 P
gc 3277 @11.589s 6%: 0.074+0.62+0.083 ms clock, 0.89+0.65/1.1/0+0.99 ms cpu, 3->3->1 MB, 4 MB goal, 0 MB stacks, 0 MB globals, 12 P
gc 3278 @11.591s 6%: 0.15+0.63+0.10 ms clock, 1.8+0.75/0.86/0+1.2 ms cpu, 3->3->1 MB, 4 MB goal, 0 MB stacks, 0 MB globals, 12 P
gc 3279 @11.593s 6%: 0.16+0.91+0.11 ms clock, 1.9+0.76/0.85/0+1.3 ms cpu, 3->4->2 MB, 4 MB goal, 0 MB stacks, 0 MB globals, 12 P
gc 3280 @11.596s 6%: 0.099+0.67+0.096 ms clock, 1.1+0.79/0.90/0+1.1 ms cpu, 3->4->1 MB, 4 MB goal, 0 MB stacks, 0 MB globals, 12 P
gc 3281 @11.598s 6%: 0.10+0.93+0.10 ms clock, 1.3+0.84/0.87/0+1.2 ms cpu, 3->3->1 MB, 4 MB goal, 0 MB stacks, 0 MB globals, 12 P
gc 3282 @11.600s 6%: 0.10+1.1+0.036 ms clock, 1.3+1.8/0.89/0+0.43 ms cpu, 3->4->2 MB, 4 MB goal, 0 MB stacks, 0 MB globals, 12 P
gc 3283 @11.603s 6%: 0.12+1.3+0.089 ms clock, 1.5+0.75/0.91/0+1.0 ms cpu, 3->4->2 MB, 4 MB goal, 0 MB stacks, 0 MB globals, 12 P
gc 3284 @11.606s 6%: 0.11+0.60+0.085 ms clock, 1.3+0.74/0.90/0+1.0 ms cpu, 4->4->1 MB, 4 MB goal, 0 MB stacks, 0 MB globals, 12 P
gc 3285 @11.608s 6%: 0.11+0.48+0.086 ms clock, 1.3+0.63/0.95/0+1.0 ms cpu, 3->3->1 MB, 4 MB goal, 0 MB stacks, 0 MB globals, 12 P
gc 3286 @11.610s 6%: 0.087+0.50+0.039 ms clock, 1.0+0.66/0.87/0+0.47 ms cpu, 3->3->1 MB, 4 MB goal, 0 MB stacks, 0 MB globals, 12 P
gc 3287 @11.612s 6%: 0.10+0.90+0.051 ms clock, 1.2+0.73/0.82/0+0.62 ms cpu, 3->4->1 MB, 4 MB goal, 0 MB stacks, 0 MB globals, 12 P
gc 3288 @11.615s 6%: 0.095+1.1+0.085 ms clock, 1.1+1.2/0.84/0+1.0 ms cpu, 3->4->2 MB, 4 MB goal, 0 MB stacks, 0 MB globals, 12 P
gc 3289 @11.618s 6%: 0.082+0.82+0.088 ms clock, 0.98+0.64/0.91/0+1.0 ms cpu, 3->4->1 MB, 4 MB goal, 0 MB stacks, 0 MB globals, 12 P
gc 3290 @11.620s 6%: 0.14+0.55+0.11 ms clock, 1.7+0.68/0.90/0+1.4 ms cpu, 3->4->1 MB, 4 MB goal, 0 MB stacks, 0 MB globals, 12 P
gc 3291 @11.622s 6%: 0.076+0.82+0.061 ms clock, 0.92+0.85/0.90/0+0.74 ms cpu, 3->3->1 MB, 4 MB goal, 0 MB stacks, 0 MB globals, 12 P
gc 3292 @11.624s 6%: 0.13+0.84+0.078 ms clock, 1.6+0.66/1.0/0+0.93 ms cpu, 3->4->1 MB, 4 MB goal, 0 MB stacks, 0 MB globals, 12 P
gc 3293 @11.627s 6%: 0.094+0.99+0.054 ms clock, 1.1+1.0/0.73/0+0.65 ms cpu, 3->4->1 MB, 4 MB goal, 0 MB stacks, 0 MB globals, 12 P
gc 3294 @11.629s 6%: 0.11+0.77+0.11 ms clock, 1.3+0.61/0.99/0+1.3 ms cpu, 3->4->1 MB, 4 MB goal, 0 MB stacks, 0 MB globals, 12 P
gc 3295 @11.631s 6%: 0.084+0.92+0.077 ms clock, 1.0+0.82/0.73/0+0.92 ms cpu, 3->4->2 MB, 4 MB goal, 0 MB stacks, 0 MB globals, 12 P
gc 3296 @11.634s 6%: 0.11+1.0+0.036 ms clock, 1.3+0.72/0.87/0+0.43 ms cpu, 3->4->1 MB, 4 MB goal, 0 MB stacks, 0 MB globals, 12 P
gc 3297 @11.637s 6%: 0.12+0.52+0.065 ms clock, 1.5+0.65/0.85/0+0.78 ms cpu, 3->4->1 MB, 4 MB goal, 0 MB stacks, 0 MB globals, 12 P
gc 3298 @11.639s 6%: 0.094+1.0+0.088 ms clock, 1.1+0.83/0.80/0+1.0 ms cpu, 3->4->2 MB, 4 MB goal, 0 MB stacks, 0 MB globals, 12 P
gc 3299 @11.642s 6%: 0.087+1.0+0.10 ms clock, 1.0+0.58/1.1/0.027+1.2 ms cpu, 3->4->2 MB, 4 MB goal, 0 MB stacks, 0 MB globals, 12 P
gc 3300 @11.644s 6%: 0.12+0.91+0.062 ms clock, 1.5+0.69/0.85/0+0.74 ms cpu, 3->4->1 MB, 4 MB goal, 0 MB stacks, 0 MB globals, 12 P
gc 3301 @11.647s 6%: 0.086+0.45+0.093 ms clock, 1.0+0.60/0.87/0+1.1 ms cpu, 3->3->1 MB, 4 MB goal, 0 MB stacks, 0 MB globals, 12 P
gc 3302 @11.649s 6%: 0.11+1.1+0.078 ms clock, 1.3+0.75/0.79/0+0.94 ms cpu, 3->4->2 MB, 4 MB goal, 0 MB stacks, 0 MB globals, 12 P
gc 3303 @11.651s 6%: 0.096+0.94+0.082 ms clock, 1.1+0.74/0.86/0+0.98 ms cpu, 3->4->2 MB, 4 MB goal, 0 MB stacks, 0 MB globals, 12 P
gc 3304 @11.654s 6%: 0.095+0.95+0.077 ms clock, 1.1+0.65/0.99/0+0.92 ms cpu, 3->4->1 MB, 4 MB goal, 0 MB stacks, 0 MB globals, 12 P
gc 3305 @11.657s 6%: 0.16+0.52+0.14 ms clock, 2.0+0.87/0.88/0+1.7 ms cpu, 3->4->1 MB, 4 MB goal, 0 MB stacks, 0 MB globals, 12 P
gc 3306 @11.659s 6%: 0.14+0.50+0.10 ms clock, 1.6+0.74/0.83/0+1.2 ms cpu, 3->3->1 MB, 4 MB goal, 0 MB stacks, 0 MB globals, 12 P
gc 3307 @11.661s 6%: 0.12+0.46+0.094 ms clock, 1.4+0.83/0.87/0+1.1 ms cpu, 3->3->1 MB, 4 MB goal, 0 MB stacks, 0 MB globals, 12 P
gc 3308 @11.663s 6%: 0.12+0.70+0.074 ms clock, 1.5+0.84/0.81/0+0.89 ms cpu, 3->3->1 MB, 4 MB goal, 0 MB stacks, 0 MB globals, 12 P
gc 3309 @11.665s 6%: 0.10+0.59+0.10 ms clock, 1.2+0.60/0.91/0+1.2 ms cpu, 3->3->1 MB, 4 MB goal, 0 MB stacks, 0 MB globals, 12 P
gc 3310 @11.667s 6%: 0.098+0.91+0.050 ms clock, 1.1+0.69/0.81/0+0.60 ms cpu, 3->3->1 MB, 4 MB goal, 0 MB stacks, 0 MB globals, 12 P
gc 3311 @11.669s 6%: 0.096+1.0+0.066 ms clock, 1.1+0.71/0.94/0+0.79 ms cpu, 3->4->2 MB, 4 MB goal, 0 MB stacks, 0 MB globals, 12 P
gc 3312 @11.672s 6%: 0.070+0.51+0.079 ms clock, 0.84+0.65/0.84/0+0.95 ms cpu, 3->4->1 MB, 4 MB goal, 0 MB stacks, 0 MB globals, 12 P
gc 3313 @11.674s 6%: 0.086+0.93+0.069 ms clock, 1.0+0.61/0.93/0+0.83 ms cpu, 3->3->1 MB, 4 MB goal, 0 MB stacks, 0 MB globals, 12 P
gc 3314 @11.676s 6%: 0.094+0.47+0.088 ms clock, 1.1+0.65/0.96/0+1.0 ms cpu, 3->3->1 MB, 4 MB goal, 0 MB stacks, 0 MB globals, 12 P
gc 3315 @11.678s 6%: 0.13+0.59+0.068 ms clock, 1.6+0.82/0.75/0+0.82 ms cpu, 3->3->1 MB, 4 MB goal, 0 MB stacks, 0 MB globals, 12 P
gc 3316 @11.681s 6%: 0.096+0.65+0.12 ms clock, 1.1+0.87/0.80/0+1.4 ms cpu, 3->3->1 MB, 4 MB goal, 0 MB stacks, 0 MB globals, 12 P
gc 3317 @11.683s 6%: 0.13+0.74+0.075 ms clock, 1.5+0.76/0.87/0+0.90 ms cpu, 3->3->1 MB, 4 MB goal, 0 MB stacks, 0 MB globals, 12 P
gc 3318 @11.685s 6%: 0.10+0.94+0.060 ms clock, 1.2+0.82/0.88/0+0.72 ms cpu, 3->4->1 MB, 4 MB goal, 0 MB stacks, 0 MB globals, 12 P
gc 3319 @11.687s 6%: 0.15+0.50+0.10 ms clock, 1.8+0.74/0.96/0+1.2 ms cpu, 3->4->1 MB, 4 MB goal, 0 MB stacks, 0 MB globals, 12 P
gc 3320 @11.689s 6%: 0.10+0.55+0.070 ms clock, 1.2+0.85/0.88/0+0.85 ms cpu, 3->3->1 MB, 4 MB goal, 0 MB stacks, 0 MB globals, 12 P
gc 3321 @11.691s 6%: 0.11+0.69+0.11 ms clock, 1.3+0.79/0.84/0+1.3 ms cpu, 3->3->1 MB, 4 MB goal, 0 MB stacks, 0 MB globals, 12 P
gc 3322 @11.694s 6%: 0.12+0.64+0.050 ms clock, 1.4+0.69/0.90/0+0.60 ms cpu, 3->4->1 MB, 4 MB goal, 0 MB stacks, 0 MB globals, 12 P
gc 3323 @11.696s 6%: 0.17+0.45+0.083 ms clock, 2.1+0.74/0.88/0+1.0 ms cpu, 3->3->1 MB, 4 MB goal, 0 MB stacks, 0 MB globals, 12 P
gc 3324 @11.698s 6%: 0.10+0.55+0.11 ms clock, 1.3+0.60/0.93/0+1.3 ms cpu, 3->3->1 MB, 4 MB goal, 0 MB stacks, 0 MB globals, 12 P
gc 3325 @11.700s 6%: 0.16+0.45+0.068 ms clock, 1.9+0.71/0.86/0+0.82 ms cpu, 3->3->1 MB, 4 MB goal, 0 MB stacks, 0 MB globals, 12 P
gc 3326 @11.702s 6%: 0.10+0.64+0.094 ms clock, 1.2+0.75/0.93/0+1.1 ms cpu, 3->3->1 MB, 4 MB goal, 0 MB stacks, 0 MB globals, 12 P
gc 3327 @11.704s 6%: 0.11+1.0+0.083 ms clock, 1.3+0.78/0.79/0+1.0 ms cpu, 3->4->2 MB, 4 MB goal, 0 MB stacks, 0 MB globals, 12 P
gc 3328 @11.707s 6%: 0.15+0.58+0.11 ms clock, 1.8+0.79/0.86/0+1.4 ms cpu, 3->4->1 MB, 4 MB goal, 0 MB stacks, 0 MB globals, 12 P
gc 3329 @11.709s 6%: 0.092+0.54+0.054 ms clock, 1.1+0.68/0.99/0+0.65 ms cpu, 3->3->1 MB, 4 MB goal, 0 MB stacks, 0 MB globals, 12 P
gc 3330 @11.711s 6%: 0.098+0.50+0.078 ms clock, 1.1+0.77/0.85/0+0.94 ms cpu, 3->3->1 MB, 4 MB goal, 0 MB stacks, 0 MB globals, 12 P
gc 3331 @11.713s 6%: 0.13+0.57+0.089 ms clock, 1.5+0.71/0.91/0+1.0 ms cpu, 3->3->1 MB, 4 MB goal, 0 MB stacks, 0 MB globals, 12 P
gc 3332 @11.715s 6%: 0.096+0.63+0.11 ms clock, 1.1+0.68/0.90/0+1.4 ms cpu, 3->3->1 MB, 4 MB goal, 0 MB stacks, 0 MB globals, 12 P
gc 3333 @11.717s 6%: 0.10+0.57+0.085 ms clock, 1.2+0.85/0.89/0+1.0 ms cpu, 3->3->1 MB, 4 MB goal, 0 MB stacks, 0 MB globals, 12 P
gc 3334 @11.719s 6%: 0.11+0.53+0.069 ms clock, 1.3+0.85/0.87/0+0.83 ms cpu, 3->3->1 MB, 4 MB goal, 0 MB stacks, 0 MB globals, 12 P
gc 3335 @11.721s 6%: 0.070+0.95+0.090 ms clock, 0.85+0.69/0.98/0.002+1.0 ms cpu, 3->3->1 MB, 4 MB goal, 0 MB stacks, 0 MB globals, 12 P
gc 3336 @11.723s 6%: 0.11+1.2+0.054 ms clock, 1.3+0.62/0.86/0+0.65 ms cpu, 3->4->2 MB, 4 MB goal, 0 MB stacks, 0 MB globals, 12 P
gc 3337 @11.726s 6%: 0.11+1.3+0.091 ms clock, 1.4+1.4/0.92/0+1.0 ms cpu, 3->4->2 MB, 4 MB goal, 0 MB stacks, 0 MB globals, 12 P
gc 3338 @11.729s 6%: 0.11+0.74+0.065 ms clock, 1.3+0.53/1.1/0+0.78 ms cpu, 4->4->1 MB, 4 MB goal, 0 MB stacks, 0 MB globals, 12 P
gc 3339 @11.732s 6%: 0.11+1.0+0.072 ms clock, 1.3+0.56/1.1/0+0.87 ms cpu, 3->4->2 MB, 4 MB goal, 0 MB stacks, 0 MB globals, 12 P
gc 3340 @11.734s 6%: 0.074+0.82+0.067 ms clock, 0.89+0.68/0.91/0+0.80 ms cpu, 3->4->1 MB, 4 MB goal, 0 MB stacks, 0 MB globals, 12 P
gc 3341 @11.737s 6%: 0.10+0.88+0.083 ms clock, 1.2+0.72/0.88/0+1.0 ms cpu, 3->4->1 MB, 4 MB goal, 0 MB stacks, 0 MB globals, 12 P
gc 3342 @11.739s 6%: 0.11+0.73+0.13 ms clock, 1.3+0.72/0.92/0+1.6 ms cpu, 3->4->1 MB, 4 MB goal, 0 MB stacks, 0 MB globals, 12 P
gc 3343 @11.741s 6%: 0.097+0.49+0.046 ms clock, 1.1+0.76/0.89/0+0.56 ms cpu, 3->4->1 MB, 4 MB goal, 0 MB stacks, 0 MB globals, 12 P
gc 3344 @11.743s 6%: 0.11+0.70+0.17 ms clock, 1.3+0.74/0.77/0+2.0 ms cpu, 3->3->1 MB, 4 MB goal, 0 MB stacks, 0 MB globals, 12 P
gc 3345 @11.746s 6%: 0.15+0.61+0.087 ms clock, 1.8+0.81/0.80/0+1.0 ms cpu, 3->3->1 MB, 4 MB goal, 0 MB stacks, 0 MB globals, 12 P
gc 3346 @11.748s 6%: 0.10+0.56+0.18 ms clock, 1.2+0.72/0.89/0+2.2 ms cpu, 3->3->1 MB, 4 MB goal, 0 MB stacks, 0 MB globals, 12 P
gc 3347 @11.750s 6%: 0.13+0.78+0.083 ms clock, 1.6+0.74/0.91/0+1.0 ms cpu, 3->3->2 MB, 4 MB goal, 0 MB stacks, 0 MB globals, 12 P
gc 3348 @11.752s 6%: 0.10+0.49+0.085 ms clock, 1.2+0.49/0.91/0.079+1.0 ms cpu, 3->4->1 MB, 4 MB goal, 0 MB stacks, 0 MB globals, 12 P
gc 3349 @11.754s 6%: 0.12+0.60+0.065 ms clock, 1.4+0.88/1.0/0+0.78 ms cpu, 3->3->1 MB, 4 MB goal, 0 MB stacks, 0 MB globals, 12 P
gc 3350 @11.756s 6%: 0.10+0.79+0.11 ms clock, 1.2+0.76/0.96/0+1.4 ms cpu, 3->3->1 MB, 4 MB goal, 0 MB stacks, 0 MB globals, 12 P
gc 3351 @11.759s 6%: 0.14+0.58+0.12 ms clock, 1.7+0.69/0.82/0+1.4 ms cpu, 3->3->1 MB, 4 MB goal, 0 MB stacks, 0 MB globals, 12 P
gc 3352 @11.761s 6%: 0.074+0.49+0.10 ms clock, 0.89+0.69/0.87/0+1.3 ms cpu, 3->3->1 MB, 4 MB goal, 0 MB stacks, 0 MB globals, 12 P
gc 3353 @11.763s 6%: 0.11+0.82+0.13 ms clock, 1.3+0.86/0.85/0+1.6 ms cpu, 3->4->1 MB, 4 MB goal, 0 MB stacks, 0 MB globals, 12 P
gc 3354 @11.765s 6%: 0.096+0.55+0.099 ms clock, 1.1+0.81/0.70/0.081+1.1 ms cpu, 3->4->1 MB, 4 MB goal, 0 MB stacks, 0 MB globals, 12 P
gc 3355 @11.767s 6%: 0.15+0.62+0.088 ms clock, 1.8+0.62/0.89/0+1.0 ms cpu, 3->3->1 MB, 4 MB goal, 0 MB stacks, 0 MB globals, 12 P
gc 3356 @11.769s 6%: 0.11+0.61+0.097 ms clock, 1.3+0.91/0.82/0+1.1 ms cpu, 3->3->1 MB, 4 MB goal, 0 MB stacks, 0 MB globals, 12 P
gc 3357 @11.771s 6%: 0.087+0.56+0.087 ms clock, 1.0+0.66/0.84/0+1.0 ms cpu, 3->3->1 MB, 4 MB goal, 0 MB stacks, 0 MB globals, 12 P
gc 3358 @11.774s 6%: 0.078+0.77+0.091 ms clock, 0.94+0.75/0.82/0+1.0 ms cpu, 3->3->1 MB, 4 MB goal, 0 MB stacks, 0 MB globals, 12 P
gc 3359 @11.776s 6%: 0.14+0.79+0.075 ms clock, 1.7+0.77/0.92/0+0.90 ms cpu, 3->3->1 MB, 4 MB goal, 0 MB stacks, 0 MB globals, 12 P
gc 3360 @11.778s 6%: 0.10+1.1+0.084 ms clock, 1.2+0.66/0.84/0+1.0 ms cpu, 3->4->2 MB, 4 MB goal, 0 MB stacks, 0 MB globals, 12 P
gc 3361 @11.781s 6%: 0.12+0.47+0.10 ms clock, 1.5+0.80/0.86/0+1.2 ms cpu, 3->4->1 MB, 4 MB goal, 0 MB stacks, 0 MB globals, 12 P
gc 3362 @11.783s 6%: 0.078+0.45+0.12 ms clock, 0.94+0.82/0.78/0+1.4 ms cpu, 3->3->1 MB, 4 MB goal, 0 MB stacks, 0 MB globals, 12 P
gc 3363 @11.785s 6%: 0.12+0.74+0.098 ms clock, 1.4+0.79/0.74/0+1.1 ms cpu, 3->3->1 MB, 4 MB goal, 0 MB stacks, 0 MB globals, 12 P
gc 3364 @11.787s 6%: 0.13+0.59+0.10 ms clock, 1.6+0.64/0.94/0+1.2 ms cpu, 3->3->1 MB, 4 MB goal, 0 MB stacks, 0 MB globals, 12 P
gc 3365 @11.789s 6%: 0.12+0.62+0.082 ms clock, 1.4+0.69/0.83/0+0.99 ms cpu, 3->3->1 MB, 4 MB goal, 0 MB stacks, 0 MB globals, 12 P
gc 3366 @11.791s 6%: 0.10+1.2+0.084 ms clock, 1.2+1.3/0.91/0+1.0 ms cpu, 3->4->2 MB, 4 MB goal, 0 MB stacks, 0 MB globals, 12 P
gc 3367 @11.794s 6%: 0.10+0.66+0.056 ms clock, 1.2+0.84/1.1/0+0.68 ms cpu, 4->4->1 MB, 4 MB goal, 0 MB stacks, 0 MB globals, 12 P
gc 3368 @11.796s 6%: 0.093+0.77+0.066 ms clock, 1.1+0.76/0.87/0+0.79 ms cpu, 3->3->1 MB, 4 MB goal, 0 MB stacks, 0 MB globals, 12 P
gc 3369 @11.799s 6%: 0.098+1.5+0.007 ms clock, 1.1+1.0/2.1/0.003+0.091 ms cpu, 3->4->1 MB, 4 MB goal, 0 MB stacks, 0 MB globals, 12 P
gc 3370 @11.801s 6%: 0.10+1.0+0.087 ms clock, 1.2+0.57/0.89/0+1.0 ms cpu, 3->4->2 MB, 4 MB goal, 0 MB stacks, 0 MB globals, 12 P
gc 3371 @11.804s 6%: 0.10+0.71+0.17 ms clock, 1.2+0.71/0.89/0+2.0 ms cpu, 4->4->1 MB, 4 MB goal, 0 MB stacks, 0 MB globals, 12 P
gc 3372 @11.806s 6%: 0.14+1.5+0.083 ms clock, 1.7+0.68/0.87/0+0.99 ms cpu, 3->4->2 MB, 4 MB goal, 0 MB stacks, 0 MB globals, 12 P
gc 3373 @11.810s 6%: 0.082+0.59+0.058 ms clock, 0.98+0.90/0.81/0+0.70 ms cpu, 4->5->1 MB, 5 MB goal, 0 MB stacks, 0 MB globals, 12 P
gc 3374 @11.812s 6%: 0.11+0.77+0.11 ms clock, 1.3+0.72/0.91/0+1.4 ms cpu, 3->3->1 MB, 4 MB goal, 0 MB stacks, 0 MB globals, 12 P
gc 3375 @11.815s 6%: 0.083+1.0+0.065 ms clock, 1.0+0.86/0.89/0+0.78 ms cpu, 3->4->2 MB, 4 MB goal, 0 MB stacks, 0 MB globals, 12 P
gc 3376 @11.817s 6%: 0.066+1.0+0.068 ms clock, 0.79+0.90/0.64/0+0.82 ms cpu, 3->4->1 MB, 4 MB goal, 0 MB stacks, 0 MB globals, 12 P
gc 3377 @11.820s 6%: 0.11+0.49+0.091 ms clock, 1.4+0.81/0.79/0+1.1 ms cpu, 3->3->1 MB, 4 MB goal, 0 MB stacks, 0 MB globals, 12 P
gc 3378 @11.822s 6%: 0.078+0.63+0.070 ms clock, 0.93+0.81/0.84/0+0.84 ms cpu, 3->3->1 MB, 4 MB goal, 0 MB stacks, 0 MB globals, 12 P
gc 3379 @11.824s 6%: 0.11+0.56+0.095 ms clock, 1.4+0.72/0.77/0+1.1 ms cpu, 3->3->1 MB, 4 MB goal, 0 MB stacks, 0 MB globals, 12 P
gc 3380 @11.826s 6%: 0.094+0.61+0.097 ms clock, 1.1+0.84/0.76/0+1.1 ms cpu, 3->3->1 MB, 4 MB goal, 0 MB stacks, 0 MB globals, 12 P
gc 3381 @11.828s 6%: 0.071+0.69+0.11 ms clock, 0.85+0.66/0.99/0+1.3 ms cpu, 3->3->1 MB, 4 MB goal, 0 MB stacks, 0 MB globals, 12 P
gc 3382 @11.830s 6%: 0.11+0.71+0.035 ms clock, 1.3+0.64/0.87/0+0.42 ms cpu, 3->4->1 MB, 4 MB goal, 0 MB stacks, 0 MB globals, 12 P
gc 3383 @11.832s 6%: 0.098+0.53+0.072 ms clock, 1.1+0.67/0.83/0+0.87 ms cpu, 3->3->1 MB, 4 MB goal, 0 MB stacks, 0 MB globals, 12 P
gc 3384 @11.834s 6%: 0.11+0.56+0.095 ms clock, 1.3+0.71/0.79/0+1.1 ms cpu, 3->3->1 MB, 4 MB goal, 0 MB stacks, 0 MB globals, 12 P
gc 3385 @11.836s 6%: 0.081+0.76+0.12 ms clock, 0.97+0.59/0.95/0+1.4 ms cpu, 3->3->1 MB, 4 MB goal, 0 MB stacks, 0 MB globals, 12 P
gc 3386 @11.839s 6%: 0.11+1.9+0.13 ms clock, 1.3+0.66/0.85/0+1.5 ms cpu, 3->4->2 MB, 4 MB goal, 0 MB stacks, 0 MB globals, 12 P
gc 3387 @11.842s 6%: 0.11+1.3+0.097 ms clock, 1.3+0.74/0.88/0+1.1 ms cpu, 4->5->2 MB, 5 MB goal, 0 MB stacks, 0 MB globals, 12 P
gc 3388 @11.845s 6%: 0.069+1.2+0.010 ms clock, 0.83+0.74/0.83/0+0.12 ms cpu, 4->4->2 MB, 4 MB goal, 0 MB stacks, 0 MB globals, 12 P
gc 3389 @11.848s 6%: 0.13+1.1+0.047 ms clock, 1.6+0.61/0.79/0+0.57 ms cpu, 3->4->2 MB, 4 MB goal, 0 MB stacks, 0 MB globals, 12 P
gc 3390 @11.851s 6%: 0.086+0.60+0.10 ms clock, 1.0+0.63/1.0/0+1.2 ms cpu, 3->4->1 MB, 4 MB goal, 0 MB stacks, 0 MB globals, 12 P
gc 3391 @11.853s 6%: 0.19+0.57+0.045 ms clock, 2.3+0.60/0.84/0+0.54 ms cpu, 3->3->1 MB, 4 MB goal, 0 MB stacks, 0 MB globals, 12 P
gc 3392 @11.855s 6%: 0.088+0.41+0.051 ms clock, 1.0+0.80/0.80/0+0.61 ms cpu, 3->3->1 MB, 4 MB goal, 0 MB stacks, 0 MB globals, 12 P
gc 3393 @11.857s 6%: 0.098+1.2+0.12 ms clock, 1.1+1.4/0.94/0+1.5 ms cpu, 3->4->2 MB, 4 MB goal, 0 MB stacks, 0 MB globals, 12 P
gc 3394 @11.860s 6%: 0.11+0.92+0.057 ms clock, 1.4+0.61/0.80/0+0.68 ms cpu, 3->4->1 MB, 4 MB goal, 0 MB stacks, 0 MB globals, 12 P
gc 3395 @11.862s 6%: 0.10+0.75+0.088 ms clock, 1.2+0.69/0.84/0+1.0 ms cpu, 3->4->1 MB, 4 MB goal, 0 MB stacks, 0 MB globals, 12 P
gc 3396 @11.864s 6%: 0.093+1.2+0.052 ms clock, 1.1+0.66/0.91/0+0.63 ms cpu, 3->4->2 MB, 4 MB goal, 0 MB stacks, 0 MB globals, 12 P
gc 3397 @11.867s 6%: 0.096+1.1+0.061 ms clock, 1.1+0.71/0.91/0+0.73 ms cpu, 3->4->2 MB, 4 MB goal, 0 MB stacks, 0 MB globals, 12 P
gc 3398 @11.870s 6%: 0.082+1.0+0.065 ms clock, 0.98+1.1/0.92/0+0.78 ms cpu, 3->4->2 MB, 4 MB goal, 0 MB stacks, 0 MB globals, 12 P
gc 3399 @11.873s 6%: 0.80+0.92+0.073 ms clock, 9.6+0.41/1.5/0+0.88 ms cpu, 3->4->2 MB, 4 MB goal, 0 MB stacks, 0 MB globals, 12 P
gc 3400 @11.876s 6%: 0.077+1.0+0.034 ms clock, 0.93+0.70/0.89/0+0.41 ms cpu, 4->4->2 MB, 4 MB goal, 0 MB stacks, 0 MB globals, 12 P
gc 3401 @11.879s 6%: 0.14+1.1+0.098 ms clock, 1.7+0.99/0.55/0+1.1 ms cpu, 3->4->2 MB, 4 MB goal, 0 MB stacks, 0 MB globals, 12 P
gc 3402 @11.882s 6%: 0.095+0.84+0.088 ms clock, 1.1+0.52/1.0/0.023+1.0 ms cpu, 4->4->1 MB, 4 MB goal, 0 MB stacks, 0 MB globals, 12 P
gc 3403 @11.884s 6%: 0.11+1.2+0.077 ms clock, 1.4+0.80/0.76/0+0.93 ms cpu, 3->4->2 MB, 4 MB goal, 0 MB stacks, 0 MB globals, 12 P
gc 3404 @11.887s 6%: 0.10+0.49+0.079 ms clock, 1.2+0.62/0.95/0+0.95 ms cpu, 4->4->1 MB, 4 MB goal, 0 MB stacks, 0 MB globals, 12 P
gc 3405 @11.889s 6%: 0.10+0.74+0.11 ms clock, 1.2+0.83/0.94/0+1.3 ms cpu, 3->3->1 MB, 4 MB goal, 0 MB stacks, 0 MB globals, 12 P
gc 3406 @11.891s 6%: 0.082+0.56+0.078 ms clock, 0.98+0.69/0.91/0+0.93 ms cpu, 3->3->1 MB, 4 MB goal, 0 MB stacks, 0 MB globals, 12 P
gc 3407 @11.893s 6%: 0.064+0.54+0.096 ms clock, 0.77+0.86/0.82/0+1.1 ms cpu, 3->3->1 MB, 4 MB goal, 0 MB stacks, 0 MB globals, 12 P
gc 3408 @11.895s 6%: 0.094+1.0+0.097 ms clock, 1.1+0.77/0.92/0+1.1 ms cpu, 3->4->2 MB, 4 MB goal, 0 MB stacks, 0 MB globals, 12 P
gc 3409 @11.898s 6%: 0.19+0.55+0.048 ms clock, 2.2+0.62/0.92/0+0.58 ms cpu, 3->4->1 MB, 4 MB goal, 0 MB stacks, 0 MB globals, 12 P
gc 3410 @11.900s 6%: 0.099+0.59+0.090 ms clock, 1.1+0.73/0.96/0+1.0 ms cpu, 3->3->1 MB, 4 MB goal, 0 MB stacks, 0 MB globals, 12 P
gc 3411 @11.902s 6%: 0.094+0.47+0.069 ms clock, 1.1+0.70/0.88/0+0.83 ms cpu, 3->3->1 MB, 4 MB goal, 0 MB stacks, 0 MB globals, 12 P
gc 3412 @11.904s 6%: 0.11+0.60+0.070 ms clock, 1.4+0.65/0.78/0+0.84 ms cpu, 3->3->1 MB, 4 MB goal, 0 MB stacks, 0 MB globals, 12 P
gc 3413 @11.906s 6%: 0.10+0.67+0.050 ms clock, 1.2+0.46/0.75/0+0.60 ms cpu, 3->3->1 MB, 4 MB goal, 0 MB stacks, 0 MB globals, 12 P
gc 3414 @11.908s 6%: 0.10+0.57+0.066 ms clock, 1.2+0.67/0.84/0+0.79 ms cpu, 3->3->1 MB, 4 MB goal, 0 MB stacks, 0 MB globals, 12 P
gc 3415 @11.910s 6%: 0.10+0.51+0.060 ms clock, 1.2+0.90/0.79/0+0.72 ms cpu, 3->3->1 MB, 4 MB goal, 0 MB stacks, 0 MB globals, 12 P
gc 3416 @11.912s 6%: 0.078+0.69+0.086 ms clock, 0.94+0.76/0.83/0+1.0 ms cpu, 3->3->1 MB, 4 MB goal, 0 MB stacks, 0 MB globals, 12 P
gc 3417 @11.914s 6%: 0.076+1.6+0.095 ms clock, 0.91+0.68/0.97/0+1.1 ms cpu, 3->4->2 MB, 4 MB goal, 0 MB stacks, 0 MB globals, 12 P
gc 3418 @11.918s 6%: 0.10+0.91+0.094 ms clock, 1.2+0.63/0.81/0.057+1.1 ms cpu, 4->5->1 MB, 5 MB goal, 0 MB stacks, 0 MB globals, 12 P
gc 3419 @11.920s 6%: 0.14+0.58+0.11 ms clock, 1.7+0.69/0.92/0+1.3 ms cpu, 3->4->1 MB, 4 MB goal, 0 MB stacks, 0 MB globals, 12 P
gc 3420 @11.922s 6%: 0.099+0.55+0.049 ms clock, 1.1+0.77/1.0/0+0.59 ms cpu, 3->3->1 MB, 4 MB goal, 0 MB stacks, 0 MB globals, 12 P
gc 3421 @11.924s 6%: 0.11+0.91+0.085 ms clock, 1.3+0.78/0.72/0+1.0 ms cpu, 3->3->2 MB, 4 MB goal, 0 MB stacks, 0 MB globals, 12 P
gc 3422 @11.927s 6%: 0.099+0.81+0.042 ms clock, 1.1+0.62/0.86/0+0.51 ms cpu, 3->4->1 MB, 4 MB goal, 0 MB stacks, 0 MB globals, 12 P
gc 3423 @11.929s 6%: 0.11+0.66+0.090 ms clock, 1.3+0.68/0.92/0+1.0 ms cpu, 3->4->1 MB, 4 MB goal, 0 MB stacks, 0 MB globals, 12 P
gc 3424 @11.931s 6%: 0.11+0.91+0.082 ms clock, 1.3+0.81/0.87/0+0.99 ms cpu, 3->4->1 MB, 4 MB goal, 0 MB stacks, 0 MB globals, 12 P
gc 3425 @11.934s 6%: 0.11+0.60+0.088 ms clock, 1.3+0.75/0.79/0+1.0 ms cpu, 3->3->1 MB, 4 MB goal, 0 MB stacks, 0 MB globals, 12 P
gc 3426 @11.936s 6%: 0.11+1.2+0.063 ms clock, 1.3+0.86/0.75/0+0.76 ms cpu, 3->4->2 MB, 4 MB goal, 0 MB stacks, 0 MB globals, 12 P
gc 3427 @11.939s 6%: 0.13+1.0+0.084 ms clock, 1.5+0.68/0.95/0+1.0 ms cpu, 3->4->2 MB, 4 MB goal, 0 MB stacks, 0 MB globals, 12 P
gc 3428 @11.941s 6%: 0.10+0.88+0.080 ms clock, 1.3+0.70/0.78/0+0.96 ms cpu, 3->4->2 MB, 4 MB goal, 0 MB stacks, 0 MB globals, 12 P
gc 3429 @11.944s 6%: 0.097+0.73+0.068 ms clock, 1.1+0.65/0.98/0+0.82 ms cpu, 3->4->1 MB, 4 MB goal, 0 MB stacks, 0 MB globals, 12 P
gc 3430 @11.946s 6%: 0.12+0.97+0.061 ms clock, 1.4+0.70/1.0/0+0.74 ms cpu, 3->4->2 MB, 4 MB goal, 0 MB stacks, 0 MB globals, 12 P
gc 3431 @11.949s 6%: 0.12+0.62+0.081 ms clock, 1.4+0.71/0.78/0.054+0.97 ms cpu, 3->4->1 MB, 4 MB goal, 0 MB stacks, 0 MB globals, 12 P
gc 3432 @11.951s 6%: 0.081+0.91+0.062 ms clock, 0.97+0.66/0.96/0+0.75 ms cpu, 3->4->2 MB, 4 MB goal, 0 MB stacks, 0 MB globals, 12 P
gc 3433 @11.954s 6%: 0.10+0.48+0.079 ms clock, 1.2+0.65/0.89/0+0.95 ms cpu, 3->4->1 MB, 4 MB goal, 0 MB stacks, 0 MB globals, 12 P
gc 3434 @11.956s 6%: 0.16+0.83+0.11 ms clock, 1.9+0.85/0.73/0+1.3 ms cpu, 3->3->1 MB, 4 MB goal, 0 MB stacks, 0 MB globals, 12 P
gc 3435 @11.958s 6%: 0.098+0.62+0.091 ms clock, 1.1+0.70/0.86/0+1.0 ms cpu, 3->4->1 MB, 4 MB goal, 0 MB stacks, 0 MB globals, 12 P
gc 3436 @11.960s 6%: 0.093+0.66+0.10 ms clock, 1.1+0.70/0.91/0+1.2 ms cpu, 3->3->1 MB, 4 MB goal, 0 MB stacks, 0 MB globals, 12 P
gc 3437 @11.963s 6%: 0.10+0.87+0.088 ms clock, 1.2+0.90/0.73/0+1.0 ms cpu, 3->4->1 MB, 4 MB goal, 0 MB stacks, 0 MB globals, 12 P
gc 3438 @11.965s 6%: 0.12+0.65+0.061 ms clock, 1.4+0.70/0.95/0+0.73 ms cpu, 3->4->1 MB, 4 MB goal, 0 MB stacks, 0 MB globals, 12 P
gc 3439 @11.967s 6%: 0.11+0.95+0.071 ms clock, 1.4+0.73/0.91/0+0.86 ms cpu, 3->4->2 MB, 4 MB goal, 0 MB stacks, 0 MB globals, 12 P
gc 3440 @11.970s 6%: 0.094+0.53+0.14 ms clock, 1.1+0.75/0.81/0+1.7 ms cpu, 3->4->1 MB, 4 MB goal, 0 MB stacks, 0 MB globals, 12 P
gc 3441 @11.972s 6%: 0.13+0.99+0.097 ms clock, 1.6+0.88/0.79/0+1.1 ms cpu, 3->4->2 MB, 4 MB goal, 0 MB stacks, 0 MB globals, 12 P
gc 3442 @11.975s 6%: 0.091+1.3+0.083 ms clock, 1.0+0.69/0.87/0+0.99 ms cpu, 3->4->2 MB, 4 MB goal, 0 MB stacks, 0 MB globals, 12 P
gc 3443 @11.978s 6%: 0.12+0.77+0.075 ms clock, 1.4+0.66/0.83/0+0.90 ms cpu, 4->4->1 MB, 4 MB goal, 0 MB stacks, 0 MB globals, 12 P
gc 3444 @11.980s 6%: 0.073+0.52+0.058 ms clock, 0.88+0.88/0.91/0+0.70 ms cpu, 3->3->1 MB, 4 MB goal, 0 MB stacks, 0 MB globals, 12 P
gc 3445 @11.982s 6%: 0.12+0.75+0.041 ms clock, 1.5+0.58/0.98/0+0.49 ms cpu, 3->3->1 MB, 4 MB goal, 0 MB stacks, 0 MB globals, 12 P
gc 3446 @11.985s 6%: 0.096+0.91+0.11 ms clock, 1.1+0.77/0.82/0+1.4 ms cpu, 3->4->1 MB, 4 MB goal, 0 MB stacks, 0 MB globals, 12 P
gc 3447 @11.987s 6%: 0.14+0.68+0.10 ms clock, 1.7+0.69/0.85/0+1.2 ms cpu, 3->4->1 MB, 4 MB goal, 0 MB stacks, 0 MB globals, 12 P
gc 3448 @11.989s 6%: 0.12+1.0+0.096 ms clock, 1.4+0.58/0.85/0+1.1 ms cpu, 3->4->2 MB, 4 MB goal, 0 MB stacks, 0 MB globals, 12 P
gc 3449 @11.992s 6%: 0.091+0.56+0.086 ms clock, 1.1+0.74/0.81/0+1.0 ms cpu, 3->4->1 MB, 4 MB goal, 0 MB stacks, 0 MB globals, 12 P
gc 3450 @11.994s 6%: 0.096+0.57+0.076 ms clock, 1.1+0.66/0.86/0+0.92 ms cpu, 3->3->1 MB, 4 MB goal, 0 MB stacks, 0 MB globals, 12 P
gc 3451 @11.996s 6%: 0.12+0.79+0.075 ms clock, 1.4+0.80/0.79/0+0.90 ms cpu, 3->3->1 MB, 4 MB goal, 0 MB stacks, 0 MB globals, 12 P
gc 3452 @11.999s 6%: 0.054+1.0+0.095 ms clock, 0.65+0.55/0.97/0+1.1 ms cpu, 3->4->2 MB, 4 MB goal, 0 MB stacks, 0 MB globals, 12 P
gc 3453 @12.001s 6%: 0.092+0.51+0.072 ms clock, 1.1+0.70/0.90/0+0.86 ms cpu, 3->4->1 MB, 4 MB goal, 0 MB stacks, 0 MB globals, 12 P
gc 3454 @12.003s 6%: 0.19+0.75+0.065 ms clock, 2.3+0.68/0.95/0+0.79 ms cpu, 3->3->1 MB, 4 MB goal, 0 MB stacks, 0 MB globals, 12 P
gc 3455 @12.006s 6%: 0.091+0.71+0.084 ms clock, 1.0+0.77/0.87/0+1.0 ms cpu, 3->4->1 MB, 4 MB goal, 0 MB stacks, 0 MB globals, 12 P
gc 3456 @12.008s 6%: 0.088+0.93+0.064 ms clock, 1.0+0.74/0.92/0+0.77 ms cpu, 3->4->1 MB, 4 MB goal, 0 MB stacks, 0 MB globals, 12 P
gc 3457 @12.011s 6%: 0.099+0.48+0.070 ms clock, 1.1+0.67/0.89/0+0.84 ms cpu, 3->3->1 MB, 4 MB goal, 0 MB stacks, 0 MB globals, 12 P
gc 3458 @12.013s 6%: 0.076+0.55+0.070 ms clock, 0.91+0.70/0.93/0+0.84 ms cpu, 3->3->1 MB, 4 MB goal, 0 MB stacks, 0 MB globals, 12 P
gc 3459 @12.015s 6%: 0.099+0.57+0.11 ms clock, 1.1+0.56/0.97/0+1.4 ms cpu, 3->3->1 MB, 4 MB goal, 0 MB stacks, 0 MB globals, 12 P
gc 3460 @12.017s 6%: 0.085+1.2+0.052 ms clock, 1.0+0.66/0.85/0+0.63 ms cpu, 3->4->2 MB, 4 MB goal, 0 MB stacks, 0 MB globals, 12 P
gc 3461 @12.020s 6%: 0.088+0.92+0.082 ms clock, 1.0+0.70/0.81/0+0.99 ms cpu, 3->4->1 MB, 4 MB goal, 0 MB stacks, 0 MB globals, 12 P
gc 3462 @12.022s 6%: 0.11+0.92+0.10 ms clock, 1.3+0.80/0.86/0.004+1.2 ms cpu, 3->4->1 MB, 4 MB goal, 0 MB stacks, 0 MB globals, 12 P
gc 3463 @12.025s 6%: 0.10+0.53+0.069 ms clock, 1.3+0.62/0.94/0+0.83 ms cpu, 3->4->1 MB, 4 MB goal, 0 MB stacks, 0 MB globals, 12 P
gc 3464 @12.027s 6%: 0.090+1.0+0.082 ms clock, 1.0+0.65/0.91/0+0.99 ms cpu, 3->4->2 MB, 4 MB goal, 0 MB stacks, 0 MB globals, 12 P
gc 3465 @12.029s 6%: 0.15+0.81+0.035 ms clock, 1.8+0.64/0.87/0+0.42 ms cpu, 3->4->1 MB, 4 MB goal, 0 MB stacks, 0 MB globals, 12 P
gc 3466 @12.032s 6%: 0.10+0.60+0.093 ms clock, 1.2+0.69/0.91/0+1.1 ms cpu, 3->4->1 MB, 4 MB goal, 0 MB stacks, 0 MB globals, 12 P
gc 3467 @12.034s 6%: 0.14+0.58+0.078 ms clock, 1.7+0.75/0.87/0+0.94 ms cpu, 3->3->1 MB, 4 MB goal, 0 MB stacks, 0 MB globals, 12 P
gc 3468 @12.036s 6%: 0.071+0.91+0.080 ms clock, 0.86+0.73/0.87/0+0.96 ms cpu, 3->3->1 MB, 4 MB goal, 0 MB stacks, 0 MB globals, 12 P
gc 3469 @12.038s 6%: 0.14+0.79+0.12 ms clock, 1.7+0.73/0.80/0+1.5 ms cpu, 3->4->1 MB, 4 MB goal, 0 MB stacks, 0 MB globals, 12 P
gc 3470 @12.041s 6%: 0.13+0.83+0.073 ms clock, 1.6+0.77/0.84/0+0.88 ms cpu, 3->4->1 MB, 4 MB goal, 0 MB stacks, 0 MB globals, 12 P
gc 3471 @12.043s 6%: 0.13+0.89+0.084 ms clock, 1.6+0.82/0.79/0+1.0 ms cpu, 3->4->1 MB, 4 MB goal, 0 MB stacks, 0 MB globals, 12 P
gc 3472 @12.046s 6%: 0.091+1.0+0.081 ms clock, 1.1+0.64/0.94/0+0.98 ms cpu, 3->4->2 MB, 4 MB goal, 0 MB stacks, 0 MB globals, 12 P
gc 3473 @12.048s 6%: 0.099+0.95+0.10 ms clock, 1.1+0.75/0.78/0+1.2 ms cpu, 3->4->2 MB, 4 MB goal, 0 MB stacks, 0 MB globals, 12 P
gc 3474 @12.051s 6%: 0.089+0.90+0.074 ms clock, 1.0+0.71/0.92/0+0.89 ms cpu, 3->4->2 MB, 4 MB goal, 0 MB stacks, 0 MB globals, 12 P
gc 3475 @12.054s 6%: 0.13+0.82+0.066 ms clock, 1.6+0.57/0.90/0+0.79 ms cpu, 3->4->1 MB, 4 MB goal, 0 MB stacks, 0 MB globals, 12 P
gc 3476 @12.056s 6%: 0.099+0.49+0.091 ms clock, 1.1+0.85/0.79/0+1.1 ms cpu, 3->4->1 MB, 4 MB goal, 0 MB stacks, 0 MB globals, 12 P
gc 3477 @12.058s 6%: 0.11+0.59+0.096 ms clock, 1.3+0.74/0.84/0+1.1 ms cpu, 3->3->1 MB, 4 MB goal, 0 MB stacks, 0 MB globals, 12 P
gc 3478 @12.060s 6%: 0.11+0.61+0.10 ms clock, 1.3+0.71/0.82/0+1.2 ms cpu, 3->3->1 MB, 4 MB goal, 0 MB stacks, 0 MB globals, 12 P
gc 3479 @12.062s 6%: 0.094+0.83+0.075 ms clock, 1.1+0.79/0.78/0+0.90 ms cpu, 3->4->1 MB, 4 MB goal, 0 MB stacks, 0 MB globals, 12 P
gc 3480 @12.065s 6%: 0.16+1.0+0.066 ms clock, 2.0+0.54/1.0/0+0.79 ms cpu, 3->4->2 MB, 4 MB goal, 0 MB stacks, 0 MB globals, 12 P
gc 3481 @12.067s 6%: 0.067+0.72+0.063 ms clock, 0.81+0.58/1.0/0+0.76 ms cpu, 3->4->1 MB, 4 MB goal, 0 MB stacks, 0 MB globals, 12 P
gc 3482 @12.070s 6%: 0.11+0.58+0.14 ms clock, 1.3+0.76/1.1/0+1.7 ms cpu, 3->3->1 MB, 4 MB goal, 0 MB stacks, 0 MB globals, 12 P
gc 3483 @12.072s 6%: 0.10+0.40+0.069 ms clock, 1.3+0.75/0.77/0+0.83 ms cpu, 3->3->1 MB, 4 MB goal, 0 MB stacks, 0 MB globals, 12 P
gc 3484 @12.074s 6%: 0.11+0.82+0.065 ms clock, 1.3+0.82/0.81/0+0.78 ms cpu, 3->3->1 MB, 4 MB goal, 0 MB stacks, 0 MB globals, 12 P
gc 3485 @12.076s 6%: 0.12+0.92+0.071 ms clock, 1.5+0.75/0.84/0+0.85 ms cpu, 3->4->1 MB, 4 MB goal, 0 MB stacks, 0 MB globals, 12 P
gc 3486 @12.078s 6%: 0.089+0.55+0.080 ms clock, 1.0+0.76/0.77/0+0.97 ms cpu, 3->3->1 MB, 4 MB goal, 0 MB stacks, 0 MB globals, 12 P
gc 3487 @12.081s 6%: 0.10+0.53+0.079 ms clock, 1.2+0.66/0.83/0+0.95 ms cpu, 3->3->1 MB, 4 MB goal, 0 MB stacks, 0 MB globals, 12 P
gc 3488 @12.083s 6%: 0.11+0.96+0.10 ms clock, 1.4+0.78/0.96/0+1.3 ms cpu, 3->4->2 MB, 4 MB goal, 0 MB stacks, 0 MB globals, 12 P
gc 3489 @12.085s 6%: 0.11+0.92+0.060 ms clock, 1.4+0.87/0.92/0+0.72 ms cpu, 3->4->1 MB, 4 MB goal, 0 MB stacks, 0 MB globals, 12 P
gc 3490 @12.088s 6%: 0.091+0.83+0.049 ms clock, 1.0+0.63/0.91/0+0.59 ms cpu, 3->4->1 MB, 4 MB goal, 0 MB stacks, 0 MB globals, 12 P
gc 3491 @12.090s 6%: 0.10+0.83+0.067 ms clock, 1.2+0.70/0.88/0+0.80 ms cpu, 3->4->1 MB, 4 MB goal, 0 MB stacks, 0 MB globals, 12 P
gc 3492 @12.093s 6%: 0.10+0.62+0.13 ms clock, 1.2+0.77/0.80/0+1.6 ms cpu, 3->4->1 MB, 4 MB goal, 0 MB stacks, 0 MB globals, 12 P
gc 3493 @12.095s 6%: 0.10+0.85+0.13 ms clock, 1.2+0.84/0.78/0+1.6 ms cpu, 3->3->1 MB, 4 MB goal, 0 MB stacks, 0 MB globals, 12 P
gc 3494 @12.097s 6%: 0.13+1.0+0.075 ms clock, 1.6+0.55/0.89/0+0.90 ms cpu, 3->4->2 MB, 4 MB goal, 0 MB stacks, 0 MB globals, 12 P
gc 3495 @12.100s 6%: 0.10+1.0+0.082 ms clock, 1.3+0.63/0.87/0+0.98 ms cpu, 3->4->2 MB, 4 MB goal, 0 MB stacks, 0 MB globals, 12 P
gc 3496 @12.103s 6%: 0.13+1.0+0.096 ms clock, 1.6+0.78/0.80/0+1.1 ms cpu, 3->4->2 MB, 4 MB goal, 0 MB stacks, 0 MB globals, 12 P
gc 3497 @12.106s 6%: 0.095+0.65+0.061 ms clock, 1.1+0.74/0.87/0+0.73 ms cpu, 3->4->1 MB, 4 MB goal, 0 MB stacks, 0 MB globals, 12 P
gc 3498 @12.108s 6%: 0.14+0.77+0.044 ms clock, 1.7+0.71/0.75/0+0.52 ms cpu, 3->4->1 MB, 4 MB goal, 0 MB stacks, 0 MB globals, 12 P
gc 3499 @12.110s 6%: 0.11+0.79+0.017 ms clock, 1.3+0.86/0.69/0.026+0.21 ms cpu, 3->4->1 MB, 4 MB goal, 0 MB stacks, 0 MB globals, 12 P
gc 3500 @12.112s 6%: 0.13+0.57+0.14 ms clock, 1.6+0.90/0.75/0+1.6 ms cpu, 3->3->1 MB, 4 MB goal, 0 MB stacks, 0 MB globals, 12 P
gc 3501 @12.114s 7%: 0.070+0.80+0.073 ms clock, 0.85+0.70/0.96/0+0.88 ms cpu, 3->3->1 MB, 4 MB goal, 0 MB stacks, 0 MB globals, 12 P
gc 3502 @12.117s 7%: 0.16+0.52+0.081 ms clock, 1.9+0.73/0.91/0+0.97 ms cpu, 3->3->1 MB, 4 MB goal, 0 MB stacks, 0 MB globals, 12 P
gc 3503 @12.119s 7%: 0.12+0.62+0.11 ms clock, 1.5+0.61/0.95/0+1.4 ms cpu, 3->4->1 MB, 4 MB goal, 0 MB stacks, 0 MB globals, 12 P
gc 3504 @12.121s 7%: 0.10+1.0+0.011 ms clock, 1.2+0.62/1.0/0+0.13 ms cpu, 3->4->1 MB, 4 MB goal, 0 MB stacks, 0 MB globals, 12 P
gc 3505 @12.124s 7%: 0.086+0.64+0.080 ms clock, 1.0+0.70/0.92/0+0.96 ms cpu, 3->4->1 MB, 4 MB goal, 0 MB stacks, 0 MB globals, 12 P
gc 3506 @12.126s 7%: 0.085+0.71+0.11 ms clock, 1.0+0.86/0.74/0+1.4 ms cpu, 3->3->1 MB, 4 MB goal, 0 MB stacks, 0 MB globals, 12 P
gc 3507 @12.128s 7%: 0.087+0.90+0.090 ms clock, 1.0+0.65/0.73/0+1.0 ms cpu, 3->4->1 MB, 4 MB goal, 0 MB stacks, 0 MB globals, 12 P
gc 3508 @12.130s 7%: 0.14+0.67+0.062 ms clock, 1.7+0.57/0.94/0+0.74 ms cpu, 3->4->1 MB, 4 MB goal, 0 MB stacks, 0 MB globals, 12 P
gc 3509 @12.133s 7%: 0.093+0.79+0.089 ms clock, 1.1+0.70/0.80/0+1.0 ms cpu, 3->4->1 MB, 4 MB goal, 0 MB stacks, 0 MB globals, 12 P
gc 3510 @12.135s 7%: 0.096+0.40+0.096 ms clock, 1.1+0.75/0.76/0+1.1 ms cpu, 3->3->1 MB, 4 MB goal, 0 MB stacks, 0 MB globals, 12 P
gc 3511 @12.137s 7%: 0.093+0.87+0.11 ms clock, 1.1+0.78/0.89/0+1.3 ms cpu, 3->3->1 MB, 4 MB goal, 0 MB stacks, 0 MB globals, 12 P
gc 3512 @12.139s 7%: 0.14+0.48+0.067 ms clock, 1.7+0.87/0.74/0+0.80 ms cpu, 3->3->1 MB, 4 MB goal, 0 MB stacks, 0 MB globals, 12 P
gc 3513 @12.141s 7%: 0.13+0.58+0.099 ms clock, 1.6+0.77/0.81/0+1.1 ms cpu, 3->3->1 MB, 4 MB goal, 0 MB stacks, 0 MB globals, 12 P
gc 3514 @12.143s 7%: 0.17+0.62+0.085 ms clock, 2.1+0.73/0.87/0+1.0 ms cpu, 3->3->1 MB, 4 MB goal, 0 MB stacks, 0 MB globals, 12 P
gc 3515 @12.146s 7%: 0.090+0.74+0.091 ms clock, 1.0+1.0/0.84/0+1.0 ms cpu, 3->4->1 MB, 4 MB goal, 0 MB stacks, 0 MB globals, 12 P
gc 3516 @12.148s 7%: 0.091+0.92+0.061 ms clock, 1.0+0.64/0.87/0+0.73 ms cpu, 3->4->1 MB, 4 MB goal, 0 MB stacks, 0 MB globals, 12 P
gc 3517 @12.150s 7%: 0.14+0.51+0.094 ms clock, 1.7+0.88/0.73/0+1.1 ms cpu, 3->3->1 MB, 4 MB goal, 0 MB stacks, 0 MB globals, 12 P
gc 3518 @12.152s 7%: 0.095+0.73+0.069 ms clock, 1.1+0.85/0.82/0+0.83 ms cpu, 3->3->1 MB, 4 MB goal, 0 MB stacks, 0 MB globals, 12 P
gc 3519 @12.155s 7%: 0.069+0.51+0.11 ms clock, 0.83+0.84/0.83/0+1.3 ms cpu, 3->3->1 MB, 4 MB goal, 0 MB stacks, 0 MB globals, 12 P
gc 3520 @12.157s 7%: 0.074+0.66+0.068 ms clock, 0.89+0.75/1.0/0+0.82 ms cpu, 3->3->1 MB, 4 MB goal, 0 MB stacks, 0 MB globals, 12 P
gc 3521 @12.159s 7%: 0.10+0.84+0.083 ms clock, 1.2+0.56/0.94/0+1.0 ms cpu, 3->4->1 MB, 4 MB goal, 0 MB stacks, 0 MB globals, 12 P
gc 3522 @12.161s 7%: 0.092+0.49+0.080 ms clock, 1.1+0.59/0.87/0+0.96 ms cpu, 3->3->1 MB, 4 MB goal, 0 MB stacks, 0 MB globals, 12 P
gc 3523 @12.163s 7%: 0.097+0.55+0.10 ms clock, 1.1+0.61/0.93/0+1.2 ms cpu, 3->3->1 MB, 4 MB goal, 0 MB stacks, 0 MB globals, 12 P
gc 3524 @12.165s 7%: 0.10+0.84+0.005 ms clock, 1.2+0.60/0.82/0+0.070 ms cpu, 3->3->1 MB, 4 MB goal, 0 MB stacks, 0 MB globals, 12 P
gc 3525 @12.167s 7%: 0.12+0.49+0.075 ms clock, 1.4+0.61/0.91/0+0.90 ms cpu, 3->3->1 MB, 4 MB goal, 0 MB stacks, 0 MB globals, 12 P
gc 3526 @12.170s 7%: 0.092+1.1+0.085 ms clock, 1.1+0.86/0.86/0+1.0 ms cpu, 3->4->2 MB, 4 MB goal, 0 MB stacks, 0 MB globals, 12 P
gc 3527 @12.172s 7%: 0.098+0.91+0.11 ms clock, 1.1+0.58/0.95/0+1.3 ms cpu, 3->4->2 MB, 4 MB goal, 0 MB stacks, 0 MB globals, 12 P
gc 3528 @12.175s 7%: 0.10+1.0+0.11 ms clock, 1.2+0.66/0.86/0+1.3 ms cpu, 3->4->2 MB, 4 MB goal, 0 MB stacks, 0 MB globals, 12 P
gc 3529 @12.178s 7%: 0.12+0.39+0.080 ms clock, 1.5+0.74/0.88/0+0.96 ms cpu, 3->4->1 MB, 4 MB goal, 0 MB stacks, 0 MB globals, 12 P
gc 3530 @12.180s 7%: 0.11+0.69+0.063 ms clock, 1.3+0.81/0.95/0+0.76 ms cpu, 3->3->1 MB, 4 MB goal, 0 MB stacks, 0 MB globals, 12 P
gc 3531 @12.182s 7%: 0.10+1.1+0.17 ms clock, 1.2+0.64/0.93/0+2.0 ms cpu, 3->4->2 MB, 4 MB goal, 0 MB stacks, 0 MB globals, 12 P
gc 3532 @12.185s 7%: 0.091+1.2+0.093 ms clock, 1.0+0.70/0.91/0+1.1 ms cpu, 4->4->2 MB, 4 MB goal, 0 MB stacks, 0 MB globals, 12 P
gc 3533 @12.188s 7%: 0.082+0.66+0.083 ms clock, 0.99+0.43/0.89/0.008+1.0 ms cpu, 4->4->1 MB, 4 MB goal, 0 MB stacks, 0 MB globals, 12 P
gc 3534 @12.190s 7%: 0.12+0.93+0.071 ms clock, 1.5+0.77/0.91/0+0.86 ms cpu, 3->4->2 MB, 4 MB goal, 0 MB stacks, 0 MB globals, 12 P
gc 3535 @12.193s 7%: 0.074+1.0+0.021 ms clock, 0.89+0.71/1.0/0+0.25 ms cpu, 3->4->1 MB, 4 MB goal, 0 MB stacks, 0 MB globals, 12 P
gc 3536 @12.195s 7%: 0.10+0.69+0.14 ms clock, 1.2+0.59/0.95/0+1.7 ms cpu, 3->4->1 MB, 4 MB goal, 0 MB stacks, 0 MB globals, 12 P
gc 3537 @12.197s 7%: 0.097+0.63+0.079 ms clock, 1.1+0.76/0.90/0+0.94 ms cpu, 3->3->1 MB, 4 MB goal, 0 MB stacks, 0 MB globals, 12 P
gc 3538 @12.200s 7%: 0.12+0.53+0.11 ms clock, 1.5+0.80/0.84/0+1.4 ms cpu, 3->3->1 MB, 4 MB goal, 0 MB stacks, 0 MB globals, 12 P
gc 3539 @12.201s 7%: 0.13+0.94+0.10 ms clock, 1.5+0.70/0.83/0.013+1.2 ms cpu, 3->3->2 MB, 4 MB goal, 0 MB stacks, 0 MB globals, 12 P
gc 3540 @12.204s 7%: 0.13+1.3+0.054 ms clock, 1.5+0.75/0.79/0+0.65 ms cpu, 3->4->2 MB, 4 MB goal, 0 MB stacks, 0 MB globals, 12 P
gc 3541 @12.207s 7%: 0.089+0.54+0.084 ms clock, 1.0+0.80/0.79/0+1.0 ms cpu, 4->4->1 MB, 4 MB goal, 0 MB stacks, 0 MB globals, 12 P
gc 3542 @12.209s 7%: 0.087+0.53+0.084 ms clock, 1.0+0.80/0.88/0+1.0 ms cpu, 3->3->1 MB, 4 MB goal, 0 MB stacks, 0 MB globals, 12 P
gc 3543 @12.211s 7%: 0.13+0.89+0.079 ms clock, 1.5+0.72/0.85/0+0.95 ms cpu, 3->3->1 MB, 4 MB goal, 0 MB stacks, 0 MB globals, 12 P
gc 3544 @12.214s 7%: 0.14+0.52+0.12 ms clock, 1.7+0.89/0.77/0+1.4 ms cpu, 3->3->1 MB, 4 MB goal, 0 MB stacks, 0 MB globals, 12 P
gc 3545 @12.216s 7%: 0.15+0.56+0.068 ms clock, 1.8+0.83/0.87/0+0.82 ms cpu, 3->3->1 MB, 4 MB goal, 0 MB stacks, 0 MB globals, 12 P
gc 3546 @12.218s 7%: 0.090+0.62+0.093 ms clock, 1.0+0.69/0.95/0+1.1 ms cpu, 3->3->1 MB, 4 MB goal, 0 MB stacks, 0 MB globals, 12 P
gc 3547 @12.220s 7%: 0.11+1.0+0.039 ms clock, 1.3+0.75/0.83/0+0.47 ms cpu, 3->4->2 MB, 4 MB goal, 0 MB stacks, 0 MB globals, 12 P
gc 3548 @12.222s 7%: 0.095+0.97+0.053 ms clock, 1.1+0.76/0.76/0+0.64 ms cpu, 3->4->1 MB, 4 MB goal, 0 MB stacks, 0 MB globals, 12 P
gc 3549 @12.225s 7%: 0.12+0.63+0.063 ms clock, 1.5+0.64/0.86/0+0.76 ms cpu, 3->4->1 MB, 4 MB goal, 0 MB stacks, 0 MB globals, 12 P
gc 3550 @12.227s 7%: 0.13+0.75+0.10 ms clock, 1.6+0.73/0.78/0+1.2 ms cpu, 3->4->1 MB, 4 MB goal, 0 MB stacks, 0 MB globals, 12 P
gc 3551 @12.229s 7%: 0.087+0.94+0.068 ms clock, 1.0+0.77/0.90/0+0.81 ms cpu, 3->4->1 MB, 4 MB goal, 0 MB stacks, 0 MB globals, 12 P
gc 3552 @12.232s 7%: 0.087+0.83+0.049 ms clock, 1.0+0.66/1.0/0+0.59 ms cpu, 3->4->1 MB, 4 MB goal, 0 MB stacks, 0 MB globals, 12 P
gc 3553 @12.234s 7%: 0.077+0.87+0.10 ms clock, 0.93+0.82/0.75/0.025+1.2 ms cpu, 3->4->1 MB, 4 MB goal, 0 MB stacks, 0 MB globals, 12 P
gc 3554 @12.237s 7%: 0.075+1.1+0.10 ms clock, 0.90+0.81/0.78/0+1.2 ms cpu, 3->4->2 MB, 4 MB goal, 0 MB stacks, 0 MB globals, 12 P
gc 3555 @12.239s 7%: 0.064+1.1+0.10 ms clock, 0.77+1.6/0.95/0.004+1.3 ms cpu, 3->4->2 MB, 4 MB goal, 0 MB stacks, 0 MB globals, 12 P
gc 3556 @12.242s 7%: 0.085+0.92+0.052 ms clock, 1.0+0.67/0.80/0+0.62 ms cpu, 3->4->1 MB, 4 MB goal, 0 MB stacks, 0 MB globals, 12 P
gc 3557 @12.244s 7%: 0.091+0.52+0.084 ms clock, 1.1+0.84/0.86/0+1.0 ms cpu, 3->3->1 MB, 4 MB goal, 0 MB stacks, 0 MB globals, 12 P
gc 3558 @12.246s 7%: 0.11+1.3+0.027 ms clock, 1.3+0.78/0.76/0+0.32 ms cpu, 3->4->2 MB, 4 MB goal, 0 MB stacks, 0 MB globals, 12 P
gc 3559 @12.249s 7%: 0.093+1.2+0.046 ms clock, 1.1+0.73/0.94/0+0.56 ms cpu, 4->4->2 MB, 4 MB goal, 0 MB stacks, 0 MB globals, 12 P
gc 3560 @12.252s 7%: 0.10+0.44+0.10 ms clock, 1.2+0.85/0.76/0+1.2 ms cpu, 4->4->1 MB, 4 MB goal, 0 MB stacks, 0 MB globals, 12 P
gc 3561 @12.254s 7%: 0.13+1.0+0.12 ms clock, 1.6+0.82/0.78/0+1.4 ms cpu, 3->4->2 MB, 4 MB goal, 0 MB stacks, 0 MB globals, 12 P
gc 3562 @12.257s 7%: 0.089+0.68+0.089 ms clock, 1.0+0.66/0.91/0+1.0 ms cpu, 3->4->1 MB, 4 MB goal, 0 MB stacks, 0 MB globals, 12 P
gc 3563 @12.259s 7%: 0.14+0.93+0.071 ms clock, 1.7+0.49/0.83/0+0.85 ms cpu, 3->4->2 MB, 4 MB goal, 0 MB stacks, 0 MB globals, 12 P
gc 3564 @12.262s 7%: 0.12+1.0+0.11 ms clock, 1.5+0.83/0.89/0+1.4 ms cpu, 3->4->2 MB, 4 MB goal, 0 MB stacks, 0 MB globals, 12 P
gc 3565 @12.265s 7%: 0.080+0.56+0.11 ms clock, 0.96+0.77/0.78/0+1.4 ms cpu, 3->4->1 MB, 4 MB goal, 0 MB stacks, 0 MB globals, 12 P
gc 3566 @12.267s 7%: 0.11+1.0+0.12 ms clock, 1.3+0.94/0.90/0+1.5 ms cpu, 3->4->2 MB, 4 MB goal, 0 MB stacks, 0 MB globals, 12 P
gc 3567 @12.270s 7%: 0.088+0.53+0.069 ms clock, 1.0+0.85/0.83/0+0.83 ms cpu, 3->4->1 MB, 4 MB goal, 0 MB stacks, 0 MB globals, 12 P
gc 3568 @12.272s 7%: 0.097+0.88+0.12 ms clock, 1.1+0.77/0.91/0+1.4 ms cpu, 3->3->1 MB, 4 MB goal, 0 MB stacks, 0 MB globals, 12 P
gc 3569 @12.274s 7%: 0.12+0.88+0.028 ms clock, 1.4+0.80/0.87/0+0.33 ms cpu, 3->4->1 MB, 4 MB goal, 0 MB stacks, 0 MB globals, 12 P
gc 3570 @12.277s 7%: 0.10+0.76+0.12 ms clock, 1.3+0.71/1.0/0+1.5 ms cpu, 3->4->1 MB, 4 MB goal, 0 MB stacks, 0 MB globals, 12 P
gc 3571 @12.279s 7%: 0.088+0.85+0.068 ms clock, 1.0+0.73/0.75/0+0.82 ms cpu, 3->3->1 MB, 4 MB goal, 0 MB stacks, 0 MB globals, 12 P
gc 3572 @12.281s 7%: 0.098+1.0+0.067 ms clock, 1.1+0.60/0.93/0+0.80 ms cpu, 3->4->2 MB, 4 MB goal, 0 MB stacks, 0 MB globals, 12 P
gc 3573 @12.284s 7%: 0.12+0.81+0.084 ms clock, 1.5+0.76/0.98/0+1.0 ms cpu, 3->4->2 MB, 4 MB goal, 0 MB stacks, 0 MB globals, 12 P
gc 3574 @12.287s 7%: 0.10+0.89+0.079 ms clock, 1.2+0.65/0.98/0+0.95 ms cpu, 3->4->1 MB, 4 MB goal, 0 MB stacks, 0 MB globals, 12 P
gc 3575 @12.289s 7%: 0.097+0.88+0.13 ms clock, 1.1+0.85/0.90/0+1.6 ms cpu, 3->4->1 MB, 4 MB goal, 0 MB stacks, 0 MB globals, 12 P
gc 3576 @12.292s 7%: 0.082+0.49+0.090 ms clock, 0.98+0.82/0.85/0+1.0 ms cpu, 3->4->1 MB, 4 MB goal, 0 MB stacks, 0 MB globals, 12 P
gc 3577 @12.294s 7%: 0.11+0.48+0.068 ms clock, 1.3+0.78/0.75/0+0.82 ms cpu, 3->3->1 MB, 4 MB goal, 0 MB stacks, 0 MB globals, 12 P
gc 3578 @12.296s 7%: 0.11+1.3+0.067 ms clock, 1.3+0.52/0.88/0+0.80 ms cpu, 3->4->2 MB, 4 MB goal, 0 MB stacks, 0 MB globals, 12 P
gc 3579 @12.299s 7%: 0.14+0.60+0.10 ms clock, 1.7+0.75/0.92/0+1.2 ms cpu, 4->4->1 MB, 4 MB goal, 0 MB stacks, 0 MB globals, 12 P
gc 3580 @12.301s 7%: 0.068+0.66+0.097 ms clock, 0.81+0.83/0.78/0+1.1 ms cpu, 3->3->1 MB, 4 MB goal, 0 MB stacks, 0 MB globals, 12 P
gc 3581 @12.303s 7%: 0.11+0.69+0.10 ms clock, 1.3+0.73/0.85/0+1.2 ms cpu, 3->3->1 MB, 4 MB goal, 0 MB stacks, 0 MB globals, 12 P
gc 3582 @12.305s 7%: 0.077+0.41+0.086 ms clock, 0.92+0.83/0.72/0+1.0 ms cpu, 3->3->1 MB, 4 MB goal, 0 MB stacks, 0 MB globals, 12 P
gc 3583 @12.307s 7%: 0.13+0.61+0.050 ms clock, 1.5+0.99/0.92/0+0.60 ms cpu, 3->3->1 MB, 4 MB goal, 0 MB stacks, 0 MB globals, 12 P
gc 3584 @12.309s 7%: 0.087+0.52+0.13 ms clock, 1.0+0.81/0.90/0+1.5 ms cpu, 3->3->1 MB, 4 MB goal, 0 MB stacks, 0 MB globals, 12 P
gc 3585 @12.311s 7%: 0.086+0.78+0.11 ms clock, 1.0+0.78/0.82/0+1.3 ms cpu, 3->3->1 MB, 4 MB goal, 0 MB stacks, 0 MB globals, 12 P
gc 3586 @12.313s 7%: 0.13+1.4+0.073 ms clock, 1.6+0.72/0.85/0.014+0.88 ms cpu, 3->4->2 MB, 4 MB goal, 0 MB stacks, 0 MB globals, 12 P
gc 3587 @12.317s 7%: 0.090+0.47+0.12 ms clock, 1.0+0.71/0.84/0+1.4 ms cpu, 4->4->1 MB, 4 MB goal, 0 MB stacks, 0 MB globals, 12 P
gc 3588 @12.319s 7%: 0.13+0.48+0.10 ms clock, 1.5+0.83/0.71/0+1.2 ms cpu, 3->3->1 MB, 4 MB goal, 0 MB stacks, 0 MB globals, 12 P
gc 3589 @12.321s 7%: 0.080+0.85+0.087 ms clock, 0.96+0.69/0.89/0+1.0 ms cpu, 3->4->2 MB, 4 MB goal, 0 MB stacks, 0 MB globals, 12 P
gc 3590 @12.323s 7%: 0.14+1.1+0.075 ms clock, 1.6+0.71/0.89/0+0.91 ms cpu, 3->4->2 MB, 4 MB goal, 0 MB stacks, 0 MB globals, 12 P
gc 3591 @12.326s 7%: 0.082+0.57+0.064 ms clock, 0.99+0.61/1.0/0.093+0.77 ms cpu, 3->4->1 MB, 4 MB goal, 0 MB stacks, 0 MB globals, 12 P
gc 3592 @12.328s 7%: 0.14+0.94+0.14 ms clock, 1.7+0.78/0.76/0+1.7 ms cpu, 3->4->2 MB, 4 MB goal, 0 MB stacks, 0 MB globals, 12 P
gc 3593 @12.331s 7%: 0.086+0.81+0.096 ms clock, 1.0+0.65/0.98/0+1.1 ms cpu, 3->4->1 MB, 4 MB goal, 0 MB stacks, 0 MB globals, 12 P
gc 3594 @12.333s 7%: 0.14+0.79+0.084 ms clock, 1.6+0.75/0.86/0+1.0 ms cpu, 3->4->1 MB, 4 MB goal, 0 MB stacks, 0 MB globals, 12 P
gc 3595 @12.336s 7%: 0.095+0.59+0.091 ms clock, 1.1+0.73/0.90/0+1.0 ms cpu, 3->3->1 MB, 4 MB goal, 0 MB stacks, 0 MB globals, 12 P
gc 3596 @12.338s 7%: 0.088+0.73+0.076 ms clock, 1.0+0.57/0.92/0+0.92 ms cpu, 3->3->1 MB, 4 MB goal, 0 MB stacks, 0 MB globals, 12 P
gc 3597 @12.340s 7%: 0.13+0.57+0.090 ms clock, 1.6+0.64/0.90/0+1.0 ms cpu, 3->3->1 MB, 4 MB goal, 0 MB stacks, 0 MB globals, 12 P
gc 3598 @12.342s 7%: 0.14+0.96+0.077 ms clock, 1.7+0.80/0.81/0+0.93 ms cpu, 3->4->2 MB, 4 MB goal, 0 MB stacks, 0 MB globals, 12 P
gc 3599 @12.345s 7%: 0.078+0.61+0.15 ms clock, 0.94+0.75/0.95/0+1.8 ms cpu, 3->4->1 MB, 4 MB goal, 0 MB stacks, 0 MB globals, 12 P
gc 3600 @12.347s 7%: 0.17+0.56+0.088 ms clock, 2.0+0.77/0.88/0+1.0 ms cpu, 3->3->1 MB, 4 MB goal, 0 MB stacks, 0 MB globals, 12 P
gc 3601 @12.349s 7%: 0.098+0.63+0.063 ms clock, 1.1+0.63/0.82/0.012+0.76 ms cpu, 3->3->1 MB, 4 MB goal, 0 MB stacks, 0 MB globals, 12 P
gc 3602 @12.351s 7%: 0.10+0.50+0.11 ms clock, 1.2+0.67/0.86/0+1.4 ms cpu, 3->3->1 MB, 4 MB goal, 0 MB stacks, 0 MB globals, 12 P
gc 3603 @12.353s 7%: 0.086+1.0+0.084 ms clock, 1.0+0.68/1.0/0+1.0 ms cpu, 3->4->2 MB, 4 MB goal, 0 MB stacks, 0 MB globals, 12 P
gc 3604 @12.355s 7%: 0.082+0.66+0.045 ms clock, 0.99+0.79/0.77/0+0.54 ms cpu, 3->4->1 MB, 4 MB goal, 0 MB stacks, 0 MB globals, 12 P
gc 3605 @12.357s 7%: 0.086+0.56+0.057 ms clock, 1.0+0.82/0.87/0+0.69 ms cpu, 3->3->1 MB, 4 MB goal, 0 MB stacks, 0 MB globals, 12 P
gc 3606 @12.359s 7%: 0.096+0.79+0.12 ms clock, 1.1+0.59/0.95/0+1.5 ms cpu, 3->3->1 MB, 4 MB goal, 0 MB stacks, 0 MB globals, 12 P
gc 3607 @12.362s 7%: 0.078+0.48+0.057 ms clock, 0.93+0.74/0.87/0+0.69 ms cpu, 3->3->1 MB, 4 MB goal, 0 MB stacks, 0 MB globals, 12 P
gc 3608 @12.364s 7%: 0.11+0.97+0.11 ms clock, 1.3+0.98/1.2/0.10+1.4 ms cpu, 3->4->2 MB, 4 MB goal, 0 MB stacks, 0 MB globals, 12 P
gc 3609 @12.366s 7%: 0.087+1.3+0.052 ms clock, 1.0+0.67/0.94/0+0.62 ms cpu, 3->4->2 MB, 4 MB goal, 0 MB stacks, 0 MB globals, 12 P
gc 3610 @12.369s 7%: 0.12+0.59+0.10 ms clock, 1.5+0.79/0.85/0+1.2 ms cpu, 4->4->1 MB, 4 MB goal, 0 MB stacks, 0 MB globals, 12 P
gc 3611 @12.372s 7%: 0.14+0.53+0.079 ms clock, 1.6+0.87/0.80/0+0.95 ms cpu, 3->3->1 MB, 4 MB goal, 0 MB stacks, 0 MB globals, 12 P
gc 3612 @12.374s 7%: 0.13+0.91+0.11 ms clock, 1.6+0.74/0.83/0+1.4 ms cpu, 3->4->2 MB, 4 MB goal, 0 MB stacks, 0 MB globals, 12 P
gc 3613 @12.376s 7%: 0.078+0.83+0.078 ms clock, 0.93+0.74/1.0/0+0.94 ms cpu, 3->4->1 MB, 4 MB goal, 0 MB stacks, 0 MB globals, 12 P
gc 3614 @12.378s 7%: 0.10+0.63+0.12 ms clock, 1.2+0.69/0.95/0+1.5 ms cpu, 3->3->1 MB, 4 MB goal, 0 MB stacks, 0 MB globals, 12 P
gc 3615 @12.381s 7%: 0.098+0.49+0.089 ms clock, 1.1+0.73/0.85/0+1.0 ms cpu, 3->3->1 MB, 4 MB goal, 0 MB stacks, 0 MB globals, 12 P
gc 3616 @12.383s 7%: 0.11+0.66+0.10 ms clock, 1.3+0.67/0.83/0+1.2 ms cpu, 3->3->1 MB, 4 MB goal, 0 MB stacks, 0 MB globals, 12 P
gc 3617 @12.385s 7%: 0.14+0.57+0.071 ms clock, 1.7+0.71/0.82/0+0.86 ms cpu, 3->3->1 MB, 4 MB goal, 0 MB stacks, 0 MB globals, 12 P
gc 3618 @12.387s 7%: 0.080+0.99+0.070 ms clock, 0.97+0.70/0.94/0+0.84 ms cpu, 3->4->2 MB, 4 MB goal, 0 MB stacks, 0 MB globals, 12 P
gc 3619 @12.389s 7%: 0.092+0.79+0.11 ms clock, 1.1+0.69/0.91/0+1.4 ms cpu, 3->4->1 MB, 4 MB goal, 0 MB stacks, 0 MB globals, 12 P
gc 3620 @12.392s 7%: 0.12+0.79+0.085 ms clock, 1.5+0.73/0.69/0+1.0 ms cpu, 3->4->1 MB, 4 MB goal, 0 MB stacks, 0 MB globals, 12 P
gc 3621 @12.394s 7%: 0.12+0.89+0.10 ms clock, 1.4+0.69/0.93/0+1.2 ms cpu, 3->4->2 MB, 4 MB goal, 0 MB stacks, 0 MB globals, 12 P
gc 3622 @12.397s 7%: 0.10+0.51+0.13 ms clock, 1.2+0.62/0.91/0+1.5 ms cpu, 3->4->1 MB, 4 MB goal, 0 MB stacks, 0 MB globals, 12 P
gc 3623 @12.399s 7%: 0.087+0.46+0.088 ms clock, 1.0+0.72/0.86/0+1.0 ms cpu, 3->3->1 MB, 4 MB goal, 0 MB stacks, 0 MB globals, 12 P
gc 3624 @12.401s 7%: 0.11+0.52+0.11 ms clock, 1.4+0.74/0.88/0+1.4 ms cpu, 3->3->1 MB, 4 MB goal, 0 MB stacks, 0 MB globals, 12 P
gc 3625 @12.403s 7%: 0.16+0.87+0.078 ms clock, 1.9+0.78/0.74/0+0.93 ms cpu, 3->3->1 MB, 4 MB goal, 0 MB stacks, 0 MB globals, 12 P
gc 3626 @12.405s 7%: 0.090+0.43+0.13 ms clock, 1.0+0.80/0.85/0+1.6 ms cpu, 3->3->1 MB, 4 MB goal, 0 MB stacks, 0 MB globals, 12 P
gc 3627 @12.407s 7%: 0.10+0.52+0.098 ms clock, 1.2+0.71/0.90/0+1.1 ms cpu, 3->3->1 MB, 4 MB goal, 0 MB stacks, 0 MB globals, 12 P
gc 3628 @12.409s 7%: 0.081+0.61+0.073 ms clock, 0.97+0.75/0.75/0+0.88 ms cpu, 3->3->1 MB, 4 MB goal, 0 MB stacks, 0 MB globals, 12 P
gc 3629 @12.411s 7%: 0.11+0.56+0.082 ms clock, 1.3+0.71/0.93/0+0.98 ms cpu, 3->3->1 MB, 4 MB goal, 0 MB stacks, 0 MB globals, 12 P
gc 3630 @12.414s 7%: 0.10+0.96+0.089 ms clock, 1.2+0.77/0.72/0+1.0 ms cpu, 3->4->2 MB, 4 MB goal, 0 MB stacks, 0 MB globals, 12 P
gc 3631 @12.416s 7%: 0.099+0.84+0.071 ms clock, 1.1+0.75/0.86/0+0.85 ms cpu, 3->4->1 MB, 4 MB goal, 0 MB stacks, 0 MB globals, 12 P
gc 3632 @12.419s 7%: 0.065+0.57+0.13 ms clock, 0.78+0.65/0.87/0+1.5 ms cpu, 3->3->1 MB, 4 MB goal, 0 MB stacks, 0 MB globals, 12 P
gc 3633 @12.421s 7%: 0.11+0.65+0.12 ms clock, 1.3+0.74/0.78/0+1.4 ms cpu, 3->3->1 MB, 4 MB goal, 0 MB stacks, 0 MB globals, 12 P
gc 3634 @12.423s 7%: 0.13+0.82+0.11 ms clock, 1.5+0.69/0.75/0+1.3 ms cpu, 3->4->1 MB, 4 MB goal, 0 MB stacks, 0 MB globals, 12 P
gc 3635 @12.425s 7%: 0.12+0.79+0.047 ms clock, 1.5+0.68/0.70/0+0.56 ms cpu, 3->4->1 MB, 4 MB goal, 0 MB stacks, 0 MB globals, 12 P
gc 3636 @12.428s 7%: 0.14+0.61+0.12 ms clock, 1.7+0.84/0.82/0+1.4 ms cpu, 3->3->1 MB, 4 MB goal, 0 MB stacks, 0 MB globals, 12 P
gc 3637 @12.430s 7%: 0.094+0.92+0.069 ms clock, 1.1+0.62/0.90/0+0.83 ms cpu, 3->4->2 MB, 4 MB goal, 0 MB stacks, 0 MB globals, 12 P
gc 3638 @12.432s 7%: 0.14+0.54+0.093 ms clock, 1.7+0.79/0.82/0+1.1 ms cpu, 3->4->1 MB, 4 MB goal, 0 MB stacks, 0 MB globals, 12 P
gc 3639 @12.434s 7%: 0.092+0.53+0.10 ms clock, 1.1+0.79/0.82/0+1.2 ms cpu, 3->3->1 MB, 4 MB goal, 0 MB stacks, 0 MB globals, 12 P
gc 3640 @12.436s 7%: 0.12+0.44+0.11 ms clock, 1.4+0.72/0.80/0+1.3 ms cpu, 3->3->1 MB, 4 MB goal, 0 MB stacks, 0 MB globals, 12 P
gc 3641 @12.438s 7%: 0.12+0.46+0.13 ms clock, 1.5+0.78/0.84/0+1.6 ms cpu, 3->3->1 MB, 4 MB goal, 0 MB stacks, 0 MB globals, 12 P
gc 3642 @12.440s 7%: 0.090+0.58+0.085 ms clock, 1.0+0.65/0.90/0+1.0 ms cpu, 3->3->1 MB, 4 MB goal, 0 MB stacks, 0 MB globals, 12 P
gc 3643 @12.442s 7%: 0.12+0.61+0.10 ms clock, 1.4+0.72/0.94/0+1.2 ms cpu, 3->3->1 MB, 4 MB goal, 0 MB stacks, 0 MB globals, 12 P
gc 3644 @12.444s 7%: 0.11+0.50+0.081 ms clock, 1.3+0.82/0.81/0+0.98 ms cpu, 3->3->1 MB, 4 MB goal, 0 MB stacks, 0 MB globals, 12 P
gc 3645 @12.446s 7%: 0.13+0.41+0.078 ms clock, 1.6+0.77/0.81/0+0.94 ms cpu, 3->3->1 MB, 4 MB goal, 0 MB stacks, 0 MB globals, 12 P
gc 3646 @12.448s 7%: 0.095+0.49+0.10 ms clock, 1.1+0.71/0.79/0+1.2 ms cpu, 3->3->1 MB, 4 MB goal, 0 MB stacks, 0 MB globals, 12 P
gc 3647 @12.450s 7%: 0.093+0.62+0.072 ms clock, 1.1+0.80/0.78/0+0.87 ms cpu, 3->3->1 MB, 4 MB goal, 0 MB stacks, 0 MB globals, 12 P
gc 3648 @12.452s 7%: 0.097+1.0+0.085 ms clock, 1.1+0.77/0.88/0+1.0 ms cpu, 3->4->2 MB, 4 MB goal, 0 MB stacks, 0 MB globals, 12 P
gc 3649 @12.455s 7%: 0.13+1.0+0.049 ms clock, 1.5+0.51/0.99/0+0.59 ms cpu, 3->4->2 MB, 4 MB goal, 0 MB stacks, 0 MB globals, 12 P
gc 3650 @12.458s 7%: 0.095+0.91+0.095 ms clock, 1.1+0.83/0.80/0+1.1 ms cpu, 3->4->2 MB, 4 MB goal, 0 MB stacks, 0 MB globals, 12 P
gc 3651 @12.461s 7%: 0.13+0.94+0.086 ms clock, 1.5+0.72/0.90/0+1.0 ms cpu, 3->4->2 MB, 4 MB goal, 0 MB stacks, 0 MB globals, 12 P
gc 3652 @12.463s 7%: 0.082+0.73+0.050 ms clock, 0.98+0.65/0.88/0+0.60 ms cpu, 3->4->1 MB, 4 MB goal, 0 MB stacks, 0 MB globals, 12 P
gc 3653 @12.466s 7%: 0.11+0.67+0.10 ms clock, 1.3+0.68/0.95/0+1.2 ms cpu, 3->4->1 MB, 4 MB goal, 0 MB stacks, 0 MB globals, 12 P
gc 3654 @12.468s 7%: 0.12+0.97+0.056 ms clock, 1.4+0.64/0.88/0+0.67 ms cpu, 3->4->2 MB, 4 MB goal, 0 MB stacks, 0 MB globals, 12 P
gc 3655 @12.471s 7%: 0.061+0.71+0.11 ms clock, 0.73+0.74/0.83/0+1.3 ms cpu, 3->4->1 MB, 4 MB goal, 0 MB stacks, 0 MB globals, 12 P
gc 3656 @12.473s 7%: 0.13+1.0+0.048 ms clock, 1.6+0.69/0.84/0+0.57 ms cpu, 3->4->2 MB, 4 MB goal, 0 MB stacks, 0 MB globals, 12 P
gc 3657 @12.476s 7%: 0.13+1.3+0.15 ms clock, 1.6+0.75/1.0/0+1.8 ms cpu, 3->5->2 MB, 4 MB goal, 0 MB stacks, 0 MB globals, 12 P
gc 3658 @12.479s 7%: 0.11+0.48+0.067 ms clock, 1.3+0.73/0.99/0+0.80 ms cpu, 4->4->1 MB, 5 MB goal, 0 MB stacks, 0 MB globals, 12 P
gc 3659 @12.481s 7%: 0.12+1.1+0.082 ms clock, 1.4+0.40/1.1/0+0.98 ms cpu, 3->4->2 MB, 4 MB goal, 0 MB stacks, 0 MB globals, 12 P
gc 3660 @12.484s 7%: 0.15+0.61+0.074 ms clock, 1.8+0.70/1.0/0+0.88 ms cpu, 3->4->1 MB, 4 MB goal, 0 MB stacks, 0 MB globals, 12 P
gc 3661 @12.486s 7%: 0.073+0.62+0.076 ms clock, 0.88+0.76/0.74/0+0.92 ms cpu, 3->3->1 MB, 4 MB goal, 0 MB stacks, 0 MB globals, 12 P
gc 3662 @12.488s 7%: 0.054+0.65+0.071 ms clock, 0.65+0.97/0.92/0+0.86 ms cpu, 3->3->1 MB, 4 MB goal, 0 MB stacks, 0 MB globals, 12 P
gc 3663 @12.490s 7%: 0.13+1.1+0.10 ms clock, 1.6+0.75/1.0/0+1.2 ms cpu, 3->4->2 MB, 4 MB goal, 0 MB stacks, 0 MB globals, 12 P
gc 3664 @12.493s 7%: 0.12+0.88+0.066 ms clock, 1.4+0.57/0.89/0+0.79 ms cpu, 3->4->1 MB, 4 MB goal, 0 MB stacks, 0 MB globals, 12 P
gc 3665 @12.496s 7%: 0.092+0.99+0.097 ms clock, 1.1+0.86/0.81/0+1.1 ms cpu, 3->4->2 MB, 4 MB goal, 0 MB stacks, 0 MB globals, 12 P
gc 3666 @12.499s 7%: 0.079+1.1+0.077 ms clock, 0.94+0.90/0.83/0+0.93 ms cpu, 3->4->2 MB, 4 MB goal, 0 MB stacks, 0 MB globals, 12 P
gc 3667 @12.502s 7%: 0.11+0.57+0.086 ms clock, 1.3+0.71/0.80/0+1.0 ms cpu, 4->4->1 MB, 4 MB goal, 0 MB stacks, 0 MB globals, 12 P
gc 3668 @12.504s 7%: 0.10+1.1+0.086 ms clock, 1.2+0.69/1.0/0+1.0 ms cpu, 3->4->2 MB, 4 MB goal, 0 MB stacks, 0 MB globals, 12 P
gc 3669 @12.507s 7%: 0.11+0.94+0.078 ms clock, 1.3+0.95/0.70/0+0.94 ms cpu, 4->4->2 MB, 4 MB goal, 0 MB stacks, 0 MB globals, 12 P
gc 3670 @12.509s 7%: 0.10+0.98+0.050 ms clock, 1.2+0.71/0.89/0+0.60 ms cpu, 3->4->2 MB, 4 MB goal, 0 MB stacks, 0 MB globals, 12 P
gc 3671 @12.512s 7%: 0.10+0.58+0.073 ms clock, 1.2+0.86/0.82/0+0.88 ms cpu, 3->4->1 MB, 4 MB goal, 0 MB stacks, 0 MB globals, 12 P
gc 3672 @12.514s 7%: 0.067+0.56+0.077 ms clock, 0.80+0.73/0.89/0+0.93 ms cpu, 3->3->1 MB, 4 MB goal, 0 MB stacks, 0 MB globals, 12 P
gc 3673 @12.516s 7%: 0.16+0.60+0.059 ms clock, 2.0+0.74/0.82/0+0.71 ms cpu, 3->3->1 MB, 4 MB goal, 0 MB stacks, 0 MB globals, 12 P
gc 3674 @12.518s 7%: 0.094+0.61+0.059 ms clock, 1.1+0.83/0.88/0+0.71 ms cpu, 3->3->1 MB, 4 MB goal, 0 MB stacks, 0 MB globals, 12 P
gc 3675 @12.520s 7%: 0.092+0.69+0.10 ms clock, 1.1+0.71/1.0/0+1.2 ms cpu, 3->3->1 MB, 4 MB goal, 0 MB stacks, 0 MB globals, 12 P
gc 3676 @12.522s 7%: 0.091+0.44+0.066 ms clock, 1.0+0.76/0.82/0+0.79 ms cpu, 3->3->1 MB, 4 MB goal, 0 MB stacks, 0 MB globals, 12 P
gc 3677 @12.524s 7%: 0.12+0.49+0.079 ms clock, 1.4+0.83/0.76/0+0.95 ms cpu, 3->3->1 MB, 4 MB goal, 0 MB stacks, 0 MB globals, 12 P
gc 3678 @12.526s 7%: 0.15+0.51+0.077 ms clock, 1.8+0.75/0.92/0+0.92 ms cpu, 3->3->1 MB, 4 MB goal, 0 MB stacks, 0 MB globals, 12 P
gc 3679 @12.528s 7%: 0.061+0.83+0.064 ms clock, 0.73+0.82/0.75/0+0.77 ms cpu, 3->3->1 MB, 4 MB goal, 0 MB stacks, 0 MB globals, 12 P
gc 3680 @12.531s 7%: 0.089+1.0+0.082 ms clock, 1.0+0.67/0.88/0+0.99 ms cpu, 3->4->2 MB, 4 MB goal, 0 MB stacks, 0 MB globals, 12 P
gc 3681 @12.533s 7%: 0.099+0.48+0.067 ms clock, 1.1+0.82/0.68/0+0.81 ms cpu, 3->4->1 MB, 4 MB goal, 0 MB stacks, 0 MB globals, 12 P
gc 3682 @12.535s 7%: 0.099+0.46+0.074 ms clock, 1.1+0.64/0.83/0.010+0.89 ms cpu, 3->3->1 MB, 4 MB goal, 0 MB stacks, 0 MB globals, 12 P
gc 3683 @12.537s 7%: 0.096+0.93+0.069 ms clock, 1.1+0.80/0.78/0+0.83 ms cpu, 3->3->1 MB, 4 MB goal, 0 MB stacks, 0 MB globals, 12 P
gc 3684 @12.540s 7%: 0.097+1.1+0.068 ms clock, 1.1+0.48/0.82/0+0.82 ms cpu, 3->4->2 MB, 4 MB goal, 0 MB stacks, 0 MB globals, 12 P
gc 3685 @12.543s 7%: 0.078+0.53+0.085 ms clock, 0.93+0.72/0.91/0+1.0 ms cpu, 4->4->1 MB, 4 MB goal, 0 MB stacks, 0 MB globals, 12 P
gc 3686 @12.545s 7%: 0.14+0.76+0.044 ms clock, 1.7+0.90/0.78/0+0.53 ms cpu, 3->3->1 MB, 4 MB goal, 0 MB stacks, 0 MB globals, 12 P
gc 3687 @12.547s 7%: 0.086+0.52+0.084 ms clock, 1.0+0.75/0.86/0+1.0 ms cpu, 3->3->1 MB, 4 MB goal, 0 MB stacks, 0 MB globals, 12 P
gc 3688 @12.549s 7%: 0.073+0.85+0.089 ms clock, 0.88+0.69/0.87/0+1.0 ms cpu, 3->4->1 MB, 4 MB goal, 0 MB stacks, 0 MB globals, 12 P
gc 3689 @12.551s 7%: 0.068+0.62+0.11 ms clock, 0.82+0.80/0.89/0+1.4 ms cpu, 3->4->1 MB, 4 MB goal, 0 MB stacks, 0 MB globals, 12 P
gc 3690 @12.553s 7%: 0.090+0.84+0.086 ms clock, 1.0+0.78/0.69/0+1.0 ms cpu, 3->3->1 MB, 4 MB goal, 0 MB stacks, 0 MB globals, 12 P
gc 3691 @12.556s 7%: 0.091+0.96+0.066 ms clock, 1.1+1.4/0.91/0+0.79 ms cpu, 3->4->1 MB, 4 MB goal, 0 MB stacks, 0 MB globals, 12 P
gc 3692 @12.558s 7%: 0.15+1.1+0.077 ms clock, 1.8+0.73/0.92/0+0.92 ms cpu, 3->4->2 MB, 4 MB goal, 0 MB stacks, 0 MB globals, 12 P
gc 3693 @12.561s 7%: 0.071+0.62+0.12 ms clock, 0.85+0.89/0.75/0+1.4 ms cpu, 3->4->1 MB, 4 MB goal, 0 MB stacks, 0 MB globals, 12 P
gc 3694 @12.563s 7%: 0.075+0.96+0.024 ms clock, 0.91+0.87/0.87/0+0.29 ms cpu, 3->4->2 MB, 4 MB goal, 0 MB stacks, 0 MB globals, 12 P
gc 3695 @12.566s 7%: 0.096+0.79+0.044 ms clock, 1.1+0.67/0.87/0+0.53 ms cpu, 3->4->1 MB, 4 MB goal, 0 MB stacks, 0 MB globals, 12 P
gc 3696 @12.568s 7%: 0.095+1.2+0.11 ms clock, 1.1+0.69/0.92/0.006+1.3 ms cpu, 3->4->1 MB, 4 MB goal, 0 MB stacks, 0 MB globals, 12 P
gc 3697 @12.571s 7%: 0.097+1.1+0.081 ms clock, 1.1+0.76/0.93/0+0.97 ms cpu, 3->4->2 MB, 4 MB goal, 0 MB stacks, 0 MB globals, 12 P
gc 3698 @12.574s 7%: 0.19+0.51+0.11 ms clock, 2.3+0.68/0.91/0+1.3 ms cpu, 4->4->1 MB, 5 MB goal, 0 MB stacks, 0 MB globals, 12 P
gc 3699 @12.576s 7%: 0.088+0.77+0.10 ms clock, 1.0+0.77/0.90/0+1.2 ms cpu, 3->3->1 MB, 4 MB goal, 0 MB stacks, 0 MB globals, 12 P
gc 3700 @12.578s 7%: 0.11+0.60+0.14 ms clock, 1.3+0.75/0.78/0+1.7 ms cpu, 3->3->1 MB, 4 MB goal, 0 MB stacks, 0 MB globals, 12 P
gc 3701 @12.580s 7%: 0.085+1.2+0.10 ms clock, 1.0+0.70/0.96/0+1.2 ms cpu, 3->4->2 MB, 4 MB goal, 0 MB stacks, 0 MB globals, 12 P
gc 3702 @12.583s 7%: 0.14+0.54+0.066 ms clock, 1.7+0.81/0.88/0+0.79 ms cpu, 4->4->1 MB, 4 MB goal, 0 MB stacks, 0 MB globals, 12 P
gc 3703 @12.585s 7%: 0.10+0.89+0.058 ms clock, 1.2+0.84/0.90/0+0.69 ms cpu, 3->3->1 MB, 4 MB goal, 0 MB stacks, 0 MB globals, 12 P
gc 3704 @12.588s 7%: 0.13+0.50+0.053 ms clock, 1.5+0.68/0.88/0+0.63 ms cpu, 3->3->1 MB, 4 MB goal, 0 MB stacks, 0 MB globals, 12 P
gc 3705 @12.590s 7%: 0.098+0.86+0.086 ms clock, 1.1+0.74/0.90/0+1.0 ms cpu, 3->3->1 MB, 4 MB goal, 0 MB stacks, 0 MB globals, 12 P
gc 3706 @12.592s 7%: 0.080+0.56+0.087 ms clock, 0.96+0.90/0.77/0+1.0 ms cpu, 3->3->1 MB, 4 MB goal, 0 MB stacks, 0 MB globals, 12 P
gc 3707 @12.594s 7%: 0.10+0.78+0.093 ms clock, 1.2+0.74/0.87/0+1.1 ms cpu, 3->3->1 MB, 4 MB goal, 0 MB stacks, 0 MB globals, 12 P
gc 3708 @12.596s 7%: 0.12+0.76+0.051 ms clock, 1.5+0.71/0.79/0+0.61 ms cpu, 3->3->1 MB, 4 MB goal, 0 MB stacks, 0 MB globals, 12 P
gc 3709 @12.599s 7%: 0.095+1.2+0.052 ms clock, 1.1+0.71/0.84/0+0.63 ms cpu, 3->4->2 MB, 4 MB goal, 0 MB stacks, 0 MB globals, 12 P
gc 3710 @12.601s 7%: 0.084+0.80+0.16 ms clock, 1.0+0.67/0.98/0+1.9 ms cpu, 3->4->1 MB, 4 MB goal, 0 MB stacks, 0 MB globals, 12 P
gc 3711 @12.604s 7%: 0.075+1.1+0.091 ms clock, 0.90+0.64/1.0/0+1.1 ms cpu, 3->4->2 MB, 4 MB goal, 0 MB stacks, 0 MB globals, 12 P
gc 3712 @12.606s 7%: 0.13+0.84+0.13 ms clock, 1.5+0.59/0.82/0+1.6 ms cpu, 3->4->1 MB, 4 MB goal, 0 MB stacks, 0 MB globals, 12 P
gc 3713 @12.609s 7%: 0.074+0.85+0.085 ms clock, 0.89+0.76/0.82/0+1.0 ms cpu, 3->4->2 MB, 4 MB goal, 0 MB stacks, 0 MB globals, 12 P
gc 3714 @12.612s 7%: 0.078+1.3+0.085 ms clock, 0.94+0.73/0.74/0+1.0 ms cpu, 3->4->2 MB, 4 MB goal, 0 MB stacks, 0 MB globals, 12 P
gc 3715 @12.615s 7%: 0.10+0.76+0.078 ms clock, 1.2+0.66/0.84/0+0.94 ms cpu, 4->4->1 MB, 4 MB goal, 0 MB stacks, 0 MB globals, 12 P
gc 3716 @12.617s 7%: 0.11+0.60+0.058 ms clock, 1.4+0.85/0.79/0+0.69 ms cpu, 3->3->1 MB, 4 MB goal, 0 MB stacks, 0 MB globals, 12 P
gc 3717 @12.619s 7%: 0.13+0.84+0.10 ms clock, 1.6+0.77/0.73/0+1.2 ms cpu, 3->3->2 MB, 4 MB goal, 0 MB stacks, 0 MB globals, 12 P
gc 3718 @12.622s 7%: 0.084+0.47+0.12 ms clock, 1.0+0.69/0.77/0+1.5 ms cpu, 3->4->1 MB, 4 MB goal, 0 MB stacks, 0 MB globals, 12 P
gc 3719 @12.624s 7%: 0.11+0.49+0.092 ms clock, 1.3+0.80/0.79/0+1.1 ms cpu, 3->3->1 MB, 4 MB goal, 0 MB stacks, 0 MB globals, 12 P
gc 3720 @12.626s 7%: 0.15+0.52+0.082 ms clock, 1.8+0.76/0.89/0+0.98 ms cpu, 3->3->1 MB, 4 MB goal, 0 MB stacks, 0 MB globals, 12 P
gc 3721 @12.628s 7%: 0.14+0.65+0.098 ms clock, 1.7+0.52/0.93/0+1.1 ms cpu, 3->3->1 MB, 4 MB goal, 0 MB stacks, 0 MB globals, 12 P
gc 3722 @12.630s 7%: 0.17+0.79+0.078 ms clock, 2.0+0.73/0.92/0+0.94 ms cpu, 3->3->1 MB, 4 MB goal, 0 MB stacks, 0 MB globals, 12 P
gc 3723 @12.632s 7%: 0.089+0.45+0.10 ms clock, 1.0+0.58/0.85/0+1.2 ms cpu, 3->3->1 MB, 4 MB goal, 0 MB stacks, 0 MB globals, 12 P
gc 3724 @12.634s 7%: 0.098+0.79+0.10 ms clock, 1.1+0.91/0.91/0+1.3 ms cpu, 3->3->1 MB, 4 MB goal, 0 MB stacks, 0 MB globals, 12 P
gc 3725 @12.637s 7%: 0.10+0.54+0.14 ms clock, 1.2+0.75/0.87/0+1.7 ms cpu, 3->4->1 MB, 4 MB goal, 0 MB stacks, 0 MB globals, 12 P
gc 3726 @12.639s 7%: 0.10+0.53+0.12 ms clock, 1.2+0.72/0.89/0+1.5 ms cpu, 3->3->1 MB, 4 MB goal, 0 MB stacks, 0 MB globals, 12 P
gc 3727 @12.641s 7%: 0.13+0.54+0.081 ms clock, 1.6+0.74/0.86/0+0.97 ms cpu, 3->3->1 MB, 4 MB goal, 0 MB stacks, 0 MB globals, 12 P
gc 3728 @12.643s 7%: 0.10+1.1+0.087 ms clock, 1.2+0.77/0.78/0+1.0 ms cpu, 3->4->2 MB, 4 MB goal, 0 MB stacks, 0 MB globals, 12 P
gc 3729 @12.646s 7%: 0.10+0.39+0.071 ms clock, 1.3+0.77/0.69/0+0.85 ms cpu, 3->4->1 MB, 4 MB goal, 0 MB stacks, 0 MB globals, 12 P
gc 3730 @12.647s 7%: 0.14+0.93+0.10 ms clock, 1.7+0.78/1.1/0+1.2 ms cpu, 3->3->2 MB, 4 MB goal, 0 MB stacks, 0 MB globals, 12 P
gc 3731 @12.650s 7%: 0.090+0.71+0.13 ms clock, 1.0+0.77/0.84/0+1.5 ms cpu, 3->4->1 MB, 4 MB goal, 0 MB stacks, 0 MB globals, 12 P
gc 3732 @12.652s 7%: 0.093+1.4+0.099 ms clock, 1.1+1.2/0.90/0+1.1 ms cpu, 3->4->2 MB, 4 MB goal, 0 MB stacks, 0 MB globals, 12 P
gc 3733 @12.656s 7%: 0.16+0.61+0.11 ms clock, 1.9+0.90/1.0/0+1.4 ms cpu, 4->4->1 MB, 5 MB goal, 0 MB stacks, 0 MB globals, 12 P
gc 3734 @12.658s 7%: 0.10+1.0+0.042 ms clock, 1.3+0.68/1.1/0+0.50 ms cpu, 3->4->2 MB, 4 MB goal, 0 MB stacks, 0 MB globals, 12 P
gc 3735 @12.660s 7%: 0.12+1.0+0.081 ms clock, 1.4+0.73/0.92/0+0.97 ms cpu, 3->4->2 MB, 4 MB goal, 0 MB stacks, 0 MB globals, 12 P
gc 3736 @12.663s 7%: 0.11+1.0+0.058 ms clock, 1.3+0.76/0.81/0+0.70 ms cpu, 3->4->1 MB, 4 MB goal, 0 MB stacks, 0 MB globals, 12 P
gc 3737 @12.665s 7%: 0.085+0.76+0.12 ms clock, 1.0+0.79/0.86/0+1.4 ms cpu, 3->4->1 MB, 4 MB goal, 0 MB stacks, 0 MB globals, 12 P
gc 3738 @12.668s 7%: 0.12+0.64+0.078 ms clock, 1.4+0.68/0.92/0+0.94 ms cpu, 3->4->1 MB, 4 MB goal, 0 MB stacks, 0 MB globals, 12 P
gc 3739 @12.670s 7%: 0.14+0.66+0.079 ms clock, 1.6+0.83/0.81/0.033+0.94 ms cpu, 3->3->1 MB, 4 MB goal, 0 MB stacks, 0 MB globals, 12 P
gc 3740 @12.672s 7%: 0.14+0.68+0.10 ms clock, 1.7+0.76/0.81/0+1.3 ms cpu, 3->3->1 MB, 4 MB goal, 0 MB stacks, 0 MB globals, 12 P
gc 3741 @12.674s 7%: 0.091+0.47+0.074 ms clock, 1.0+0.75/0.82/0+0.89 ms cpu, 3->3->1 MB, 4 MB goal, 0 MB stacks, 0 MB globals, 12 P
gc 3742 @12.676s 7%: 0.096+1.0+0.063 ms clock, 1.1+0.64/0.89/0+0.76 ms cpu, 3->4->2 MB, 4 MB goal, 0 MB stacks, 0 MB globals, 12 P
gc 3743 @12.679s 7%: 0.18+0.90+0.017 ms clock, 2.2+0.84/0.80/0+0.21 ms cpu, 3->4->1 MB, 4 MB goal, 0 MB stacks, 0 MB globals, 12 P
gc 3744 @12.681s 7%: 0.092+1.1+0.082 ms clock, 1.1+0.82/0.89/0+0.99 ms cpu, 3->4->2 MB, 4 MB goal, 0 MB stacks, 0 MB globals, 12 P
gc 3745 @12.684s 7%: 0.086+0.53+0.077 ms clock, 1.0+0.88/0.75/0+0.92 ms cpu, 3->4->1 MB, 4 MB goal, 0 MB stacks, 0 MB globals, 12 P
gc 3746 @12.686s 7%: 0.090+1.0+0.077 ms clock, 1.0+0.74/0.90/0+0.93 ms cpu, 3->4->2 MB, 4 MB goal, 0 MB stacks, 0 MB globals, 12 P
gc 3747 @12.689s 7%: 0.095+0.59+0.060 ms clock, 1.1+0.81/1.0/0+0.72 ms cpu, 3->4->1 MB, 4 MB goal, 0 MB stacks, 0 MB globals, 12 P
gc 3748 @12.691s 7%: 0.18+0.49+0.077 ms clock, 2.2+0.75/0.86/0+0.93 ms cpu, 3->3->1 MB, 4 MB goal, 0 MB stacks, 0 MB globals, 12 P
gc 3749 @12.693s 7%: 0.092+1.1+0.078 ms clock, 1.1+0.71/0.92/0+0.94 ms cpu, 3->4->2 MB, 4 MB goal, 0 MB stacks, 0 MB globals, 12 P
gc 3750 @12.695s 7%: 0.090+0.70+0.094 ms clock, 1.0+0.68/0.96/0+1.1 ms cpu, 3->4->1 MB, 4 MB goal, 0 MB stacks, 0 MB globals, 12 P
gc 3751 @12.698s 7%: 0.13+0.90+0.046 ms clock, 1.6+0.67/0.91/0+0.55 ms cpu, 3->3->1 MB, 4 MB goal, 0 MB stacks, 0 MB globals, 12 P
gc 3752 @12.700s 7%: 0.095+0.90+0.059 ms clock, 1.1+0.82/0.79/0+0.71 ms cpu, 3->4->1 MB, 4 MB goal, 0 MB stacks, 0 MB globals, 12 P
gc 3753 @12.702s 7%: 0.13+0.83+0.10 ms clock, 1.5+0.86/0.83/0.027+1.2 ms cpu, 3->4->2 MB, 4 MB goal, 0 MB stacks, 0 MB globals, 12 P
gc 3754 @12.705s 7%: 0.099+0.61+0.12 ms clock, 1.1+0.71/1.0/0+1.5 ms cpu, 3->4->1 MB, 4 MB goal, 0 MB stacks, 0 MB globals, 12 P
gc 3755 @12.707s 7%: 0.12+0.57+0.083 ms clock, 1.4+0.68/0.86/0+1.0 ms cpu, 3->3->1 MB, 4 MB goal, 0 MB stacks, 0 MB globals, 12 P
gc 3756 @12.709s 7%: 0.091+0.56+0.072 ms clock, 1.0+0.81/0.82/0+0.87 ms cpu, 3->3->1 MB, 4 MB goal, 0 MB stacks, 0 MB globals, 12 P
gc 3757 @12.711s 7%: 0.16+1.4+0.093 ms clock, 1.9+0.78/0.79/0+1.1 ms cpu, 3->4->2 MB, 4 MB goal, 0 MB stacks, 0 MB globals, 12 P
gc 3758 @12.714s 7%: 0.097+0.54+0.067 ms clock, 1.1+0.76/0.90/0+0.81 ms cpu, 4->4->1 MB, 5 MB goal, 0 MB stacks, 0 MB globals, 12 P
gc 3759 @12.717s 7%: 0.13+0.62+0.076 ms clock, 1.5+0.66/0.86/0+0.91 ms cpu, 3->3->1 MB, 4 MB goal, 0 MB stacks, 0 MB globals, 12 P
gc 3760 @12.719s 7%: 0.10+0.59+0.072 ms clock, 1.2+0.73/0.90/0+0.87 ms cpu, 3->3->1 MB, 4 MB goal, 0 MB stacks, 0 MB globals, 12 P
gc 3761 @12.720s 7%: 0.085+1.0+0.090 ms clock, 1.0+0.82/0.83/0+1.0 ms cpu, 3->4->2 MB, 4 MB goal, 0 MB stacks, 0 MB globals, 12 P
gc 3762 @12.723s 7%: 0.091+0.48+0.13 ms clock, 1.0+0.83/0.92/0+1.6 ms cpu, 3->4->1 MB, 4 MB goal, 0 MB stacks, 0 MB globals, 12 P
gc 3763 @12.725s 7%: 0.13+0.83+0.087 ms clock, 1.5+0.87/0.95/0+1.0 ms cpu, 3->3->1 MB, 4 MB goal, 0 MB stacks, 0 MB globals, 12 P
gc 3764 @12.727s 7%: 0.10+1.1+0.10 ms clock, 1.2+0.70/0.87/0+1.2 ms cpu, 3->4->2 MB, 4 MB goal, 0 MB stacks, 0 MB globals, 12 P
gc 3765 @12.731s 7%: 0.10+0.98+0.059 ms clock, 1.2+0.68/0.89/0+0.71 ms cpu, 4->4->1 MB, 4 MB goal, 0 MB stacks, 0 MB globals, 12 P
gc 3766 @12.733s 7%: 0.11+0.95+0.12 ms clock, 1.3+0.89/0.78/0+1.5 ms cpu, 3->4->2 MB, 4 MB goal, 0 MB stacks, 0 MB globals, 12 P
gc 3767 @12.736s 7%: 0.076+0.67+0.092 ms clock, 0.91+0.72/0.88/0+1.1 ms cpu, 3->4->1 MB, 4 MB goal, 0 MB stacks, 0 MB globals, 12 P
gc 3768 @12.738s 7%: 0.099+0.50+0.12 ms clock, 1.1+0.93/0.76/0+1.5 ms cpu, 3->3->1 MB, 4 MB goal, 0 MB stacks, 0 MB globals, 12 P
gc 3769 @12.740s 7%: 0.11+0.66+0.11 ms clock, 1.3+0.85/0.93/0+1.4 ms cpu, 3->3->1 MB, 4 MB goal, 0 MB stacks, 0 MB globals, 12 P
gc 3770 @12.742s 7%: 0.14+0.70+0.098 ms clock, 1.7+0.72/0.90/0+1.1 ms cpu, 3->3->1 MB, 4 MB goal, 0 MB stacks, 0 MB globals, 12 P
gc 3771 @12.744s 7%: 0.14+0.96+0.072 ms clock, 1.7+0.76/0.88/0+0.87 ms cpu, 3->4->1 MB, 4 MB goal, 0 MB stacks, 0 MB globals, 12 P
gc 3772 @12.747s 7%: 0.12+0.70+0.10 ms clock, 1.5+0.72/0.81/0+1.2 ms cpu, 3->4->1 MB, 4 MB goal, 0 MB stacks, 0 MB globals, 12 P
gc 3773 @12.749s 7%: 0.098+0.78+0.099 ms clock, 1.1+0.91/0.86/0.005+1.1 ms cpu, 3->4->1 MB, 4 MB goal, 0 MB stacks, 0 MB globals, 12 P
gc 3774 @12.751s 7%: 0.077+0.76+0.097 ms clock, 0.93+1.0/0.75/0+1.1 ms cpu, 3->4->1 MB, 4 MB goal, 0 MB stacks, 0 MB globals, 12 P
gc 3775 @12.753s 7%: 0.12+1.0+0.065 ms clock, 1.4+0.97/0.86/0+0.78 ms cpu, 3->4->2 MB, 4 MB goal, 0 MB stacks, 0 MB globals, 12 P
gc 3776 @12.756s 7%: 0.12+0.51+0.064 ms clock, 1.5+0.74/0.91/0+0.77 ms cpu, 3->4->1 MB, 4 MB goal, 0 MB stacks, 0 MB globals, 12 P
gc 3777 @12.758s 7%: 0.11+0.80+0.086 ms clock, 1.3+0.72/0.97/0+1.0 ms cpu, 3->3->1 MB, 4 MB goal, 0 MB stacks, 0 MB globals, 12 P
gc 3778 @12.761s 7%: 0.12+0.96+0.045 ms clock, 1.5+0.45/0.93/0+0.54 ms cpu, 3->4->2 MB, 4 MB goal, 0 MB stacks, 0 MB globals, 12 P
gc 3779 @12.763s 7%: 0.066+0.60+0.077 ms clock, 0.79+0.69/0.89/0+0.93 ms cpu, 3->4->1 MB, 4 MB goal, 0 MB stacks, 0 MB globals, 12 P
gc 3780 @12.765s 7%: 0.086+0.63+0.11 ms clock, 1.0+0.46/0.98/0+1.4 ms cpu, 3->3->1 MB, 4 MB goal, 0 MB stacks, 0 MB globals, 12 P
gc 3781 @12.767s 7%: 0.082+0.47+0.10 ms clock, 0.99+0.73/0.89/0+1.2 ms cpu, 3->3->1 MB, 4 MB goal, 0 MB stacks, 0 MB globals, 12 P
gc 3782 @12.769s 7%: 0.11+1.2+0.12 ms clock, 1.3+0.72/0.92/0+1.4 ms cpu, 3->4->2 MB, 4 MB goal, 0 MB stacks, 0 MB globals, 12 P
gc 3783 @12.772s 7%: 0.098+0.93+0.073 ms clock, 1.1+0.83/0.83/0+0.88 ms cpu, 4->4->1 MB, 4 MB goal, 0 MB stacks, 0 MB globals, 12 P
gc 3784 @12.775s 7%: 0.089+0.50+0.099 ms clock, 1.0+0.82/0.82/0+1.1 ms cpu, 3->3->1 MB, 4 MB goal, 0 MB stacks, 0 MB globals, 12 P
gc 3785 @12.777s 7%: 0.10+0.73+0.12 ms clock, 1.2+0.68/0.86/0+1.4 ms cpu, 3->3->1 MB, 4 MB goal, 0 MB stacks, 0 MB globals, 12 P
gc 3786 @12.779s 7%: 0.099+0.49+0.072 ms clock, 1.1+0.74/0.81/0+0.86 ms cpu, 3->3->1 MB, 4 MB goal, 0 MB stacks, 0 MB globals, 12 P
gc 3787 @12.781s 7%: 0.090+0.71+0.19 ms clock, 1.0+0.84/0.84/0+2.2 ms cpu, 3->3->1 MB, 4 MB goal, 0 MB stacks, 0 MB globals, 12 P
gc 3788 @12.784s 7%: 0.11+1.1+0.070 ms clock, 1.4+0.77/0.89/0+0.84 ms cpu, 3->4->2 MB, 4 MB goal, 0 MB stacks, 0 MB globals, 12 P
gc 3789 @12.786s 7%: 0.13+0.89+0.093 ms clock, 1.6+0.72/0.87/0+1.1 ms cpu, 3->4->2 MB, 4 MB goal, 0 MB stacks, 0 MB globals, 12 P
gc 3790 @12.789s 7%: 0.11+0.70+0.094 ms clock, 1.3+0.68/0.95/0+1.1 ms cpu, 3->4->1 MB, 4 MB goal, 0 MB stacks, 0 MB globals, 12 P
gc 3791 @12.791s 7%: 0.094+0.53+0.076 ms clock, 1.1+0.84/0.80/0+0.92 ms cpu, 3->3->1 MB, 4 MB goal, 0 MB stacks, 0 MB globals, 12 P
gc 3792 @12.794s 7%: 0.099+0.83+0.069 ms clock, 1.1+0.86/0.69/0+0.83 ms cpu, 3->3->1 MB, 4 MB goal, 0 MB stacks, 0 MB globals, 12 P
gc 3793 @12.796s 7%: 0.17+0.62+0.076 ms clock, 2.1+0.71/0.81/0+0.91 ms cpu, 3->4->1 MB, 4 MB goal, 0 MB stacks, 0 MB globals, 12 P
gc 3794 @12.798s 7%: 0.064+1.0+0.046 ms clock, 0.76+0.65/0.93/0+0.55 ms cpu, 3->4->2 MB, 4 MB goal, 0 MB stacks, 0 MB globals, 12 P
gc 3795 @12.801s 7%: 0.10+0.68+0.077 ms clock, 1.2+0.76/0.83/0+0.93 ms cpu, 3->4->1 MB, 4 MB goal, 0 MB stacks, 0 MB globals, 12 P
gc 3796 @12.803s 7%: 0.12+0.48+0.067 ms clock, 1.5+0.80/0.83/0+0.80 ms cpu, 3->3->1 MB, 4 MB goal, 0 MB stacks, 0 MB globals, 12 P
gc 3797 @12.805s 7%: 0.14+0.56+0.065 ms clock, 1.7+0.67/0.87/0+0.79 ms cpu, 3->3->1 MB, 4 MB goal, 0 MB stacks, 0 MB globals, 12 P
gc 3798 @12.807s 7%: 0.095+0.71+0.10 ms clock, 1.1+0.65/0.93/0+1.3 ms cpu, 3->3->1 MB, 4 MB goal, 0 MB stacks, 0 MB globals, 12 P
gc 3799 @12.809s 7%: 0.072+1.0+0.090 ms clock, 0.87+0.71/0.84/0+1.0 ms cpu, 3->4->2 MB, 4 MB goal, 0 MB stacks, 0 MB globals, 12 P
gc 3800 @12.812s 7%: 0.053+0.70+0.067 ms clock, 0.64+0.81/0.86/0.033+0.80 ms cpu, 3->4->1 MB, 4 MB goal, 0 MB stacks, 0 MB globals, 12 P
gc 3801 @12.814s 7%: 0.092+0.77+0.079 ms clock, 1.1+0.81/1.0/0+0.95 ms cpu, 3->3->1 MB, 4 MB goal, 0 MB stacks, 0 MB globals, 12 P
gc 3802 @12.816s 7%: 0.14+0.78+0.078 ms clock, 1.7+0.61/0.96/0+0.94 ms cpu, 3->4->1 MB, 4 MB goal, 0 MB stacks, 0 MB globals, 12 P
gc 3803 @12.818s 7%: 0.098+0.66+0.10 ms clock, 1.1+0.72/0.97/0+1.2 ms cpu, 3->4->1 MB, 4 MB goal, 0 MB stacks, 0 MB globals, 12 P
gc 3804 @12.820s 7%: 0.069+0.74+0.16 ms clock, 0.83+0.69/0.97/0.008+1.9 ms cpu, 3->3->1 MB, 4 MB goal, 0 MB stacks, 0 MB globals, 12 P
gc 3805 @12.823s 7%: 0.093+0.59+0.13 ms clock, 1.1+0.70/0.89/0+1.5 ms cpu, 3->3->1 MB, 4 MB goal, 0 MB stacks, 0 MB globals, 12 P
gc 3806 @12.825s 7%: 0.069+0.72+0.098 ms clock, 0.83+0.78/0.97/0+1.1 ms cpu, 3->3->1 MB, 4 MB goal, 0 MB stacks, 0 MB globals, 12 P
gc 3807 @12.827s 7%: 0.087+0.89+0.085 ms clock, 1.0+0.77/0.79/0+1.0 ms cpu, 3->4->1 MB, 4 MB goal, 0 MB stacks, 0 MB globals, 12 P
gc 3808 @12.829s 7%: 0.13+0.51+0.078 ms clock, 1.5+0.82/0.71/0+0.93 ms cpu, 3->3->1 MB, 4 MB goal, 0 MB stacks, 0 MB globals, 12 P
gc 3809 @12.831s 7%: 0.15+0.80+0.10 ms clock, 1.8+0.76/0.79/0+1.2 ms cpu, 3->3->1 MB, 4 MB goal, 0 MB stacks, 0 MB globals, 12 P
gc 3810 @12.834s 7%: 0.10+0.59+0.071 ms clock, 1.2+0.68/0.93/0+0.85 ms cpu, 3->4->1 MB, 4 MB goal, 0 MB stacks, 0 MB globals, 12 P
gc 3811 @12.836s 7%: 0.097+0.91+0.095 ms clock, 1.1+0.65/0.86/0+1.1 ms cpu, 3->4->2 MB, 4 MB goal, 0 MB stacks, 0 MB globals, 12 P
gc 3812 @12.838s 7%: 0.090+0.46+0.15 ms clock, 1.0+0.80/0.83/0+1.8 ms cpu, 3->4->1 MB, 4 MB goal, 0 MB stacks, 0 MB globals, 12 P
gc 3813 @12.840s 7%: 0.086+0.98+0.089 ms clock, 1.0+0.71/0.81/0+1.0 ms cpu, 3->3->1 MB, 4 MB goal, 0 MB stacks, 0 MB globals, 12 P
gc 3814 @12.843s 7%: 0.13+0.89+0.10 ms clock, 1.5+0.81/0.81/0+1.2 ms cpu, 3->4->1 MB, 4 MB goal, 0 MB stacks, 0 MB globals, 12 P
gc 3815 @12.845s 7%: 0.11+0.60+0.068 ms clock, 1.4+0.71/0.93/0+0.82 ms cpu, 3->4->1 MB, 4 MB goal, 0 MB stacks, 0 MB globals, 12 P
gc 3816 @12.847s 7%: 0.17+0.58+0.083 ms clock, 2.0+0.61/0.94/0+1.0 ms cpu, 3->3->1 MB, 4 MB goal, 0 MB stacks, 0 MB globals, 12 P
gc 3817 @12.849s 7%: 0.11+0.91+0.096 ms clock, 1.3+0.73/0.81/0+1.1 ms cpu, 3->4->1 MB, 4 MB goal, 0 MB stacks, 0 MB globals, 12 P
gc 3818 @12.852s 7%: 0.15+0.79+0.10 ms clock, 1.8+0.68/0.86/0+1.2 ms cpu, 3->4->1 MB, 4 MB goal, 0 MB stacks, 0 MB globals, 12 P
gc 3819 @12.854s 7%: 0.10+0.57+0.069 ms clock, 1.3+0.73/0.88/0+0.83 ms cpu, 3->4->1 MB, 4 MB goal, 0 MB stacks, 0 MB globals, 12 P
gc 3820 @12.856s 7%: 0.11+0.59+0.12 ms clock, 1.3+0.79/0.90/0+1.5 ms cpu, 3->3->1 MB, 4 MB goal, 0 MB stacks, 0 MB globals, 12 P
gc 3821 @12.858s 7%: 0.069+1.0+0.13 ms clock, 0.82+0.81/0.80/0+1.5 ms cpu, 3->4->2 MB, 4 MB goal, 0 MB stacks, 0 MB globals, 12 P
gc 3822 @12.861s 7%: 0.10+1.0+0.11 ms clock, 1.2+0.70/0.81/0+1.4 ms cpu, 3->4->2 MB, 4 MB goal, 0 MB stacks, 0 MB globals, 12 P
gc 3823 @12.864s 7%: 0.13+0.50+0.11 ms clock, 1.6+0.73/0.87/0+1.4 ms cpu, 3->4->1 MB, 4 MB goal, 0 MB stacks, 0 MB globals, 12 P
gc 3824 @12.866s 7%: 0.18+0.45+0.078 ms clock, 2.2+0.58/0.86/0+0.93 ms cpu, 3->3->1 MB, 4 MB goal, 0 MB stacks, 0 MB globals, 12 P
gc 3825 @12.868s 7%: 0.096+0.50+0.059 ms clock, 1.1+0.63/0.84/0+0.71 ms cpu, 3->3->1 MB, 4 MB goal, 0 MB stacks, 0 MB globals, 12 P
gc 3826 @12.870s 7%: 0.10+1.3+0.15 ms clock, 1.2+0.82/0.97/0+1.8 ms cpu, 3->4->2 MB, 4 MB goal, 0 MB stacks, 0 MB globals, 12 P
gc 3827 @12.873s 7%: 0.11+0.50+0.064 ms clock, 1.3+0.77/0.79/0+0.77 ms cpu, 4->4->1 MB, 5 MB goal, 0 MB stacks, 0 MB globals, 12 P
gc 3828 @12.875s 7%: 0.13+1.0+0.073 ms clock, 1.6+0.71/0.89/0+0.87 ms cpu, 3->4->2 MB, 4 MB goal, 0 MB stacks, 0 MB globals, 12 P
gc 3829 @12.878s 7%: 0.091+0.88+0.071 ms clock, 1.0+0.78/0.87/0+0.86 ms cpu, 3->4->1 MB, 4 MB goal, 0 MB stacks, 0 MB globals, 12 P
gc 3830 @12.881s 7%: 0.16+0.68+0.12 ms clock, 2.0+0.76/0.86/0+1.5 ms cpu, 3->3->1 MB, 4 MB goal, 0 MB stacks, 0 MB globals, 12 P
gc 3831 @12.883s 7%: 0.12+1.2+0.083 ms clock, 1.4+0.74/0.81/0+1.0 ms cpu, 3->4->2 MB, 4 MB goal, 0 MB stacks, 0 MB globals, 12 P
gc 3832 @12.886s 7%: 0.12+1.1+0.088 ms clock, 1.4+0.68/1.2/0+1.0 ms cpu, 4->5->2 MB, 4 MB goal, 0 MB stacks, 0 MB globals, 12 P
gc 3833 @12.889s 7%: 0.094+0.71+0.069 ms clock, 1.1+0.80/0.86/0+0.83 ms cpu, 3->4->1 MB, 4 MB goal, 0 MB stacks, 0 MB globals, 12 P
gc 3834 @12.891s 7%: 0.097+0.94+0.047 ms clock, 1.1+0.70/1.3/0+0.56 ms cpu, 3->4->2 MB, 4 MB goal, 0 MB stacks, 0 MB globals, 12 P
gc 3835 @12.894s 7%: 0.088+0.85+0.024 ms clock, 1.0+0.57/0.94/0+0.29 ms cpu, 3->4->1 MB, 4 MB goal, 0 MB stacks, 0 MB globals, 12 P
gc 3836 @12.896s 7%: 0.12+0.57+0.094 ms clock, 1.4+0.71/0.85/0+1.1 ms cpu, 3->4->1 MB, 4 MB goal, 0 MB stacks, 0 MB globals, 12 P
gc 3837 @12.898s 7%: 0.10+0.44+0.098 ms clock, 1.2+0.74/0.79/0+1.1 ms cpu, 3->3->1 MB, 4 MB goal, 0 MB stacks, 0 MB globals, 12 P
gc 3838 @12.900s 7%: 0.12+0.92+0.074 ms clock, 1.5+0.59/0.93/0+0.89 ms cpu, 3->4->1 MB, 4 MB goal, 0 MB stacks, 0 MB globals, 12 P
gc 3839 @12.903s 7%: 0.098+0.53+0.098 ms clock, 1.1+0.84/0.81/0+1.1 ms cpu, 3->4->1 MB, 4 MB goal, 0 MB stacks, 0 MB globals, 12 P
gc 3840 @12.905s 7%: 0.095+0.61+0.061 ms clock, 1.1+0.64/0.78/0+0.73 ms cpu, 3->3->1 MB, 4 MB goal, 0 MB stacks, 0 MB globals, 12 P
gc 3841 @12.907s 7%: 0.14+0.43+0.077 ms clock, 1.7+1.0/0.81/0+0.92 ms cpu, 3->3->1 MB, 4 MB goal, 0 MB stacks, 0 MB globals, 12 P
gc 3842 @12.909s 7%: 0.093+0.56+0.075 ms clock, 1.1+0.85/0.77/0+0.90 ms cpu, 3->3->1 MB, 4 MB goal, 0 MB stacks, 0 MB globals, 12 P
gc 3843 @12.911s 7%: 0.10+0.59+0.072 ms clock, 1.2+0.64/0.97/0+0.86 ms cpu, 3->3->1 MB, 4 MB goal, 0 MB stacks, 0 MB globals, 12 P
gc 3844 @12.913s 7%: 0.096+0.48+0.12 ms clock, 1.1+0.68/0.84/0+1.4 ms cpu, 3->3->1 MB, 4 MB goal, 0 MB stacks, 0 MB globals, 12 P
gc 3845 @12.915s 7%: 0.099+0.66+0.060 ms clock, 1.1+0.62/0.90/0+0.73 ms cpu, 3->3->1 MB, 4 MB goal, 0 MB stacks, 0 MB globals, 12 P
gc 3846 @12.917s 7%: 0.12+0.59+0.11 ms clock, 1.4+0.84/0.82/0+1.4 ms cpu, 3->3->1 MB, 4 MB goal, 0 MB stacks, 0 MB globals, 12 P
gc 3847 @12.919s 7%: 0.11+0.59+0.071 ms clock, 1.3+0.59/0.99/0+0.85 ms cpu, 3->3->1 MB, 4 MB goal, 0 MB stacks, 0 MB globals, 12 P
gc 3848 @12.921s 7%: 0.16+0.50+0.10 ms clock, 1.9+0.70/0.80/0+1.2 ms cpu, 3->3->1 MB, 4 MB goal, 0 MB stacks, 0 MB globals, 12 P
gc 3849 @12.923s 7%: 0.10+0.82+0.053 ms clock, 1.2+0.70/0.84/0+0.63 ms cpu, 3->4->1 MB, 4 MB goal, 0 MB stacks, 0 MB globals, 12 P
gc 3850 @12.926s 7%: 0.090+0.61+0.068 ms clock, 1.0+0.70/0.93/0+0.82 ms cpu, 3->4->1 MB, 4 MB goal, 0 MB stacks, 0 MB globals, 12 P
gc 3851 @12.928s 7%: 0.11+0.88+0.098 ms clock, 1.3+0.81/0.71/0+1.1 ms cpu, 3->3->1 MB, 4 MB goal, 0 MB stacks, 0 MB globals, 12 P
gc 3852 @12.930s 7%: 0.066+0.88+0.070 ms clock, 0.80+0.68/0.81/0+0.84 ms cpu, 3->4->1 MB, 4 MB goal, 0 MB stacks, 0 MB globals, 12 P
gc 3853 @12.933s 7%: 0.11+0.41+0.10 ms clock, 1.3+0.80/0.75/0+1.2 ms cpu, 3->3->1 MB, 4 MB goal, 0 MB stacks, 0 MB globals, 12 P
gc 3854 @12.935s 7%: 0.091+0.60+0.12 ms clock, 1.0+0.61/0.89/0+1.5 ms cpu, 3->3->1 MB, 4 MB goal, 0 MB stacks, 0 MB globals, 12 P
gc 3855 @12.937s 7%: 0.077+0.50+0.061 ms clock, 0.92+0.64/0.75/0+0.73 ms cpu, 3->3->1 MB, 4 MB goal, 0 MB stacks, 0 MB globals, 12 P
gc 3856 @12.939s 7%: 0.10+0.61+0.092 ms clock, 1.2+0.86/0.80/0+1.1 ms cpu, 3->3->1 MB, 4 MB goal, 0 MB stacks, 0 MB globals, 12 P
gc 3857 @12.941s 7%: 0.15+1.0+0.016 ms clock, 1.8+0.59/0.90/0+0.20 ms cpu, 3->4->2 MB, 4 MB goal, 0 MB stacks, 0 MB globals, 12 P
gc 3858 @12.943s 7%: 0.074+0.91+0.056 ms clock, 0.88+0.68/0.88/0+0.67 ms cpu, 3->4->2 MB, 4 MB goal, 0 MB stacks, 0 MB globals, 12 P
gc 3859 @12.946s 7%: 0.086+0.67+0.074 ms clock, 1.0+0.79/0.88/0+0.88 ms cpu, 3->4->1 MB, 4 MB goal, 0 MB stacks, 0 MB globals, 12 P
gc 3860 @12.948s 7%: 0.088+0.96+0.11 ms clock, 1.0+0.65/0.92/0+1.3 ms cpu, 3->4->2 MB, 4 MB goal, 0 MB stacks, 0 MB globals, 12 P
gc 3861 @12.951s 7%: 0.13+1.1+0.081 ms clock, 1.6+0.62/0.89/0+0.98 ms cpu, 3->4->2 MB, 4 MB goal, 0 MB stacks, 0 MB globals, 12 P
gc 3862 @12.954s 7%: 0.12+0.47+0.079 ms clock, 1.4+0.77/0.87/0+0.95 ms cpu, 3->4->1 MB, 4 MB goal, 0 MB stacks, 0 MB globals, 12 P
gc 3863 @12.956s 7%: 0.081+1.1+0.077 ms clock, 0.97+1.3/0.97/0+0.92 ms cpu, 3->4->2 MB, 4 MB goal, 0 MB stacks, 0 MB globals, 12 P
gc 3864 @12.958s 7%: 0.13+0.52+0.083 ms clock, 1.6+0.77/0.98/0+1.0 ms cpu, 3->4->1 MB, 4 MB goal, 0 MB stacks, 0 MB globals, 12 P
gc 3865 @12.960s 7%: 0.10+0.77+0.089 ms clock, 1.2+0.66/0.87/0+1.0 ms cpu, 3->3->1 MB, 4 MB goal, 0 MB stacks, 0 MB globals, 12 P
gc 3866 @12.963s 7%: 0.10+0.71+0.096 ms clock, 1.2+0.80/0.74/0+1.1 ms cpu, 3->4->1 MB, 4 MB goal, 0 MB stacks, 0 MB globals, 12 P
gc 3867 @12.965s 7%: 0.074+0.75+0.093 ms clock, 0.89+0.79/0.80/0+1.1 ms cpu, 3->4->1 MB, 4 MB goal, 0 MB stacks, 0 MB globals, 12 P
gc 3868 @12.967s 7%: 0.099+0.80+0.10 ms clock, 1.1+0.79/0.81/0+1.2 ms cpu, 3->4->1 MB, 4 MB goal, 0 MB stacks, 0 MB globals, 12 P
gc 3869 @12.970s 7%: 0.086+0.45+0.092 ms clock, 1.0+0.79/0.85/0+1.1 ms cpu, 3->3->1 MB, 4 MB goal, 0 MB stacks, 0 MB globals, 12 P
gc 3870 @12.972s 7%: 0.10+0.56+0.11 ms clock, 1.2+0.84/0.75/0+1.4 ms cpu, 3->3->1 MB, 4 MB goal, 0 MB stacks, 0 MB globals, 12 P
gc 3871 @12.974s 7%: 0.11+0.46+0.050 ms clock, 1.3+0.75/0.85/0+0.60 ms cpu, 3->3->1 MB, 4 MB goal, 0 MB stacks, 0 MB globals, 12 P
gc 3872 @12.976s 7%: 0.10+0.56+0.10 ms clock, 1.2+0.70/0.93/0+1.2 ms cpu, 3->3->1 MB, 4 MB goal, 0 MB stacks, 0 MB globals, 12 P
gc 3873 @12.978s 7%: 0.089+0.53+0.053 ms clock, 1.0+0.59/0.98/0+0.64 ms cpu, 3->3->1 MB, 4 MB goal, 0 MB stacks, 0 MB globals, 12 P
gc 3874 @12.980s 7%: 0.14+1.0+0.087 ms clock, 1.7+0.66/0.82/0+1.0 ms cpu, 3->4->2 MB, 4 MB goal, 0 MB stacks, 0 MB globals, 12 P
gc 3875 @12.983s 7%: 0.10+0.74+0.12 ms clock, 1.2+0.68/1.0/0+1.4 ms cpu, 4->4->1 MB, 4 MB goal, 0 MB stacks, 0 MB globals, 12 P
gc 3876 @12.985s 7%: 0.10+1.0+0.064 ms clock, 1.2+0.78/0.77/0+0.77 ms cpu, 3->4->2 MB, 4 MB goal, 0 MB stacks, 0 MB globals, 12 P
gc 3877 @12.988s 7%: 0.099+0.78+0.10 ms clock, 1.1+0.48/0.97/0+1.2 ms cpu, 3->4->1 MB, 4 MB goal, 0 MB stacks, 0 MB globals, 12 P
gc 3878 @12.990s 7%: 0.13+0.88+0.077 ms clock, 1.5+0.62/0.88/0+0.92 ms cpu, 3->4->1 MB, 4 MB goal, 0 MB stacks, 0 MB globals, 12 P
gc 3879 @12.993s 7%: 0.11+0.43+0.084 ms clock, 1.3+0.82/0.82/0+1.0 ms cpu, 3->3->1 MB, 4 MB goal, 0 MB stacks, 0 MB globals, 12 P
gc 3880 @12.995s 7%: 0.081+1.0+0.068 ms clock, 0.97+0.78/0.83/0+0.81 ms cpu, 3->4->2 MB, 4 MB goal, 0 MB stacks, 0 MB globals, 12 P
gc 3881 @12.997s 7%: 0.088+0.90+0.082 ms clock, 1.0+0.65/0.87/0+0.98 ms cpu, 3->4->1 MB, 4 MB goal, 0 MB stacks, 0 MB globals, 12 P
gc 3882 @13.000s 7%: 0.062+0.75+0.070 ms clock, 0.75+0.64/0.90/0+0.84 ms cpu, 3->4->1 MB, 4 MB goal, 0 MB stacks, 0 MB globals, 12 P
gc 3883 @13.002s 7%: 0.10+0.67+0.11 ms clock, 1.2+0.68/0.85/0+1.4 ms cpu, 3->3->1 MB, 4 MB goal, 0 MB stacks, 0 MB globals, 12 P
gc 3884 @13.004s 7%: 0.085+0.46+0.071 ms clock, 1.0+0.72/0.84/0+0.85 ms cpu, 3->3->1 MB, 4 MB goal, 0 MB stacks, 0 MB globals, 12 P
gc 3885 @13.006s 7%: 0.13+0.58+0.061 ms clock, 1.5+0.77/0.80/0+0.73 ms cpu, 3->3->1 MB, 4 MB goal, 0 MB stacks, 0 MB globals, 12 P
gc 3886 @13.008s 7%: 0.14+0.91+0.10 ms clock, 1.7+0.75/0.77/0+1.2 ms cpu, 3->4->2 MB, 4 MB goal, 0 MB stacks, 0 MB globals, 12 P
gc 3887 @13.011s 7%: 0.10+0.97+0.047 ms clock, 1.2+0.80/0.85/0.012+0.57 ms cpu, 3->4->2 MB, 4 MB goal, 0 MB stacks, 0 MB globals, 12 P
gc 3888 @13.014s 7%: 0.11+0.71+0.11 ms clock, 1.3+0.72/0.83/0+1.3 ms cpu, 3->4->1 MB, 4 MB goal, 0 MB stacks, 0 MB globals, 12 P
gc 3889 @13.016s 7%: 0.12+0.63+0.11 ms clock, 1.4+0.75/0.80/0+1.3 ms cpu, 3->3->1 MB, 4 MB goal, 0 MB stacks, 0 MB globals, 12 P
gc 3890 @13.018s 7%: 0.099+0.88+0.005 ms clock, 1.1+0.83/0.81/0+0.071 ms cpu, 3->3->1 MB, 4 MB goal, 0 MB stacks, 0 MB globals, 12 P
gc 3891 @13.020s 7%: 0.075+0.58+0.11 ms clock, 0.90+0.74/0.89/0+1.3 ms cpu, 3->3->1 MB, 4 MB goal, 0 MB stacks, 0 MB globals, 12 P
gc 3892 @13.022s 7%: 0.088+0.53+0.084 ms clock, 1.0+0.72/0.91/0+1.0 ms cpu, 3->3->1 MB, 4 MB goal, 0 MB stacks, 0 MB globals, 12 P
gc 3893 @13.024s 7%: 0.096+0.53+0.14 ms clock, 1.1+0.71/0.91/0+1.7 ms cpu, 3->3->1 MB, 4 MB goal, 0 MB stacks, 0 MB globals, 12 P
gc 3894 @13.026s 7%: 0.10+0.67+0.12 ms clock, 1.2+0.66/0.90/0+1.4 ms cpu, 3->3->1 MB, 4 MB goal, 0 MB stacks, 0 MB globals, 12 P
gc 3895 @13.029s 7%: 0.090+1.0+0.083 ms clock, 1.0+0.73/1.0/0+1.0 ms cpu, 3->4->2 MB, 4 MB goal, 0 MB stacks, 0 MB globals, 12 P
gc 3896 @13.031s 7%: 0.12+0.54+0.13 ms clock, 1.4+0.59/0.98/0+1.6 ms cpu, 3->4->1 MB, 4 MB goal, 0 MB stacks, 0 MB globals, 12 P
gc 3897 @13.033s 7%: 0.16+1.1+0.078 ms clock, 1.9+0.64/0.86/0+0.94 ms cpu, 3->4->2 MB, 4 MB goal, 0 MB stacks, 0 MB globals, 12 P
gc 3898 @13.036s 7%: 0.075+0.50+0.085 ms clock, 0.90+0.67/0.90/0+1.0 ms cpu, 3->4->1 MB, 4 MB goal, 0 MB stacks, 0 MB globals, 12 P
gc 3899 @13.038s 7%: 0.084+1.0+0.059 ms clock, 1.0+0.72/0.80/0+0.71 ms cpu, 3->3->1 MB, 4 MB goal, 0 MB stacks, 0 MB globals, 12 P
gc 3900 @13.041s 7%: 0.15+0.68+0.13 ms clock, 1.8+0.76/0.82/0+1.5 ms cpu, 3->4->1 MB, 4 MB goal, 0 MB stacks, 0 MB globals, 12 P
gc 3901 @13.043s 7%: 0.15+0.75+0.070 ms clock, 1.9+0.76/0.72/0+0.84 ms cpu, 3->4->1 MB, 4 MB goal, 0 MB stacks, 0 MB globals, 12 P
gc 3902 @13.046s 7%: 0.11+0.67+0.11 ms clock, 1.3+0.74/0.96/0+1.3 ms cpu, 3->4->1 MB, 4 MB goal, 0 MB stacks, 0 MB globals, 12 P
gc 3903 @13.048s 7%: 0.10+0.67+0.080 ms clock, 1.2+1.0/0.83/0+0.96 ms cpu, 3->3->1 MB, 4 MB goal, 0 MB stacks, 0 MB globals, 12 P
gc 3904 @13.050s 7%: 0.085+0.58+0.056 ms clock, 1.0+0.81/0.82/0+0.67 ms cpu, 3->3->1 MB, 4 MB goal, 0 MB stacks, 0 MB globals, 12 P
gc 3905 @13.052s 7%: 0.12+0.43+0.21 ms clock, 1.4+0.82/0.80/0.015+2.5 ms cpu, 3->3->1 MB, 4 MB goal, 0 MB stacks, 0 MB globals, 12 P
gc 3906 @13.054s 7%: 0.096+1.0+0.077 ms clock, 1.1+0.69/0.93/0+0.92 ms cpu, 3->4->2 MB, 4 MB goal, 0 MB stacks, 0 MB globals, 12 P
gc 3907 @13.056s 7%: 0.11+1.1+0.053 ms clock, 1.3+0.69/0.89/0+0.64 ms cpu, 3->4->2 MB, 4 MB goal, 0 MB stacks, 0 MB globals, 12 P
gc 3908 @13.059s 7%: 0.12+0.78+0.080 ms clock, 1.4+0.67/0.87/0+0.97 ms cpu, 3->4->1 MB, 4 MB goal, 0 MB stacks, 0 MB globals, 12 P
gc 3909 @13.061s 7%: 0.13+1.2+0.11 ms clock, 1.6+0.69/0.88/0+1.3 ms cpu, 3->4->2 MB, 4 MB goal, 0 MB stacks, 0 MB globals, 12 P
gc 3910 @13.065s 7%: 0.070+0.62+0.086 ms clock, 0.84+0.70/0.93/0+1.0 ms cpu, 4->4->1 MB, 4 MB goal, 0 MB stacks, 0 MB globals, 12 P
gc 3911 @13.067s 7%: 0.10+1.1+0.073 ms clock, 1.2+0.77/0.88/0+0.87 ms cpu, 3->4->2 MB, 4 MB goal, 0 MB stacks, 0 MB globals, 12 P
gc 3912 @13.070s 7%: 0.097+0.47+0.078 ms clock, 1.1+0.67/0.85/0+0.94 ms cpu, 3->4->1 MB, 4 MB goal, 0 MB stacks, 0 MB globals, 12 P
gc 3913 @13.071s 7%: 0.19+0.61+0.14 ms clock, 2.3+0.67/0.88/0+1.7 ms cpu, 3->3->1 MB, 4 MB goal, 0 MB stacks, 0 MB globals, 12 P
gc 3914 @13.074s 7%: 0.11+1.0+0.12 ms clock, 1.3+0.75/0.87/0+1.5 ms cpu, 3->4->2 MB, 4 MB goal, 0 MB stacks, 0 MB globals, 12 P
gc 3915 @13.076s 7%: 0.13+0.58+0.10 ms clock, 1.6+0.75/0.93/0+1.2 ms cpu, 3->4->1 MB, 4 MB goal, 0 MB stacks, 0 MB globals, 12 P
gc 3916 @13.078s 7%: 0.11+0.56+0.076 ms clock, 1.4+0.76/0.88/0+0.91 ms cpu, 3->3->1 MB, 4 MB goal, 0 MB stacks, 0 MB globals, 12 P
gc 3917 @13.080s 7%: 0.13+0.78+0.067 ms clock, 1.6+0.71/0.97/0+0.81 ms cpu, 3->3->1 MB, 4 MB goal, 0 MB stacks, 0 MB globals, 12 P
gc 3918 @13.083s 7%: 0.16+0.93+0.081 ms clock, 2.0+0.59/0.97/0+0.97 ms cpu, 3->4->1 MB, 4 MB goal, 0 MB stacks, 0 MB globals, 12 P
gc 3919 @13.085s 7%: 0.095+1.2+0.045 ms clock, 1.1+0.82/0.84/0+0.54 ms cpu, 3->4->2 MB, 4 MB goal, 0 MB stacks, 0 MB globals, 12 P
gc 3920 @13.088s 7%: 0.10+1.1+0.093 ms clock, 1.3+0.72/1.4/0+1.1 ms cpu, 3->4->2 MB, 4 MB goal, 0 MB stacks, 0 MB globals, 12 P
gc 3921 @13.091s 7%: 0.10+1.4+0.092 ms clock, 1.2+0.75/0.79/0+1.1 ms cpu, 3->4->2 MB, 4 MB goal, 0 MB stacks, 0 MB globals, 12 P
gc 3922 @13.094s 7%: 0.11+0.50+0.094 ms clock, 1.4+0.82/0.82/0+1.1 ms cpu, 4->4->1 MB, 4 MB goal, 0 MB stacks, 0 MB globals, 12 P
gc 3923 @13.096s 7%: 0.14+0.63+0.067 ms clock, 1.6+0.85/0.82/0+0.80 ms cpu, 3->3->1 MB, 4 MB goal, 0 MB stacks, 0 MB globals, 12 P
gc 3924 @13.098s 7%: 0.10+0.69+0.067 ms clock, 1.2+0.82/0.78/0+0.80 ms cpu, 3->3->1 MB, 4 MB goal, 0 MB stacks, 0 MB globals, 12 P
gc 3925 @13.100s 7%: 0.096+0.58+0.083 ms clock, 1.1+0.72/0.85/0+1.0 ms cpu, 3->3->1 MB, 4 MB goal, 0 MB stacks, 0 MB globals, 12 P
gc 3926 @13.102s 7%: 0.10+1.0+0.041 ms clock, 1.3+1.4/0.89/0+0.49 ms cpu, 3->4->2 MB, 4 MB goal, 0 MB stacks, 0 MB globals, 12 P
gc 3927 @13.105s 7%: 0.12+0.68+0.098 ms clock, 1.4+0.77/0.92/0+1.1 ms cpu, 3->4->1 MB, 4 MB goal, 0 MB stacks, 0 MB globals, 12 P
gc 3928 @13.107s 7%: 0.076+0.97+0.080 ms clock, 0.91+0.76/0.84/0+0.96 ms cpu, 3->4->1 MB, 4 MB goal, 0 MB stacks, 0 MB globals, 12 P
gc 3929 @13.109s 7%: 0.077+1.4+0.10 ms clock, 0.93+0.81/0.77/0+1.2 ms cpu, 3->4->2 MB, 4 MB goal, 0 MB stacks, 0 MB globals, 12 P
gc 3930 @13.112s 7%: 0.11+0.60+0.10 ms clock, 1.3+0.60/0.91/0+1.2 ms cpu, 3->4->1 MB, 4 MB goal, 0 MB stacks, 0 MB globals, 12 P
gc 3931 @13.114s 7%: 0.088+1.1+0.074 ms clock, 1.0+0.79/0.85/0+0.89 ms cpu, 3->4->2 MB, 4 MB goal, 0 MB stacks, 0 MB globals, 12 P
gc 3932 @13.117s 7%: 0.11+0.52+0.077 ms clock, 1.3+0.69/0.89/0+0.92 ms cpu, 3->4->1 MB, 4 MB goal, 0 MB stacks, 0 MB globals, 12 P
gc 3933 @13.119s 7%: 0.10+0.47+0.067 ms clock, 1.2+0.80/0.79/0+0.80 ms cpu, 3->3->1 MB, 4 MB goal, 0 MB stacks, 0 MB globals, 12 P
gc 3934 @13.121s 7%: 0.098+1.0+0.047 ms clock, 1.1+0.61/0.92/0+0.57 ms cpu, 3->4->2 MB, 4 MB goal, 0 MB stacks, 0 MB globals, 12 P
gc 3935 @13.124s 7%: 0.13+0.51+0.090 ms clock, 1.6+0.71/0.87/0+1.0 ms cpu, 3->4->1 MB, 4 MB goal, 0 MB stacks, 0 MB globals, 12 P
gc 3936 @13.126s 7%: 0.13+0.83+0.078 ms clock, 1.6+0.81/0.69/0+0.93 ms cpu, 3->3->1 MB, 4 MB goal, 0 MB stacks, 0 MB globals, 12 P
gc 3937 @13.128s 7%: 0.10+0.62+0.12 ms clock, 1.2+0.68/0.88/0+1.4 ms cpu, 3->3->1 MB, 4 MB goal, 0 MB stacks, 0 MB globals, 12 P
gc 3938 @13.130s 7%: 0.12+0.57+0.093 ms clock, 1.4+0.70/0.83/0+1.1 ms cpu, 3->3->1 MB, 4 MB goal, 0 MB stacks, 0 MB globals, 12 P
gc 3939 @13.132s 7%: 0.071+0.56+0.094 ms clock, 0.86+0.60/0.89/0+1.1 ms cpu, 3->3->1 MB, 4 MB goal, 0 MB stacks, 0 MB globals, 12 P
gc 3940 @13.134s 7%: 0.10+0.42+0.062 ms clock, 1.2+0.75/0.81/0+0.75 ms cpu, 3->3->1 MB, 4 MB goal, 0 MB stacks, 0 MB globals, 12 P
gc 3941 @13.136s 7%: 0.095+0.73+0.056 ms clock, 1.1+0.64/0.93/0+0.67 ms cpu, 3->3->1 MB, 4 MB goal, 0 MB stacks, 0 MB globals, 12 P
gc 3942 @13.138s 7%: 0.12+1.2+0.083 ms clock, 1.4+1.2/0.91/0+1.0 ms cpu, 3->4->2 MB, 4 MB goal, 0 MB stacks, 0 MB globals, 12 P
gc 3943 @13.142s 7%: 0.11+1.8+0.17 ms clock, 1.4+0.68/0.93/0+2.1 ms cpu, 4->5->2 MB, 4 MB goal, 0 MB stacks, 0 MB globals, 12 P
gc 3944 @13.146s 7%: 0.093+1.0+0.044 ms clock, 1.1+0.74/0.95/0+0.53 ms cpu, 4->5->2 MB, 5 MB goal, 0 MB stacks, 0 MB globals, 12 P
gc 3945 @13.148s 7%: 0.12+0.77+0.056 ms clock, 1.4+0.74/0.89/0+0.67 ms cpu, 3->4->1 MB, 4 MB goal, 0 MB stacks, 0 MB globals, 12 P
gc 3946 @13.151s 7%: 0.13+0.97+0.069 ms clock, 1.5+0.78/0.88/0+0.83 ms cpu, 3->4->2 MB, 4 MB goal, 0 MB stacks, 0 MB globals, 12 P
gc 3947 @13.153s 7%: 0.097+0.52+0.060 ms clock, 1.1+0.67/0.80/0.057+0.73 ms cpu, 3->4->1 MB, 4 MB goal, 0 MB stacks, 0 MB globals, 12 P
gc 3948 @13.155s 7%: 0.078+0.50+0.10 ms clock, 0.94+0.75/0.82/0+1.2 ms cpu, 3->3->1 MB, 4 MB goal, 0 MB stacks, 0 MB globals, 12 P
gc 3949 @13.157s 7%: 0.16+0.81+0.055 ms clock, 1.9+0.79/0.76/0+0.67 ms cpu, 3->3->2 MB, 4 MB goal, 0 MB stacks, 0 MB globals, 12 P
gc 3950 @13.160s 7%: 0.14+0.56+0.064 ms clock, 1.7+0.72/0.92/0+0.77 ms cpu, 3->4->1 MB, 4 MB goal, 0 MB stacks, 0 MB globals, 12 P
gc 3951 @13.162s 7%: 0.12+1.0+0.051 ms clock, 1.4+0.69/0.85/0+0.62 ms cpu, 3->4->2 MB, 4 MB goal, 0 MB stacks, 0 MB globals, 12 P
gc 3952 @13.165s 7%: 0.093+0.40+0.052 ms clock, 1.1+0.76/0.77/0+0.63 ms cpu, 3->4->1 MB, 4 MB goal, 0 MB stacks, 0 MB globals, 12 P
gc 3953 @13.167s 7%: 0.10+0.50+0.062 ms clock, 1.2+0.68/0.70/0+0.74 ms cpu, 3->3->1 MB, 4 MB goal, 0 MB stacks, 0 MB globals, 12 P
gc 3954 @13.169s 7%: 0.084+0.41+0.054 ms clock, 1.0+0.30/0.95/0+0.65 ms cpu, 3->3->1 MB, 4 MB goal, 0 MB stacks, 0 MB globals, 12 P
gc 3955 @13.170s 7%: 0.12+0.63+0.069 ms clock, 1.5+0.72/0.92/0+0.83 ms cpu, 3->3->1 MB, 4 MB goal, 0 MB stacks, 0 MB globals, 12 P
gc 3956 @13.172s 7%: 0.10+1.0+0.022 ms clock, 1.2+0.83/0.79/0+0.27 ms cpu, 3->4->2 MB, 4 MB goal, 0 MB stacks, 0 MB globals, 12 P
gc 3957 @13.175s 7%: 0.11+0.76+0.084 ms clock, 1.3+1.0/0.92/0+1.0 ms cpu, 3->4->1 MB, 4 MB goal, 0 MB stacks, 0 MB globals, 12 P
gc 3958 @13.177s 7%: 0.12+0.56+0.089 ms clock, 1.5+0.78/0.77/0+1.0 ms cpu, 3->3->1 MB, 4 MB goal, 0 MB stacks, 0 MB globals, 12 P
gc 3959 @13.179s 7%: 0.11+0.45+0.091 ms clock, 1.4+0.63/0.84/0+1.0 ms cpu, 3->3->1 MB, 4 MB goal, 0 MB stacks, 0 MB globals, 12 P
gc 3960 @13.181s 7%: 0.10+1.0+0.078 ms clock, 1.2+0.82/0.84/0+0.94 ms cpu, 3->4->2 MB, 4 MB goal, 0 MB stacks, 0 MB globals, 12 P
gc 3961 @13.184s 7%: 0.096+0.57+0.074 ms clock, 1.1+0.61/0.88/0+0.89 ms cpu, 3->4->1 MB, 4 MB goal, 0 MB stacks, 0 MB globals, 12 P
gc 3962 @13.186s 7%: 0.072+0.91+0.041 ms clock, 0.87+0.54/0.79/0.051+0.50 ms cpu, 3->4->1 MB, 4 MB goal, 0 MB stacks, 0 MB globals, 12 P
gc 3963 @13.189s 7%: 0.13+0.46+0.056 ms clock, 1.5+0.72/0.80/0+0.68 ms cpu, 3->4->1 MB, 4 MB goal, 0 MB stacks, 0 MB globals, 12 P
gc 3964 @13.191s 7%: 0.097+0.84+0.076 ms clock, 1.1+1.0/0.93/0.002+0.92 ms cpu, 3->3->1 MB, 4 MB goal, 0 MB stacks, 0 MB globals, 12 P
gc 3965 @13.193s 7%: 0.077+0.98+0.082 ms clock, 0.92+0.87/0.81/0+0.98 ms cpu, 3->4->2 MB, 4 MB goal, 0 MB stacks, 0 MB globals, 12 P
gc 3966 @13.195s 7%: 0.10+1.1+0.042 ms clock, 1.2+0.86/0.89/0+0.50 ms cpu, 3->4->2 MB, 4 MB goal, 0 MB stacks, 0 MB globals, 12 P
gc 3967 @13.198s 7%: 0.082+0.60+0.083 ms clock, 0.98+0.73/1.0/0+1.0 ms cpu, 3->4->1 MB, 4 MB goal, 0 MB stacks, 0 MB globals, 12 P
gc 3968 @13.200s 7%: 0.10+0.63+0.078 ms clock, 1.2+0.60/1.0/0+0.94 ms cpu, 3->3->1 MB, 4 MB goal, 0 MB stacks, 0 MB globals, 12 P
gc 3969 @13.202s 7%: 0.13+0.60+0.072 ms clock, 1.6+0.79/0.83/0+0.87 ms cpu, 3->3->1 MB, 4 MB goal, 0 MB stacks, 0 MB globals, 12 P
gc 3970 @13.204s 7%: 0.095+0.61+0.10 ms clock, 1.1+0.61/0.89/0+1.2 ms cpu, 3->3->1 MB, 4 MB goal, 0 MB stacks, 0 MB globals, 12 P
gc 3971 @13.206s 7%: 0.092+0.75+0.072 ms clock, 1.1+0.66/0.99/0+0.86 ms cpu, 3->3->1 MB, 4 MB goal, 0 MB stacks, 0 MB globals, 12 P
gc 3972 @13.209s 7%: 0.096+0.62+0.12 ms clock, 1.1+0.66/0.83/0+1.5 ms cpu, 3->3->1 MB, 4 MB goal, 0 MB stacks, 0 MB globals, 12 P
gc 3973 @13.211s 7%: 0.094+0.70+0.10 ms clock, 1.1+0.61/0.86/0+1.2 ms cpu, 3->3->1 MB, 4 MB goal, 0 MB stacks, 0 MB globals, 12 P
gc 3974 @13.213s 7%: 0.089+0.75+0.092 ms clock, 1.0+0.62/0.89/0+1.1 ms cpu, 3->4->1 MB, 4 MB goal, 0 MB stacks, 0 MB globals, 12 P
gc 3975 @13.215s 7%: 0.11+1.0+0.017 ms clock, 1.4+0.68/0.95/0+0.20 ms cpu, 3->4->2 MB, 4 MB goal, 0 MB stacks, 0 MB globals, 12 P
gc 3976 @13.218s 7%: 0.097+1.1+0.065 ms clock, 1.1+0.79/0.85/0+0.79 ms cpu, 3->4->2 MB, 4 MB goal, 0 MB stacks, 0 MB globals, 12 P
gc 3977 @13.221s 7%: 0.13+0.71+0.11 ms clock, 1.6+0.66/0.88/0+1.4 ms cpu, 3->4->1 MB, 4 MB goal, 0 MB stacks, 0 MB globals, 12 P
gc 3978 @13.223s 7%: 0.12+0.61+0.068 ms clock, 1.5+0.59/0.98/0+0.81 ms cpu, 3->3->1 MB, 4 MB goal, 0 MB stacks, 0 MB globals, 12 P
gc 3979 @13.225s 7%: 0.10+0.51+0.10 ms clock, 1.3+0.46/0.99/0+1.3 ms cpu, 3->3->1 MB, 4 MB goal, 0 MB stacks, 0 MB globals, 12 P
gc 3980 @13.227s 7%: 0.093+1.0+0.054 ms clock, 1.1+0.78/0.84/0+0.65 ms cpu, 3->4->2 MB, 4 MB goal, 0 MB stacks, 0 MB globals, 12 P
gc 3981 @13.230s 7%: 0.15+0.58+0.10 ms clock, 1.8+0.72/1.0/0+1.2 ms cpu, 3->4->1 MB, 4 MB goal, 0 MB stacks, 0 MB globals, 12 P
gc 3982 @13.232s 7%: 0.094+0.40+0.095 ms clock, 1.1+0.81/0.71/0+1.1 ms cpu, 3->3->1 MB, 4 MB goal, 0 MB stacks, 0 MB globals, 12 P
gc 3983 @13.234s 7%: 0.096+0.85+0.10 ms clock, 1.1+0.82/0.81/0+1.2 ms cpu, 3->3->1 MB, 4 MB goal, 0 MB stacks, 0 MB globals, 12 P
gc 3984 @13.236s 7%: 0.098+0.88+0.071 ms clock, 1.1+1.0/0.84/0+0.85 ms cpu, 3->4->1 MB, 4 MB goal, 0 MB stacks, 0 MB globals, 12 P
gc 3985 @13.239s 7%: 0.073+0.78+0.051 ms clock, 0.88+0.78/0.81/0+0.61 ms cpu, 3->4->1 MB, 4 MB goal, 0 MB stacks, 0 MB globals, 12 P
gc 3986 @13.241s 7%: 0.13+1.0+0.097 ms clock, 1.6+0.73/0.94/0+1.1 ms cpu, 3->4->2 MB, 4 MB goal, 0 MB stacks, 0 MB globals, 12 P
gc 3987 @13.244s 7%: 0.11+0.57+0.080 ms clock, 1.4+0.70/0.95/0+0.96 ms cpu, 3->4->1 MB, 4 MB goal, 0 MB stacks, 0 MB globals, 12 P
gc 3988 @13.246s 7%: 0.14+0.60+0.099 ms clock, 1.7+0.74/0.91/0+1.1 ms cpu, 3->3->1 MB, 4 MB goal, 0 MB stacks, 0 MB globals, 12 P
gc 3989 @13.248s 7%: 0.092+0.42+0.065 ms clock, 1.1+1.0/0.74/0+0.78 ms cpu, 3->3->1 MB, 4 MB goal, 0 MB stacks, 0 MB globals, 12 P
gc 3990 @13.250s 7%: 0.080+0.58+0.090 ms clock, 0.96+0.84/0.85/0+1.0 ms cpu, 3->3->1 MB, 4 MB goal, 0 MB stacks, 0 MB globals, 12 P
gc 3991 @13.252s 7%: 0.10+1.1+0.082 ms clock, 1.2+1.6/0.85/0+0.98 ms cpu, 3->4->2 MB, 4 MB goal, 0 MB stacks, 0 MB globals, 12 P
gc 3992 @13.255s 7%: 0.074+0.59+0.11 ms clock, 0.89+0.78/0.91/0+1.4 ms cpu, 4->4->1 MB, 4 MB goal, 0 MB stacks, 0 MB globals, 12 P
gc 3993 @13.257s 7%: 0.10+0.50+0.11 ms clock, 1.2+0.63/0.82/0+1.4 ms cpu, 3->3->1 MB, 4 MB goal, 0 MB stacks, 0 MB globals, 12 P
gc 3994 @13.259s 7%: 0.099+0.49+0.094 ms clock, 1.1+0.76/0.94/0+1.1 ms cpu, 3->3->1 MB, 4 MB goal, 0 MB stacks, 0 MB globals, 12 P
gc 3995 @13.261s 7%: 0.082+0.49+0.10 ms clock, 0.99+0.80/0.86/0+1.2 ms cpu, 3->3->1 MB, 4 MB goal, 0 MB stacks, 0 MB globals, 12 P
gc 3996 @13.263s 7%: 0.081+0.74+0.028 ms clock, 0.97+0.86/0.84/0.009+0.34 ms cpu, 3->3->1 MB, 4 MB goal, 0 MB stacks, 0 MB globals, 12 P
gc 3997 @13.265s 7%: 0.065+0.49+0.10 ms clock, 0.78+0.64/0.90/0+1.2 ms cpu, 3->3->1 MB, 4 MB goal, 0 MB stacks, 0 MB globals, 12 P
gc 3998 @13.267s 7%: 0.10+0.71+0.074 ms clock, 1.3+0.66/0.89/0+0.89 ms cpu, 3->3->1 MB, 4 MB goal, 0 MB stacks, 0 MB globals, 12 P
gc 3999 @13.269s 7%: 0.10+0.56+0.12 ms clock, 1.3+0.77/0.80/0.015+1.5 ms cpu, 3->3->1 MB, 4 MB goal, 0 MB stacks, 0 MB globals, 12 P
gc 4000 @13.272s 7%: 0.13+0.51+0.092 ms clock, 1.6+0.64/0.89/0+1.1 ms cpu, 3->3->1 MB, 4 MB goal, 0 MB stacks, 0 MB globals, 12 P
gc 4001 @13.273s 7%: 0.10+0.58+0.16 ms clock, 1.2+0.77/0.84/0+2.0 ms cpu, 3->3->1 MB, 4 MB goal, 0 MB stacks, 0 MB globals, 12 P
gc 4002 @13.275s 7%: 0.10+0.66+0.066 ms clock, 1.3+0.74/0.83/0+0.79 ms cpu, 3->3->1 MB, 4 MB goal, 0 MB stacks, 0 MB globals, 12 P
gc 4003 @13.278s 7%: 0.10+0.68+0.12 ms clock, 1.2+0.76/1.0/0+1.4 ms cpu, 3->3->1 MB, 4 MB goal, 0 MB stacks, 0 MB globals, 12 P
gc 4004 @13.280s 7%: 0.091+0.52+0.093 ms clock, 1.0+0.80/0.74/0+1.1 ms cpu, 3->3->1 MB, 4 MB goal, 0 MB stacks, 0 MB globals, 12 P
gc 4005 @13.282s 7%: 0.13+1.1+0.033 ms clock, 1.5+0.76/0.90/0+0.40 ms cpu, 3->4->2 MB, 4 MB goal, 0 MB stacks, 0 MB globals, 12 P
gc 4006 @13.285s 7%: 0.070+0.51+0.12 ms clock, 0.84+0.78/0.84/0+1.4 ms cpu, 3->4->1 MB, 4 MB goal, 0 MB stacks, 0 MB globals, 12 P
gc 4007 @13.287s 7%: 0.16+1.0+0.12 ms clock, 1.9+0.69/0.90/0+1.4 ms cpu, 3->4->2 MB, 4 MB goal, 0 MB stacks, 0 MB globals, 12 P
gc 4008 @13.290s 7%: 0.094+1.2+0.047 ms clock, 1.1+1.7/0.97/0+0.56 ms cpu, 3->4->2 MB, 4 MB goal, 0 MB stacks, 0 MB globals, 12 P
gc 4009 @13.293s 7%: 0.10+0.71+0.11 ms clock, 1.2+0.72/0.94/0+1.4 ms cpu, 4->4->1 MB, 4 MB goal, 0 MB stacks, 0 MB globals, 12 P
gc 4010 @13.295s 7%: 0.17+0.78+0.11 ms clock, 2.0+0.82/0.84/0+1.3 ms cpu, 3->3->1 MB, 4 MB goal, 0 MB stacks, 0 MB globals, 12 P
gc 4011 @13.297s 7%: 0.082+0.74+0.076 ms clock, 0.99+0.81/0.85/0+0.91 ms cpu, 3->4->1 MB, 4 MB goal, 0 MB stacks, 0 MB globals, 12 P
gc 4012 @13.299s 7%: 0.17+0.50+0.10 ms clock, 2.1+0.68/0.86/0+1.2 ms cpu, 3->3->1 MB, 4 MB goal, 0 MB stacks, 0 MB globals, 12 P
gc 4013 @13.301s 7%: 0.11+0.54+0.11 ms clock, 1.3+0.86/0.90/0+1.3 ms cpu, 3->3->1 MB, 4 MB goal, 0 MB stacks, 0 MB globals, 12 P
gc 4014 @13.303s 7%: 0.11+0.88+0.036 ms clock, 1.4+0.73/0.84/0+0.44 ms cpu, 3->3->1 MB, 4 MB goal, 0 MB stacks, 0 MB globals, 12 P
gc 4015 @13.306s 7%: 0.12+0.97+0.072 ms clock, 1.4+0.77/0.81/0+0.86 ms cpu, 3->4->1 MB, 4 MB goal, 0 MB stacks, 0 MB globals, 12 P
gc 4016 @13.308s 7%: 0.11+0.73+0.049 ms clock, 1.3+0.72/0.80/0+0.59 ms cpu, 3->3->1 MB, 4 MB goal, 0 MB stacks, 0 MB globals, 12 P
gc 4017 @13.310s 7%: 0.16+0.95+0.10 ms clock, 2.0+0.86/0.74/0+1.2 ms cpu, 3->4->2 MB, 4 MB goal, 0 MB stacks, 0 MB globals, 12 P
gc 4018 @13.313s 7%: 0.10+0.54+0.074 ms clock, 1.2+0.81/0.98/0+0.89 ms cpu, 3->4->1 MB, 4 MB goal, 0 MB stacks, 0 MB globals, 12 P
gc 4019 @13.315s 7%: 0.085+1.2+0.057 ms clock, 1.0+0.78/0.89/0+0.68 ms cpu, 3->4->2 MB, 4 MB goal, 0 MB stacks, 0 MB globals, 12 P
gc 4020 @13.318s 7%: 0.11+0.62+0.041 ms clock, 1.3+0.91/0.84/0+0.50 ms cpu, 3->4->1 MB, 4 MB goal, 0 MB stacks, 0 MB globals, 12 P
gc 4021 @13.320s 7%: 0.084+0.62+0.10 ms clock, 1.0+0.86/0.81/0+1.2 ms cpu, 3->3->1 MB, 4 MB goal, 0 MB stacks, 0 MB globals, 12 P
gc 4022 @13.322s 7%: 0.10+0.58+0.072 ms clock, 1.2+0.74/0.98/0+0.87 ms cpu, 3->3->1 MB, 4 MB goal, 0 MB stacks, 0 MB globals, 12 P
gc 4023 @13.324s 7%: 0.081+0.53+0.13 ms clock, 0.97+0.88/0.70/0+1.6 ms cpu, 3->3->1 MB, 4 MB goal, 0 MB stacks, 0 MB globals, 12 P
gc 4024 @13.326s 7%: 0.21+0.58+0.10 ms clock, 2.5+0.79/0.81/0+1.2 ms cpu, 3->3->1 MB, 4 MB goal, 0 MB stacks, 0 MB globals, 12 P
gc 4025 @13.328s 7%: 0.095+0.93+0.075 ms clock, 1.1+0.73/0.93/0+0.90 ms cpu, 3->4->2 MB, 4 MB goal, 0 MB stacks, 0 MB globals, 12 P
gc 4026 @13.331s 7%: 0.071+0.83+0.10 ms clock, 0.86+0.76/0.82/0+1.2 ms cpu, 3->4->1 MB, 4 MB goal, 0 MB stacks, 0 MB globals, 12 P
gc 4027 @13.333s 7%: 0.12+0.82+0.050 ms clock, 1.4+0.71/0.77/0+0.60 ms cpu, 3->4->1 MB, 4 MB goal, 0 MB stacks, 0 MB globals, 12 P
gc 4028 @13.335s 7%: 0.095+0.55+0.091 ms clock, 1.1+0.74/0.91/0+1.0 ms cpu, 3->4->1 MB, 4 MB goal, 0 MB stacks, 0 MB globals, 12 P
gc 4029 @13.338s 7%: 0.12+0.44+0.060 ms clock, 1.5+0.70/0.80/0+0.72 ms cpu, 3->3->1 MB, 4 MB goal, 0 MB stacks, 0 MB globals, 12 P
gc 4030 @13.340s 7%: 0.10+0.94+0.053 ms clock, 1.2+0.82/0.71/0+0.64 ms cpu, 3->3->2 MB, 4 MB goal, 0 MB stacks, 0 MB globals, 12 P
gc 4031 @13.342s 7%: 0.10+0.56+0.071 ms clock, 1.2+0.79/0.76/0+0.86 ms cpu, 3->4->1 MB, 4 MB goal, 0 MB stacks, 0 MB globals, 12 P
gc 4032 @13.344s 7%: 0.087+0.73+0.10 ms clock, 1.0+0.68/0.92/0+1.2 ms cpu, 3->3->1 MB, 4 MB goal, 0 MB stacks, 0 MB globals, 12 P
gc 4033 @13.346s 7%: 0.092+0.54+0.088 ms clock, 1.1+0.76/0.83/0+1.0 ms cpu, 3->3->1 MB, 4 MB goal, 0 MB stacks, 0 MB globals, 12 P
gc 4034 @13.348s 7%: 0.085+0.76+0.10 ms clock, 1.0+0.99/0.81/0+1.2 ms cpu, 3->3->1 MB, 4 MB goal, 0 MB stacks, 0 MB globals, 12 P
gc 4035 @13.351s 7%: 0.10+0.56+0.094 ms clock, 1.2+0.73/0.84/0+1.1 ms cpu, 3->3->1 MB, 4 MB goal, 0 MB stacks, 0 MB globals, 12 P
gc 4036 @13.353s 7%: 0.11+1.1+0.076 ms clock, 1.3+0.68/0.93/0+0.91 ms cpu, 3->4->2 MB, 4 MB goal, 0 MB stacks, 0 MB globals, 12 P
gc 4037 @13.356s 7%: 0.10+0.53+0.083 ms clock, 1.2+0.95/0.74/0+1.0 ms cpu, 4->4->1 MB, 4 MB goal, 0 MB stacks, 0 MB globals, 12 P
gc 4038 @13.358s 7%: 0.12+1.0+0.098 ms clock, 1.4+1.4/0.99/0+1.1 ms cpu, 3->4->2 MB, 4 MB goal, 0 MB stacks, 0 MB globals, 12 P
gc 4039 @13.361s 7%: 0.097+1.0+0.070 ms clock, 1.1+0.73/0.86/0+0.84 ms cpu, 3->4->2 MB, 4 MB goal, 0 MB stacks, 0 MB globals, 12 P
gc 4040 @13.364s 7%: 0.15+1.4+0.044 ms clock, 1.8+0.69/0.87/0+0.53 ms cpu, 3->4->2 MB, 4 MB goal, 0 MB stacks, 0 MB globals, 12 P
gc 4041 @13.367s 7%: 0.13+1.3+0.079 ms clock, 1.6+0.78/0.94/0+0.95 ms cpu, 4->5->2 MB, 5 MB goal, 0 MB stacks, 0 MB globals, 12 P
gc 4042 @13.370s 7%: 0.16+1.2+0.070 ms clock, 2.0+0.60/0.93/0+0.85 ms cpu, 3->4->2 MB, 4 MB goal, 0 MB stacks, 0 MB globals, 12 P
gc 4043 @13.373s 7%: 0.10+0.91+0.11 ms clock, 1.2+0.69/0.91/0+1.3 ms cpu, 4->4->1 MB, 4 MB goal, 0 MB stacks, 0 MB globals, 12 P
gc 4044 @13.376s 7%: 0.11+1.0+0.071 ms clock, 1.3+0.69/0.86/0+0.85 ms cpu, 3->4->2 MB, 4 MB goal, 0 MB stacks, 0 MB globals, 12 P
gc 4045 @13.378s 7%: 0.096+0.41+0.059 ms clock, 1.1+0.75/0.88/0+0.71 ms cpu, 3->4->1 MB, 4 MB goal, 0 MB stacks, 0 MB globals, 12 P
gc 4046 @13.380s 7%: 0.091+0.49+0.084 ms clock, 1.0+0.83/0.91/0+1.0 ms cpu, 3->3->1 MB, 4 MB goal, 0 MB stacks, 0 MB globals, 12 P
gc 4047 @13.382s 7%: 0.19+0.56+0.082 ms clock, 2.3+0.83/0.82/0+0.99 ms cpu, 3->3->1 MB, 4 MB goal, 0 MB stacks, 0 MB globals, 12 P
gc 4048 @13.384s 7%: 0.14+0.58+0.085 ms clock, 1.7+0.24/0.98/0+1.0 ms cpu, 3->3->1 MB, 4 MB goal, 0 MB stacks, 0 MB globals, 12 P
gc 4049 @13.386s 7%: 0.097+0.67+0.096 ms clock, 1.1+0.72/0.95/0+1.1 ms cpu, 3->3->1 MB, 4 MB goal, 0 MB stacks, 0 MB globals, 12 P
gc 4050 @13.388s 7%: 0.15+1.1+0.076 ms clock, 1.8+0.77/0.93/0+0.91 ms cpu, 3->4->2 MB, 4 MB goal, 0 MB stacks, 0 MB globals, 12 P
gc 4051 @13.391s 7%: 0.12+0.49+0.050 ms clock, 1.4+0.73/0.82/0+0.60 ms cpu, 3->4->1 MB, 4 MB goal, 0 MB stacks, 0 MB globals, 12 P
gc 4052 @13.393s 7%: 0.10+0.93+0.098 ms clock, 1.2+0.76/1.0/0.013+1.1 ms cpu, 3->4->2 MB, 4 MB goal, 0 MB stacks, 0 MB globals, 12 P
gc 4053 @13.396s 7%: 0.11+0.49+0.099 ms clock, 1.3+0.71/0.87/0+1.1 ms cpu, 3->4->1 MB, 4 MB goal, 0 MB stacks, 0 MB globals, 12 P
gc 4054 @13.398s 7%: 0.15+0.56+0.094 ms clock, 1.8+0.74/0.90/0+1.1 ms cpu, 3->3->1 MB, 4 MB goal, 0 MB stacks, 0 MB globals, 12 P
gc 4055 @13.400s 7%: 0.14+1.1+0.13 ms clock, 1.7+1.6/0.81/0+1.5 ms cpu, 3->4->2 MB, 4 MB goal, 0 MB stacks, 0 MB globals, 12 P
gc 4056 @13.403s 7%: 0.092+0.78+0.035 ms clock, 1.1+0.64/0.79/0+0.42 ms cpu, 4->4->1 MB, 4 MB goal, 0 MB stacks, 0 MB globals, 12 P
gc 4057 @13.405s 7%: 0.11+1.0+0.082 ms clock, 1.3+0.79/0.91/0+0.99 ms cpu, 3->4->2 MB, 4 MB goal, 0 MB stacks, 0 MB globals, 12 P
gc 4058 @13.408s 7%: 0.091+1.0+0.041 ms clock, 1.0+0.73/0.90/0+0.50 ms cpu, 3->4->2 MB, 4 MB goal, 0 MB stacks, 0 MB globals, 12 P
gc 4059 @13.411s 7%: 0.14+0.66+0.093 ms clock, 1.7+0.75/0.87/0+1.1 ms cpu, 3->4->1 MB, 4 MB goal, 0 MB stacks, 0 MB globals, 12 P
gc 4060 @13.413s 7%: 0.093+0.65+0.084 ms clock, 1.1+0.64/1.0/0+1.0 ms cpu, 3->3->1 MB, 4 MB goal, 0 MB stacks, 0 MB globals, 12 P
gc 4061 @13.415s 7%: 0.099+1.1+0.065 ms clock, 1.1+0.69/0.82/0+0.79 ms cpu, 3->4->2 MB, 4 MB goal, 0 MB stacks, 0 MB globals, 12 P
gc 4062 @13.418s 7%: 0.084+1.0+0.066 ms clock, 1.0+0.51/0.90/0+0.80 ms cpu, 3->4->2 MB, 4 MB goal, 0 MB stacks, 0 MB globals, 12 P
gc 4063 @13.420s 7%: 0.10+0.70+0.13 ms clock, 1.2+0.77/0.78/0+1.5 ms cpu, 3->4->1 MB, 4 MB goal, 0 MB stacks, 0 MB globals, 12 P
gc 4064 @13.422s 7%: 0.088+1.1+0.11 ms clock, 1.0+0.76/1.0/0+1.3 ms cpu, 3->4->2 MB, 4 MB goal, 0 MB stacks, 0 MB globals, 12 P
gc 4065 @13.425s 7%: 0.085+0.83+0.042 ms clock, 1.0+0.62/0.82/0+0.51 ms cpu, 4->4->1 MB, 4 MB goal, 0 MB stacks, 0 MB globals, 12 P
gc 4066 @13.427s 7%: 0.13+0.52+0.14 ms clock, 1.6+0.74/0.86/0+1.7 ms cpu, 3->3->1 MB, 4 MB goal, 0 MB stacks, 0 MB globals, 12 P
gc 4067 @13.429s 7%: 0.11+0.57+0.10 ms clock, 1.3+0.73/0.88/0+1.2 ms cpu, 3->3->1 MB, 4 MB goal, 0 MB stacks, 0 MB globals, 12 P
gc 4068 @13.432s 7%: 0.10+0.99+0.081 ms clock, 1.2+0.64/0.98/0+0.97 ms cpu, 3->4->2 MB, 4 MB goal, 0 MB stacks, 0 MB globals, 12 P
gc 4069 @13.434s 7%: 0.15+0.67+0.087 ms clock, 1.8+0.84/0.80/0+1.0 ms cpu, 3->4->1 MB, 4 MB goal, 0 MB stacks, 0 MB globals, 12 P
gc 4070 @13.436s 7%: 0.11+0.41+0.12 ms clock, 1.3+0.75/0.78/0+1.5 ms cpu, 3->3->1 MB, 4 MB goal, 0 MB stacks, 0 MB globals, 12 P
gc 4071 @13.438s 7%: 0.12+1.0+0.060 ms clock, 1.4+0.77/0.96/0+0.72 ms cpu, 3->3->2 MB, 4 MB goal, 0 MB stacks, 0 MB globals, 12 P
gc 4072 @13.441s 7%: 0.10+0.51+0.074 ms clock, 1.2+0.79/0.87/0+0.89 ms cpu, 3->4->1 MB, 4 MB goal, 0 MB stacks, 0 MB globals, 12 P
gc 4073 @13.443s 7%: 0.084+1.1+0.057 ms clock, 1.0+1.4/1.0/0+0.68 ms cpu, 3->4->2 MB, 4 MB goal, 0 MB stacks, 0 MB globals, 12 P
gc 4074 @13.445s 7%: 0.10+1.0+0.081 ms clock, 1.2+0.89/0.75/0+0.98 ms cpu, 3->4->2 MB, 4 MB goal, 0 MB stacks, 0 MB globals, 12 P
gc 4075 @13.448s 7%: 0.13+0.92+0.088 ms clock, 1.5+0.59/0.92/0+1.0 ms cpu, 3->4->2 MB, 4 MB goal, 0 MB stacks, 0 MB globals, 12 P
gc 4076 @13.451s 7%: 0.072+0.77+0.10 ms clock, 0.87+0.77/0.93/0+1.2 ms cpu, 3->4->1 MB, 4 MB goal, 0 MB stacks, 0 MB globals, 12 P
gc 4077 @13.453s 7%: 0.13+1.1+0.081 ms clock, 1.5+0.91/1.1/0+0.98 ms cpu, 3->4->2 MB, 4 MB goal, 0 MB stacks, 0 MB globals, 12 P
gc 4078 @13.456s 7%: 0.11+1.5+0.066 ms clock, 1.3+0.62/0.77/0+0.79 ms cpu, 3->4->2 MB, 4 MB goal, 0 MB stacks, 0 MB globals, 12 P
gc 4079 @13.459s 7%: 0.097+0.53+0.063 ms clock, 1.1+0.74/0.79/0+0.75 ms cpu, 4->4->1 MB, 5 MB goal, 0 MB stacks, 0 MB globals, 12 P
gc 4080 @13.461s 7%: 0.16+0.49+0.11 ms clock, 2.0+0.79/0.78/0+1.3 ms cpu, 3->3->1 MB, 4 MB goal, 0 MB stacks, 0 MB globals, 12 P
gc 4081 @13.464s 7%: 0.15+1.0+0.066 ms clock, 1.9+0.95/0.82/0+0.79 ms cpu, 3->4->2 MB, 4 MB goal, 0 MB stacks, 0 MB globals, 12 P
gc 4082 @13.466s 7%: 0.10+1.1+0.10 ms clock, 1.2+0.78/1.0/0+1.3 ms cpu, 3->4->2 MB, 4 MB goal, 0 MB stacks, 0 MB globals, 12 P
gc 4083 @13.469s 7%: 0.10+0.60+0.073 ms clock, 1.2+0.78/0.83/0+0.88 ms cpu, 3->4->1 MB, 4 MB goal, 0 MB stacks, 0 MB globals, 12 P
gc 4084 @13.471s 7%: 0.13+0.52+0.13 ms clock, 1.5+0.78/0.72/0+1.6 ms cpu, 3->3->1 MB, 4 MB goal, 0 MB stacks, 0 MB globals, 12 P
gc 4085 @13.473s 7%: 0.097+0.81+0.089 ms clock, 1.1+0.78/0.84/0+1.0 ms cpu, 3->4->1 MB, 4 MB goal, 0 MB stacks, 0 MB globals, 12 P
gc 4086 @13.475s 7%: 0.086+0.60+0.14 ms clock, 1.0+0.66/0.85/0+1.7 ms cpu, 3->4->1 MB, 4 MB goal, 0 MB stacks, 0 MB globals, 12 P
gc 4087 @13.477s 7%: 0.092+0.71+0.13 ms clock, 1.1+0.71/1.0/0+1.6 ms cpu, 3->3->1 MB, 4 MB goal, 0 MB stacks, 0 MB globals, 12 P
gc 4088 @13.479s 7%: 0.097+0.51+0.13 ms clock, 1.1+0.79/0.82/0+1.6 ms cpu, 3->3->1 MB, 4 MB goal, 0 MB stacks, 0 MB globals, 12 P
gc 4089 @13.481s 7%: 0.15+0.49+0.054 ms clock, 1.8+0.63/0.89/0+0.65 ms cpu, 3->3->1 MB, 4 MB goal, 0 MB stacks, 0 MB globals, 12 P
gc 4090 @13.483s 7%: 0.14+0.52+0.097 ms clock, 1.7+0.84/0.79/0+1.1 ms cpu, 3->3->1 MB, 4 MB goal, 0 MB stacks, 0 MB globals, 12 P
gc 4091 @13.485s 7%: 0.14+0.44+0.092 ms clock, 1.6+0.65/0.81/0+1.1 ms cpu, 3->3->1 MB, 4 MB goal, 0 MB stacks, 0 MB globals, 12 P
gc 4092 @13.487s 7%: 0.050+0.52+0.080 ms clock, 0.60+0.70/0.86/0+0.96 ms cpu, 3->3->1 MB, 4 MB goal, 0 MB stacks, 0 MB globals, 12 P
gc 4093 @13.489s 7%: 0.10+0.57+0.10 ms clock, 1.3+0.63/0.86/0+1.2 ms cpu, 3->3->1 MB, 4 MB goal, 0 MB stacks, 0 MB globals, 12 P
gc 4094 @13.491s 7%: 0.12+0.92+0.067 ms clock, 1.4+0.96/0.80/0+0.81 ms cpu, 3->4->2 MB, 4 MB goal, 0 MB stacks, 0 MB globals, 12 P
gc 4095 @13.494s 7%: 0.13+0.92+0.080 ms clock, 1.6+0.69/0.78/0+0.96 ms cpu, 3->4->2 MB, 4 MB goal, 0 MB stacks, 0 MB globals, 12 P
gc 4096 @13.497s 7%: 0.067+0.53+0.10 ms clock, 0.81+0.65/0.91/0+1.2 ms cpu, 3->4->1 MB, 4 MB goal, 0 MB stacks, 0 MB globals, 12 P
gc 4097 @13.499s 7%: 0.11+1.1+0.037 ms clock, 1.3+0.73/0.76/0+0.45 ms cpu, 3->4->2 MB, 4 MB goal, 0 MB stacks, 0 MB globals, 12 P
gc 4098 @13.502s 7%: 0.093+0.41+0.074 ms clock, 1.1+0.84/0.75/0+0.89 ms cpu, 3->4->1 MB, 4 MB goal, 0 MB stacks, 0 MB globals, 12 P
gc 4099 @13.504s 7%: 0.15+0.98+0.047 ms clock, 1.8+0.78/0.71/0+0.56 ms cpu, 3->4->2 MB, 4 MB goal, 0 MB stacks, 0 MB globals, 12 P
gc 4100 @13.506s 7%: 0.13+1.1+0.064 ms clock, 1.6+0.65/0.86/0+0.77 ms cpu, 3->4->2 MB, 4 MB goal, 0 MB stacks, 0 MB globals, 12 P
gc 4101 @13.509s 7%: 0.11+1.1+0.078 ms clock, 1.4+0.85/0.70/0+0.94 ms cpu, 3->4->2 MB, 4 MB goal, 0 MB stacks, 0 MB globals, 12 P
gc 4102 @13.512s 7%: 0.099+0.91+0.053 ms clock, 1.1+1.2/0.89/0+0.63 ms cpu, 4->4->1 MB, 4 MB goal, 0 MB stacks, 0 MB globals, 12 P
gc 4103 @13.515s 7%: 0.16+1.0+0.11 ms clock, 1.9+0.88/0.79/0+1.3 ms cpu, 3->4->2 MB, 4 MB goal, 0 MB stacks, 0 MB globals, 12 P
gc 4104 @13.517s 7%: 0.10+1.2+0.027 ms clock, 1.2+0.72/0.87/0+0.33 ms cpu, 3->4->2 MB, 4 MB goal, 0 MB stacks, 0 MB globals, 12 P
gc 4105 @13.520s 7%: 0.10+0.91+0.10 ms clock, 1.2+0.66/0.89/0+1.2 ms cpu, 3->4->2 MB, 4 MB goal, 0 MB stacks, 0 MB globals, 12 P
gc 4106 @13.523s 7%: 0.085+0.99+0.13 ms clock, 1.0+0.84/0.91/0+1.5 ms cpu, 3->4->2 MB, 4 MB goal, 0 MB stacks, 0 MB globals, 12 P
gc 4107 @13.525s 7%: 0.076+1.2+0.070 ms clock, 0.91+0.71/0.89/0+0.85 ms cpu, 3->4->2 MB, 4 MB goal, 0 MB stacks, 0 MB globals, 12 P
gc 4108 @13.529s 7%: 0.095+0.51+0.097 ms clock, 1.1+0.86/0.75/0+1.1 ms cpu, 4->4->1 MB, 4 MB goal, 0 MB stacks, 0 MB globals, 12 P
gc 4109 @13.531s 7%: 0.070+0.74+0.096 ms clock, 0.84+0.62/0.91/0+1.1 ms cpu, 3->3->1 MB, 4 MB goal, 0 MB stacks, 0 MB globals, 12 P
gc 4110 @13.533s 7%: 0.093+0.94+0.072 ms clock, 1.1+0.77/1.1/0+0.86 ms cpu, 3->4->2 MB, 4 MB goal, 0 MB stacks, 0 MB globals, 12 P
gc 4111 @13.535s 7%: 0.10+0.93+0.10 ms clock, 1.2+0.68/0.93/0+1.2 ms cpu, 3->4->2 MB, 4 MB goal, 0 MB stacks, 0 MB globals, 12 P
gc 4112 @13.538s 7%: 0.072+0.64+0.067 ms clock, 0.86+0.90/0.73/0+0.81 ms cpu, 3->4->1 MB, 4 MB goal, 0 MB stacks, 0 MB globals, 12 P
gc 4113 @13.540s 7%: 0.12+0.72+0.14 ms clock, 1.4+0.77/0.85/0+1.7 ms cpu, 3->3->1 MB, 4 MB goal, 0 MB stacks, 0 MB globals, 12 P
gc 4114 @13.542s 7%: 0.096+0.70+0.094 ms clock, 1.1+0.78/0.77/0+1.1 ms cpu, 3->3->1 MB, 4 MB goal, 0 MB stacks, 0 MB globals, 12 P
gc 4115 @13.544s 7%: 0.099+1.2+0.099 ms clock, 1.1+0.82/0.74/0+1.1 ms cpu, 3->4->2 MB, 4 MB goal, 0 MB stacks, 0 MB globals, 12 P
gc 4116 @13.548s 7%: 0.13+0.49+0.069 ms clock, 1.6+0.77/0.81/0+0.83 ms cpu, 4->4->1 MB, 4 MB goal, 0 MB stacks, 0 MB globals, 12 P
gc 4117 @13.550s 7%: 0.12+0.62+0.11 ms clock, 1.5+0.82/0.95/0+1.3 ms cpu, 3->3->1 MB, 4 MB goal, 0 MB stacks, 0 MB globals, 12 P
gc 4118 @13.552s 7%: 0.086+0.59+0.094 ms clock, 1.0+0.68/0.92/0+1.1 ms cpu, 3->3->1 MB, 4 MB goal, 0 MB stacks, 0 MB globals, 12 P
gc 4119 @13.553s 7%: 0.087+0.81+0.076 ms clock, 1.0+1.0/0.92/0+0.91 ms cpu, 3->3->1 MB, 4 MB goal, 0 MB stacks, 0 MB globals, 12 P
gc 4120 @13.556s 7%: 0.10+0.51+0.14 ms clock, 1.3+0.67/0.85/0+1.7 ms cpu, 3->3->1 MB, 4 MB goal, 0 MB stacks, 0 MB globals, 12 P
gc 4121 @13.558s 7%: 0.076+0.58+0.12 ms clock, 0.92+0.85/0.88/0+1.5 ms cpu, 3->3->1 MB, 4 MB goal, 0 MB stacks, 0 MB globals, 12 P
gc 4122 @13.560s 7%: 0.10+0.95+0.082 ms clock, 1.2+0.84/0.77/0.003+0.98 ms cpu, 3->4->2 MB, 4 MB goal, 0 MB stacks, 0 MB globals, 12 P
gc 4123 @13.563s 7%: 0.13+1.8+0.046 ms clock, 1.5+1.3/0.82/0+0.55 ms cpu, 3->5->2 MB, 4 MB goal, 0 MB stacks, 0 MB globals, 12 P
gc 4124 @13.566s 7%: 0.074+0.89+0.041 ms clock, 0.89+0.75/0.84/0+0.49 ms cpu, 4->5->1 MB, 5 MB goal, 0 MB stacks, 0 MB globals, 12 P
gc 4125 @13.569s 7%: 0.081+0.61+0.076 ms clock, 0.97+0.78/0.76/0+0.91 ms cpu, 3->4->1 MB, 4 MB goal, 0 MB stacks, 0 MB globals, 12 P
gc 4126 @13.571s 7%: 0.081+0.52+0.12 ms clock, 0.97+0.69/0.85/0+1.5 ms cpu, 3->3->1 MB, 4 MB goal, 0 MB stacks, 0 MB globals, 12 P
gc 4127 @13.573s 7%: 0.074+0.48+0.073 ms clock, 0.88+0.77/0.70/0+0.88 ms cpu, 3->3->1 MB, 4 MB goal, 0 MB stacks, 0 MB globals, 12 P
gc 4128 @13.575s 7%: 0.072+0.66+0.11 ms clock, 0.86+0.76/0.85/0+1.3 ms cpu, 3->3->1 MB, 4 MB goal, 0 MB stacks, 0 MB globals, 12 P
gc 4129 @13.577s 7%: 0.15+0.54+0.048 ms clock, 1.8+0.77/0.81/0+0.57 ms cpu, 3->3->1 MB, 4 MB goal, 0 MB stacks, 0 MB globals, 12 P
gc 4130 @13.579s 7%: 0.11+0.59+0.11 ms clock, 1.3+0.77/0.80/0+1.3 ms cpu, 3->3->1 MB, 4 MB goal, 0 MB stacks, 0 MB globals, 12 P
gc 4131 @13.581s 7%: 0.088+0.80+0.057 ms clock, 1.0+0.68/0.95/0+0.68 ms cpu, 3->3->1 MB, 4 MB goal, 0 MB stacks, 0 MB globals, 12 P
gc 4132 @13.583s 7%: 0.15+1.5+0.12 ms clock, 1.8+0.66/0.84/0+1.4 ms cpu, 3->4->2 MB, 4 MB goal, 0 MB stacks, 0 MB globals, 12 P
gc 4133 @13.587s 7%: 0.080+1.1+0.076 ms clock, 0.96+0.87/1.5/0+0.92 ms cpu, 4->5->2 MB, 5 MB goal, 0 MB stacks, 0 MB globals, 12 P
gc 4134 @13.590s 7%: 0.088+0.83+0.13 ms clock, 1.0+0.80/0.77/0+1.6 ms cpu, 3->4->2 MB, 4 MB goal, 0 MB stacks, 0 MB globals, 12 P
gc 4135 @13.592s 7%: 0.10+1.0+0.088 ms clock, 1.2+0.71/0.87/0+1.0 ms cpu, 3->4->2 MB, 4 MB goal, 0 MB stacks, 0 MB globals, 12 P
gc 4136 @13.595s 7%: 0.081+0.85+0.091 ms clock, 0.98+1.0/0.82/0+1.0 ms cpu, 3->4->1 MB, 4 MB goal, 0 MB stacks, 0 MB globals, 12 P
gc 4137 @13.597s 7%: 0.098+0.92+0.084 ms clock, 1.1+0.74/0.76/0+1.0 ms cpu, 3->4->1 MB, 4 MB goal, 0 MB stacks, 0 MB globals, 12 P
gc 4138 @13.600s 7%: 0.088+0.62+0.13 ms clock, 1.0+0.65/0.93/0+1.6 ms cpu, 3->4->1 MB, 4 MB goal, 0 MB stacks, 0 MB globals, 12 P
gc 4139 @13.602s 7%: 0.16+0.98+0.068 ms clock, 1.9+0.83/0.81/0+0.81 ms cpu, 3->4->2 MB, 4 MB goal, 0 MB stacks, 0 MB globals, 12 P
gc 4140 @13.605s 7%: 0.097+0.83+0.063 ms clock, 1.1+0.81/0.79/0+0.76 ms cpu, 3->4->1 MB, 4 MB goal, 0 MB stacks, 0 MB globals, 12 P
gc 4141 @13.607s 7%: 0.10+0.51+0.10 ms clock, 1.2+0.86/0.77/0+1.2 ms cpu, 3->3->1 MB, 4 MB goal, 0 MB stacks, 0 MB globals, 12 P
gc 4142 @13.609s 7%: 0.089+0.80+0.057 ms clock, 1.0+0.81/0.84/0+0.68 ms cpu, 3->3->1 MB, 4 MB goal, 0 MB stacks, 0 MB globals, 12 P
gc 4143 @13.611s 7%: 0.095+0.96+0.071 ms clock, 1.1+0.75/0.96/0+0.85 ms cpu, 3->4->2 MB, 4 MB goal, 0 MB stacks, 0 MB globals, 12 P
gc 4144 @13.614s 7%: 0.10+0.82+0.11 ms clock, 1.2+0.63/0.92/0+1.3 ms cpu, 4->4->1 MB, 4 MB goal, 0 MB stacks, 0 MB globals, 12 P
gc 4145 @13.616s 7%: 0.12+0.81+0.11 ms clock, 1.5+0.70/0.89/0+1.3 ms cpu, 3->4->1 MB, 4 MB goal, 0 MB stacks, 0 MB globals, 12 P
gc 4146 @13.619s 7%: 0.094+1.1+0.037 ms clock, 1.1+0.97/0.91/0.088+0.44 ms cpu, 3->4->2 MB, 4 MB goal, 0 MB stacks, 0 MB globals, 12 P
gc 4147 @13.622s 7%: 0.10+0.74+0.10 ms clock, 1.2+0.70/0.83/0+1.3 ms cpu, 4->4->1 MB, 4 MB goal, 0 MB stacks, 0 MB globals, 12 P
gc 4148 @13.624s 7%: 0.092+0.56+0.081 ms clock, 1.1+0.94/0.83/0+0.97 ms cpu, 3->3->1 MB, 4 MB goal, 0 MB stacks, 0 MB globals, 12 P
gc 4149 @13.626s 7%: 0.093+0.40+0.12 ms clock, 1.1+0.78/0.78/0+1.4 ms cpu, 3->3->1 MB, 4 MB goal, 0 MB stacks, 0 MB globals, 12 P
gc 4150 @13.628s 7%: 0.10+0.61+0.11 ms clock, 1.2+0.71/0.92/0+1.4 ms cpu, 3->3->1 MB, 4 MB goal, 0 MB stacks, 0 MB globals, 12 P
gc 4151 @13.629s 7%: 0.11+0.63+0.059 ms clock, 1.3+0.72/0.88/0+0.70 ms cpu, 3->3->1 MB, 4 MB goal, 0 MB stacks, 0 MB globals, 12 P
gc 4152 @13.631s 7%: 0.11+1.0+0.067 ms clock, 1.4+0.87/0.76/0+0.80 ms cpu, 3->4->2 MB, 4 MB goal, 0 MB stacks, 0 MB globals, 12 P
gc 4153 @13.634s 7%: 0.10+1.0+0.051 ms clock, 1.2+0.58/0.88/0+0.62 ms cpu, 3->4->2 MB, 4 MB goal, 0 MB stacks, 0 MB globals, 12 P
gc 4154 @13.637s 7%: 0.14+0.71+0.10 ms clock, 1.6+0.77/0.84/0+1.2 ms cpu, 3->4->1 MB, 4 MB goal, 0 MB stacks, 0 MB globals, 12 P
gc 4155 @13.639s 7%: 0.13+0.85+0.067 ms clock, 1.5+0.78/0.79/0+0.81 ms cpu, 3->4->2 MB, 4 MB goal, 0 MB stacks, 0 MB globals, 12 P
gc 4156 @13.642s 7%: 0.12+0.83+0.097 ms clock, 1.4+0.74/0.82/0+1.1 ms cpu, 3->4->1 MB, 4 MB goal, 0 MB stacks, 0 MB globals, 12 P
gc 4157 @13.644s 7%: 0.091+0.49+0.087 ms clock, 1.0+0.80/0.80/0+1.0 ms cpu, 3->3->1 MB, 4 MB goal, 0 MB stacks, 0 MB globals, 12 P
gc 4158 @13.646s 7%: 0.078+1.1+0.082 ms clock, 0.93+0.78/0.90/0+0.98 ms cpu, 3->4->2 MB, 4 MB goal, 0 MB stacks, 0 MB globals, 12 P
gc 4159 @13.649s 7%: 0.11+0.51+0.079 ms clock, 1.3+0.72/0.83/0+0.95 ms cpu, 3->4->1 MB, 4 MB goal, 0 MB stacks, 0 MB globals, 12 P
gc 4160 @13.651s 7%: 0.089+0.59+0.086 ms clock, 1.0+0.81/0.81/0+1.0 ms cpu, 3->3->1 MB, 4 MB goal, 0 MB stacks, 0 MB globals, 12 P
gc 4161 @13.653s 7%: 0.094+1.6+0.10 ms clock, 1.1+0.85/0.79/0+1.3 ms cpu, 3->4->2 MB, 4 MB goal, 0 MB stacks, 0 MB globals, 12 P
gc 4162 @13.656s 7%: 0.11+0.57+0.058 ms clock, 1.3+0.86/0.90/0+0.70 ms cpu, 4->4->1 MB, 5 MB goal, 0 MB stacks, 0 MB globals, 12 P
gc 4163 @13.658s 7%: 0.093+0.93+0.093 ms clock, 1.1+0.85/0.76/0+1.1 ms cpu, 3->3->2 MB, 4 MB goal, 0 MB stacks, 0 MB globals, 12 P
gc 4164 @13.661s 7%: 0.10+0.63+0.072 ms clock, 1.2+0.72/0.88/0+0.86 ms cpu, 3->4->1 MB, 4 MB goal, 0 MB stacks, 0 MB globals, 12 P
gc 4165 @13.663s 7%: 0.14+0.56+0.082 ms clock, 1.7+0.78/0.79/0+0.99 ms cpu, 3->3->1 MB, 4 MB goal, 0 MB stacks, 0 MB globals, 12 P
gc 4166 @13.665s 7%: 0.098+0.78+0.077 ms clock, 1.1+0.84/0.91/0+0.93 ms cpu, 3->3->1 MB, 4 MB goal, 0 MB stacks, 0 MB globals, 12 P
gc 4167 @13.667s 7%: 0.084+0.65+0.12 ms clock, 1.0+0.72/0.83/0+1.5 ms cpu, 3->4->1 MB, 4 MB goal, 0 MB stacks, 0 MB globals, 12 P
gc 4168 @13.669s 7%: 0.11+0.50+0.054 ms clock, 1.3+0.69/0.96/0+0.64 ms cpu, 3->3->1 MB, 4 MB goal, 0 MB stacks, 0 MB globals, 12 P
gc 4169 @13.671s 7%: 0.11+0.66+0.075 ms clock, 1.4+0.83/0.85/0+0.90 ms cpu, 3->3->1 MB, 4 MB goal, 0 MB stacks, 0 MB globals, 12 P
gc 4170 @13.673s 7%: 0.12+0.87+0.091 ms clock, 1.4+0.73/0.79/0+1.0 ms cpu, 3->3->1 MB, 4 MB goal, 0 MB stacks, 0 MB globals, 12 P
gc 4171 @13.676s 7%: 0.11+0.93+0.10 ms clock, 1.3+0.59/1.0/0+1.3 ms cpu, 3->4->1 MB, 4 MB goal, 0 MB stacks, 0 MB globals, 12 P
gc 4172 @13.678s 7%: 0.095+0.79+0.080 ms clock, 1.1+0.74/0.97/0+0.96 ms cpu, 3->4->1 MB, 4 MB goal, 0 MB stacks, 0 MB globals, 12 P
gc 4173 @13.681s 7%: 0.16+1.0+0.10 ms clock, 1.9+1.4/0.85/0+1.2 ms cpu, 3->4->2 MB, 4 MB goal, 0 MB stacks, 0 MB globals, 12 P
gc 4174 @13.683s 7%: 0.10+0.58+0.13 ms clock, 1.2+0.58/0.92/0+1.6 ms cpu, 3->4->1 MB, 4 MB goal, 0 MB stacks, 0 MB globals, 12 P
gc 4175 @13.686s 7%: 0.16+0.78+0.060 ms clock, 1.9+0.68/0.77/0+0.73 ms cpu, 3->3->1 MB, 4 MB goal, 0 MB stacks, 0 MB globals, 12 P
gc 4176 @13.688s 7%: 0.10+0.45+0.13 ms clock, 1.2+0.67/0.79/0.008+1.5 ms cpu, 3->3->1 MB, 4 MB goal, 0 MB stacks, 0 MB globals, 12 P
gc 4177 @13.690s 7%: 0.075+0.49+0.084 ms clock, 0.91+0.82/1.0/0+1.0 ms cpu, 3->3->1 MB, 4 MB goal, 0 MB stacks, 0 MB globals, 12 P
gc 4178 @13.692s 7%: 0.10+0.50+0.068 ms clock, 1.2+0.71/0.83/0+0.82 ms cpu, 3->3->1 MB, 4 MB goal, 0 MB stacks, 0 MB globals, 12 P
gc 4179 @13.694s 7%: 0.12+0.87+0.063 ms clock, 1.4+0.61/0.94/0+0.76 ms cpu, 3->3->1 MB, 4 MB goal, 0 MB stacks, 0 MB globals, 12 P
gc 4180 @13.696s 7%: 0.076+0.76+0.093 ms clock, 0.91+0.70/0.88/0+1.1 ms cpu, 3->4->1 MB, 4 MB goal, 0 MB stacks, 0 MB globals, 12 P
gc 4181 @13.698s 7%: 0.092+0.81+0.075 ms clock, 1.1+0.66/0.93/0+0.90 ms cpu, 3->4->1 MB, 4 MB goal, 0 MB stacks, 0 MB globals, 12 P
gc 4182 @13.701s 7%: 0.096+0.92+0.046 ms clock, 1.1+0.50/1.0/0+0.56 ms cpu, 3->4->2 MB, 4 MB goal, 0 MB stacks, 0 MB globals, 12 P
gc 4183 @13.704s 7%: 0.12+0.71+0.085 ms clock, 1.5+0.74/0.98/0+1.0 ms cpu, 3->4->1 MB, 4 MB goal, 0 MB stacks, 0 MB globals, 12 P
gc 4184 @13.706s 7%: 0.12+0.65+0.062 ms clock, 1.4+0.77/0.92/0+0.75 ms cpu, 3->3->1 MB, 4 MB goal, 0 MB stacks, 0 MB globals, 12 P
gc 4185 @13.708s 7%: 0.10+0.45+0.057 ms clock, 1.2+0.74/0.83/0+0.68 ms cpu, 3->3->1 MB, 4 MB goal, 0 MB stacks, 0 MB globals, 12 P
gc 4186 @13.710s 7%: 0.10+0.76+0.096 ms clock, 1.2+0.61/0.94/0+1.1 ms cpu, 3->3->1 MB, 4 MB goal, 0 MB stacks, 0 MB globals, 12 P
gc 4187 @13.712s 7%: 0.11+0.66+0.11 ms clock, 1.4+0.73/0.74/0+1.3 ms cpu, 3->3->1 MB, 4 MB goal, 0 MB stacks, 0 MB globals, 12 P
gc 4188 @13.714s 7%: 0.10+0.54+0.056 ms clock, 1.2+0.68/0.95/0+0.67 ms cpu, 3->3->1 MB, 4 MB goal, 0 MB stacks, 0 MB globals, 12 P
gc 4189 @13.716s 7%: 0.087+0.57+0.072 ms clock, 1.0+0.66/0.89/0+0.86 ms cpu, 3->3->1 MB, 4 MB goal, 0 MB stacks, 0 MB globals, 12 P
gc 4190 @13.718s 7%: 0.12+0.59+0.12 ms clock, 1.5+0.66/0.89/0+1.5 ms cpu, 3->3->1 MB, 4 MB goal, 0 MB stacks, 0 MB globals, 12 P
gc 4191 @13.720s 7%: 0.10+0.67+0.097 ms clock, 1.2+0.71/0.83/0+1.1 ms cpu, 3->3->1 MB, 4 MB goal, 0 MB stacks, 0 MB globals, 12 P
gc 4192 @13.722s 7%: 0.10+0.75+0.10 ms clock, 1.2+0.67/0.87/0+1.2 ms cpu, 3->3->1 MB, 4 MB goal, 0 MB stacks, 0 MB globals, 12 P
gc 4193 @13.724s 7%: 0.15+0.67+0.048 ms clock, 1.9+0.65/0.80/0+0.58 ms cpu, 3->3->1 MB, 4 MB goal, 0 MB stacks, 0 MB globals, 12 P
gc 4194 @13.726s 7%: 0.13+0.79+0.13 ms clock, 1.6+0.82/0.94/0+1.6 ms cpu, 3->4->1 MB, 4 MB goal, 0 MB stacks, 0 MB globals, 12 P
gc 4195 @13.729s 7%: 0.088+1.3+0.092 ms clock, 1.0+0.89/0.62/0+1.1 ms cpu, 3->4->2 MB, 4 MB goal, 0 MB stacks, 0 MB globals, 12 P
gc 4196 @13.732s 7%: 0.091+0.57+0.060 ms clock, 1.1+0.71/0.94/0+0.73 ms cpu, 4->4->1 MB, 4 MB goal, 0 MB stacks, 0 MB globals, 12 P
gc 4197 @13.734s 7%: 0.13+1.5+0.060 ms clock, 1.5+0.76/0.71/0+0.72 ms cpu, 3->4->2 MB, 4 MB goal, 0 MB stacks, 0 MB globals, 12 P
gc 4198 @13.738s 7%: 0.10+0.83+0.11 ms clock, 1.2+0.73/0.78/0.025+1.3 ms cpu, 4->4->1 MB, 5 MB goal, 0 MB stacks, 0 MB globals, 12 P
gc 4199 @13.740s 7%: 0.14+0.49+0.076 ms clock, 1.7+0.87/0.85/0+0.91 ms cpu, 3->3->1 MB, 4 MB goal, 0 MB stacks, 0 MB globals, 12 P
gc 4200 @13.742s 7%: 0.13+0.50+0.072 ms clock, 1.6+0.65/0.89/0+0.87 ms cpu, 3->3->1 MB, 4 MB goal, 0 MB stacks, 0 MB globals, 12 P
gc 4201 @13.744s 7%: 0.11+0.94+0.096 ms clock, 1.3+0.96/0.78/0+1.1 ms cpu, 3->3->1 MB, 4 MB goal, 0 MB stacks, 0 MB globals, 12 P
gc 4202 @13.746s 7%: 0.087+1.1+0.057 ms clock, 1.0+0.70/0.89/0+0.68 ms cpu, 3->4->2 MB, 4 MB goal, 0 MB stacks, 0 MB globals, 12 P
gc 4203 @13.749s 7%: 0.10+1.1+0.095 ms clock, 1.2+0.82/0.82/0+1.1 ms cpu, 3->4->2 MB, 4 MB goal, 0 MB stacks, 0 MB globals, 12 P
gc 4204 @13.752s 7%: 0.084+0.51+0.10 ms clock, 1.0+0.70/0.83/0+1.2 ms cpu, 3->4->1 MB, 4 MB goal, 0 MB stacks, 0 MB globals, 12 P
gc 4205 @13.754s 7%: 0.091+0.48+0.066 ms clock, 1.1+1.1/0.95/0+0.79 ms cpu, 3->3->1 MB, 4 MB goal, 0 MB stacks, 0 MB globals, 12 P
gc 4206 @13.756s 7%: 0.13+1.1+0.11 ms clock, 1.5+0.67/0.97/0+1.4 ms cpu, 3->4->2 MB, 4 MB goal, 0 MB stacks, 0 MB globals, 12 P
gc 4207 @13.759s 7%: 0.10+1.2+0.12 ms clock, 1.2+0.69/0.91/0+1.5 ms cpu, 4->5->2 MB, 4 MB goal, 0 MB stacks, 0 MB globals, 12 P
gc 4208 @13.762s 7%: 0.11+0.51+0.057 ms clock, 1.3+0.71/0.84/0+0.69 ms cpu, 4->4->1 MB, 4 MB goal, 0 MB stacks, 0 MB globals, 12 P
gc 4209 @13.764s 7%: 0.096+0.69+0.067 ms clock, 1.1+0.91/1.0/0+0.81 ms cpu, 3->3->1 MB, 4 MB goal, 0 MB stacks, 0 MB globals, 12 P
gc 4210 @13.766s 7%: 0.078+1.2+0.066 ms clock, 0.94+1.6/0.94/0+0.80 ms cpu, 3->4->2 MB, 4 MB goal, 0 MB stacks, 0 MB globals, 12 P
gc 4211 @13.769s 7%: 0.089+0.68+0.12 ms clock, 1.0+0.87/0.78/0+1.5 ms cpu, 4->4->1 MB, 4 MB goal, 0 MB stacks, 0 MB globals, 12 P
gc 4212 @13.771s 7%: 0.13+0.92+0.12 ms clock, 1.6+0.87/0.68/0+1.5 ms cpu, 3->4->2 MB, 4 MB goal, 0 MB stacks, 0 MB globals, 12 P
gc 4213 @13.774s 7%: 0.13+0.66+0.072 ms clock, 1.6+0.78/0.80/0.043+0.86 ms cpu, 3->4->1 MB, 4 MB goal, 0 MB stacks, 0 MB globals, 12 P
gc 4214 @13.776s 7%: 0.087+0.38+0.073 ms clock, 1.0+0.71/0.75/0+0.88 ms cpu, 3->3->1 MB, 4 MB goal, 0 MB stacks, 0 MB globals, 12 P
gc 4215 @13.777s 7%: 0.11+0.58+0.17 ms clock, 1.3+0.75/0.90/0+2.1 ms cpu, 3->3->1 MB, 4 MB goal, 0 MB stacks, 0 MB globals, 12 P
gc 4216 @13.780s 7%: 0.10+0.92+0.082 ms clock, 1.2+0.85/0.76/0+0.99 ms cpu, 3->4->2 MB, 4 MB goal, 0 MB stacks, 0 MB globals, 12 P
gc 4217 @13.782s 7%: 0.096+0.82+0.050 ms clock, 1.1+0.70/0.88/0.036+0.60 ms cpu, 3->4->1 MB, 4 MB goal, 0 MB stacks, 0 MB globals, 12 P
gc 4218 @13.785s 7%: 0.12+0.53+0.17 ms clock, 1.4+0.65/0.91/0+2.1 ms cpu, 3->3->1 MB, 4 MB goal, 0 MB stacks, 0 MB globals, 12 P
gc 4219 @13.787s 7%: 0.10+0.74+0.067 ms clock, 1.2+0.82/0.81/0+0.80 ms cpu, 3->3->1 MB, 4 MB goal, 0 MB stacks, 0 MB globals, 12 P
gc 4220 @13.789s 7%: 0.11+1.2+0.10 ms clock, 1.4+0.72/0.87/0+1.2 ms cpu, 3->4->2 MB, 4 MB goal, 0 MB stacks, 0 MB globals, 12 P
gc 4221 @13.792s 7%: 0.097+0.66+0.076 ms clock, 1.1+0.82/0.85/0+0.91 ms cpu, 4->4->1 MB, 4 MB goal, 0 MB stacks, 0 MB globals, 12 P
gc 4222 @13.794s 7%: 0.11+0.56+0.095 ms clock, 1.3+0.91/0.78/0+1.1 ms cpu, 3->3->1 MB, 4 MB goal, 0 MB stacks, 0 MB globals, 12 P
gc 4223 @13.796s 7%: 0.13+0.71+0.078 ms clock, 1.5+0.75/0.81/0+0.94 ms cpu, 3->3->1 MB, 4 MB goal, 0 MB stacks, 0 MB globals, 12 P
gc 4224 @13.798s 7%: 0.099+0.47+0.051 ms clock, 1.1+0.69/0.82/0+0.61 ms cpu, 3->3->1 MB, 4 MB goal, 0 MB stacks, 0 MB globals, 12 P
gc 4225 @13.800s 7%: 0.10+0.72+0.097 ms clock, 1.2+0.66/0.88/0+1.1 ms cpu, 3->3->1 MB, 4 MB goal, 0 MB stacks, 0 MB globals, 12 P
gc 4226 @13.803s 7%: 0.11+0.89+0.10 ms clock, 1.4+0.90/0.75/0+1.2 ms cpu, 3->4->2 MB, 4 MB goal, 0 MB stacks, 0 MB globals, 12 P
gc 4227 @13.805s 7%: 0.19+0.60+0.075 ms clock, 2.3+0.69/0.85/0+0.90 ms cpu, 3->4->1 MB, 4 MB goal, 0 MB stacks, 0 MB globals, 12 P
gc 4228 @13.807s 7%: 0.14+0.73+0.089 ms clock, 1.7+0.74/0.93/0+1.0 ms cpu, 3->4->1 MB, 4 MB goal, 0 MB stacks, 0 MB globals, 12 P
gc 4229 @13.810s 7%: 0.14+1.2+0.050 ms clock, 1.7+0.67/0.91/0.030+0.61 ms cpu, 3->4->2 MB, 4 MB goal, 0 MB stacks, 0 MB globals, 12 P
gc 4230 @13.813s 7%: 0.097+0.64+0.12 ms clock, 1.1+0.77/0.79/0+1.5 ms cpu, 3->4->1 MB, 4 MB goal, 0 MB stacks, 0 MB globals, 12 P
gc 4231 @13.815s 7%: 0.13+0.57+0.060 ms clock, 1.6+0.74/0.94/0+0.73 ms cpu, 3->3->1 MB, 4 MB goal, 0 MB stacks, 0 MB globals, 12 P
gc 4232 @13.817s 7%: 0.10+1.0+0.070 ms clock, 1.2+0.68/0.92/0+0.84 ms cpu, 3->3->2 MB, 4 MB goal, 0 MB stacks, 0 MB globals, 12 P
gc 4233 @13.819s 7%: 0.085+1.1+0.13 ms clock, 1.0+0.62/0.94/0+1.6 ms cpu, 3->4->2 MB, 4 MB goal, 0 MB stacks, 0 MB globals, 12 P
gc 4234 @13.822s 7%: 0.10+0.61+0.065 ms clock, 1.2+0.73/0.83/0+0.78 ms cpu, 3->4->1 MB, 4 MB goal, 0 MB stacks, 0 MB globals, 12 P
gc 4235 @13.825s 7%: 0.15+0.67+0.10 ms clock, 1.8+0.65/0.90/0+1.3 ms cpu, 3->3->1 MB, 4 MB goal, 0 MB stacks, 0 MB globals, 12 P
gc 4236 @13.827s 7%: 0.15+0.55+0.084 ms clock, 1.8+0.81/0.83/0+1.0 ms cpu, 3->3->1 MB, 4 MB goal, 0 MB stacks, 0 MB globals, 12 P
gc 4237 @13.829s 7%: 0.14+0.71+0.081 ms clock, 1.7+0.77/0.84/0+0.97 ms cpu, 3->3->1 MB, 4 MB goal, 0 MB stacks, 0 MB globals, 12 P
gc 4238 @13.831s 7%: 0.089+0.57+0.12 ms clock, 1.0+0.60/0.85/0.017+1.5 ms cpu, 3->3->1 MB, 4 MB goal, 0 MB stacks, 0 MB globals, 12 P
gc 4239 @13.833s 7%: 0.11+0.43+0.098 ms clock, 1.3+0.82/0.72/0+1.1 ms cpu, 3->3->1 MB, 4 MB goal, 0 MB stacks, 0 MB globals, 12 P
gc 4240 @13.835s 7%: 0.10+0.56+0.082 ms clock, 1.2+0.83/0.82/0+0.99 ms cpu, 3->3->1 MB, 4 MB goal, 0 MB stacks, 0 MB globals, 12 P
gc 4241 @13.837s 7%: 0.077+0.73+0.073 ms clock, 0.92+0.59/0.91/0+0.87 ms cpu, 3->3->1 MB, 4 MB goal, 0 MB stacks, 0 MB globals, 12 P
gc 4242 @13.839s 7%: 0.094+1.3+0.058 ms clock, 1.1+0.72/0.83/0+0.69 ms cpu, 3->4->2 MB, 4 MB goal, 0 MB stacks, 0 MB globals, 12 P
gc 4243 @13.842s 7%: 0.11+0.54+0.10 ms clock, 1.3+0.90/0.86/0+1.2 ms cpu, 4->4->1 MB, 5 MB goal, 0 MB stacks, 0 MB globals, 12 P
gc 4244 @13.844s 7%: 0.10+0.75+0.050 ms clock, 1.3+0.65/0.86/0+0.60 ms cpu, 3->3->1 MB, 4 MB goal, 0 MB stacks, 0 MB globals, 12 P
gc 4245 @13.847s 7%: 0.083+0.49+0.10 ms clock, 0.99+0.86/0.74/0+1.2 ms cpu, 3->3->1 MB, 4 MB goal, 0 MB stacks, 0 MB globals, 12 P
gc 4246 @13.848s 7%: 0.10+0.55+0.073 ms clock, 1.2+0.73/0.92/0+0.88 ms cpu, 3->3->1 MB, 4 MB goal, 0 MB stacks, 0 MB globals, 12 P
gc 4247 @13.850s 7%: 0.092+0.42+0.067 ms clock, 1.1+0.74/0.82/0+0.80 ms cpu, 3->3->1 MB, 4 MB goal, 0 MB stacks, 0 MB globals, 12 P
gc 4248 @13.852s 7%: 0.091+0.95+0.089 ms clock, 1.0+0.70/0.88/0+1.0 ms cpu, 3->4->2 MB, 4 MB goal, 0 MB stacks, 0 MB globals, 12 P
gc 4249 @13.855s 7%: 0.095+0.36+0.066 ms clock, 1.1+0.84/0.72/0+0.80 ms cpu, 3->3->1 MB, 4 MB goal, 0 MB stacks, 0 MB globals, 12 P
gc 4250 @13.857s 7%: 0.094+0.76+0.084 ms clock, 1.1+0.79/0.80/0+1.0 ms cpu, 3->3->1 MB, 4 MB goal, 0 MB stacks, 0 MB globals, 12 P
gc 4251 @13.859s 7%: 0.10+0.57+0.11 ms clock, 1.3+0.76/0.94/0+1.3 ms cpu, 3->4->1 MB, 4 MB goal, 0 MB stacks, 0 MB globals, 12 P
gc 4252 @13.861s 7%: 0.073+0.53+0.10 ms clock, 0.88+0.73/0.81/0+1.2 ms cpu, 3->3->1 MB, 4 MB goal, 0 MB stacks, 0 MB globals, 12 P
gc 4253 @13.864s 7%: 0.10+0.54+0.076 ms clock, 1.2+0.76/0.76/0.001+0.91 ms cpu, 3->3->1 MB, 4 MB goal, 0 MB stacks, 0 MB globals, 12 P
gc 4254 @13.866s 7%: 0.10+0.99+0.065 ms clock, 1.3+0.75/0.89/0+0.78 ms cpu, 3->4->1 MB, 4 MB goal, 0 MB stacks, 0 MB globals, 12 P
gc 4255 @13.868s 7%: 0.084+1.3+0.052 ms clock, 1.0+0.76/0.91/0+0.62 ms cpu, 3->4->2 MB, 4 MB goal, 0 MB stacks, 0 MB globals, 12 P
gc 4256 @13.871s 7%: 0.082+0.54+0.091 ms clock, 0.99+0.58/0.83/0+1.1 ms cpu, 4->4->1 MB, 4 MB goal, 0 MB stacks, 0 MB globals, 12 P
gc 4257 @13.873s 7%: 0.090+1.1+0.035 ms clock, 1.0+0.59/0.94/0+0.42 ms cpu, 3->4->2 MB, 4 MB goal, 0 MB stacks, 0 MB globals, 12 P
gc 4258 @13.876s 7%: 0.089+0.64+0.081 ms clock, 1.0+0.85/0.86/0+0.97 ms cpu, 4->4->1 MB, 4 MB goal, 0 MB stacks, 0 MB globals, 12 P
gc 4259 @13.878s 7%: 0.13+1.2+0.078 ms clock, 1.6+1.8/1.1/0+0.94 ms cpu, 3->4->2 MB, 4 MB goal, 0 MB stacks, 0 MB globals, 12 P
gc 4260 @13.881s 7%: 0.13+0.53+0.068 ms clock, 1.6+0.62/0.89/0+0.81 ms cpu, 3->4->1 MB, 4 MB goal, 0 MB stacks, 0 MB globals, 12 P
gc 4261 @13.883s 7%: 0.082+0.47+0.065 ms clock, 0.98+0.72/0.86/0+0.78 ms cpu, 3->3->1 MB, 4 MB goal, 0 MB stacks, 0 MB globals, 12 P
gc 4262 @13.885s 7%: 0.087+0.82+0.11 ms clock, 1.0+0.55/0.98/0+1.3 ms cpu, 3->3->1 MB, 4 MB goal, 0 MB stacks, 0 MB globals, 12 P
gc 4263 @13.887s 7%: 0.093+0.49+0.10 ms clock, 1.1+0.70/0.88/0+1.2 ms cpu, 3->4->1 MB, 4 MB goal, 0 MB stacks, 0 MB globals, 12 P
gc 4264 @13.889s 7%: 0.12+0.66+0.093 ms clock, 1.5+0.82/0.72/0+1.1 ms cpu, 3->3->1 MB, 4 MB goal, 0 MB stacks, 0 MB globals, 12 P
gc 4265 @13.891s 7%: 0.096+0.64+0.073 ms clock, 1.1+0.69/0.81/0+0.88 ms cpu, 3->3->1 MB, 4 MB goal, 0 MB stacks, 0 MB globals, 12 P
gc 4266 @13.893s 7%: 0.16+1.0+0.060 ms clock, 2.0+0.74/0.86/0+0.72 ms cpu, 3->4->2 MB, 4 MB goal, 0 MB stacks, 0 MB globals, 12 P
gc 4267 @13.896s 7%: 0.10+1.0+0.067 ms clock, 1.3+0.82/0.78/0+0.80 ms cpu, 3->4->2 MB, 4 MB goal, 0 MB stacks, 0 MB globals, 12 P
gc 4268 @13.899s 7%: 0.093+0.99+0.060 ms clock, 1.1+0.83/0.81/0+0.73 ms cpu, 3->4->1 MB, 4 MB goal, 0 MB stacks, 0 MB globals, 12 P
gc 4269 @13.901s 7%: 0.11+0.67+0.048 ms clock, 1.3+0.63/0.92/0+0.57 ms cpu, 3->4->1 MB, 4 MB goal, 0 MB stacks, 0 MB globals, 12 P
gc 4270 @13.904s 7%: 0.087+0.75+0.16 ms clock, 1.0+0.57/0.92/0+1.9 ms cpu, 3->4->1 MB, 4 MB goal, 0 MB stacks, 0 MB globals, 12 P
gc 4271 @13.906s 7%: 0.15+0.55+0.095 ms clock, 1.8+0.73/0.85/0+1.1 ms cpu, 3->3->1 MB, 4 MB goal, 0 MB stacks, 0 MB globals, 12 P
gc 4272 @13.908s 7%: 0.11+1.0+0.10 ms clock, 1.3+0.74/0.89/0+1.2 ms cpu, 3->4->2 MB, 4 MB goal, 0 MB stacks, 0 MB globals, 12 P
gc 4273 @13.911s 7%: 0.097+0.61+0.097 ms clock, 1.1+0.62/1.0/0+1.1 ms cpu, 3->4->1 MB, 4 MB goal, 0 MB stacks, 0 MB globals, 12 P
gc 4274 @13.913s 7%: 0.10+0.99+0.094 ms clock, 1.2+0.71/0.71/0+1.1 ms cpu, 3->4->2 MB, 4 MB goal, 0 MB stacks, 0 MB globals, 12 P
gc 4275 @13.915s 7%: 0.11+0.58+0.087 ms clock, 1.3+0.95/0.68/0+1.0 ms cpu, 3->4->1 MB, 4 MB goal, 0 MB stacks, 0 MB globals, 12 P
gc 4276 @13.918s 7%: 0.10+0.80+0.11 ms clock, 1.2+0.82/0.85/0+1.4 ms cpu, 3->4->1 MB, 4 MB goal, 0 MB stacks, 0 MB globals, 12 P
gc 4277 @13.920s 7%: 0.086+0.46+0.057 ms clock, 1.0+0.71/0.87/0+0.69 ms cpu, 3->4->1 MB, 4 MB goal, 0 MB stacks, 0 MB globals, 12 P
gc 4278 @13.922s 7%: 0.083+0.67+0.079 ms clock, 1.0+0.69/1.0/0+0.95 ms cpu, 3->3->1 MB, 4 MB goal, 0 MB stacks, 0 MB globals, 12 P
gc 4279 @13.924s 7%: 0.16+0.46+0.10 ms clock, 1.9+0.73/0.80/0+1.2 ms cpu, 3->3->1 MB, 4 MB goal, 0 MB stacks, 0 MB globals, 12 P
gc 4280 @13.926s 7%: 0.080+0.44+0.089 ms clock, 0.97+0.78/0.77/0+1.0 ms cpu, 3->3->1 MB, 4 MB goal, 0 MB stacks, 0 MB globals, 12 P
gc 4281 @13.928s 7%: 0.10+1.2+0.10 ms clock, 1.2+0.78/0.83/0.016+1.2 ms cpu, 3->4->2 MB, 4 MB goal, 0 MB stacks, 0 MB globals, 12 P
gc 4282 @13.931s 7%: 0.14+0.48+0.064 ms clock, 1.7+0.72/0.84/0+0.77 ms cpu, 4->4->1 MB, 4 MB goal, 0 MB stacks, 0 MB globals, 12 P
gc 4283 @13.933s 7%: 0.10+0.59+0.11 ms clock, 1.2+0.84/0.91/0+1.3 ms cpu, 3->3->1 MB, 4 MB goal, 0 MB stacks, 0 MB globals, 12 P
gc 4284 @13.935s 7%: 0.10+0.70+0.11 ms clock, 1.2+0.76/0.87/0+1.3 ms cpu, 3->3->1 MB, 4 MB goal, 0 MB stacks, 0 MB globals, 12 P
gc 4285 @13.937s 7%: 0.082+0.85+0.064 ms clock, 0.98+0.70/0.93/0+0.77 ms cpu, 3->3->1 MB, 4 MB goal, 0 MB stacks, 0 MB globals, 12 P
gc 4286 @13.940s 7%: 0.13+0.48+0.084 ms clock, 1.5+0.78/0.82/0+1.0 ms cpu, 3->3->1 MB, 4 MB goal, 0 MB stacks, 0 MB globals, 12 P
gc 4287 @13.942s 7%: 0.076+0.60+0.055 ms clock, 0.92+0.69/0.86/0+0.67 ms cpu, 3->3->1 MB, 4 MB goal, 0 MB stacks, 0 MB globals, 12 P
gc 4288 @13.944s 7%: 0.13+0.83+0.059 ms clock, 1.6+0.69/0.91/0+0.70 ms cpu, 3->3->1 MB, 4 MB goal, 0 MB stacks, 0 MB globals, 12 P
gc 4289 @13.946s 7%: 0.12+0.69+0.10 ms clock, 1.5+0.92/0.98/0+1.2 ms cpu, 3->4->1 MB, 4 MB goal, 0 MB stacks, 0 MB globals, 12 P
gc 4290 @13.948s 7%: 0.097+0.62+0.090 ms clock, 1.1+0.64/0.98/0+1.0 ms cpu, 3->3->1 MB, 4 MB goal, 0 MB stacks, 0 MB globals, 12 P
gc 4291 @13.950s 7%: 0.12+0.94+0.091 ms clock, 1.4+0.70/0.86/0+1.0 ms cpu, 3->4->2 MB, 4 MB goal, 0 MB stacks, 0 MB globals, 12 P
gc 4292 @13.953s 7%: 0.082+0.71+0.068 ms clock, 0.98+0.71/0.97/0+0.82 ms cpu, 3->4->1 MB, 4 MB goal, 0 MB stacks, 0 MB globals, 12 P
gc 4293 @13.955s 7%: 0.091+0.56+0.063 ms clock, 1.1+0.68/0.83/0+0.75 ms cpu, 3->3->1 MB, 4 MB goal, 0 MB stacks, 0 MB globals, 12 P
gc 4294 @13.957s 7%: 0.092+0.86+0.085 ms clock, 1.1+0.87/0.93/0+1.0 ms cpu, 3->3->1 MB, 4 MB goal, 0 MB stacks, 0 MB globals, 12 P
gc 4295 @13.959s 7%: 0.10+0.48+0.085 ms clock, 1.2+0.80/0.83/0+1.0 ms cpu, 3->4->1 MB, 4 MB goal, 0 MB stacks, 0 MB globals, 12 P
gc 4296 @13.961s 7%: 0.13+0.69+0.058 ms clock, 1.6+0.71/0.88/0+0.70 ms cpu, 3->3->1 MB, 4 MB goal, 0 MB stacks, 0 MB globals, 12 P
gc 4297 @13.963s 7%: 0.11+0.66+0.058 ms clock, 1.3+0.84/0.80/0+0.70 ms cpu, 3->3->1 MB, 4 MB goal, 0 MB stacks, 0 MB globals, 12 P
gc 4298 @13.965s 7%: 0.10+1.0+0.073 ms clock, 1.2+0.56/1.0/0+0.87 ms cpu, 3->4->2 MB, 4 MB goal, 0 MB stacks, 0 MB globals, 12 P
gc 4299 @13.968s 7%: 0.11+0.74+0.045 ms clock, 1.3+0.61/0.94/0+0.55 ms cpu, 3->4->1 MB, 4 MB goal, 0 MB stacks, 0 MB globals, 12 P
gc 4300 @13.970s 7%: 0.074+0.53+0.12 ms clock, 0.89+0.78/0.88/0+1.4 ms cpu, 3->3->1 MB, 4 MB goal, 0 MB stacks, 0 MB globals, 12 P
gc 4301 @13.972s 7%: 0.12+0.98+0.065 ms clock, 1.4+0.78/1.0/0+0.78 ms cpu, 3->4->2 MB, 4 MB goal, 0 MB stacks, 0 MB globals, 12 P
gc 4302 @13.975s 7%: 0.15+0.61+0.17 ms clock, 1.9+0.57/0.98/0+2.1 ms cpu, 3->4->1 MB, 4 MB goal, 0 MB stacks, 0 MB globals, 12 P
gc 4303 @13.977s 7%: 0.079+0.57+0.12 ms clock, 0.95+0.68/0.98/0+1.5 ms cpu, 3->3->1 MB, 4 MB goal, 0 MB stacks, 0 MB globals, 12 P
gc 4304 @13.979s 7%: 0.11+0.98+0.072 ms clock, 1.3+1.2/0.79/0+0.87 ms cpu, 3->4->2 MB, 4 MB goal, 0 MB stacks, 0 MB globals, 12 P
gc 4305 @13.982s 7%: 0.10+1.1+0.057 ms clock, 1.2+0.67/0.83/0+0.68 ms cpu, 3->4->2 MB, 4 MB goal, 0 MB stacks, 0 MB globals, 12 P
gc 4306 @13.985s 7%: 0.12+0.83+0.062 ms clock, 1.4+0.66/0.82/0+0.74 ms cpu, 3->4->1 MB, 4 MB goal, 0 MB stacks, 0 MB globals, 12 P
gc 4307 @13.987s 7%: 0.10+0.76+0.10 ms clock, 1.2+0.70/0.95/0+1.2 ms cpu, 3->4->1 MB, 4 MB goal, 0 MB stacks, 0 MB globals, 12 P
gc 4308 @13.990s 7%: 0.13+0.93+0.093 ms clock, 1.6+0.65/0.94/0+1.1 ms cpu, 3->4->2 MB, 4 MB goal, 0 MB stacks, 0 MB globals, 12 P
gc 4309 @13.992s 7%: 0.10+0.58+0.075 ms clock, 1.3+0.81/0.86/0+0.91 ms cpu, 3->4->1 MB, 4 MB goal, 0 MB stacks, 0 MB globals, 12 P
gc 4310 @13.994s 7%: 0.15+0.49+0.053 ms clock, 1.8+0.87/0.87/0+0.63 ms cpu, 3->3->1 MB, 4 MB goal, 0 MB stacks, 0 MB globals, 12 P
gc 4311 @13.996s 7%: 0.11+1.8+0.14 ms clock, 1.3+0.75/0.81/0+1.7 ms cpu, 3->4->2 MB, 4 MB goal, 0 MB stacks, 0 MB globals, 12 P
gc 4312 @14.000s 7%: 0.094+0.81+0.062 ms clock, 1.1+0.79/1.0/0+0.75 ms cpu, 4->5->1 MB, 5 MB goal, 0 MB stacks, 0 MB globals, 12 P
gc 4313 @14.003s 7%: 0.11+0.64+0.11 ms clock, 1.3+0.82/0.79/0+1.3 ms cpu, 3->4->1 MB, 4 MB goal, 0 MB stacks, 0 MB globals, 12 P
gc 4314 @14.005s 7%: 0.11+0.73+0.081 ms clock, 1.3+0.73/0.88/0+0.97 ms cpu, 3->3->1 MB, 4 MB goal, 0 MB stacks, 0 MB globals, 12 P
gc 4315 @14.007s 7%: 0.065+0.51+0.10 ms clock, 0.78+0.80/0.86/0+1.2 ms cpu, 3->3->1 MB, 4 MB goal, 0 MB stacks, 0 MB globals, 12 P
gc 4316 @14.009s 7%: 0.10+0.51+0.076 ms clock, 1.2+0.66/0.80/0+0.91 ms cpu, 3->3->1 MB, 4 MB goal, 0 MB stacks, 0 MB globals, 12 P
gc 4317 @14.010s 7%: 0.12+0.52+0.11 ms clock, 1.4+0.74/0.83/0+1.3 ms cpu, 3->3->1 MB, 4 MB goal, 0 MB stacks, 0 MB globals, 12 P
gc 4318 @14.012s 7%: 0.18+0.89+0.11 ms clock, 2.2+0.77/0.73/0+1.3 ms cpu, 3->3->2 MB, 4 MB goal, 0 MB stacks, 0 MB globals, 12 P
gc 4319 @14.015s 7%: 0.12+0.96+0.083 ms clock, 1.5+0.73/0.86/0+0.99 ms cpu, 3->4->2 MB, 4 MB goal, 0 MB stacks, 0 MB globals, 12 P
gc 4320 @14.018s 7%: 0.078+0.89+0.10 ms clock, 0.94+0.82/0.82/0+1.2 ms cpu, 3->4->2 MB, 4 MB goal, 0 MB stacks, 0 MB globals, 12 P
gc 4321 @14.020s 7%: 0.10+1.1+0.058 ms clock, 1.2+0.67/0.98/0+0.70 ms cpu, 3->4->2 MB, 4 MB goal, 0 MB stacks, 0 MB globals, 12 P
gc 4322 @14.023s 7%: 0.11+0.59+0.10 ms clock, 1.4+0.75/0.89/0+1.2 ms cpu, 4->4->1 MB, 4 MB goal, 0 MB stacks, 0 MB globals, 12 P
gc 4323 @14.025s 7%: 0.11+1.0+0.064 ms clock, 1.4+0.68/0.77/0+0.77 ms cpu, 3->4->2 MB, 4 MB goal, 0 MB stacks, 0 MB globals, 12 P
gc 4324 @14.028s 7%: 0.095+0.52+0.049 ms clock, 1.1+0.67/0.97/0+0.59 ms cpu, 3->4->1 MB, 4 MB goal, 0 MB stacks, 0 MB globals, 12 P
gc 4325 @14.030s 7%: 0.13+0.43+0.077 ms clock, 1.6+0.77/0.77/0+0.93 ms cpu, 3->3->1 MB, 4 MB goal, 0 MB stacks, 0 MB globals, 12 P
gc 4326 @14.032s 7%: 0.11+0.76+0.076 ms clock, 1.3+0.86/0.82/0+0.92 ms cpu, 3->3->1 MB, 4 MB goal, 0 MB stacks, 0 MB globals, 12 P
gc 4327 @14.034s 7%: 0.10+0.46+0.048 ms clock, 1.2+0.75/0.85/0+0.58 ms cpu, 3->3->1 MB, 4 MB goal, 0 MB stacks, 0 MB globals, 12 P
gc 4328 @14.036s 7%: 0.10+0.81+0.094 ms clock, 1.3+0.72/0.93/0+1.1 ms cpu, 3->3->1 MB, 4 MB goal, 0 MB stacks, 0 MB globals, 12 P
gc 4329 @14.038s 7%: 0.074+0.62+0.077 ms clock, 0.89+0.74/0.86/0+0.93 ms cpu, 3->3->1 MB, 4 MB goal, 0 MB stacks, 0 MB globals, 12 P
gc 4330 @14.040s 7%: 0.16+0.96+0.11 ms clock, 2.0+0.73/0.95/0+1.4 ms cpu, 3->4->2 MB, 4 MB goal, 0 MB stacks, 0 MB globals, 12 P
gc 4331 @14.043s 7%: 0.097+1.0+0.12 ms clock, 1.1+0.68/0.97/0+1.4 ms cpu, 3->4->2 MB, 4 MB goal, 0 MB stacks, 0 MB globals, 12 P
gc 4332 @14.046s 7%: 0.15+0.70+0.080 ms clock, 1.8+0.55/0.90/0+0.96 ms cpu, 3->4->1 MB, 4 MB goal, 0 MB stacks, 0 MB globals, 12 P
gc 4333 @14.048s 7%: 0.14+0.78+0.066 ms clock, 1.7+1.3/0.81/0.003+0.79 ms cpu, 3->4->1 MB, 4 MB goal, 0 MB stacks, 0 MB globals, 12 P
gc 4334 @14.050s 7%: 0.11+1.0+0.092 ms clock, 1.3+0.69/0.85/0+1.1 ms cpu, 3->4->2 MB, 4 MB goal, 0 MB stacks, 0 MB globals, 12 P
gc 4335 @14.053s 7%: 0.11+0.56+0.049 ms clock, 1.3+0.75/0.79/0+0.59 ms cpu, 3->4->1 MB, 4 MB goal, 0 MB stacks, 0 MB globals, 12 P
gc 4336 @14.055s 7%: 0.10+0.50+0.11 ms clock, 1.2+0.73/0.87/0+1.3 ms cpu, 3->3->1 MB, 4 MB goal, 0 MB stacks, 0 MB globals, 12 P
gc 4337 @14.057s 7%: 0.090+0.80+0.095 ms clock, 1.0+0.88/1.1/0.15+1.1 ms cpu, 3->3->1 MB, 4 MB goal, 0 MB stacks, 0 MB globals, 12 P
gc 4338 @14.059s 7%: 0.097+0.64+0.066 ms clock, 1.1+0.78/0.79/0+0.79 ms cpu, 3->3->1 MB, 4 MB goal, 0 MB stacks, 0 MB globals, 12 P
gc 4339 @14.061s 7%: 0.091+0.56+0.088 ms clock, 1.0+0.76/0.76/0+1.0 ms cpu, 3->3->1 MB, 4 MB goal, 0 MB stacks, 0 MB globals, 12 P
gc 4340 @14.064s 7%: 0.12+0.46+0.12 ms clock, 1.5+0.65/0.89/0+1.4 ms cpu, 3->3->1 MB, 4 MB goal, 0 MB stacks, 0 MB globals, 12 P
gc 4341 @14.066s 7%: 0.11+0.54+0.090 ms clock, 1.4+0.76/0.88/0+1.0 ms cpu, 3->3->1 MB, 4 MB goal, 0 MB stacks, 0 MB globals, 12 P
gc 4342 @14.068s 7%: 0.071+0.93+0.069 ms clock, 0.86+0.73/0.84/0+0.83 ms cpu, 3->3->1 MB, 4 MB goal, 0 MB stacks, 0 MB globals, 12 P
gc 4343 @14.071s 7%: 0.087+0.68+0.099 ms clock, 1.0+0.91/0.73/0+1.1 ms cpu, 3->4->1 MB, 4 MB goal, 0 MB stacks, 0 MB globals, 12 P
gc 4344 @14.073s 7%: 0.12+0.52+0.096 ms clock, 1.4+0.81/0.85/0+1.1 ms cpu, 3->3->1 MB, 4 MB goal, 0 MB stacks, 0 MB globals, 12 P
gc 4345 @14.075s 7%: 0.15+1.0+0.10 ms clock, 1.8+0.64/0.99/0+1.2 ms cpu, 3->4->2 MB, 4 MB goal, 0 MB stacks, 0 MB globals, 12 P
gc 4346 @14.078s 7%: 0.091+0.91+0.096 ms clock, 1.1+1.6/0.99/0+1.1 ms cpu, 3->4->1 MB, 4 MB goal, 0 MB stacks, 0 MB globals, 12 P
gc 4347 @14.080s 7%: 0.072+0.71+0.085 ms clock, 0.86+0.75/0.87/0+1.0 ms cpu, 3->4->1 MB, 4 MB goal, 0 MB stacks, 0 MB globals, 12 P
gc 4348 @14.083s 7%: 0.11+0.55+0.10 ms clock, 1.3+0.67/0.88/0+1.2 ms cpu, 3->3->1 MB, 4 MB goal, 0 MB stacks, 0 MB globals, 12 P
gc 4349 @14.085s 7%: 0.089+0.45+0.059 ms clock, 1.0+0.66/0.87/0+0.71 ms cpu, 3->3->1 MB, 4 MB goal, 0 MB stacks, 0 MB globals, 12 P
gc 4350 @14.087s 7%: 0.11+0.74+0.079 ms clock, 1.4+0.65/0.72/0+0.95 ms cpu, 3->3->1 MB, 4 MB goal, 0 MB stacks, 0 MB globals, 12 P
gc 4351 @14.090s 7%: 0.13+0.65+0.10 ms clock, 1.5+0.73/0.85/0+1.2 ms cpu, 3->3->1 MB, 4 MB goal, 0 MB stacks, 0 MB globals, 12 P
gc 4352 @14.092s 7%: 0.068+0.57+0.077 ms clock, 0.81+0.97/0.92/0+0.92 ms cpu, 3->3->1 MB, 4 MB goal, 0 MB stacks, 0 MB globals, 12 P
gc 4353 @14.094s 7%: 0.092+0.68+0.074 ms clock, 1.1+0.77/0.80/0+0.89 ms cpu, 3->3->1 MB, 4 MB goal, 0 MB stacks, 0 MB globals, 12 P
gc 4354 @14.096s 7%: 0.17+1.2+0.10 ms clock, 2.0+0.77/0.95/0+1.2 ms cpu, 3->4->2 MB, 4 MB goal, 0 MB stacks, 0 MB globals, 12 P
gc 4355 @14.099s 7%: 0.16+0.90+0.077 ms clock, 1.9+0.69/0.86/0+0.93 ms cpu, 3->4->2 MB, 4 MB goal, 0 MB stacks, 0 MB globals, 12 P
gc 4356 @14.102s 7%: 0.074+0.66+0.12 ms clock, 0.89+0.76/0.88/0+1.5 ms cpu, 3->4->1 MB, 4 MB goal, 0 MB stacks, 0 MB globals, 12 P
gc 4357 @14.104s 7%: 0.083+0.57+0.065 ms clock, 1.0+0.70/0.89/0+0.78 ms cpu, 3->3->1 MB, 4 MB goal, 0 MB stacks, 0 MB globals, 12 P
gc 4358 @14.106s 7%: 0.11+0.52+0.18 ms clock, 1.4+0.73/0.87/0+2.1 ms cpu, 3->3->1 MB, 4 MB goal, 0 MB stacks, 0 MB globals, 12 P
gc 4359 @14.108s 7%: 0.38+0.41+0.051 ms clock, 4.6+1.0/0.80/0+0.61 ms cpu, 3->3->1 MB, 4 MB goal, 0 MB stacks, 0 MB globals, 12 P
gc 4360 @14.111s 7%: 0.11+0.66+0.089 ms clock, 1.3+0.61/0.98/0+1.0 ms cpu, 3->3->1 MB, 4 MB goal, 0 MB stacks, 0 MB globals, 12 P
gc 4361 @14.113s 7%: 0.10+1.0+0.053 ms clock, 1.2+1.6/0.84/0+0.64 ms cpu, 3->4->1 MB, 4 MB goal, 0 MB stacks, 0 MB globals, 12 P
gc 4362 @14.116s 7%: 0.12+0.91+0.060 ms clock, 1.4+0.70/0.79/0+0.72 ms cpu, 3->4->1 MB, 4 MB goal, 0 MB stacks, 0 MB globals, 12 P
gc 4363 @14.118s 7%: 0.13+0.57+0.090 ms clock, 1.6+0.75/0.86/0+1.0 ms cpu, 3->4->1 MB, 4 MB goal, 0 MB stacks, 0 MB globals, 12 P
gc 4364 @14.120s 7%: 0.11+1.5+0.074 ms clock, 1.3+0.62/0.85/0+0.89 ms cpu, 3->4->2 MB, 4 MB goal, 0 MB stacks, 0 MB globals, 12 P
gc 4365 @14.124s 7%: 0.10+0.78+0.056 ms clock, 1.2+0.78/0.94/0+0.68 ms cpu, 4->4->1 MB, 4 MB goal, 0 MB stacks, 0 MB globals, 12 P
gc 4366 @14.126s 7%: 0.12+0.88+0.095 ms clock, 1.5+0.65/0.97/0+1.1 ms cpu, 3->4->1 MB, 4 MB goal, 0 MB stacks, 0 MB globals, 12 P
gc 4367 @14.128s 7%: 0.073+0.63+0.077 ms clock, 0.88+0.71/0.90/0+0.93 ms cpu, 3->3->1 MB, 4 MB goal, 0 MB stacks, 0 MB globals, 12 P
gc 4368 @14.131s 7%: 0.13+0.55+0.081 ms clock, 1.6+0.69/0.86/0+0.97 ms cpu, 3->3->1 MB, 4 MB goal, 0 MB stacks, 0 MB globals, 12 P
gc 4369 @14.133s 7%: 0.18+0.48+0.082 ms clock, 2.2+0.67/0.89/0+0.98 ms cpu, 3->3->1 MB, 4 MB goal, 0 MB stacks, 0 MB globals, 12 P
gc 4370 @14.135s 7%: 0.12+0.63+0.065 ms clock, 1.4+0.78/0.88/0+0.79 ms cpu, 3->3->1 MB, 4 MB goal, 0 MB stacks, 0 MB globals, 12 P
gc 4371 @14.137s 7%: 0.098+0.67+0.14 ms clock, 1.1+0.66/0.91/0+1.7 ms cpu, 3->3->1 MB, 4 MB goal, 0 MB stacks, 0 MB globals, 12 P
gc 4372 @14.139s 7%: 0.073+0.71+0.10 ms clock, 0.87+0.72/0.91/0+1.2 ms cpu, 3->3->1 MB, 4 MB goal, 0 MB stacks, 0 MB globals, 12 P
gc 4373 @14.142s 7%: 0.088+0.75+0.093 ms clock, 1.0+0.72/0.99/0+1.1 ms cpu, 3->3->1 MB, 4 MB goal, 0 MB stacks, 0 MB globals, 12 P
gc 4374 @14.144s 7%: 0.13+0.83+0.082 ms clock, 1.6+0.74/0.87/0+0.98 ms cpu, 3->4->1 MB, 4 MB goal, 0 MB stacks, 0 MB globals, 12 P
gc 4375 @14.147s 7%: 0.10+0.91+0.071 ms clock, 1.2+0.77/0.85/0+0.85 ms cpu, 3->4->2 MB, 4 MB goal, 0 MB stacks, 0 MB globals, 12 P
gc 4376 @14.150s 7%: 0.092+0.82+0.063 ms clock, 1.1+0.51/1.0/0+0.76 ms cpu, 3->4->1 MB, 4 MB goal, 0 MB stacks, 0 MB globals, 12 P
gc 4377 @14.152s 7%: 0.087+0.78+0.085 ms clock, 1.0+0.76/1.0/0+1.0 ms cpu, 3->4->1 MB, 4 MB goal, 0 MB stacks, 0 MB globals, 12 P
gc 4378 @14.155s 7%: 0.11+1.0+0.038 ms clock, 1.3+0.73/0.79/0+0.45 ms cpu, 3->4->1 MB, 4 MB goal, 0 MB stacks, 0 MB globals, 12 P
gc 4379 @14.158s 7%: 0.099+0.59+0.073 ms clock, 1.1+0.50/1.0/0+0.88 ms cpu, 3->4->1 MB, 4 MB goal, 0 MB stacks, 0 MB globals, 12 P
gc 4380 @14.160s 7%: 0.092+0.62+0.081 ms clock, 1.1+0.79/1.0/0+0.97 ms cpu, 3->3->1 MB, 4 MB goal, 0 MB stacks, 0 MB globals, 12 P
gc 4381 @14.162s 7%: 0.077+0.85+0.064 ms clock, 0.92+0.78/0.96/0+0.76 ms cpu, 3->3->1 MB, 4 MB goal, 0 MB stacks, 0 MB globals, 12 P
gc 4382 @14.165s 7%: 0.089+0.83+0.093 ms clock, 1.0+0.68/0.84/0.11+1.1 ms cpu, 3->4->1 MB, 4 MB goal, 0 MB stacks, 0 MB globals, 12 P
gc 4383 @14.167s 7%: 0.11+0.63+0.048 ms clock, 1.3+0.78/0.84/0+0.58 ms cpu, 3->3->1 MB, 4 MB goal, 0 MB stacks, 0 MB globals, 12 P
gc 4384 @14.169s 7%: 0.12+0.54+0.10 ms clock, 1.5+0.81/0.86/0+1.2 ms cpu, 3->3->1 MB, 4 MB goal, 0 MB stacks, 0 MB globals, 12 P
gc 4385 @14.171s 7%: 0.094+0.66+0.10 ms clock, 1.1+0.45/0.86/0.040+1.2 ms cpu, 3->3->1 MB, 4 MB goal, 0 MB stacks, 0 MB globals, 12 P
gc 4386 @14.173s 7%: 0.10+0.60+0.070 ms clock, 1.3+0.91/0.84/0+0.85 ms cpu, 3->3->1 MB, 4 MB goal, 0 MB stacks, 0 MB globals, 12 P
gc 4387 @14.176s 7%: 0.10+0.69+0.084 ms clock, 1.2+0.72/0.91/0+1.0 ms cpu, 3->3->1 MB, 4 MB goal, 0 MB stacks, 0 MB globals, 12 P
gc 4388 @14.178s 7%: 0.12+0.52+0.061 ms clock, 1.4+0.79/0.84/0+0.74 ms cpu, 3->3->1 MB, 4 MB goal, 0 MB stacks, 0 MB globals, 12 P
gc 4389 @14.180s 7%: 0.13+0.61+0.10 ms clock, 1.5+0.70/0.89/0+1.2 ms cpu, 3->3->1 MB, 4 MB goal, 0 MB stacks, 0 MB globals, 12 P
gc 4390 @14.182s 7%: 0.089+0.61+0.099 ms clock, 1.0+0.64/0.91/0+1.1 ms cpu, 3->3->1 MB, 4 MB goal, 0 MB stacks, 0 MB globals, 12 P
gc 4391 @14.184s 7%: 0.072+0.56+0.069 ms clock, 0.86+0.81/0.98/0+0.83 ms cpu, 3->3->1 MB, 4 MB goal, 0 MB stacks, 0 MB globals, 12 P
gc 4392 @14.186s 7%: 0.093+0.89+0.051 ms clock, 1.1+0.75/0.85/0+0.61 ms cpu, 3->4->1 MB, 4 MB goal, 0 MB stacks, 0 MB globals, 12 P
gc 4393 @14.189s 7%: 0.10+0.67+0.068 ms clock, 1.2+0.66/0.93/0+0.82 ms cpu, 3->4->1 MB, 4 MB goal, 0 MB stacks, 0 MB globals, 12 P
gc 4394 @14.191s 7%: 0.091+0.65+0.071 ms clock, 1.1+0.84/0.79/0+0.85 ms cpu, 3->3->1 MB, 4 MB goal, 0 MB stacks, 0 MB globals, 12 P
gc 4395 @14.194s 7%: 0.096+0.85+0.061 ms clock, 1.1+0.77/0.93/0+0.73 ms cpu, 3->3->1 MB, 4 MB goal, 0 MB stacks, 0 MB globals, 12 P
gc 4396 @14.196s 7%: 0.14+0.86+0.077 ms clock, 1.7+0.68/0.95/0+0.93 ms cpu, 3->4->1 MB, 4 MB goal, 0 MB stacks, 0 MB globals, 12 P
gc 4397 @14.198s 7%: 0.080+0.56+0.10 ms clock, 0.96+0.83/0.77/0+1.2 ms cpu, 3->3->1 MB, 4 MB goal, 0 MB stacks, 0 MB globals, 12 P
gc 4398 @14.201s 7%: 0.082+0.54+0.10 ms clock, 0.99+0.73/0.81/0+1.2 ms cpu, 3->3->1 MB, 4 MB goal, 0 MB stacks, 0 MB globals, 12 P
gc 4399 @14.203s 7%: 0.11+0.48+0.13 ms clock, 1.4+0.52/0.94/0+1.6 ms cpu, 3->3->1 MB, 4 MB goal, 0 MB stacks, 0 MB globals, 12 P
gc 4400 @14.205s 7%: 0.094+0.61+0.088 ms clock, 1.1+0.70/0.89/0+1.0 ms cpu, 3->3->1 MB, 4 MB goal, 0 MB stacks, 0 MB globals, 12 P
gc 4401 @14.207s 7%: 0.11+0.61+0.19 ms clock, 1.3+0.73/0.86/0+2.3 ms cpu, 3->3->1 MB, 4 MB goal, 0 MB stacks, 0 MB globals, 12 P
gc 4402 @14.209s 7%: 0.086+0.92+0.12 ms clock, 1.0+0.99/0.74/0+1.4 ms cpu, 3->3->1 MB, 4 MB goal, 0 MB stacks, 0 MB globals, 12 P
gc 4403 @14.212s 7%: 0.10+0.78+0.15 ms clock, 1.2+0.71/1.0/0+1.8 ms cpu, 3->4->1 MB, 4 MB goal, 0 MB stacks, 0 MB globals, 12 P
gc 4404 @14.214s 7%: 0.10+0.56+0.080 ms clock, 1.2+0.77/0.91/0+0.96 ms cpu, 3->4->1 MB, 4 MB goal, 0 MB stacks, 0 MB globals, 12 P
gc 4405 @14.217s 7%: 0.10+1.0+0.077 ms clock, 1.2+0.89/0.79/0+0.93 ms cpu, 3->3->1 MB, 4 MB goal, 0 MB stacks, 0 MB globals, 12 P
gc 4406 @14.219s 7%: 0.075+0.55+0.088 ms clock, 0.90+0.67/0.95/0+1.0 ms cpu, 3->3->1 MB, 4 MB goal, 0 MB stacks, 0 MB globals, 12 P
gc 4407 @14.221s 7%: 0.060+1.0+0.069 ms clock, 0.72+0.62/1.0/0+0.83 ms cpu, 3->3->1 MB, 4 MB goal, 0 MB stacks, 0 MB globals, 12 P
gc 4408 @14.224s 7%: 0.090+0.56+0.11 ms clock, 1.0+0.70/0.96/0+1.3 ms cpu, 3->3->1 MB, 4 MB goal, 0 MB stacks, 0 MB globals, 12 P
gc 4409 @14.226s 7%: 0.10+0.86+0.047 ms clock, 1.3+0.76/0.98/0+0.56 ms cpu, 3->4->1 MB, 4 MB goal, 0 MB stacks, 0 MB globals, 12 P
gc 4410 @14.229s 7%: 0.11+0.59+0.078 ms clock, 1.3+0.75/0.87/0+0.93 ms cpu, 3->4->1 MB, 4 MB goal, 0 MB stacks, 0 MB globals, 12 P
gc 4411 @14.231s 7%: 0.12+0.70+0.090 ms clock, 1.4+0.53/0.91/0.002+1.0 ms cpu, 3->3->1 MB, 4 MB goal, 0 MB stacks, 0 MB globals, 12 P
gc 4412 @14.233s 7%: 0.096+0.60+0.074 ms clock, 1.1+0.74/0.93/0+0.88 ms cpu, 3->3->1 MB, 4 MB goal, 0 MB stacks, 0 MB globals, 12 P
gc 4413 @14.235s 7%: 0.093+1.2+0.063 ms clock, 1.1+0.63/1.0/0+0.76 ms cpu, 3->4->2 MB, 4 MB goal, 0 MB stacks, 0 MB globals, 12 P
gc 4414 @14.238s 7%: 0.094+1.0+0.11 ms clock, 1.1+0.77/0.73/0+1.4 ms cpu, 3->4->2 MB, 4 MB goal, 0 MB stacks, 0 MB globals, 12 P
gc 4415 @14.241s 7%: 0.091+0.63+0.15 ms clock, 1.0+0.81/0.74/0+1.8 ms cpu, 3->4->1 MB, 4 MB goal, 0 MB stacks, 0 MB globals, 12 P
gc 4416 @14.243s 7%: 0.11+0.62+0.086 ms clock, 1.4+0.71/0.87/0+1.0 ms cpu, 3->3->1 MB, 4 MB goal, 0 MB stacks, 0 MB globals, 12 P
gc 4417 @14.245s 7%: 0.085+0.49+0.13 ms clock, 1.0+0.79/0.73/0+1.5 ms cpu, 3->3->1 MB, 4 MB goal, 0 MB stacks, 0 MB globals, 12 P
gc 4418 @14.247s 7%: 0.10+0.46+0.069 ms clock, 1.2+0.81/0.81/0+0.83 ms cpu, 3->3->1 MB, 4 MB goal, 0 MB stacks, 0 MB globals, 12 P
gc 4419 @14.249s 7%: 0.10+0.94+0.089 ms clock, 1.2+0.66/0.89/0+1.0 ms cpu, 3->4->2 MB, 4 MB goal, 0 MB stacks, 0 MB globals, 12 P
gc 4420 @14.252s 7%: 0.081+0.90+0.15 ms clock, 0.97+0.89/0.88/0+1.8 ms cpu, 3->4->1 MB, 4 MB goal, 0 MB stacks, 0 MB globals, 12 P
gc 4421 @14.255s 7%: 0.083+0.99+0.088 ms clock, 1.0+0.78/0.95/0+1.0 ms cpu, 3->4->2 MB, 4 MB goal, 0 MB stacks, 0 MB globals, 12 P
gc 4422 @14.257s 7%: 0.11+1.4+0.073 ms clock, 1.3+0.95/1.4/0+0.87 ms cpu, 3->4->2 MB, 4 MB goal, 0 MB stacks, 0 MB globals, 12 P
gc 4423 @14.261s 7%: 0.088+1.1+0.12 ms clock, 1.0+0.80/0.83/0+1.5 ms cpu, 4->5->2 MB, 5 MB goal, 0 MB stacks, 0 MB globals, 12 P
gc 4424 @14.263s 7%: 0.098+0.59+0.11 ms clock, 1.1+0.62/1.0/0+1.3 ms cpu, 4->4->1 MB, 4 MB goal, 0 MB stacks, 0 MB globals, 12 P
gc 4425 @14.265s 7%: 0.17+1.6+0.023 ms clock, 2.1+0.95/0.87/0+0.28 ms cpu, 3->4->2 MB, 4 MB goal, 0 MB stacks, 0 MB globals, 12 P
gc 4426 @14.268s 7%: 0.087+0.80+0.083 ms clock, 1.0+0.81/0.78/0+0.99 ms cpu, 4->4->2 MB, 5 MB goal, 0 MB stacks, 0 MB globals, 12 P
gc 4427 @14.270s 7%: 0.13+1.1+0.12 ms clock, 1.5+0.96/0.72/0+1.5 ms cpu, 3->4->2 MB, 4 MB goal, 0 MB stacks, 0 MB globals, 12 P
gc 4428 @14.273s 7%: 0.12+0.65+0.080 ms clock, 1.5+0.82/0.76/0+0.96 ms cpu, 4->4->1 MB, 5 MB goal, 0 MB stacks, 0 MB globals, 12 P
gc 4429 @14.275s 7%: 0.12+0.66+0.084 ms clock, 1.5+0.94/0.84/0+1.0 ms cpu, 3->3->1 MB, 4 MB goal, 0 MB stacks, 0 MB globals, 12 P
gc 4430 @14.277s 7%: 0.091+0.56+0.10 ms clock, 1.1+0.77/0.85/0+1.3 ms cpu, 3->4->1 MB, 4 MB goal, 0 MB stacks, 0 MB globals, 12 P
gc 4431 @14.278s 7%: 0.11+0.93+0.088 ms clock, 1.4+0.86/0.88/0+1.0 ms cpu, 3->4->2 MB, 4 MB goal, 0 MB stacks, 0 MB globals, 12 P
gc 4432 @14.281s 7%: 0.17+0.63+0.11 ms clock, 2.1+0.93/0.82/0+1.3 ms cpu, 4->4->1 MB, 4 MB goal, 0 MB stacks, 0 MB globals, 12 P
gc 4433 @14.283s 7%: 0.096+0.77+0.11 ms clock, 1.1+0.95/0.97/0+1.3 ms cpu, 3->4->2 MB, 4 MB goal, 0 MB stacks, 0 MB globals, 12 P
gc 4434 @14.285s 7%: 0.084+0.47+0.089 ms clock, 1.0+0.94/0.77/0+1.0 ms cpu, 3->4->1 MB, 4 MB goal, 0 MB stacks, 0 MB globals, 12 P
gc 4435 @14.286s 7%: 0.11+1.2+0.073 ms clock, 1.3+0.78/0.87/0+0.87 ms cpu, 3->4->2 MB, 4 MB goal, 0 MB stacks, 0 MB globals, 12 P
gc 4436 @14.289s 7%: 0.091+0.66+0.060 ms clock, 1.1+0.76/0.90/0.032+0.73 ms cpu, 4->4->1 MB, 5 MB goal, 0 MB stacks, 0 MB globals, 12 P
gc 4437 @14.291s 7%: 0.084+0.54+0.071 ms clock, 1.0+0.78/0.93/0+0.85 ms cpu, 3->3->1 MB, 4 MB goal, 0 MB stacks, 0 MB globals, 12 P
gc 4438 @14.293s 7%: 0.13+0.49+0.10 ms clock, 1.6+1.0/0.91/0+1.2 ms cpu, 3->3->1 MB, 4 MB goal, 0 MB stacks, 0 MB globals, 12 P
gc 4439 @14.294s 7%: 0.098+0.92+0.11 ms clock, 1.1+0.56/0.87/0+1.3 ms cpu, 3->4->2 MB, 4 MB goal, 0 MB stacks, 0 MB globals, 12 P
gc 4440 @14.297s 7%: 0.12+0.57+0.075 ms clock, 1.5+0.69/0.94/0+0.90 ms cpu, 4->4->1 MB, 4 MB goal, 0 MB stacks, 0 MB globals, 12 P
gc 4441 @14.298s 7%: 0.098+1.0+0.091 ms clock, 1.1+0.78/0.85/0+1.0 ms cpu, 3->4->2 MB, 4 MB goal, 0 MB stacks, 0 MB globals, 12 P
gc 4442 @14.301s 7%: 0.10+1.1+0.082 ms clock, 1.3+0.95/0.94/0+0.98 ms cpu, 4->5->2 MB, 4 MB goal, 0 MB stacks, 0 MB globals, 12 P
gc 4443 @14.303s 7%: 0.089+1.0+0.052 ms clock, 1.0+1.0/1.1/0+0.62 ms cpu, 4->5->2 MB, 5 MB goal, 0 MB stacks, 0 MB globals, 12 P
gc 4444 @14.306s 7%: 0.11+0.47+0.073 ms clock, 1.3+0.76/0.92/0+0.88 ms cpu, 4->4->1 MB, 5 MB goal, 0 MB stacks, 0 MB globals, 12 P
gc 4445 @14.308s 7%: 0.14+0.69+0.097 ms clock, 1.6+0.77/1.1/0+1.1 ms cpu, 3->3->1 MB, 4 MB goal, 0 MB stacks, 0 MB globals, 12 P
gc 4446 @14.310s 7%: 0.11+0.43+0.059 ms clock, 1.3+0.76/0.91/0+0.71 ms cpu, 3->3->1 MB, 4 MB goal, 0 MB stacks, 0 MB globals, 12 P
gc 4447 @14.311s 7%: 0.11+0.61+0.090 ms clock, 1.4+0.76/0.81/0+1.0 ms cpu, 3->3->1 MB, 4 MB goal, 0 MB stacks, 0 MB globals, 12 P
gc 4448 @14.313s 7%: 0.098+0.65+0.079 ms clock, 1.1+0.69/0.86/0+0.95 ms cpu, 3->4->1 MB, 4 MB goal, 0 MB stacks, 0 MB globals, 12 P
gc 4449 @14.315s 7%: 0.094+0.68+0.10 ms clock, 1.1+0.79/0.95/0+1.2 ms cpu, 3->4->2 MB, 4 MB goal, 0 MB stacks, 0 MB globals, 12 P
gc 4450 @14.317s 7%: 0.14+0.90+0.11 ms clock, 1.7+0.74/0.76/0+1.3 ms cpu, 3->4->2 MB, 4 MB goal, 0 MB stacks, 0 MB globals, 12 P
gc 4451 @14.319s 7%: 0.097+0.67+0.068 ms clock, 1.1+0.67/0.92/0+0.82 ms cpu, 4->4->2 MB, 5 MB goal, 0 MB stacks, 0 MB globals, 12 P
gc 4452 @14.321s 7%: 0.16+0.99+0.089 ms clock, 2.0+0.69/0.87/0+1.0 ms cpu, 3->4->2 MB, 4 MB goal, 0 MB stacks, 0 MB globals, 12 P
gc 4453 @14.324s 7%: 0.11+0.91+0.12 ms clock, 1.3+0.78/0.87/0+1.4 ms cpu, 3->4->2 MB, 4 MB goal, 0 MB stacks, 0 MB globals, 12 P
gc 4454 @14.326s 7%: 0.11+0.52+0.10 ms clock, 1.4+0.69/0.86/0+1.2 ms cpu, 3->4->1 MB, 4 MB goal, 0 MB stacks, 0 MB globals, 12 P
gc 4455 @14.328s 7%: 0.093+0.57+0.10 ms clock, 1.1+0.74/1.1/0+1.2 ms cpu, 3->3->1 MB, 4 MB goal, 0 MB stacks, 0 MB globals, 12 P
gc 4456 @14.330s 7%: 0.12+0.57+0.081 ms clock, 1.4+0.82/1.0/0+0.97 ms cpu, 3->3->1 MB, 4 MB goal, 0 MB stacks, 0 MB globals, 12 P
gc 4457 @14.332s 7%: 0.14+0.62+0.069 ms clock, 1.7+0.82/0.97/0+0.83 ms cpu, 3->3->1 MB, 4 MB goal, 0 MB stacks, 0 MB globals, 12 P
gc 4458 @14.334s 7%: 0.091+0.89+0.10 ms clock, 1.0+0.83/1.0/0+1.2 ms cpu, 3->4->2 MB, 4 MB goal, 0 MB stacks, 0 MB globals, 12 P
gc 4459 @14.336s 7%: 0.094+1.2+0.049 ms clock, 1.1+1.0/0.89/0+0.59 ms cpu, 3->4->2 MB, 4 MB goal, 0 MB stacks, 0 MB globals, 12 P
gc 4460 @14.339s 7%: 0.16+0.59+0.076 ms clock, 1.9+0.77/0.85/0+0.91 ms cpu, 4->4->1 MB, 4 MB goal, 0 MB stacks, 0 MB globals, 12 P
gc 4461 @14.341s 7%: 0.14+0.65+0.094 ms clock, 1.7+0.69/0.93/0+1.1 ms cpu, 3->3->1 MB, 4 MB goal, 0 MB stacks, 0 MB globals, 12 P
gc 4462 @14.343s 7%: 0.15+1.0+0.057 ms clock, 1.8+0.75/0.96/0+0.69 ms cpu, 3->4->2 MB, 4 MB goal, 0 MB stacks, 0 MB globals, 12 P
gc 4463 @14.346s 7%: 0.049+0.69+0.069 ms clock, 0.59+0.71/1.1/0+0.83 ms cpu, 3->4->1 MB, 4 MB goal, 0 MB stacks, 0 MB globals, 12 P
gc 4464 @14.348s 7%: 0.091+0.70+0.12 ms clock, 1.1+0.61/0.90/0.077+1.4 ms cpu, 3->3->1 MB, 4 MB goal, 0 MB stacks, 0 MB globals, 12 P
gc 4465 @14.351s 7%: 0.086+1.1+0.004 ms clock, 1.0+0.64/1.1/0+0.055 ms cpu, 3->4->2 MB, 4 MB goal, 0 MB stacks, 0 MB globals, 12 P
gc 4466 @14.353s 7%: 0.098+0.71+0.13 ms clock, 1.1+0.77/0.84/0+1.5 ms cpu, 3->4->1 MB, 4 MB goal, 0 MB stacks, 0 MB globals, 12 P
gc 4467 @14.355s 7%: 0.12+1.0+0.040 ms clock, 1.4+0.78/0.89/0+0.48 ms cpu, 3->4->2 MB, 4 MB goal, 0 MB stacks, 0 MB globals, 12 P
gc 4468 @14.358s 7%: 0.11+0.83+0.067 ms clock, 1.4+0.80/0.75/0+0.80 ms cpu, 3->4->1 MB, 4 MB goal, 0 MB stacks, 0 MB globals, 12 P
gc 4469 @14.361s 7%: 0.11+0.75+0.076 ms clock, 1.4+0.82/0.98/0+0.92 ms cpu, 3->4->1 MB, 4 MB goal, 0 MB stacks, 0 MB globals, 12 P
gc 4470 @14.363s 7%: 0.10+0.63+0.10 ms clock, 1.2+0.61/0.88/0+1.2 ms cpu, 3->4->1 MB, 4 MB goal, 0 MB stacks, 0 MB globals, 12 P
gc 4471 @14.365s 7%: 0.11+0.58+0.088 ms clock, 1.4+0.78/0.91/0+1.0 ms cpu, 3->3->1 MB, 4 MB goal, 0 MB stacks, 0 MB globals, 12 P
gc 4472 @14.367s 7%: 0.094+0.44+0.13 ms clock, 1.1+0.78/0.81/0+1.6 ms cpu, 3->3->1 MB, 4 MB goal, 0 MB stacks, 0 MB globals, 12 P
gc 4473 @14.369s 7%: 0.091+0.67+0.076 ms clock, 1.0+0.72/1.0/0+0.91 ms cpu, 3->3->1 MB, 4 MB goal, 0 MB stacks, 0 MB globals, 12 P
gc 4474 @14.371s 7%: 0.15+0.69+0.081 ms clock, 1.9+0.79/0.88/0+0.98 ms cpu, 3->3->1 MB, 4 MB goal, 0 MB stacks, 0 MB globals, 12 P
gc 4475 @14.373s 7%: 0.094+0.69+0.12 ms clock, 1.1+0.51/1.0/0+1.4 ms cpu, 3->3->1 MB, 4 MB goal, 0 MB stacks, 0 MB globals, 12 P
gc 4476 @14.375s 7%: 0.11+0.99+0.042 ms clock, 1.4+0.80/0.84/0+0.51 ms cpu, 3->4->2 MB, 4 MB goal, 0 MB stacks, 0 MB globals, 12 P
gc 4477 @14.378s 7%: 0.16+0.52+0.069 ms clock, 1.9+0.70/0.84/0+0.83 ms cpu, 3->4->1 MB, 4 MB goal, 0 MB stacks, 0 MB globals, 12 P
gc 4478 @14.380s 7%: 0.11+0.68+0.060 ms clock, 1.4+0.67/0.87/0+0.72 ms cpu, 3->3->1 MB, 4 MB goal, 0 MB stacks, 0 MB globals, 12 P
gc 4479 @14.382s 7%: 0.082+1.0+0.099 ms clock, 0.98+0.73/0.88/0+1.1 ms cpu, 3->4->2 MB, 4 MB goal, 0 MB stacks, 0 MB globals, 12 P
gc 4480 @14.384s 7%: 0.097+0.51+0.066 ms clock, 1.1+0.78/0.85/0+0.79 ms cpu, 3->4->1 MB, 4 MB goal, 0 MB stacks, 0 MB globals, 12 P
gc 4481 @14.386s 7%: 0.14+0.48+0.10 ms clock, 1.7+0.67/0.89/0+1.2 ms cpu, 3->3->1 MB, 4 MB goal, 0 MB stacks, 0 MB globals, 12 P
gc 4482 @14.388s 7%: 0.078+0.47+0.088 ms clock, 0.94+0.57/0.79/0+1.0 ms cpu, 3->3->1 MB, 4 MB goal, 0 MB stacks, 0 MB globals, 12 P
gc 4483 @14.390s 7%: 0.13+1.0+0.048 ms clock, 1.5+0.80/0.81/0+0.58 ms cpu, 3->4->2 MB, 4 MB goal, 0 MB stacks, 0 MB globals, 12 P
gc 4484 @14.393s 7%: 0.48+0.31+0.091 ms clock, 5.8+0.57/1.0/0+1.0 ms cpu, 3->4->1 MB, 4 MB goal, 0 MB stacks, 0 MB globals, 12 P
gc 4485 @14.395s 7%: 0.077+0.66+0.078 ms clock, 0.92+0.78/0.97/0+0.94 ms cpu, 3->3->1 MB, 4 MB goal, 0 MB stacks, 0 MB globals, 12 P
gc 4486 @14.397s 7%: 0.089+0.97+0.044 ms clock, 1.0+0.93/0.84/0+0.52 ms cpu, 3->4->2 MB, 4 MB goal, 0 MB stacks, 0 MB globals, 12 P
gc 4487 @14.400s 7%: 0.11+0.44+0.077 ms clock, 1.4+0.84/0.70/0+0.92 ms cpu, 3->4->1 MB, 4 MB goal, 0 MB stacks, 0 MB globals, 12 P
gc 4488 @14.402s 7%: 0.10+0.47+0.067 ms clock, 1.2+0.68/0.93/0+0.80 ms cpu, 3->3->1 MB, 4 MB goal, 0 MB stacks, 0 MB globals, 12 P
gc 4489 @14.404s 7%: 0.15+1.2+0.037 ms clock, 1.8+0.74/0.93/0+0.45 ms cpu, 3->4->2 MB, 4 MB goal, 0 MB stacks, 0 MB globals, 12 P
gc 4490 @14.407s 7%: 0.093+0.90+0.046 ms clock, 1.1+0.73/0.85/0+0.55 ms cpu, 3->4->2 MB, 4 MB goal, 0 MB stacks, 0 MB globals, 12 P
gc 4491 @14.409s 7%: 0.096+0.63+0.099 ms clock, 1.1+0.69/1.0/0+1.1 ms cpu, 3->4->1 MB, 4 MB goal, 0 MB stacks, 0 MB globals, 12 P
gc 4492 @14.412s 7%: 0.076+0.93+0.10 ms clock, 0.92+0.83/0.85/0+1.2 ms cpu, 3->4->2 MB, 4 MB goal, 0 MB stacks, 0 MB globals, 12 P
gc 4493 @14.414s 7%: 0.13+0.73+0.085 ms clock, 1.6+0.96/0.90/0+1.0 ms cpu, 4->4->1 MB, 4 MB goal, 0 MB stacks, 0 MB globals, 12 P
gc 4494 @14.416s 7%: 0.14+0.93+0.089 ms clock, 1.6+0.63/0.94/0+1.0 ms cpu, 3->4->2 MB, 4 MB goal, 0 MB stacks, 0 MB globals, 12 P
gc 4495 @14.419s 7%: 0.15+0.66+0.096 ms clock, 1.8+0.77/0.85/0.008+1.1 ms cpu, 3->4->1 MB, 4 MB goal, 0 MB stacks, 0 MB globals, 12 P
gc 4496 @14.422s 7%: 0.10+1.4+0.082 ms clock, 1.2+0.81/1.0/0+0.99 ms cpu, 3->4->2 MB, 4 MB goal, 0 MB stacks, 0 MB globals, 12 P
gc 4497 @14.425s 7%: 0.12+0.71+0.081 ms clock, 1.5+0.54/0.88/0+0.98 ms cpu, 4->5->1 MB, 5 MB goal, 0 MB stacks, 0 MB globals, 12 P
gc 4498 @14.427s 7%: 0.083+0.84+0.094 ms clock, 1.0+0.69/1.0/0+1.1 ms cpu, 3->4->2 MB, 4 MB goal, 0 MB stacks, 0 MB globals, 12 P
gc 4499 @14.430s 7%: 0.089+1.1+0.057 ms clock, 1.0+0.74/1.4/0+0.68 ms cpu, 3->4->2 MB, 4 MB goal, 0 MB stacks, 0 MB globals, 12 P
gc 4500 @14.433s 7%: 0.10+0.64+0.10 ms clock, 1.3+0.51/0.98/0+1.2 ms cpu, 3->4->1 MB, 4 MB goal, 0 MB stacks, 0 MB globals, 12 P
gc 4501 @14.435s 7%: 0.14+1.5+0.093 ms clock, 1.7+0.73/0.89/0+1.1 ms cpu, 3->4->2 MB, 4 MB goal, 0 MB stacks, 0 MB globals, 12 P
gc 4502 @14.438s 7%: 0.15+0.59+0.057 ms clock, 1.8+0.91/0.82/0+0.69 ms cpu, 4->4->1 MB, 5 MB goal, 0 MB stacks, 0 MB globals, 12 P
gc 4503 @14.440s 7%: 0.14+0.82+0.10 ms clock, 1.7+0.89/0.90/0+1.2 ms cpu, 3->3->1 MB, 4 MB goal, 0 MB stacks, 0 MB globals, 12 P
gc 4504 @14.443s 7%: 0.10+1.0+0.080 ms clock, 1.2+0.84/0.73/0+0.96 ms cpu, 3->4->2 MB, 4 MB goal, 0 MB stacks, 0 MB globals, 12 P
gc 4505 @14.445s 7%: 0.15+0.66+0.093 ms clock, 1.8+0.74/0.87/0+1.1 ms cpu, 4->4->1 MB, 4 MB goal, 0 MB stacks, 0 MB globals, 12 P
gc 4506 @14.447s 7%: 0.10+0.58+0.15 ms clock, 1.2+0.87/0.79/0+1.8 ms cpu, 3->3->1 MB, 4 MB goal, 0 MB stacks, 0 MB globals, 12 P
gc 4507 @14.450s 7%: 0.11+0.72+0.074 ms clock, 1.3+0.72/0.79/0+0.89 ms cpu, 3->3->1 MB, 4 MB goal, 0 MB stacks, 0 MB globals, 12 P
gc 4508 @14.452s 7%: 0.10+0.41+0.070 ms clock, 1.2+0.75/0.83/0+0.84 ms cpu, 3->3->1 MB, 4 MB goal, 0 MB stacks, 0 MB globals, 12 P
gc 4509 @14.453s 7%: 0.088+1.1+0.085 ms clock, 1.0+0.69/0.87/0+1.0 ms cpu, 3->4->2 MB, 4 MB goal, 0 MB stacks, 0 MB globals, 12 P
gc 4510 @14.456s 7%: 0.092+0.83+0.19 ms clock, 1.1+0.90/1.0/0+2.3 ms cpu, 3->4->1 MB, 4 MB goal, 0 MB stacks, 0 MB globals, 12 P
gc 4511 @14.459s 7%: 0.096+0.50+0.15 ms clock, 1.1+0.66/0.82/0+1.8 ms cpu, 3->3->1 MB, 4 MB goal, 0 MB stacks, 0 MB globals, 12 P
gc 4512 @14.461s 7%: 0.065+0.60+0.13 ms clock, 0.78+0.59/0.96/0+1.5 ms cpu, 3->3->1 MB, 4 MB goal, 0 MB stacks, 0 MB globals, 12 P
gc 4513 @14.463s 7%: 0.13+0.54+0.10 ms clock, 1.6+0.78/0.83/0+1.2 ms cpu, 3->3->1 MB, 4 MB goal, 0 MB stacks, 0 MB globals, 12 P
gc 4514 @14.465s 7%: 0.081+0.60+0.12 ms clock, 0.98+0.78/0.78/0+1.4 ms cpu, 3->3->1 MB, 4 MB goal, 0 MB stacks, 0 MB globals, 12 P
gc 4515 @14.467s 7%: 0.094+0.52+0.074 ms clock, 1.1+0.83/0.85/0+0.89 ms cpu, 3->3->1 MB, 4 MB goal, 0 MB stacks, 0 MB globals, 12 P
gc 4516 @14.469s 7%: 0.10+0.62+0.16 ms clock, 1.2+0.83/0.97/0+2.0 ms cpu, 3->3->1 MB, 4 MB goal, 0 MB stacks, 0 MB globals, 12 P
gc 4517 @14.471s 7%: 0.11+0.80+0.092 ms clock, 1.3+0.68/1.0/0+1.1 ms cpu, 3->4->1 MB, 4 MB goal, 0 MB stacks, 0 MB globals, 12 P
gc 4518 @14.473s 7%: 0.15+0.72+0.080 ms clock, 1.8+0.77/0.81/0+0.96 ms cpu, 3->4->1 MB, 4 MB goal, 0 MB stacks, 0 MB globals, 12 P
gc 4519 @14.476s 7%: 0.11+0.74+0.094 ms clock, 1.3+0.93/0.74/0+1.1 ms cpu, 3->3->1 MB, 4 MB goal, 0 MB stacks, 0 MB globals, 12 P
gc 4520 @14.478s 7%: 0.082+0.90+0.050 ms clock, 0.99+0.99/0.76/0.006+0.60 ms cpu, 3->4->1 MB, 4 MB goal, 0 MB stacks, 0 MB globals, 12 P
gc 4521 @14.481s 7%: 0.17+1.2+0.052 ms clock, 2.1+0.58/0.93/0+0.63 ms cpu, 3->4->2 MB, 4 MB goal, 0 MB stacks, 0 MB globals, 12 P
gc 4522 @14.484s 7%: 0.12+0.46+0.11 ms clock, 1.4+0.99/0.80/0+1.3 ms cpu, 3->4->1 MB, 4 MB goal, 0 MB stacks, 0 MB globals, 12 P
gc 4523 @14.486s 7%: 0.089+0.78+0.064 ms clock, 1.0+0.74/0.77/0+0.77 ms cpu, 3->3->1 MB, 4 MB goal, 0 MB stacks, 0 MB globals, 12 P
gc 4524 @14.488s 7%: 0.083+1.1+0.040 ms clock, 1.0+0.75/0.87/0.001+0.48 ms cpu, 3->4->2 MB, 4 MB goal, 0 MB stacks, 0 MB globals, 12 P
gc 4525 @14.491s 7%: 0.16+0.60+0.14 ms clock, 2.0+0.74/0.87/0+1.7 ms cpu, 3->4->1 MB, 4 MB goal, 0 MB stacks, 0 MB globals, 12 P
gc 4526 @14.493s 7%: 0.080+0.44+0.11 ms clock, 0.96+0.78/0.79/0+1.3 ms cpu, 3->3->1 MB, 4 MB goal, 0 MB stacks, 0 MB globals, 12 P
gc 4527 @14.494s 7%: 0.15+0.67+0.14 ms clock, 1.8+0.70/0.90/0+1.7 ms cpu, 3->3->1 MB, 4 MB goal, 0 MB stacks, 0 MB globals, 12 P
gc 4528 @14.497s 7%: 0.10+0.67+0.12 ms clock, 1.2+0.68/0.83/0+1.5 ms cpu, 3->3->1 MB, 4 MB goal, 0 MB stacks, 0 MB globals, 12 P
gc 4529 @14.499s 7%: 0.14+0.44+0.066 ms clock, 1.7+0.68/0.91/0+0.80 ms cpu, 3->3->1 MB, 4 MB goal, 0 MB stacks, 0 MB globals, 12 P
gc 4530 @14.501s 7%: 0.099+0.61+0.088 ms clock, 1.1+0.63/0.83/0+1.0 ms cpu, 3->3->1 MB, 4 MB goal, 0 MB stacks, 0 MB globals, 12 P
gc 4531 @14.503s 7%: 0.13+0.63+0.080 ms clock, 1.6+0.82/0.73/0+0.96 ms cpu, 3->3->1 MB, 4 MB goal, 0 MB stacks, 0 MB globals, 12 P
gc 4532 @14.505s 7%: 0.095+0.53+0.085 ms clock, 1.1+0.77/0.89/0+1.0 ms cpu, 3->3->1 MB, 4 MB goal, 0 MB stacks, 0 MB globals, 12 P
gc 4533 @14.507s 7%: 0.11+0.72+0.030 ms clock, 1.4+0.65/0.91/0+0.36 ms cpu, 3->3->1 MB, 4 MB goal, 0 MB stacks, 0 MB globals, 12 P
gc 4534 @14.509s 7%: 0.10+0.72+0.086 ms clock, 1.2+0.66/0.75/0+1.0 ms cpu, 3->3->1 MB, 4 MB goal, 0 MB stacks, 0 MB globals, 12 P
gc 4535 @14.511s 7%: 0.092+0.47+0.10 ms clock, 1.1+0.73/0.88/0+1.3 ms cpu, 3->3->1 MB, 4 MB goal, 0 MB stacks, 0 MB globals, 12 P
gc 4536 @14.513s 7%: 0.10+0.71+0.062 ms clock, 1.3+0.69/0.88/0+0.74 ms cpu, 3->3->1 MB, 4 MB goal, 0 MB stacks, 0 MB globals, 12 P
gc 4537 @14.515s 7%: 0.14+1.0+0.033 ms clock, 1.6+0.78/0.85/0+0.40 ms cpu, 3->4->2 MB, 4 MB goal, 0 MB stacks, 0 MB globals, 12 P
gc 4538 @14.518s 7%: 0.11+0.67+0.091 ms clock, 1.3+0.66/0.94/0+1.1 ms cpu, 3->4->1 MB, 4 MB goal, 0 MB stacks, 0 MB globals, 12 P
gc 4539 @14.520s 7%: 0.13+0.94+0.068 ms clock, 1.6+0.58/0.97/0+0.82 ms cpu, 3->4->2 MB, 4 MB goal, 0 MB stacks, 0 MB globals, 12 P
gc 4540 @14.523s 7%: 0.084+0.56+0.094 ms clock, 1.0+0.81/0.87/0.016+1.1 ms cpu, 3->4->1 MB, 4 MB goal, 0 MB stacks, 0 MB globals, 12 P
gc 4541 @14.525s 7%: 0.085+0.95+0.055 ms clock, 1.0+0.76/1.0/0+0.66 ms cpu, 3->4->2 MB, 4 MB goal, 0 MB stacks, 0 MB globals, 12 P
gc 4542 @14.527s 7%: 0.10+1.0+0.083 ms clock, 1.3+1.1/0.92/0.016+1.0 ms cpu, 3->4->2 MB, 4 MB goal, 0 MB stacks, 0 MB globals, 12 P
gc 4543 @14.530s 7%: 0.11+0.55+0.083 ms clock, 1.4+0.74/0.87/0+1.0 ms cpu, 3->4->1 MB, 4 MB goal, 0 MB stacks, 0 MB globals, 12 P
gc 4544 @14.532s 7%: 0.11+1.0+0.066 ms clock, 1.4+0.66/0.84/0+0.79 ms cpu, 3->4->2 MB, 4 MB goal, 0 MB stacks, 0 MB globals, 12 P
gc 4545 @14.535s 7%: 0.10+0.87+0.11 ms clock, 1.2+0.84/0.75/0+1.4 ms cpu, 3->4->2 MB, 4 MB goal, 0 MB stacks, 0 MB globals, 12 P
gc 4546 @14.538s 7%: 0.10+0.48+0.12 ms clock, 1.2+0.65/0.84/0+1.5 ms cpu, 3->4->1 MB, 4 MB goal, 0 MB stacks, 0 MB globals, 12 P
gc 4547 @14.540s 7%: 0.095+0.49+0.083 ms clock, 1.1+0.78/0.82/0+1.0 ms cpu, 3->3->1 MB, 4 MB goal, 0 MB stacks, 0 MB globals, 12 P
gc 4548 @14.541s 7%: 0.16+0.86+0.12 ms clock, 2.0+0.73/0.79/0+1.5 ms cpu, 3->3->2 MB, 4 MB goal, 0 MB stacks, 0 MB globals, 12 P
gc 4549 @14.544s 7%: 0.12+0.52+0.078 ms clock, 1.5+0.66/0.91/0+0.93 ms cpu, 3->4->1 MB, 4 MB goal, 0 MB stacks, 0 MB globals, 12 P
gc 4550 @14.546s 7%: 0.13+1.1+0.073 ms clock, 1.5+0.78/0.88/0+0.87 ms cpu, 3->4->2 MB, 4 MB goal, 0 MB stacks, 0 MB globals, 12 P
gc 4551 @14.549s 7%: 0.11+0.82+0.15 ms clock, 1.3+0.68/0.91/0+1.8 ms cpu, 4->4->1 MB, 4 MB goal, 0 MB stacks, 0 MB globals, 12 P
gc 4552 @14.551s 7%: 0.11+0.76+0.075 ms clock, 1.3+0.66/0.81/0+0.90 ms cpu, 3->4->1 MB, 4 MB goal, 0 MB stacks, 0 MB globals, 12 P
gc 4553 @14.554s 7%: 0.086+1.0+0.078 ms clock, 1.0+1.2/0.93/0+0.94 ms cpu, 3->4->2 MB, 4 MB goal, 0 MB stacks, 0 MB globals, 12 P
gc 4554 @14.556s 7%: 0.11+1.2+0.13 ms clock, 1.4+0.74/0.85/0+1.5 ms cpu, 3->4->2 MB, 4 MB goal, 0 MB stacks, 0 MB globals, 12 P
gc 4555 @14.559s 7%: 0.097+0.64+0.082 ms clock, 1.1+0.73/0.85/0+0.99 ms cpu, 4->4->1 MB, 4 MB goal, 0 MB stacks, 0 MB globals, 12 P
gc 4556 @14.562s 7%: 0.083+0.54+0.10 ms clock, 1.0+0.67/0.90/0+1.2 ms cpu, 3->3->1 MB, 4 MB goal, 0 MB stacks, 0 MB globals, 12 P
gc 4557 @14.563s 7%: 0.10+0.91+0.030 ms clock, 1.3+1.0/0.80/0.044+0.36 ms cpu, 3->3->1 MB, 4 MB goal, 0 MB stacks, 0 MB globals, 12 P
gc 4558 @14.566s 7%: 0.10+0.50+0.067 ms clock, 1.2+0.76/0.79/0+0.80 ms cpu, 3->3->1 MB, 4 MB goal, 0 MB stacks, 0 MB globals, 12 P
gc 4559 @14.567s 7%: 0.14+0.81+0.074 ms clock, 1.6+0.86/1.0/0+0.89 ms cpu, 3->3->1 MB, 4 MB goal, 0 MB stacks, 0 MB globals, 12 P
gc 4560 @14.570s 7%: 0.13+1.0+0.068 ms clock, 1.6+0.82/0.89/0+0.81 ms cpu, 3->4->2 MB, 4 MB goal, 0 MB stacks, 0 MB globals, 12 P
gc 4561 @14.572s 7%: 0.15+0.42+0.048 ms clock, 1.8+0.74/0.84/0+0.58 ms cpu, 3->4->1 MB, 4 MB goal, 0 MB stacks, 0 MB globals, 12 P
gc 4562 @14.574s 7%: 0.19+1.0+0.068 ms clock, 2.3+0.68/0.92/0+0.82 ms cpu, 3->4->2 MB, 4 MB goal, 0 MB stacks, 0 MB globals, 12 P
gc 4563 @14.577s 7%: 0.099+0.82+0.085 ms clock, 1.1+0.74/0.85/0+1.0 ms cpu, 3->4->1 MB, 4 MB goal, 0 MB stacks, 0 MB globals, 12 P
gc 4564 @14.579s 7%: 0.10+0.70+0.087 ms clock, 1.2+0.75/0.89/0+1.0 ms cpu, 3->3->1 MB, 4 MB goal, 0 MB stacks, 0 MB globals, 12 P
gc 4565 @14.582s 7%: 0.14+0.51+0.072 ms clock, 1.7+0.75/0.84/0+0.86 ms cpu, 3->3->1 MB, 4 MB goal, 0 MB stacks, 0 MB globals, 12 P
gc 4566 @14.583s 7%: 0.73+0.54+0.057 ms clock, 8.8+1.1/0.91/0+0.68 ms cpu, 3->4->2 MB, 4 MB goal, 0 MB stacks, 0 MB globals, 12 P
gc 4567 @14.586s 7%: 0.10+1.2+0.062 ms clock, 1.2+0.76/0.90/0+0.74 ms cpu, 3->4->2 MB, 4 MB goal, 0 MB stacks, 0 MB globals, 12 P
gc 4568 @14.589s 7%: 0.16+0.71+0.092 ms clock, 1.9+0.80/0.87/0+1.1 ms cpu, 4->4->1 MB, 4 MB goal, 0 MB stacks, 0 MB globals, 12 P
gc 4569 @14.591s 7%: 0.18+0.59+0.068 ms clock, 2.1+0.79/0.92/0+0.82 ms cpu, 3->3->1 MB, 4 MB goal, 0 MB stacks, 0 MB globals, 12 P
gc 4570 @14.594s 7%: 0.080+0.59+0.090 ms clock, 0.96+0.71/0.90/0+1.0 ms cpu, 3->3->1 MB, 4 MB goal, 0 MB stacks, 0 MB globals, 12 P
gc 4571 @14.596s 7%: 0.11+0.89+0.13 ms clock, 1.3+0.68/0.84/0+1.5 ms cpu, 3->4->1 MB, 4 MB goal, 0 MB stacks, 0 MB globals, 12 P
gc 4572 @14.598s 7%: 0.083+0.53+0.11 ms clock, 0.99+0.84/0.76/0+1.3 ms cpu, 3->4->1 MB, 4 MB goal, 0 MB stacks, 0 MB globals, 12 P
gc 4573 @14.600s 7%: 0.11+1.5+0.081 ms clock, 1.3+0.85/1.1/0+0.97 ms cpu, 3->4->2 MB, 4 MB goal, 0 MB stacks, 0 MB globals, 12 P
gc 4574 @14.604s 7%: 0.099+0.59+0.091 ms clock, 1.1+0.89/1.0/0+1.0 ms cpu, 4->4->1 MB, 5 MB goal, 0 MB stacks, 0 MB globals, 12 P
gc 4575 @14.606s 7%: 0.11+1.4+0.11 ms clock, 1.3+0.72/1.0/0+1.3 ms cpu, 3->4->2 MB, 4 MB goal, 0 MB stacks, 0 MB globals, 12 P
gc 4576 @14.609s 7%: 0.13+0.59+0.094 ms clock, 1.6+0.80/0.82/0+1.1 ms cpu, 4->4->1 MB, 5 MB goal, 0 MB stacks, 0 MB globals, 12 P
gc 4577 @14.611s 7%: 0.11+0.55+0.11 ms clock, 1.3+0.84/0.87/0+1.3 ms cpu, 3->3->1 MB, 4 MB goal, 0 MB stacks, 0 MB globals, 12 P
gc 4578 @14.613s 7%: 0.081+0.46+0.092 ms clock, 0.97+0.95/0.87/0+1.1 ms cpu, 3->3->1 MB, 4 MB goal, 0 MB stacks, 0 MB globals, 12 P
gc 4579 @14.615s 7%: 0.11+0.56+0.087 ms clock, 1.4+0.64/0.84/0+1.0 ms cpu, 3->3->1 MB, 4 MB goal, 0 MB stacks, 0 MB globals, 12 P
gc 4580 @14.617s 7%: 0.098+0.56+0.076 ms clock, 1.1+0.80/0.89/0+0.91 ms cpu, 3->3->1 MB, 4 MB goal, 0 MB stacks, 0 MB globals, 12 P
gc 4581 @14.619s 7%: 0.13+0.77+0.073 ms clock, 1.6+0.70/0.77/0+0.88 ms cpu, 3->3->1 MB, 4 MB goal, 0 MB stacks, 0 MB globals, 12 P
gc 4582 @14.621s 7%: 0.082+1.0+0.077 ms clock, 0.98+0.77/0.91/0+0.93 ms cpu, 3->4->1 MB, 4 MB goal, 0 MB stacks, 0 MB globals, 12 P
gc 4583 @14.624s 7%: 0.13+0.57+0.095 ms clock, 1.6+0.70/0.82/0+1.1 ms cpu, 3->3->1 MB, 4 MB goal, 0 MB stacks, 0 MB globals, 12 P
gc 4584 @14.626s 7%: 0.10+0.94+0.047 ms clock, 1.2+0.70/0.89/0+0.57 ms cpu, 3->3->1 MB, 4 MB goal, 0 MB stacks, 0 MB globals, 12 P
gc 4585 @14.628s 7%: 0.083+0.56+0.076 ms clock, 1.0+0.80/0.82/0+0.91 ms cpu, 3->3->1 MB, 4 MB goal, 0 MB stacks, 0 MB globals, 12 P
gc 4586 @14.630s 7%: 0.097+0.42+0.070 ms clock, 1.1+0.73/0.76/0+0.84 ms cpu, 3->3->1 MB, 4 MB goal, 0 MB stacks, 0 MB globals, 12 P
gc 4587 @14.632s 7%: 0.088+0.54+0.083 ms clock, 1.0+0.58/1.0/0+1.0 ms cpu, 3->3->1 MB, 4 MB goal, 0 MB stacks, 0 MB globals, 12 P
gc 4588 @14.634s 7%: 0.15+0.43+0.082 ms clock, 1.8+0.75/0.82/0+0.98 ms cpu, 3->3->1 MB, 4 MB goal, 0 MB stacks, 0 MB globals, 12 P
gc 4589 @14.636s 7%: 0.15+0.90+0.084 ms clock, 1.8+0.73/0.86/0+1.0 ms cpu, 3->3->1 MB, 4 MB goal, 0 MB stacks, 0 MB globals, 12 P
gc 4590 @14.638s 7%: 0.14+0.69+0.11 ms clock, 1.7+0.66/0.84/0+1.3 ms cpu, 3->4->1 MB, 4 MB goal, 0 MB stacks, 0 MB globals, 12 P
gc 4591 @14.640s 7%: 0.16+0.74+0.11 ms clock, 1.9+0.82/0.77/0+1.3 ms cpu, 3->4->1 MB, 4 MB goal, 0 MB stacks, 0 MB globals, 12 P
gc 4592 @14.643s 7%: 0.17+0.54+0.072 ms clock, 2.0+0.65/0.88/0+0.87 ms cpu, 3->3->1 MB, 4 MB goal, 0 MB stacks, 0 MB globals, 12 P
gc 4593 @14.645s 7%: 0.11+0.47+0.052 ms clock, 1.3+0.84/0.83/0+0.63 ms cpu, 3->3->1 MB, 4 MB goal, 0 MB stacks, 0 MB globals, 12 P
gc 4594 @14.647s 7%: 0.093+1.1+0.075 ms clock, 1.1+1.1/0.78/0.008+0.90 ms cpu, 3->3->2 MB, 4 MB goal, 0 MB stacks, 0 MB globals, 12 P
gc 4595 @14.650s 7%: 0.16+0.59+0.13 ms clock, 2.0+0.60/0.95/0+1.5 ms cpu, 3->4->1 MB, 4 MB goal, 0 MB stacks, 0 MB globals, 12 P
gc 4596 @14.652s 7%: 0.11+0.51+0.082 ms clock, 1.4+0.85/0.81/0+0.98 ms cpu, 3->3->1 MB, 4 MB goal, 0 MB stacks, 0 MB globals, 12 P
gc 4597 @14.653s 7%: 0.088+0.64+0.064 ms clock, 1.0+0.77/0.82/0+0.77 ms cpu, 3->3->1 MB, 4 MB goal, 0 MB stacks, 0 MB globals, 12 P
gc 4598 @14.655s 7%: 0.096+1.0+0.073 ms clock, 1.1+0.54/0.84/0+0.88 ms cpu, 3->3->2 MB, 4 MB goal, 0 MB stacks, 0 MB globals, 12 P
gc 4599 @14.658s 7%: 0.10+0.46+0.055 ms clock, 1.2+0.79/0.76/0+0.67 ms cpu, 3->4->1 MB, 4 MB goal, 0 MB stacks, 0 MB globals, 12 P
gc 4600 @14.660s 7%: 0.096+0.94+0.076 ms clock, 1.1+0.71/0.85/0+0.91 ms cpu, 3->3->1 MB, 4 MB goal, 0 MB stacks, 0 MB globals, 12 P
gc 4601 @14.662s 7%: 0.095+1.0+0.090 ms clock, 1.1+0.70/0.88/0+1.0 ms cpu, 3->4->2 MB, 4 MB goal, 0 MB stacks, 0 MB globals, 12 P
gc 4602 @14.665s 7%: 0.10+1.0+0.076 ms clock, 1.2+0.68/0.90/0+0.92 ms cpu, 3->4->2 MB, 4 MB goal, 0 MB stacks, 0 MB globals, 12 P
gc 4603 @14.668s 7%: 0.099+0.83+0.082 ms clock, 1.1+0.87/0.78/0+0.99 ms cpu, 3->4->1 MB, 4 MB goal, 0 MB stacks, 0 MB globals, 12 P
gc 4604 @14.671s 7%: 0.11+0.84+0.053 ms clock, 1.4+0.68/0.87/0+0.64 ms cpu, 3->4->1 MB, 4 MB goal, 0 MB stacks, 0 MB globals, 12 P
gc 4605 @14.673s 7%: 0.10+1.2+0.059 ms clock, 1.2+1.4/1.0/0+0.71 ms cpu, 3->4->2 MB, 4 MB goal, 0 MB stacks, 0 MB globals, 12 P
gc 4606 @14.676s 7%: 0.11+1.3+0.085 ms clock, 1.4+1.9/0.49/0+1.0 ms cpu, 4->5->2 MB, 5 MB goal, 0 MB stacks, 0 MB globals, 12 P
gc 4607 @14.679s 7%: 0.11+0.68+0.083 ms clock, 1.3+0.75/0.86/0+0.99 ms cpu, 3->4->1 MB, 4 MB goal, 0 MB stacks, 0 MB globals, 12 P
gc 4608 @14.681s 7%: 0.094+0.73+0.098 ms clock, 1.1+0.69/0.89/0+1.1 ms cpu, 3->4->1 MB, 4 MB goal, 0 MB stacks, 0 MB globals, 12 P
gc 4609 @14.684s 7%: 0.13+0.92+0.098 ms clock, 1.5+0.72/0.86/0+1.1 ms cpu, 3->4->1 MB, 4 MB goal, 0 MB stacks, 0 MB globals, 12 P
gc 4610 @14.686s 7%: 0.10+0.53+0.075 ms clock, 1.2+0.79/0.90/0+0.90 ms cpu, 3->3->1 MB, 4 MB goal, 0 MB stacks, 0 MB globals, 12 P
gc 4611 @14.688s 7%: 0.10+0.47+0.15 ms clock, 1.2+0.98/0.88/0+1.8 ms cpu, 3->3->1 MB, 4 MB goal, 0 MB stacks, 0 MB globals, 12 P
gc 4612 @14.690s 7%: 0.10+0.61+0.086 ms clock, 1.2+0.78/0.91/0+1.0 ms cpu, 3->3->1 MB, 4 MB goal, 0 MB stacks, 0 MB globals, 12 P
gc 4613 @14.692s 7%: 0.095+0.92+0.078 ms clock, 1.1+0.83/0.86/0+0.94 ms cpu, 3->4->2 MB, 4 MB goal, 0 MB stacks, 0 MB globals, 12 P
gc 4614 @14.695s 7%: 0.089+0.98+0.080 ms clock, 1.0+0.76/0.97/0+0.96 ms cpu, 3->4->2 MB, 4 MB goal, 0 MB stacks, 0 MB globals, 12 P
gc 4615 @14.698s 7%: 0.094+0.99+0.091 ms clock, 1.1+0.97/0.86/0+1.0 ms cpu, 3->4->2 MB, 4 MB goal, 0 MB stacks, 0 MB globals, 12 P
gc 4616 @14.701s 7%: 0.10+1.1+0.072 ms clock, 1.2+0.64/0.97/0+0.86 ms cpu, 3->4->2 MB, 4 MB goal, 0 MB stacks, 0 MB globals, 12 P
gc 4617 @14.703s 7%: 0.10+0.82+0.079 ms clock, 1.2+0.92/0.88/0+0.95 ms cpu, 3->4->1 MB, 4 MB goal, 0 MB stacks, 0 MB globals, 12 P
gc 4618 @14.706s 7%: 0.075+1.0+0.070 ms clock, 0.91+0.82/0.90/0+0.84 ms cpu, 3->4->2 MB, 4 MB goal, 0 MB stacks, 0 MB globals, 12 P
gc 4619 @14.709s 7%: 0.10+0.54+0.10 ms clock, 1.3+0.79/0.80/0+1.2 ms cpu, 3->4->1 MB, 4 MB goal, 0 MB stacks, 0 MB globals, 12 P
gc 4620 @14.711s 7%: 0.092+1.0+0.046 ms clock, 1.1+0.87/0.89/0+0.56 ms cpu, 3->3->1 MB, 4 MB goal, 0 MB stacks, 0 MB globals, 12 P
gc 4621 @14.713s 7%: 0.080+0.49+0.10 ms clock, 0.96+0.80/0.88/0+1.2 ms cpu, 3->3->1 MB, 4 MB goal, 0 MB stacks, 0 MB globals, 12 P
gc 4622 @14.715s 7%: 0.10+0.53+0.10 ms clock, 1.2+0.75/0.80/0.008+1.2 ms cpu, 3->3->1 MB, 4 MB goal, 0 MB stacks, 0 MB globals, 12 P
gc 4623 @14.717s 7%: 0.067+0.49+0.062 ms clock, 0.80+0.73/0.86/0+0.75 ms cpu, 3->3->1 MB, 4 MB goal, 0 MB stacks, 0 MB globals, 12 P
gc 4624 @14.719s 7%: 0.13+0.68+0.088 ms clock, 1.6+0.66/1.0/0+1.0 ms cpu, 3->3->1 MB, 4 MB goal, 0 MB stacks, 0 MB globals, 12 P
gc 4625 @14.722s 7%: 0.11+0.51+0.089 ms clock, 1.4+0.67/0.89/0+1.0 ms cpu, 3->3->1 MB, 4 MB goal, 0 MB stacks, 0 MB globals, 12 P
gc 4626 @14.723s 7%: 0.10+0.80+0.10 ms clock, 1.2+0.65/0.96/0+1.2 ms cpu, 3->3->1 MB, 4 MB goal, 0 MB stacks, 0 MB globals, 12 P
gc 4627 @14.726s 7%: 0.067+0.76+0.093 ms clock, 0.81+0.57/1.0/0+1.1 ms cpu, 3->4->1 MB, 4 MB goal, 0 MB stacks, 0 MB globals, 12 P
gc 4628 @14.728s 7%: 0.12+0.92+0.12 ms clock, 1.4+0.64/0.90/0+1.4 ms cpu, 3->4->1 MB, 4 MB goal, 0 MB stacks, 0 MB globals, 12 P
gc 4629 @14.731s 7%: 0.14+1.2+0.10 ms clock, 1.7+0.73/0.83/0+1.2 ms cpu, 3->4->2 MB, 4 MB goal, 0 MB stacks, 0 MB globals, 12 P
gc 4630 @14.734s 7%: 0.12+1.2+0.090 ms clock, 1.4+0.80/0.80/0+1.0 ms cpu, 4->4->2 MB, 4 MB goal, 0 MB stacks, 0 MB globals, 12 P
gc 4631 @14.737s 7%: 0.12+1.1+0.086 ms clock, 1.4+0.79/0.93/0.005+1.0 ms cpu, 4->4->2 MB, 4 MB goal, 0 MB stacks, 0 MB globals, 12 P
gc 4632 @14.740s 7%: 0.092+1.1+0.084 ms clock, 1.1+0.70/1.1/0+1.0 ms cpu, 3->4->2 MB, 4 MB goal, 0 MB stacks, 0 MB globals, 12 P
gc 4633 @14.743s 7%: 0.094+0.69+0.11 ms clock, 1.1+0.77/0.82/0+1.4 ms cpu, 4->4->1 MB, 4 MB goal, 0 MB stacks, 0 MB globals, 12 P
gc 4634 @14.745s 7%: 0.13+0.58+0.17 ms clock, 1.6+0.79/0.92/0+2.1 ms cpu, 3->3->1 MB, 4 MB goal, 0 MB stacks, 0 MB globals, 12 P
gc 4635 @14.747s 7%: 0.078+1.0+0.040 ms clock, 0.93+0.96/1.0/0+0.49 ms cpu, 3->4->2 MB, 4 MB goal, 0 MB stacks, 0 MB globals, 12 P
gc 4636 @14.749s 7%: 0.11+0.51+0.070 ms clock, 1.3+0.82/0.84/0+0.84 ms cpu, 3->4->1 MB, 4 MB goal, 0 MB stacks, 0 MB globals, 12 P
gc 4637 @14.751s 7%: 0.10+0.97+0.11 ms clock, 1.2+0.73/0.94/0+1.3 ms cpu, 3->4->2 MB, 4 MB goal, 0 MB stacks, 0 MB globals, 12 P
gc 4638 @14.754s 7%: 0.14+1.1+0.088 ms clock, 1.7+0.94/0.90/0+1.0 ms cpu, 3->4->2 MB, 4 MB goal, 0 MB stacks, 0 MB globals, 12 P
gc 4639 @14.757s 7%: 0.14+0.92+0.068 ms clock, 1.7+0.78/0.81/0.047+0.82 ms cpu, 3->4->1 MB, 4 MB goal, 0 MB stacks, 0 MB globals, 12 P
gc 4640 @14.760s 7%: 0.11+0.79+0.14 ms clock, 1.4+0.67/0.98/0+1.7 ms cpu, 3->4->1 MB, 4 MB goal, 0 MB stacks, 0 MB globals, 12 P
gc 4641 @14.762s 7%: 0.11+0.81+0.11 ms clock, 1.4+0.63/1.0/0+1.3 ms cpu, 3->4->1 MB, 4 MB goal, 0 MB stacks, 0 MB globals, 12 P
gc 4642 @14.765s 7%: 0.13+0.98+0.14 ms clock, 1.6+0.71/0.88/0+1.7 ms cpu, 3->4->2 MB, 4 MB goal, 0 MB stacks, 0 MB globals, 12 P
gc 4643 @14.767s 7%: 0.14+0.52+0.12 ms clock, 1.7+0.79/0.83/0+1.4 ms cpu, 3->4->1 MB, 4 MB goal, 0 MB stacks, 0 MB globals, 12 P
gc 4644 @14.769s 7%: 0.14+0.43+0.085 ms clock, 1.7+0.82/0.87/0+1.0 ms cpu, 3->3->1 MB, 4 MB goal, 0 MB stacks, 0 MB globals, 12 P
gc 4645 @14.772s 7%: 0.083+0.54+0.079 ms clock, 1.0+0.70/0.81/0+0.95 ms cpu, 3->3->1 MB, 4 MB goal, 0 MB stacks, 0 MB globals, 12 P
gc 4646 @14.774s 7%: 0.087+0.54+0.076 ms clock, 1.0+0.81/0.93/0+0.92 ms cpu, 3->3->1 MB, 4 MB goal, 0 MB stacks, 0 MB globals, 12 P
gc 4647 @14.776s 7%: 0.14+0.64+0.089 ms clock, 1.6+0.56/0.99/0+1.0 ms cpu, 3->3->1 MB, 4 MB goal, 0 MB stacks, 0 MB globals, 12 P
gc 4648 @14.778s 7%: 0.18+0.52+0.093 ms clock, 2.2+0.84/0.80/0+1.1 ms cpu, 3->3->1 MB, 4 MB goal, 0 MB stacks, 0 MB globals, 12 P
gc 4649 @14.780s 7%: 0.077+0.64+0.11 ms clock, 0.93+0.72/0.87/0+1.3 ms cpu, 3->3->1 MB, 4 MB goal, 0 MB stacks, 0 MB globals, 12 P
gc 4650 @14.782s 7%: 0.098+0.85+0.10 ms clock, 1.1+0.81/1.1/0+1.3 ms cpu, 3->4->1 MB, 4 MB goal, 0 MB stacks, 0 MB globals, 12 P
gc 4651 @14.785s 7%: 0.11+0.68+0.090 ms clock, 1.3+0.69/0.97/0+1.0 ms cpu, 3->4->1 MB, 4 MB goal, 0 MB stacks, 0 MB globals, 12 P
gc 4652 @14.787s 7%: 0.090+0.59+0.051 ms clock, 1.0+0.69/0.90/0+0.61 ms cpu, 3->3->1 MB, 4 MB goal, 0 MB stacks, 0 MB globals, 12 P
gc 4653 @14.789s 7%: 0.10+1.1+0.014 ms clock, 1.2+0.78/0.92/0+0.17 ms cpu, 3->4->2 MB, 4 MB goal, 0 MB stacks, 0 MB globals, 12 P
gc 4654 @14.792s 7%: 0.15+0.65+0.078 ms clock, 1.8+0.68/0.87/0+0.94 ms cpu, 3->4->1 MB, 4 MB goal, 0 MB stacks, 0 MB globals, 12 P
gc 4655 @14.794s 7%: 0.11+0.68+0.12 ms clock, 1.4+0.72/0.88/0+1.5 ms cpu, 3->3->1 MB, 4 MB goal, 0 MB stacks, 0 MB globals, 12 P
gc 4656 @14.797s 7%: 0.10+0.43+0.066 ms clock, 1.2+0.81/0.81/0+0.79 ms cpu, 3->3->1 MB, 4 MB goal, 0 MB stacks, 0 MB globals, 12 P
gc 4657 @14.798s 7%: 0.081+0.51+0.058 ms clock, 0.97+0.68/0.97/0+0.69 ms cpu, 3->3->1 MB, 4 MB goal, 0 MB stacks, 0 MB globals, 12 P
gc 4658 @14.800s 7%: 0.10+0.88+0.083 ms clock, 1.2+0.66/0.77/0+1.0 ms cpu, 3->3->1 MB, 4 MB goal, 0 MB stacks, 0 MB globals, 12 P
gc 4659 @14.803s 7%: 0.086+0.61+0.084 ms clock, 1.0+0.66/0.86/0+1.0 ms cpu, 3->4->1 MB, 4 MB goal, 0 MB stacks, 0 MB globals, 12 P
gc 4660 @14.805s 7%: 0.088+0.81+0.13 ms clock, 1.0+0.88/0.88/0+1.5 ms cpu, 3->4->2 MB, 4 MB goal, 0 MB stacks, 0 MB globals, 12 P
gc 4661 @14.808s 7%: 0.17+0.58+0.088 ms clock, 2.1+0.67/0.96/0+1.0 ms cpu, 3->4->1 MB, 4 MB goal, 0 MB stacks, 0 MB globals, 12 P
gc 4662 @14.810s 7%: 0.081+0.81+0.086 ms clock, 0.98+0.80/0.99/0+1.0 ms cpu, 3->4->1 MB, 4 MB goal, 0 MB stacks, 0 MB globals, 12 P
gc 4663 @14.812s 7%: 0.090+0.89+0.064 ms clock, 1.0+0.77/1.0/0.002+0.77 ms cpu, 3->4->1 MB, 4 MB goal, 0 MB stacks, 0 MB globals, 12 P
gc 4664 @14.814s 7%: 0.081+0.75+0.11 ms clock, 0.97+0.72/1.0/0+1.4 ms cpu, 3->4->1 MB, 4 MB goal, 0 MB stacks, 0 MB globals, 12 P
gc 4665 @14.817s 7%: 0.096+1.2+0.095 ms clock, 1.1+1.7/0.96/0+1.1 ms cpu, 3->4->2 MB, 4 MB goal, 0 MB stacks, 0 MB globals, 12 P
gc 4666 @14.820s 7%: 0.094+1.0+0.089 ms clock, 1.1+0.99/0.74/0+1.0 ms cpu, 3->4->2 MB, 4 MB goal, 0 MB stacks, 0 MB globals, 12 P
gc 4667 @14.823s 7%: 0.14+0.78+0.090 ms clock, 1.6+0.79/1.0/0+1.0 ms cpu, 3->4->1 MB, 4 MB goal, 0 MB stacks, 0 MB globals, 12 P
gc 4668 @14.825s 7%: 0.085+0.49+0.069 ms clock, 1.0+0.66/0.94/0+0.83 ms cpu, 3->3->1 MB, 4 MB goal, 0 MB stacks, 0 MB globals, 12 P
gc 4669 @14.827s 7%: 0.10+0.58+0.19 ms clock, 1.2+0.83/0.96/0+2.3 ms cpu, 3->3->1 MB, 4 MB goal, 0 MB stacks, 0 MB globals, 12 P
gc 4670 @14.829s 7%: 0.091+0.51+0.084 ms clock, 1.0+0.88/0.82/0+1.0 ms cpu, 3->3->1 MB, 4 MB goal, 0 MB stacks, 0 MB globals, 12 P
gc 4671 @14.831s 7%: 0.12+0.94+0.076 ms clock, 1.5+0.79/0.74/0+0.91 ms cpu, 3->3->1 MB, 4 MB goal, 0 MB stacks, 0 MB globals, 12 P
gc 4672 @14.834s 7%: 0.12+0.57+0.078 ms clock, 1.4+0.67/0.96/0+0.94 ms cpu, 3->4->1 MB, 4 MB goal, 0 MB stacks, 0 MB globals, 12 P
gc 4673 @14.836s 7%: 0.12+0.87+0.13 ms clock, 1.4+0.74/0.88/0+1.6 ms cpu, 3->4->1 MB, 4 MB goal, 0 MB stacks, 0 MB globals, 12 P
gc 4674 @14.839s 7%: 0.096+0.91+0.12 ms clock, 1.1+1.3/0.93/0+1.5 ms cpu, 3->4->2 MB, 4 MB goal, 0 MB stacks, 0 MB globals, 12 P
gc 4675 @14.841s 7%: 0.11+0.41+0.072 ms clock, 1.3+0.87/0.75/0+0.87 ms cpu, 3->4->1 MB, 4 MB goal, 0 MB stacks, 0 MB globals, 12 P
gc 4676 @14.843s 7%: 0.10+0.63+0.12 ms clock, 1.2+0.68/0.93/0+1.5 ms cpu, 3->3->1 MB, 4 MB goal, 0 MB stacks, 0 MB globals, 12 P
gc 4677 @14.845s 7%: 0.083+0.54+0.089 ms clock, 0.99+0.70/0.88/0+1.0 ms cpu, 3->3->1 MB, 4 MB goal, 0 MB stacks, 0 MB globals, 12 P
gc 4678 @14.847s 7%: 0.10+0.81+0.12 ms clock, 1.2+0.82/0.71/0+1.5 ms cpu, 3->3->1 MB, 4 MB goal, 0 MB stacks, 0 MB globals, 12 P
gc 4679 @14.850s 7%: 0.13+0.80+0.15 ms clock, 1.6+0.74/0.88/0+1.8 ms cpu, 3->4->1 MB, 4 MB goal, 0 MB stacks, 0 MB globals, 12 P
gc 4680 @14.852s 7%: 0.12+0.54+0.081 ms clock, 1.4+1.0/0.95/0+0.97 ms cpu, 3->4->1 MB, 4 MB goal, 0 MB stacks, 0 MB globals, 12 P
gc 4681 @14.854s 7%: 0.075+0.79+0.10 ms clock, 0.90+0.70/0.87/0+1.2 ms cpu, 3->3->1 MB, 4 MB goal, 0 MB stacks, 0 MB globals, 12 P
gc 4682 @14.856s 7%: 0.10+0.81+0.11 ms clock, 1.2+1.0/1.0/0+1.3 ms cpu, 3->4->1 MB, 4 MB goal, 0 MB stacks, 0 MB globals, 12 P
gc 4683 @14.859s 7%: 0.087+0.74+0.14 ms clock, 1.0+0.81/0.86/0+1.6 ms cpu, 3->4->1 MB, 4 MB goal, 0 MB stacks, 0 MB globals, 12 P
gc 4684 @14.861s 7%: 0.10+0.72+0.084 ms clock, 1.2+0.78/0.97/0+1.0 ms cpu, 3->4->1 MB, 4 MB goal, 0 MB stacks, 0 MB globals, 12 P
gc 4685 @14.863s 7%: 0.089+0.45+0.11 ms clock, 1.0+0.73/0.82/0+1.3 ms cpu, 3->3->1 MB, 4 MB goal, 0 MB stacks, 0 MB globals, 12 P
gc 4686 @14.865s 7%: 0.091+0.90+0.11 ms clock, 1.0+1.5/0.89/0+1.4 ms cpu, 3->3->1 MB, 4 MB goal, 0 MB stacks, 0 MB globals, 12 P
gc 4687 @14.868s 7%: 0.12+0.61+0.094 ms clock, 1.4+0.76/0.79/0+1.1 ms cpu, 3->4->1 MB, 4 MB goal, 0 MB stacks, 0 MB globals, 12 P
gc 4688 @14.870s 7%: 0.085+0.62+0.060 ms clock, 1.0+0.71/1.0/0+0.72 ms cpu, 3->3->1 MB, 4 MB goal, 0 MB stacks, 0 MB globals, 12 P
gc 4689 @14.872s 7%: 0.10+1.1+0.055 ms clock, 1.2+0.69/0.87/0+0.66 ms cpu, 3->4->2 MB, 4 MB goal, 0 MB stacks, 0 MB globals, 12 P
gc 4690 @14.875s 7%: 0.094+0.55+0.097 ms clock, 1.1+0.74/0.86/0+1.1 ms cpu, 3->4->1 MB, 4 MB goal, 0 MB stacks, 0 MB globals, 12 P
gc 4691 @14.877s 7%: 0.11+1.0+0.026 ms clock, 1.4+0.72/0.76/0.005+0.31 ms cpu, 3->3->2 MB, 4 MB goal, 0 MB stacks, 0 MB globals, 12 P
gc 4692 @14.880s 7%: 0.10+0.48+0.14 ms clock, 1.2+0.92/0.81/0+1.7 ms cpu, 3->4->1 MB, 4 MB goal, 0 MB stacks, 0 MB globals, 12 P
gc 4693 @14.882s 7%: 0.10+0.93+0.086 ms clock, 1.2+0.65/0.93/0+1.0 ms cpu, 3->3->1 MB, 4 MB goal, 0 MB stacks, 0 MB globals, 12 P
gc 4694 @14.884s 7%: 0.10+0.63+0.10 ms clock, 1.3+0.91/0.96/0+1.2 ms cpu, 3->4->1 MB, 4 MB goal, 0 MB stacks, 0 MB globals, 12 P
gc 4695 @14.886s 7%: 0.19+1.2+0.069 ms clock, 2.3+0.65/0.91/0+0.83 ms cpu, 3->4->2 MB, 4 MB goal, 0 MB stacks, 0 MB globals, 12 P
gc 4696 @14.889s 7%: 0.084+0.60+0.097 ms clock, 1.0+0.74/0.90/0+1.1 ms cpu, 4->4->1 MB, 5 MB goal, 0 MB stacks, 0 MB globals, 12 P
gc 4697 @14.891s 7%: 0.077+0.56+0.061 ms clock, 0.92+0.83/1.0/0+0.74 ms cpu, 3->3->1 MB, 4 MB goal, 0 MB stacks, 0 MB globals, 12 P
gc 4698 @14.893s 7%: 0.18+0.49+0.059 ms clock, 2.2+0.97/0.94/0+0.71 ms cpu, 3->3->1 MB, 4 MB goal, 0 MB stacks, 0 MB globals, 12 P
gc 4699 @14.895s 7%: 0.068+0.46+0.058 ms clock, 0.81+0.79/0.81/0+0.70 ms cpu, 3->3->1 MB, 4 MB goal, 0 MB stacks, 0 MB globals, 12 P
gc 4700 @14.896s 7%: 0.11+0.51+0.090 ms clock, 1.4+0.73/0.94/0+1.0 ms cpu, 3->3->1 MB, 4 MB goal, 0 MB stacks, 0 MB globals, 12 P
gc 4701 @14.898s 7%: 0.079+0.97+0.049 ms clock, 0.95+0.66/0.95/0+0.59 ms cpu, 3->4->2 MB, 4 MB goal, 0 MB stacks, 0 MB globals, 12 P
gc 4702 @14.900s 7%: 0.099+0.62+0.069 ms clock, 1.1+0.69/0.96/0+0.83 ms cpu, 3->4->1 MB, 4 MB goal, 0 MB stacks, 0 MB globals, 12 P
gc 4703 @14.902s 7%: 0.086+0.60+0.089 ms clock, 1.0+0.88/0.91/0+1.0 ms cpu, 3->3->1 MB, 4 MB goal, 0 MB stacks, 0 MB globals, 12 P
gc 4704 @14.904s 7%: 0.11+0.88+0.090 ms clock, 1.4+0.69/0.90/0+1.0 ms cpu, 3->4->2 MB, 4 MB goal, 0 MB stacks, 0 MB globals, 12 P
gc 4705 @14.906s 7%: 0.16+1.2+0.093 ms clock, 1.9+0.69/0.95/0+1.1 ms cpu, 3->4->2 MB, 4 MB goal, 0 MB stacks, 0 MB globals, 12 P
gc 4706 @14.909s 7%: 0.10+0.99+0.081 ms clock, 1.2+0.61/1.0/0+0.97 ms cpu, 4->4->2 MB, 4 MB goal, 0 MB stacks, 0 MB globals, 12 P
gc 4707 @14.912s 7%: 0.13+1.1+0.048 ms clock, 1.6+0.70/0.84/0+0.58 ms cpu, 3->4->2 MB, 4 MB goal, 0 MB stacks, 0 MB globals, 12 P
gc 4708 @14.915s 7%: 0.072+1.0+0.11 ms clock, 0.87+0.79/0.81/0+1.4 ms cpu, 3->4->2 MB, 4 MB goal, 0 MB stacks, 0 MB globals, 12 P
gc 4709 @14.917s 7%: 0.10+0.77+0.038 ms clock, 1.2+0.62/0.82/0+0.46 ms cpu, 3->4->1 MB, 4 MB goal, 0 MB stacks, 0 MB globals, 12 P
gc 4710 @14.919s 7%: 0.066+1.1+0.035 ms clock, 0.79+0.56/0.93/0+0.42 ms cpu, 3->4->2 MB, 4 MB goal, 0 MB stacks, 0 MB globals, 12 P
gc 4711 @14.922s 7%: 0.12+0.63+0.059 ms clock, 1.5+0.78/1.0/0+0.71 ms cpu, 4->4->1 MB, 4 MB goal, 0 MB stacks, 0 MB globals, 12 P
gc 4712 @14.924s 7%: 0.11+1.1+0.11 ms clock, 1.3+0.78/0.83/0+1.4 ms cpu, 3->4->2 MB, 4 MB goal, 0 MB stacks, 0 MB globals, 12 P
gc 4713 @14.927s 7%: 0.16+0.78+0.10 ms clock, 2.0+0.87/0.83/0.009+1.2 ms cpu, 4->4->1 MB, 5 MB goal, 0 MB stacks, 0 MB globals, 12 P
gc 4714 @14.930s 7%: 0.11+0.46+0.075 ms clock, 1.3+0.79/0.84/0+0.90 ms cpu, 3->4->1 MB, 4 MB goal, 0 MB stacks, 0 MB globals, 12 P
gc 4715 @14.932s 7%: 0.10+1.1+0.078 ms clock, 1.2+0.78/0.88/0+0.93 ms cpu, 3->4->2 MB, 4 MB goal, 0 MB stacks, 0 MB globals, 12 P
gc 4716 @14.935s 7%: 0.15+0.53+0.069 ms clock, 1.8+0.75/0.94/0+0.83 ms cpu, 3->4->1 MB, 4 MB goal, 0 MB stacks, 0 MB globals, 12 P
gc 4717 @14.937s 7%: 0.14+0.59+0.070 ms clock, 1.7+0.74/0.82/0+0.84 ms cpu, 3->3->1 MB, 4 MB goal, 0 MB stacks, 0 MB globals, 12 P
gc 4718 @14.938s 7%: 0.15+0.50+0.083 ms clock, 1.8+0.85/0.79/0+0.99 ms cpu, 3->3->1 MB, 4 MB goal, 0 MB stacks, 0 MB globals, 12 P
gc 4719 @14.940s 7%: 0.098+0.74+0.10 ms clock, 1.1+0.75/0.80/0+1.2 ms cpu, 3->3->1 MB, 4 MB goal, 0 MB stacks, 0 MB globals, 12 P
gc 4720 @14.943s 7%: 0.12+1.1+0.063 ms clock, 1.5+0.67/0.83/0+0.75 ms cpu, 3->4->2 MB, 4 MB goal, 0 MB stacks, 0 MB globals, 12 P
gc 4721 @14.945s 7%: 0.083+0.44+0.065 ms clock, 0.99+0.98/0.57/0.013+0.79 ms cpu, 3->4->1 MB, 4 MB goal, 0 MB stacks, 0 MB globals, 12 P
gc 4722 @14.947s 7%: 0.14+0.68+0.064 ms clock, 1.7+0.75/1.0/0+0.77 ms cpu, 3->3->1 MB, 4 MB goal, 0 MB stacks, 0 MB globals, 12 P
gc 4723 @14.949s 7%: 0.086+0.50+0.10 ms clock, 1.0+0.73/0.87/0+1.2 ms cpu, 3->3->1 MB, 4 MB goal, 0 MB stacks, 0 MB globals, 12 P
gc 4724 @14.951s 7%: 0.15+0.42+0.078 ms clock, 1.8+0.78/0.79/0+0.93 ms cpu, 3->3->1 MB, 4 MB goal, 0 MB stacks, 0 MB globals, 12 P
gc 4725 @14.953s 7%: 0.17+0.97+0.091 ms clock, 2.0+0.82/0.84/0+1.1 ms cpu, 3->3->2 MB, 4 MB goal, 0 MB stacks, 0 MB globals, 12 P
gc 4726 @14.956s 7%: 0.094+0.53+0.10 ms clock, 1.1+0.53/0.87/0+1.2 ms cpu, 3->4->1 MB, 4 MB goal, 0 MB stacks, 0 MB globals, 12 P
gc 4727 @14.958s 7%: 0.069+1.0+0.059 ms clock, 0.83+0.89/0.91/0+0.71 ms cpu, 3->4->2 MB, 4 MB goal, 0 MB stacks, 0 MB globals, 12 P
gc 4728 @14.961s 7%: 0.099+0.94+0.056 ms clock, 1.1+0.68/0.87/0+0.67 ms cpu, 3->4->2 MB, 4 MB goal, 0 MB stacks, 0 MB globals, 12 P
gc 4729 @14.963s 7%: 0.080+0.84+0.075 ms clock, 0.97+0.76/0.86/0+0.90 ms cpu, 3->4->2 MB, 4 MB goal, 0 MB stacks, 0 MB globals, 12 P
gc 4730 @14.966s 7%: 0.11+0.82+0.080 ms clock, 1.3+0.77/0.90/0+0.96 ms cpu, 3->4->1 MB, 4 MB goal, 0 MB stacks, 0 MB globals, 12 P
gc 4731 @14.968s 7%: 0.084+1.1+0.073 ms clock, 1.0+0.63/0.89/0+0.87 ms cpu, 3->4->2 MB, 4 MB goal, 0 MB stacks, 0 MB globals, 12 P
gc 4732 @14.971s 7%: 0.097+0.52+0.065 ms clock, 1.1+0.72/0.91/0+0.78 ms cpu, 4->4->1 MB, 4 MB goal, 0 MB stacks, 0 MB globals, 12 P
gc 4733 @14.973s 7%: 0.097+0.60+0.11 ms clock, 1.1+0.76/0.90/0+1.3 ms cpu, 3->3->1 MB, 4 MB goal, 0 MB stacks, 0 MB globals, 12 P
gc 4734 @14.975s 7%: 0.12+0.90+0.089 ms clock, 1.5+0.67/0.98/0+1.0 ms cpu, 3->3->2 MB, 4 MB goal, 0 MB stacks, 0 MB globals, 12 P
gc 4735 @14.978s 7%: 0.10+0.49+0.12 ms clock, 1.2+0.86/0.74/0+1.4 ms cpu, 3->4->1 MB, 4 MB goal, 0 MB stacks, 0 MB globals, 12 P
gc 4736 @14.980s 7%: 0.10+1.1+0.081 ms clock, 1.2+0.69/1.0/0+0.98 ms cpu, 3->4->2 MB, 4 MB goal, 0 MB stacks, 0 MB globals, 12 P
gc 4737 @14.983s 7%: 0.095+0.88+0.10 ms clock, 1.1+0.82/1.0/0+1.2 ms cpu, 4->4->2 MB, 4 MB goal, 0 MB stacks, 0 MB globals, 12 P
gc 4738 @14.986s 7%: 0.071+0.46+0.052 ms clock, 0.86+0.68/0.84/0+0.63 ms cpu, 3->4->1 MB, 4 MB goal, 0 MB stacks, 0 MB globals, 12 P
gc 4739 @14.987s 7%: 0.077+1.1+0.052 ms clock, 0.92+0.65/1.0/0+0.63 ms cpu, 3->4->2 MB, 4 MB goal, 0 MB stacks, 0 MB globals, 12 P
gc 4740 @14.990s 7%: 0.087+0.72+0.069 ms clock, 1.0+1.3/1.0/0+0.83 ms cpu, 3->4->1 MB, 4 MB goal, 0 MB stacks, 0 MB globals, 12 P
gc 4741 @14.992s 7%: 0.13+1.4+0.085 ms clock, 1.6+1.2/0.82/0+1.0 ms cpu, 3->4->2 MB, 4 MB goal, 0 MB stacks, 0 MB globals, 12 P
gc 4742 @14.996s 7%: 0.13+0.49+0.064 ms clock, 1.5+0.71/0.92/0+0.77 ms cpu, 4->4->1 MB, 5 MB goal, 0 MB stacks, 0 MB globals, 12 P
gc 4743 @14.998s 7%: 0.079+1.0+0.070 ms clock, 0.95+0.83/0.98/0+0.85 ms cpu, 3->4->2 MB, 4 MB goal, 0 MB stacks, 0 MB globals, 12 P
gc 4744 @15.001s 7%: 0.11+0.79+0.057 ms clock, 1.3+0.81/0.77/0+0.68 ms cpu, 3->4->1 MB, 4 MB goal, 0 MB stacks, 0 MB globals, 12 P
gc 4745 @15.003s 7%: 0.072+0.89+0.094 ms clock, 0.86+0.77/0.81/0+1.1 ms cpu, 3->4->1 MB, 4 MB goal, 0 MB stacks, 0 MB globals, 12 P
gc 4746 @15.006s 7%: 0.066+0.90+0.061 ms clock, 0.80+1.0/0.92/0+0.73 ms cpu, 3->4->1 MB, 4 MB goal, 0 MB stacks, 0 MB globals, 12 P
gc 4747 @15.008s 7%: 0.11+0.56+0.11 ms clock, 1.3+0.70/0.80/0+1.3 ms cpu, 3->4->1 MB, 4 MB goal, 0 MB stacks, 0 MB globals, 12 P
gc 4748 @15.010s 7%: 0.13+0.46+0.10 ms clock, 1.6+0.84/0.75/0+1.2 ms cpu, 3->3->1 MB, 4 MB goal, 0 MB stacks, 0 MB globals, 12 P
gc 4749 @15.012s 7%: 0.077+0.54+0.10 ms clock, 0.93+0.75/0.76/0+1.2 ms cpu, 3->3->1 MB, 4 MB goal, 0 MB stacks, 0 MB globals, 12 P
gc 4750 @15.014s 7%: 0.097+0.59+0.18 ms clock, 1.1+0.58/0.89/0+2.2 ms cpu, 3->3->1 MB, 4 MB goal, 0 MB stacks, 0 MB globals, 12 P
gc 4751 @15.016s 7%: 0.10+0.69+0.095 ms clock, 1.3+0.61/0.93/0+1.1 ms cpu, 3->3->1 MB, 4 MB goal, 0 MB stacks, 0 MB globals, 12 P
gc 4752 @15.019s 7%: 0.093+0.45+0.091 ms clock, 1.1+0.77/0.80/0+1.1 ms cpu, 3->3->1 MB, 4 MB goal, 0 MB stacks, 0 MB globals, 12 P
gc 4753 @15.021s 7%: 0.064+0.58+0.064 ms clock, 0.77+0.69/0.91/0+0.77 ms cpu, 3->3->1 MB, 4 MB goal, 0 MB stacks, 0 MB globals, 12 P
gc 4754 @15.023s 7%: 0.10+0.75+0.021 ms clock, 1.2+0.81/0.74/0+0.25 ms cpu, 3->3->1 MB, 4 MB goal, 0 MB stacks, 0 MB globals, 12 P
gc 4755 @15.025s 7%: 0.13+0.73+0.045 ms clock, 1.6+0.84/0.70/0+0.54 ms cpu, 3->3->1 MB, 4 MB goal, 0 MB stacks, 0 MB globals, 12 P
gc 4756 @15.027s 7%: 0.10+0.73+0.11 ms clock, 1.2+0.73/0.76/0+1.3 ms cpu, 3->3->1 MB, 4 MB goal, 0 MB stacks, 0 MB globals, 12 P
gc 4757 @15.029s 7%: 0.070+0.90+0.10 ms clock, 0.84+0.78/0.89/0+1.2 ms cpu, 3->4->1 MB, 4 MB goal, 0 MB stacks, 0 MB globals, 12 P
gc 4758 @15.032s 7%: 0.094+0.98+0.063 ms clock, 1.1+0.60/0.80/0+0.76 ms cpu, 3->4->1 MB, 4 MB goal, 0 MB stacks, 0 MB globals, 12 P
gc 4759 @15.034s 7%: 0.086+0.96+0.088 ms clock, 1.0+0.79/0.69/0+1.0 ms cpu, 3->4->2 MB, 4 MB goal, 0 MB stacks, 0 MB globals, 12 P
gc 4760 @15.037s 7%: 0.77+0.42+0.073 ms clock, 9.2+1.0/1.1/0+0.88 ms cpu, 3->4->2 MB, 4 MB goal, 0 MB stacks, 0 MB globals, 12 P
gc 4761 @15.040s 7%: 0.065+1.0+0.080 ms clock, 0.78+0.68/0.97/0+0.96 ms cpu, 3->4->2 MB, 4 MB goal, 0 MB stacks, 0 MB globals, 12 P
gc 4762 @15.043s 7%: 0.087+0.44+0.084 ms clock, 1.0+0.75/0.85/0+1.0 ms cpu, 3->4->1 MB, 4 MB goal, 0 MB stacks, 0 MB globals, 12 P
gc 4763 @15.045s 7%: 0.10+1.1+0.10 ms clock, 1.2+0.66/0.95/0+1.2 ms cpu, 3->4->2 MB, 4 MB goal, 0 MB stacks, 0 MB globals, 12 P
gc 4764 @15.048s 7%: 0.079+1.0+0.15 ms clock, 0.95+0.61/0.82/0+1.8 ms cpu, 4->4->2 MB, 4 MB goal, 0 MB stacks, 0 MB globals, 12 P
gc 4765 @15.051s 7%: 0.11+0.68+0.12 ms clock, 1.4+0.72/0.82/0.043+1.4 ms cpu, 3->4->1 MB, 4 MB goal, 0 MB stacks, 0 MB globals, 12 P
gc 4766 @15.053s 7%: 0.082+0.56+0.098 ms clock, 0.99+0.78/0.92/0+1.1 ms cpu, 3->3->1 MB, 4 MB goal, 0 MB stacks, 0 MB globals, 12 P
gc 4767 @15.055s 7%: 0.10+0.65+0.088 ms clock, 1.2+0.72/1.0/0+1.0 ms cpu, 3->3->1 MB, 4 MB goal, 0 MB stacks, 0 MB globals, 12 P
gc 4768 @15.057s 7%: 0.11+0.93+0.10 ms clock, 1.3+0.79/0.92/0+1.2 ms cpu, 3->4->2 MB, 4 MB goal, 0 MB stacks, 0 MB globals, 12 P
gc 4769 @15.060s 7%: 0.085+1.1+0.045 ms clock, 1.0+0.69/0.89/0+0.54 ms cpu, 3->4->2 MB, 4 MB goal, 0 MB stacks, 0 MB globals, 12 P
gc 4770 @15.062s 7%: 0.084+0.87+0.071 ms clock, 1.0+0.66/0.93/0+0.86 ms cpu, 3->4->2 MB, 4 MB goal, 0 MB stacks, 0 MB globals, 12 P
gc 4771 @15.065s 7%: 0.088+0.68+0.062 ms clock, 1.0+0.71/0.90/0+0.75 ms cpu, 3->4->1 MB, 4 MB goal, 0 MB stacks, 0 MB globals, 12 P
gc 4772 @15.067s 7%: 0.12+1.0+0.059 ms clock, 1.5+0.67/0.93/0+0.71 ms cpu, 3->4->2 MB, 4 MB goal, 0 MB stacks, 0 MB globals, 12 P
gc 4773 @15.070s 7%: 0.10+0.63+0.11 ms clock, 1.2+0.77/0.93/0+1.3 ms cpu, 3->4->1 MB, 4 MB goal, 0 MB stacks, 0 MB globals, 12 P
gc 4774 @15.072s 7%: 0.099+0.75+0.10 ms clock, 1.1+0.60/0.85/0+1.3 ms cpu, 3->3->1 MB, 4 MB goal, 0 MB stacks, 0 MB globals, 12 P
gc 4775 @15.074s 7%: 0.12+0.93+0.072 ms clock, 1.4+0.74/0.81/0+0.86 ms cpu, 3->4->1 MB, 4 MB goal, 0 MB stacks, 0 MB globals, 12 P
gc 4776 @15.076s 7%: 0.099+0.55+0.054 ms clock, 1.1+0.63/0.88/0+0.64 ms cpu, 3->3->1 MB, 4 MB goal, 0 MB stacks, 0 MB globals, 12 P
gc 4777 @15.078s 7%: 0.10+0.72+0.10 ms clock, 1.2+0.76/0.82/0+1.2 ms cpu, 3->3->1 MB, 4 MB goal, 0 MB stacks, 0 MB globals, 12 P
gc 4778 @15.080s 7%: 0.097+0.59+0.063 ms clock, 1.1+0.99/0.80/0+0.76 ms cpu, 3->3->1 MB, 4 MB goal, 0 MB stacks, 0 MB globals, 12 P
gc 4779 @15.082s 7%: 0.092+0.90+0.087 ms clock, 1.1+0.77/1.0/0+1.0 ms cpu, 3->4->2 MB, 4 MB goal, 0 MB stacks, 0 MB globals, 12 P
gc 4780 @15.085s 7%: 0.17+0.50+0.14 ms clock, 2.0+0.74/0.81/0+1.7 ms cpu, 3->4->1 MB, 4 MB goal, 0 MB stacks, 0 MB globals, 12 P
gc 4781 @15.087s 7%: 0.085+1.1+0.081 ms clock, 1.0+0.69/0.82/0+0.97 ms cpu, 3->4->2 MB, 4 MB goal, 0 MB stacks, 0 MB globals, 12 P
gc 4782 @15.090s 7%: 0.14+0.88+0.14 ms clock, 1.7+0.69/0.80/0+1.7 ms cpu, 3->4->1 MB, 4 MB goal, 0 MB stacks, 0 MB globals, 12 P
gc 4783 @15.093s 7%: 0.10+0.55+0.11 ms clock, 1.2+0.76/0.95/0+1.3 ms cpu, 3->4->1 MB, 4 MB goal, 0 MB stacks, 0 MB globals, 12 P
gc 4784 @15.095s 7%: 0.12+1.2+0.11 ms clock, 1.5+0.95/0.71/0+1.3 ms cpu, 3->4->2 MB, 4 MB goal, 0 MB stacks, 0 MB globals, 12 P
gc 4785 @15.098s 7%: 0.083+0.55+0.088 ms clock, 1.0+0.99/0.93/0+1.0 ms cpu, 4->4->1 MB, 4 MB goal, 0 MB stacks, 0 MB globals, 12 P
gc 4786 @15.100s 7%: 0.12+0.46+0.12 ms clock, 1.5+0.79/0.72/0+1.4 ms cpu, 3->3->1 MB, 4 MB goal, 0 MB stacks, 0 MB globals, 12 P
gc 4787 @15.102s 7%: 0.13+0.61+0.057 ms clock, 1.6+0.62/1.0/0+0.69 ms cpu, 3->3->1 MB, 4 MB goal, 0 MB stacks, 0 MB globals, 12 P
gc 4788 @15.104s 7%: 0.11+0.59+0.14 ms clock, 1.3+0.64/0.82/0+1.7 ms cpu, 3->3->1 MB, 4 MB goal, 0 MB stacks, 0 MB globals, 12 P
gc 4789 @15.106s 7%: 0.12+0.57+0.10 ms clock, 1.4+0.67/1.0/0+1.3 ms cpu, 3->3->1 MB, 4 MB goal, 0 MB stacks, 0 MB globals, 12 P
gc 4790 @15.108s 7%: 0.077+0.53+0.087 ms clock, 0.92+0.88/0.68/0+1.0 ms cpu, 3->3->1 MB, 4 MB goal, 0 MB stacks, 0 MB globals, 12 P
gc 4791 @15.110s 7%: 0.080+1.0+0.024 ms clock, 0.96+0.60/0.90/0+0.29 ms cpu, 3->4->1 MB, 4 MB goal, 0 MB stacks, 0 MB globals, 12 P
gc 4792 @15.112s 7%: 0.14+0.89+0.099 ms clock, 1.7+1.3/0.70/0+1.1 ms cpu, 3->4->1 MB, 4 MB goal, 0 MB stacks, 0 MB globals, 12 P
gc 4793 @15.115s 7%: 0.12+0.94+0.054 ms clock, 1.4+0.30/1.3/0+0.64 ms cpu, 3->4->1 MB, 4 MB goal, 0 MB stacks, 0 MB globals, 12 P
gc 4794 @15.117s 7%: 0.13+1.0+0.034 ms clock, 1.6+1.2/1.3/0+0.40 ms cpu, 3->4->2 MB, 4 MB goal, 0 MB stacks, 0 MB globals, 12 P
gc 4795 @15.120s 7%: 0.095+0.90+0.10 ms clock, 1.1+0.66/0.82/0+1.2 ms cpu, 3->4->2 MB, 4 MB goal, 0 MB stacks, 0 MB globals, 12 P
gc 4796 @15.123s 7%: 0.14+1.2+0.087 ms clock, 1.7+0.38/1.1/0+1.0 ms cpu, 3->4->2 MB, 4 MB goal, 0 MB stacks, 0 MB globals, 12 P
gc 4797 @15.125s 7%: 0.14+1.2+0.057 ms clock, 1.7+0.68/0.88/0+0.68 ms cpu, 4->4->2 MB, 4 MB goal, 0 MB stacks, 0 MB globals, 12 P
gc 4798 @15.129s 7%: 0.16+1.1+0.12 ms clock, 2.0+0.75/0.83/0+1.4 ms cpu, 4->5->2 MB, 4 MB goal, 0 MB stacks, 0 MB globals, 12 P
gc 4799 @15.132s 7%: 0.14+0.86+0.073 ms clock, 1.7+0.65/0.95/0+0.88 ms cpu, 4->4->2 MB, 4 MB goal, 0 MB stacks, 0 MB globals, 12 P
gc 4800 @15.134s 7%: 0.10+1.1+0.082 ms clock, 1.2+0.59/0.83/0+0.98 ms cpu, 3->4->2 MB, 4 MB goal, 0 MB stacks, 0 MB globals, 12 P
gc 4801 @15.137s 7%: 0.083+1.1+0.073 ms clock, 0.99+1.3/0.95/0+0.88 ms cpu, 4->4->2 MB, 4 MB goal, 0 MB stacks, 0 MB globals, 12 P
gc 4802 @15.140s 7%: 0.13+1.1+0.084 ms clock, 1.5+1.2/0.87/0+1.0 ms cpu, 3->4->2 MB, 4 MB goal, 0 MB stacks, 0 MB globals, 12 P
gc 4803 @15.143s 7%: 0.085+0.92+0.074 ms clock, 1.0+0.36/0.82/0+0.89 ms cpu, 3->4->2 MB, 4 MB goal, 0 MB stacks, 0 MB globals, 12 P
gc 4804 @15.146s 7%: 0.093+0.89+0.065 ms clock, 1.1+0.85/0.93/0+0.78 ms cpu, 3->4->1 MB, 4 MB goal, 0 MB stacks, 0 MB globals, 12 P
gc 4805 @15.148s 7%: 0.10+0.61+0.19 ms clock, 1.2+0.79/0.85/0+2.3 ms cpu, 3->4->1 MB, 4 MB goal, 0 MB stacks, 0 MB globals, 12 P
gc 4806 @15.150s 7%: 0.14+0.92+0.060 ms clock, 1.7+0.69/0.86/0+0.72 ms cpu, 3->3->2 MB, 4 MB goal, 0 MB stacks, 0 MB globals, 12 P
gc 4807 @15.153s 7%: 0.097+0.55+0.095 ms clock, 1.1+0.77/0.89/0+1.1 ms cpu, 3->4->1 MB, 4 MB goal, 0 MB stacks, 0 MB globals, 12 P
gc 4808 @15.155s 7%: 0.15+0.47+0.061 ms clock, 1.9+0.77/0.80/0+0.73 ms cpu, 3->3->1 MB, 4 MB goal, 0 MB stacks, 0 MB globals, 12 P
gc 4809 @15.157s 7%: 0.11+0.62+0.083 ms clock, 1.3+0.80/0.80/0+1.0 ms cpu, 3->3->1 MB, 4 MB goal, 0 MB stacks, 0 MB globals, 12 P
gc 4810 @15.159s 7%: 0.12+0.54+0.074 ms clock, 1.4+0.65/0.88/0+0.88 ms cpu, 3->3->1 MB, 4 MB goal, 0 MB stacks, 0 MB globals, 12 P
gc 4811 @15.161s 7%: 0.094+0.40+0.066 ms clock, 1.1+0.80/0.71/0+0.80 ms cpu, 3->3->1 MB, 4 MB goal, 0 MB stacks, 0 MB globals, 12 P
gc 4812 @15.163s 7%: 0.11+1.0+0.068 ms clock, 1.4+0.86/0.77/0+0.81 ms cpu, 3->3->1 MB, 4 MB goal, 0 MB stacks, 0 MB globals, 12 P
gc 4813 @15.166s 7%: 0.084+0.58+0.058 ms clock, 1.0+0.75/0.88/0+0.69 ms cpu, 3->4->1 MB, 4 MB goal, 0 MB stacks, 0 MB globals, 12 P
gc 4814 @15.167s 7%: 0.11+0.70+0.085 ms clock, 1.4+0.76/0.91/0+1.0 ms cpu, 3->3->1 MB, 4 MB goal, 0 MB stacks, 0 MB globals, 12 P
gc 4815 @15.170s 7%: 0.10+1.1+0.083 ms clock, 1.2+0.78/1.0/0.019+0.99 ms cpu, 3->4->2 MB, 4 MB goal, 0 MB stacks, 0 MB globals, 12 P
gc 4816 @15.173s 7%: 0.074+1.1+0.009 ms clock, 0.89+0.38/0.88/0+0.11 ms cpu, 3->4->2 MB, 4 MB goal, 0 MB stacks, 0 MB globals, 12 P
gc 4817 @15.176s 7%: 0.15+0.63+0.090 ms clock, 1.8+0.82/0.85/0+1.0 ms cpu, 3->4->1 MB, 4 MB goal, 0 MB stacks, 0 MB globals, 12 P
gc 4818 @15.178s 7%: 0.087+0.93+0.10 ms clock, 1.0+0.70/1.0/0+1.3 ms cpu, 3->4->2 MB, 4 MB goal, 0 MB stacks, 0 MB globals, 12 P
gc 4819 @15.180s 7%: 0.092+1.0+0.086 ms clock, 1.1+0.82/0.79/0+1.0 ms cpu, 3->4->2 MB, 4 MB goal, 0 MB stacks, 0 MB globals, 12 P
gc 4820 @15.183s 7%: 0.16+0.57+0.082 ms clock, 1.9+0.63/0.94/0+0.99 ms cpu, 3->4->1 MB, 4 MB goal, 0 MB stacks, 0 MB globals, 12 P
gc 4821 @15.185s 7%: 0.10+0.42+0.062 ms clock, 1.3+0.95/0.70/0+0.74 ms cpu, 3->3->1 MB, 4 MB goal, 0 MB stacks, 0 MB globals, 12 P
gc 4822 @15.187s 7%: 0.10+0.49+0.069 ms clock, 1.3+0.77/0.86/0+0.83 ms cpu, 3->3->1 MB, 4 MB goal, 0 MB stacks, 0 MB globals, 12 P
gc 4823 @15.189s 7%: 0.099+0.50+0.11 ms clock, 1.1+0.65/0.86/0+1.3 ms cpu, 3->3->1 MB, 4 MB goal, 0 MB stacks, 0 MB globals, 12 P
gc 4824 @15.191s 7%: 0.088+0.49+0.11 ms clock, 1.0+0.93/0.71/0+1.4 ms cpu, 3->3->1 MB, 4 MB goal, 0 MB stacks, 0 MB globals, 12 P
gc 4825 @15.193s 7%: 0.093+0.50+0.095 ms clock, 1.1+0.76/0.84/0+1.1 ms cpu, 3->3->1 MB, 4 MB goal, 0 MB stacks, 0 MB globals, 12 P
gc 4826 @15.195s 7%: 0.13+0.54+0.097 ms clock, 1.5+0.80/0.88/0+1.1 ms cpu, 3->3->1 MB, 4 MB goal, 0 MB stacks, 0 MB globals, 12 P
gc 4827 @15.197s 7%: 0.097+0.52+0.12 ms clock, 1.1+0.73/0.90/0+1.5 ms cpu, 3->3->1 MB, 4 MB goal, 0 MB stacks, 0 MB globals, 12 P
gc 4828 @15.199s 7%: 0.14+0.97+0.063 ms clock, 1.7+0.84/1.1/0.043+0.76 ms cpu, 3->4->2 MB, 4 MB goal, 0 MB stacks, 0 MB globals, 12 P
gc 4829 @15.202s 7%: 0.098+1.2+0.067 ms clock, 1.1+0.77/0.84/0+0.81 ms cpu, 3->4->2 MB, 4 MB goal, 0 MB stacks, 0 MB globals, 12 P
gc 4830 @15.205s 7%: 0.096+0.91+0.076 ms clock, 1.1+0.75/0.86/0+0.92 ms cpu, 3->4->1 MB, 4 MB goal, 0 MB stacks, 0 MB globals, 12 P
gc 4831 @15.207s 7%: 0.11+0.77+0.11 ms clock, 1.4+0.90/1.0/0+1.3 ms cpu, 3->4->1 MB, 4 MB goal, 0 MB stacks, 0 MB globals, 12 P
gc 4832 @15.210s 7%: 0.16+0.67+0.13 ms clock, 1.9+0.71/0.91/0+1.5 ms cpu, 3->4->1 MB, 4 MB goal, 0 MB stacks, 0 MB globals, 12 P
gc 4833 @15.212s 7%: 0.10+1.0+0.056 ms clock, 1.2+0.66/1.0/0+0.67 ms cpu, 3->4->2 MB, 4 MB goal, 0 MB stacks, 0 MB globals, 12 P
gc 4834 @15.215s 7%: 0.10+0.68+0.094 ms clock, 1.3+0.88/0.94/0+1.1 ms cpu, 3->4->1 MB, 4 MB goal, 0 MB stacks, 0 MB globals, 12 P
gc 4835 @15.217s 7%: 0.074+0.52+0.11 ms clock, 0.88+0.77/0.83/0+1.4 ms cpu, 3->3->1 MB, 4 MB goal, 0 MB stacks, 0 MB globals, 12 P
gc 4836 @15.219s 7%: 0.11+0.44+0.11 ms clock, 1.3+0.71/0.78/0+1.3 ms cpu, 3->3->1 MB, 4 MB goal, 0 MB stacks, 0 MB globals, 12 P
gc 4837 @15.221s 7%: 0.081+0.54+0.096 ms clock, 0.97+0.95/0.98/0+1.1 ms cpu, 3->3->1 MB, 4 MB goal, 0 MB stacks, 0 MB globals, 12 P
gc 4838 @15.223s 7%: 0.094+0.87+0.093 ms clock, 1.1+0.72/1.0/0+1.1 ms cpu, 3->4->2 MB, 4 MB goal, 0 MB stacks, 0 MB globals, 12 P
gc 4839 @15.226s 7%: 0.15+0.62+0.14 ms clock, 1.8+0.81/0.71/0.060+1.7 ms cpu, 3->4->1 MB, 4 MB goal, 0 MB stacks, 0 MB globals, 12 P
gc 4840 @15.228s 7%: 0.082+0.50+0.087 ms clock, 0.99+0.75/0.74/0+1.0 ms cpu, 3->3->1 MB, 4 MB goal, 0 MB stacks, 0 MB globals, 12 P
gc 4841 @15.230s 7%: 0.14+0.50+0.094 ms clock, 1.7+0.65/0.95/0+1.1 ms cpu, 3->3->1 MB, 4 MB goal, 0 MB stacks, 0 MB globals, 12 P
gc 4842 @15.231s 7%: 0.10+0.57+0.063 ms clock, 1.2+0.72/0.91/0+0.76 ms cpu, 3->3->1 MB, 4 MB goal, 0 MB stacks, 0 MB globals, 12 P
gc 4843 @15.234s 7%: 0.10+0.72+0.052 ms clock, 1.2+0.76/0.86/0+0.62 ms cpu, 3->3->1 MB, 4 MB goal, 0 MB stacks, 0 MB globals, 12 P
gc 4844 @15.236s 7%: 0.11+0.83+0.051 ms clock, 1.4+0.72/0.82/0+0.62 ms cpu, 3->4->1 MB, 4 MB goal, 0 MB stacks, 0 MB globals, 12 P
gc 4845 @15.238s 7%: 0.11+0.61+0.059 ms clock, 1.4+0.69/0.88/0+0.71 ms cpu, 3->4->1 MB, 4 MB goal, 0 MB stacks, 0 MB globals, 12 P
gc 4846 @15.240s 7%: 0.063+0.66+0.11 ms clock, 0.76+0.81/0.90/0+1.3 ms cpu, 3->3->1 MB, 4 MB goal, 0 MB stacks, 0 MB globals, 12 P
gc 4847 @15.243s 7%: 0.10+0.80+0.054 ms clock, 1.2+0.67/1.0/0+0.65 ms cpu, 3->4->1 MB, 4 MB goal, 0 MB stacks, 0 MB globals, 12 P
gc 4848 @15.245s 7%: 0.15+0.58+0.060 ms clock, 1.8+0.64/0.83/0+0.72 ms cpu, 3->4->1 MB, 4 MB goal, 0 MB stacks, 0 MB globals, 12 P
gc 4849 @15.247s 7%: 0.13+0.60+0.11 ms clock, 1.6+0.69/0.88/0.016+1.4 ms cpu, 3->3->1 MB, 4 MB goal, 0 MB stacks, 0 MB globals, 12 P
gc 4850 @15.249s 7%: 0.11+1.3+0.074 ms clock, 1.3+1.7/0.92/0+0.89 ms cpu, 3->4->2 MB, 4 MB goal, 0 MB stacks, 0 MB globals, 12 P
gc 4851 @15.253s 7%: 0.12+0.82+0.066 ms clock, 1.5+0.88/0.85/0+0.80 ms cpu, 4->4->2 MB, 5 MB goal, 0 MB stacks, 0 MB globals, 12 P
gc 4852 @15.255s 7%: 0.11+0.58+0.060 ms clock, 1.4+0.73/0.93/0+0.72 ms cpu, 3->4->1 MB, 4 MB goal, 0 MB stacks, 0 MB globals, 12 P
gc 4853 @15.257s 7%: 0.14+0.93+0.074 ms clock, 1.7+0.68/0.81/0+0.88 ms cpu, 3->4->1 MB, 4 MB goal, 0 MB stacks, 0 MB globals, 12 P
gc 4854 @15.260s 7%: 0.11+0.54+0.10 ms clock, 1.3+0.78/0.87/0+1.2 ms cpu, 3->4->1 MB, 4 MB goal, 0 MB stacks, 0 MB globals, 12 P
gc 4855 @15.262s 7%: 0.10+0.66+0.063 ms clock, 1.2+0.66/0.97/0+0.76 ms cpu, 3->3->1 MB, 4 MB goal, 0 MB stacks, 0 MB globals, 12 P
gc 4856 @15.264s 7%: 0.084+0.63+0.088 ms clock, 1.0+0.64/0.92/0.047+1.0 ms cpu, 3->3->1 MB, 4 MB goal, 0 MB stacks, 0 MB globals, 12 P
gc 4857 @15.266s 7%: 0.12+0.46+0.070 ms clock, 1.4+0.71/0.89/0+0.85 ms cpu, 3->3->1 MB, 4 MB goal, 0 MB stacks, 0 MB globals, 12 P
gc 4858 @15.268s 7%: 0.13+1.0+0.081 ms clock, 1.5+0.66/0.86/0+0.98 ms cpu, 3->3->2 MB, 4 MB goal, 0 MB stacks, 0 MB globals, 12 P
gc 4859 @15.271s 7%: 0.099+0.51+0.080 ms clock, 1.1+0.85/0.78/0+0.96 ms cpu, 3->4->1 MB, 4 MB goal, 0 MB stacks, 0 MB globals, 12 P
gc 4860 @15.273s 7%: 0.12+0.78+0.10 ms clock, 1.4+0.81/0.93/0+1.2 ms cpu, 3->3->1 MB, 4 MB goal, 0 MB stacks, 0 MB globals, 12 P
gc 4861 @15.275s 7%: 0.19+0.69+0.059 ms clock, 2.2+0.65/0.94/0+0.70 ms cpu, 3->4->1 MB, 4 MB goal, 0 MB stacks, 0 MB globals, 12 P
gc 4862 @15.278s 7%: 0.13+1.0+0.064 ms clock, 1.6+0.70/0.88/0+0.77 ms cpu, 3->4->2 MB, 4 MB goal, 0 MB stacks, 0 MB globals, 12 P
gc 4863 @15.280s 7%: 0.13+0.60+0.15 ms clock, 1.6+0.77/0.77/0+1.8 ms cpu, 3->4->1 MB, 4 MB goal, 0 MB stacks, 0 MB globals, 12 P
gc 4864 @15.282s 7%: 0.13+1.6+0.060 ms clock, 1.5+0.84/0.87/0+0.73 ms cpu, 3->4->2 MB, 4 MB goal, 0 MB stacks, 0 MB globals, 12 P
gc 4865 @15.286s 7%: 0.098+0.43+0.10 ms clock, 1.1+0.90/0.78/0+1.2 ms cpu, 4->4->1 MB, 5 MB goal, 0 MB stacks, 0 MB globals, 12 P
gc 4866 @15.288s 7%: 0.11+0.63+0.13 ms clock, 1.4+0.71/0.97/0+1.6 ms cpu, 3->3->1 MB, 4 MB goal, 0 MB stacks, 0 MB globals, 12 P
gc 4867 @15.290s 7%: 0.091+0.76+0.087 ms clock, 1.0+0.56/0.89/0+1.0 ms cpu, 3->3->1 MB, 4 MB goal, 0 MB stacks, 0 MB globals, 12 P
gc 4868 @15.293s 7%: 0.066+0.55+0.090 ms clock, 0.79+0.77/0.87/0+1.0 ms cpu, 3->3->1 MB, 4 MB goal, 0 MB stacks, 0 MB globals, 12 P
gc 4869 @15.295s 7%: 0.067+0.99+0.096 ms clock, 0.80+0.73/0.79/0+1.1 ms cpu, 3->4->2 MB, 4 MB goal, 0 MB stacks, 0 MB globals, 12 P
gc 4870 @15.297s 7%: 0.094+1.0+0.097 ms clock, 1.1+0.75/0.79/0+1.1 ms cpu, 3->4->2 MB, 4 MB goal, 0 MB stacks, 0 MB globals, 12 P
gc 4871 @15.300s 7%: 0.076+0.59+0.060 ms clock, 0.92+0.81/0.78/0+0.72 ms cpu, 3->4->1 MB, 4 MB goal, 0 MB stacks, 0 MB globals, 12 P
gc 4872 @15.302s 7%: 0.074+1.0+0.12 ms clock, 0.89+0.80/0.81/0+1.4 ms cpu, 3->4->2 MB, 4 MB goal, 0 MB stacks, 0 MB globals, 12 P
gc 4873 @15.305s 7%: 0.12+0.53+0.13 ms clock, 1.5+0.68/0.89/0+1.6 ms cpu, 3->4->1 MB, 4 MB goal, 0 MB stacks, 0 MB globals, 12 P
gc 4874 @15.307s 7%: 0.073+0.53+0.075 ms clock, 0.88+0.73/0.92/0+0.90 ms cpu, 3->3->1 MB, 4 MB goal, 0 MB stacks, 0 MB globals, 12 P
gc 4875 @15.309s 7%: 0.064+0.58+0.092 ms clock, 0.77+0.80/0.78/0+1.1 ms cpu, 3->3->1 MB, 4 MB goal, 0 MB stacks, 0 MB globals, 12 P
gc 4876 @15.311s 7%: 0.080+0.59+0.089 ms clock, 0.96+0.81/0.88/0+1.0 ms cpu, 3->3->1 MB, 4 MB goal, 0 MB stacks, 0 MB globals, 12 P
gc 4877 @15.313s 7%: 0.093+0.66+0.066 ms clock, 1.1+0.69/0.86/0+0.79 ms cpu, 3->3->1 MB, 4 MB goal, 0 MB stacks, 0 MB globals, 12 P
gc 4878 @15.315s 7%: 0.20+0.47+0.11 ms clock, 2.4+0.77/0.80/0+1.3 ms cpu, 3->3->1 MB, 4 MB goal, 0 MB stacks, 0 MB globals, 12 P
gc 4879 @15.317s 7%: 0.10+0.76+0.16 ms clock, 1.2+0.72/0.86/0+1.9 ms cpu, 3->3->1 MB, 4 MB goal, 0 MB stacks, 0 MB globals, 12 P
gc 4880 @15.320s 7%: 0.10+0.46+0.077 ms clock, 1.2+0.78/0.74/0+0.92 ms cpu, 3->3->1 MB, 4 MB goal, 0 MB stacks, 0 MB globals, 12 P
gc 4881 @15.321s 7%: 0.072+1.0+0.065 ms clock, 0.86+0.66/0.88/0+0.78 ms cpu, 3->4->2 MB, 4 MB goal, 0 MB stacks, 0 MB globals, 12 P
gc 4882 @15.324s 7%: 0.088+0.53+0.082 ms clock, 1.0+0.57/0.93/0+0.98 ms cpu, 3->4->1 MB, 4 MB goal, 0 MB stacks, 0 MB globals, 12 P
gc 4883 @15.326s 7%: 0.12+0.51+0.091 ms clock, 1.5+0.79/0.78/0+1.0 ms cpu, 3->3->1 MB, 4 MB goal, 0 MB stacks, 0 MB globals, 12 P
gc 4884 @15.328s 7%: 0.10+1.0+0.049 ms clock, 1.2+0.79/0.83/0+0.59 ms cpu, 3->4->2 MB, 4 MB goal, 0 MB stacks, 0 MB globals, 12 P
gc 4885 @15.331s 7%: 0.11+0.63+0.10 ms clock, 1.3+0.74/0.94/0+1.2 ms cpu, 3->4->1 MB, 4 MB goal, 0 MB stacks, 0 MB globals, 12 P
gc 4886 @15.333s 7%: 0.073+0.50+0.091 ms clock, 0.88+0.60/0.83/0+1.0 ms cpu, 3->3->1 MB, 4 MB goal, 0 MB stacks, 0 MB globals, 12 P
gc 4887 @15.335s 7%: 0.095+0.69+0.14 ms clock, 1.1+0.78/0.76/0+1.6 ms cpu, 3->3->1 MB, 4 MB goal, 0 MB stacks, 0 MB globals, 12 P
gc 4888 @15.337s 7%: 0.11+0.98+0.056 ms clock, 1.3+0.77/0.89/0+0.67 ms cpu, 3->4->1 MB, 4 MB goal, 0 MB stacks, 0 MB globals, 12 P
gc 4889 @15.340s 7%: 0.10+0.58+0.060 ms clock, 1.2+0.75/0.95/0+0.72 ms cpu, 3->4->1 MB, 4 MB goal, 0 MB stacks, 0 MB globals, 12 P
gc 4890 @15.342s 7%: 0.099+0.64+0.085 ms clock, 1.1+0.76/0.98/0+1.0 ms cpu, 3->3->1 MB, 4 MB goal, 0 MB stacks, 0 MB globals, 12 P
gc 4891 @15.344s 7%: 0.099+0.77+0.13 ms clock, 1.1+0.74/0.83/0+1.6 ms cpu, 3->4->1 MB, 4 MB goal, 0 MB stacks, 0 MB globals, 12 P
gc 4892 @15.346s 7%: 0.074+0.63+0.068 ms clock, 0.89+0.68/1.0/0+0.81 ms cpu, 3->4->1 MB, 4 MB goal, 0 MB stacks, 0 MB globals, 12 P
gc 4893 @15.348s 7%: 0.088+0.54+0.079 ms clock, 1.0+0.68/0.81/0+0.95 ms cpu, 3->3->1 MB, 4 MB goal, 0 MB stacks, 0 MB globals, 12 P
gc 4894 @15.350s 7%: 0.11+0.54+0.053 ms clock, 1.3+0.78/0.80/0+0.63 ms cpu, 3->3->1 MB, 4 MB goal, 0 MB stacks, 0 MB globals, 12 P
gc 4895 @15.352s 7%: 0.072+0.84+0.050 ms clock, 0.86+0.72/0.87/0+0.60 ms cpu, 3->3->1 MB, 4 MB goal, 0 MB stacks, 0 MB globals, 12 P
gc 4896 @15.354s 7%: 0.12+0.50+0.10 ms clock, 1.4+0.65/0.85/0+1.3 ms cpu, 3->3->1 MB, 4 MB goal, 0 MB stacks, 0 MB globals, 12 P
gc 4897 @15.356s 7%: 0.17+0.72+0.10 ms clock, 2.0+0.66/0.78/0+1.2 ms cpu, 3->3->1 MB, 4 MB goal, 0 MB stacks, 0 MB globals, 12 P
gc 4898 @15.359s 7%: 0.096+1.0+0.035 ms clock, 1.1+0.45/1.0/0+0.42 ms cpu, 3->4->2 MB, 4 MB goal, 0 MB stacks, 0 MB globals, 12 P
gc 4899 @15.361s 7%: 0.13+0.60+0.091 ms clock, 1.5+0.76/0.80/0+1.1 ms cpu, 3->4->1 MB, 4 MB goal, 0 MB stacks, 0 MB globals, 12 P
gc 4900 @15.363s 7%: 0.14+0.58+0.10 ms clock, 1.7+0.77/0.84/0+1.3 ms cpu, 3->3->1 MB, 4 MB goal, 0 MB stacks, 0 MB globals, 12 P
gc 4901 @15.365s 7%: 0.14+0.52+0.10 ms clock, 1.7+0.82/0.86/0+1.2 ms cpu, 3->3->1 MB, 4 MB goal, 0 MB stacks, 0 MB globals, 12 P
gc 4902 @15.367s 7%: 0.078+0.96+0.074 ms clock, 0.93+0.73/0.88/0+0.89 ms cpu, 3->4->2 MB, 4 MB goal, 0 MB stacks, 0 MB globals, 12 P
gc 4903 @15.370s 7%: 0.089+1.0+0.057 ms clock, 1.0+0.75/0.79/0+0.68 ms cpu, 3->4->1 MB, 4 MB goal, 0 MB stacks, 0 MB globals, 12 P
gc 4904 @15.372s 7%: 0.11+0.62+0.091 ms clock, 1.3+0.77/0.85/0+1.0 ms cpu, 3->4->1 MB, 4 MB goal, 0 MB stacks, 0 MB globals, 12 P
gc 4905 @15.374s 7%: 0.11+0.71+0.058 ms clock, 1.3+0.67/0.96/0+0.70 ms cpu, 3->3->1 MB, 4 MB goal, 0 MB stacks, 0 MB globals, 12 P
gc 4906 @15.377s 7%: 0.086+0.81+0.075 ms clock, 1.0+0.65/1.0/0.006+0.90 ms cpu, 3->4->1 MB, 4 MB goal, 0 MB stacks, 0 MB globals, 12 P
gc 4907 @15.379s 7%: 0.098+0.47+0.089 ms clock, 1.1+0.67/0.93/0+1.0 ms cpu, 3->3->1 MB, 4 MB goal, 0 MB stacks, 0 MB globals, 12 P
gc 4908 @15.381s 7%: 0.10+0.57+0.11 ms clock, 1.2+0.71/0.93/0+1.3 ms cpu, 3->3->1 MB, 4 MB goal, 0 MB stacks, 0 MB globals, 12 P
gc 4909 @15.383s 7%: 0.10+0.45+0.057 ms clock, 1.2+0.77/0.81/0+0.68 ms cpu, 3->3->1 MB, 4 MB goal, 0 MB stacks, 0 MB globals, 12 P
gc 4910 @15.385s 7%: 0.16+0.95+0.036 ms clock, 1.9+0.46/0.80/0+0.44 ms cpu, 3->3->1 MB, 4 MB goal, 0 MB stacks, 0 MB globals, 12 P
gc 4911 @15.388s 7%: 0.082+0.49+0.067 ms clock, 0.98+0.82/0.82/0+0.81 ms cpu, 3->4->1 MB, 4 MB goal, 0 MB stacks, 0 MB globals, 12 P
gc 4912 @15.390s 7%: 0.13+1.0+0.085 ms clock, 1.6+0.63/0.97/0+1.0 ms cpu, 3->4->2 MB, 4 MB goal, 0 MB stacks, 0 MB globals, 12 P
gc 4913 @15.393s 7%: 0.10+0.55+0.085 ms clock, 1.2+0.83/0.84/0+1.0 ms cpu, 4->4->1 MB, 4 MB goal, 0 MB stacks, 0 MB globals, 12 P
gc 4914 @15.395s 7%: 0.10+0.61+0.13 ms clock, 1.3+0.90/0.86/0+1.5 ms cpu, 3->3->1 MB, 4 MB goal, 0 MB stacks, 0 MB globals, 12 P
gc 4915 @15.397s 7%: 0.10+0.62+0.086 ms clock, 1.2+0.73/0.90/0+1.0 ms cpu, 3->3->1 MB, 4 MB goal, 0 MB stacks, 0 MB globals, 12 P
gc 4916 @15.399s 7%: 0.099+0.59+0.10 ms clock, 1.1+1.0/0.63/0.056+1.2 ms cpu, 3->3->1 MB, 4 MB goal, 0 MB stacks, 0 MB globals, 12 P
gc 4917 @15.401s 7%: 0.078+0.88+0.12 ms clock, 0.94+0.80/0.84/0+1.4 ms cpu, 3->4->2 MB, 4 MB goal, 0 MB stacks, 0 MB globals, 12 P
gc 4918 @15.403s 7%: 0.13+0.50+0.080 ms clock, 1.5+0.73/0.85/0+0.96 ms cpu, 3->4->1 MB, 4 MB goal, 0 MB stacks, 0 MB globals, 12 P
gc 4919 @15.405s 7%: 0.12+0.85+0.10 ms clock, 1.5+0.51/0.95/0+1.2 ms cpu, 3->3->1 MB, 4 MB goal, 0 MB stacks, 0 MB globals, 12 P
gc 4920 @15.408s 7%: 0.12+1.0+0.10 ms clock, 1.4+0.77/0.83/0+1.2 ms cpu, 3->4->2 MB, 4 MB goal, 0 MB stacks, 0 MB globals, 12 P
gc 4921 @15.410s 7%: 0.11+0.47+0.084 ms clock, 1.3+0.69/0.82/0+1.0 ms cpu, 3->4->1 MB, 4 MB goal, 0 MB stacks, 0 MB globals, 12 P
gc 4922 @15.412s 7%: 0.089+1.0+0.10 ms clock, 1.0+0.85/0.79/0+1.2 ms cpu, 3->4->2 MB, 4 MB goal, 0 MB stacks, 0 MB globals, 12 P
gc 4923 @15.415s 7%: 0.10+1.4+0.17 ms clock, 1.2+0.87/1.0/0+2.0 ms cpu, 3->4->2 MB, 4 MB goal, 0 MB stacks, 0 MB globals, 12 P
gc 4924 @15.418s 7%: 0.095+0.87+0.11 ms clock, 1.1+0.68/0.96/0+1.4 ms cpu, 3->4->1 MB, 4 MB goal, 0 MB stacks, 0 MB globals, 12 P
gc 4925 @15.421s 7%: 0.083+0.92+0.066 ms clock, 0.99+0.55/1.3/0+0.79 ms cpu, 3->4->1 MB, 4 MB goal, 0 MB stacks, 0 MB globals, 12 P
gc 4926 @15.423s 7%: 0.12+0.78+0.034 ms clock, 1.5+0.67/1.0/0+0.41 ms cpu, 3->4->1 MB, 4 MB goal, 0 MB stacks, 0 MB globals, 12 P
gc 4927 @15.425s 7%: 0.099+0.71+0.12 ms clock, 1.1+0.75/0.86/0+1.4 ms cpu, 3->4->1 MB, 4 MB goal, 0 MB stacks, 0 MB globals, 12 P
gc 4928 @15.428s 7%: 0.090+0.59+0.13 ms clock, 1.0+0.70/0.88/0+1.5 ms cpu, 3->3->1 MB, 4 MB goal, 0 MB stacks, 0 MB globals, 12 P
gc 4929 @15.430s 7%: 0.093+0.79+0.10 ms clock, 1.1+0.73/0.86/0+1.2 ms cpu, 3->3->1 MB, 4 MB goal, 0 MB stacks, 0 MB globals, 12 P
gc 4930 @15.432s 7%: 0.11+0.50+0.12 ms clock, 1.3+0.86/0.79/0+1.4 ms cpu, 3->3->1 MB, 4 MB goal, 0 MB stacks, 0 MB globals, 12 P
gc 4931 @15.434s 7%: 0.12+0.58+0.13 ms clock, 1.5+0.74/0.77/0+1.6 ms cpu, 3->3->1 MB, 4 MB goal, 0 MB stacks, 0 MB globals, 12 P
gc 4932 @15.436s 7%: 0.10+0.53+0.055 ms clock, 1.2+0.81/0.86/0+0.66 ms cpu, 3->3->1 MB, 4 MB goal, 0 MB stacks, 0 MB globals, 12 P
gc 4933 @15.438s 7%: 0.10+0.79+0.077 ms clock, 1.2+0.77/0.82/0+0.92 ms cpu, 3->3->1 MB, 4 MB goal, 0 MB stacks, 0 MB globals, 12 P
gc 4934 @15.440s 7%: 0.12+0.48+0.077 ms clock, 1.4+0.75/0.82/0+0.93 ms cpu, 3->3->1 MB, 4 MB goal, 0 MB stacks, 0 MB globals, 12 P
gc 4935 @15.442s 7%: 0.11+1.4+0.041 ms clock, 1.3+0.66/0.97/0+0.49 ms cpu, 3->4->2 MB, 4 MB goal, 0 MB stacks, 0 MB globals, 12 P
gc 4936 @15.445s 7%: 0.098+0.66+0.055 ms clock, 1.1+0.74/0.80/0+0.66 ms cpu, 3->4->1 MB, 4 MB goal, 0 MB stacks, 0 MB globals, 12 P
gc 4937 @15.447s 7%: 0.15+0.75+0.075 ms clock, 1.8+0.96/0.81/0+0.90 ms cpu, 3->3->1 MB, 4 MB goal, 0 MB stacks, 0 MB globals, 12 P
gc 4938 @15.449s 7%: 0.10+0.50+0.076 ms clock, 1.2+0.71/0.85/0+0.91 ms cpu, 3->3->1 MB, 4 MB goal, 0 MB stacks, 0 MB globals, 12 P
gc 4939 @15.451s 7%: 0.060+0.65+0.065 ms clock, 0.72+0.56/0.86/0+0.78 ms cpu, 3->3->1 MB, 4 MB goal, 0 MB stacks, 0 MB globals, 12 P
gc 4940 @15.453s 7%: 0.092+1.0+0.11 ms clock, 1.1+0.80/0.86/0+1.3 ms cpu, 3->4->2 MB, 4 MB goal, 0 MB stacks, 0 MB globals, 12 P
gc 4941 @15.456s 7%: 0.098+0.89+0.089 ms clock, 1.1+0.52/0.83/0+1.0 ms cpu, 4->4->1 MB, 4 MB goal, 0 MB stacks, 0 MB globals, 12 P
gc 4942 @15.459s 7%: 0.10+0.71+0.11 ms clock, 1.2+0.85/0.91/0+1.4 ms cpu, 3->4->1 MB, 4 MB goal, 0 MB stacks, 0 MB globals, 12 P
gc 4943 @15.461s 7%: 0.098+0.61+0.077 ms clock, 1.1+0.87/0.87/0+0.93 ms cpu, 3->3->1 MB, 4 MB goal, 0 MB stacks, 0 MB globals, 12 P
gc 4944 @15.463s 7%: 0.14+0.79+0.042 ms clock, 1.7+0.78/0.78/0+0.51 ms cpu, 3->3->1 MB, 4 MB goal, 0 MB stacks, 0 MB globals, 12 P
gc 4945 @15.465s 7%: 0.10+0.96+0.054 ms clock, 1.2+0.62/0.90/0+0.65 ms cpu, 3->4->1 MB, 4 MB goal, 0 MB stacks, 0 MB globals, 12 P
gc 4946 @15.468s 7%: 0.10+0.68+0.17 ms clock, 1.2+0.81/0.80/0+2.1 ms cpu, 3->4->1 MB, 4 MB goal, 0 MB stacks, 0 MB globals, 12 P
gc 4947 @15.470s 7%: 0.11+0.45+0.069 ms clock, 1.3+0.76/0.78/0+0.83 ms cpu, 3->3->1 MB, 4 MB goal, 0 MB stacks, 0 MB globals, 12 P
gc 4948 @15.472s 7%: 0.14+1.3+0.055 ms clock, 1.7+0.80/0.82/0+0.66 ms cpu, 3->4->2 MB, 4 MB goal, 0 MB stacks, 0 MB globals, 12 P
gc 4949 @15.475s 7%: 0.13+1.1+0.087 ms clock, 1.6+0.79/0.97/0+1.0 ms cpu, 3->4->2 MB, 4 MB goal, 0 MB stacks, 0 MB globals, 12 P
gc 4950 @15.477s 7%: 0.12+0.65+0.094 ms clock, 1.5+0.58/0.93/0+1.1 ms cpu, 3->4->1 MB, 4 MB goal, 0 MB stacks, 0 MB globals, 12 P
gc 4951 @15.480s 7%: 0.11+0.92+0.083 ms clock, 1.4+0.79/0.83/0+1.0 ms cpu, 3->4->2 MB, 4 MB goal, 0 MB stacks, 0 MB globals, 12 P
gc 4952 @15.482s 7%: 0.16+0.66+0.082 ms clock, 2.0+0.78/0.93/0+0.98 ms cpu, 3->4->1 MB, 4 MB goal, 0 MB stacks, 0 MB globals, 12 P
gc 4953 @15.484s 7%: 0.14+0.95+0.097 ms clock, 1.7+0.62/0.90/0+1.1 ms cpu, 3->4->2 MB, 4 MB goal, 0 MB stacks, 0 MB globals, 12 P
gc 4954 @15.487s 7%: 0.13+0.84+0.12 ms clock, 1.5+0.77/0.88/0+1.5 ms cpu, 3->4->1 MB, 4 MB goal, 0 MB stacks, 0 MB globals, 12 P
gc 4955 @15.489s 7%: 0.086+0.47+0.13 ms clock, 1.0+0.83/0.80/0+1.6 ms cpu, 3->4->1 MB, 4 MB goal, 0 MB stacks, 0 MB globals, 12 P
gc 4956 @15.491s 7%: 0.12+0.54+0.11 ms clock, 1.5+0.89/0.99/0+1.3 ms cpu, 3->3->1 MB, 4 MB goal, 0 MB stacks, 0 MB globals, 12 P
gc 4957 @15.493s 7%: 0.13+1.4+0.078 ms clock, 1.5+1.9/1.0/0+0.94 ms cpu, 3->4->2 MB, 4 MB goal, 0 MB stacks, 0 MB globals, 12 P
gc 4958 @15.497s 7%: 0.097+1.4+0.058 ms clock, 1.1+0.97/0.88/0+0.70 ms cpu, 4->5->2 MB, 4 MB goal, 0 MB stacks, 0 MB globals, 12 P
gc 4959 @15.500s 7%: 0.10+0.49+0.10 ms clock, 1.3+0.93/0.87/0.007+1.3 ms cpu, 4->4->1 MB, 4 MB goal, 0 MB stacks, 0 MB globals, 12 P
gc 4960 @15.502s 7%: 0.10+0.52+0.11 ms clock, 1.2+1.0/0.90/0+1.4 ms cpu, 3->3->1 MB, 4 MB goal, 0 MB stacks, 0 MB globals, 12 P
gc 4961 @15.504s 7%: 0.13+1.1+0.020 ms clock, 1.6+0.88/0.77/0+0.24 ms cpu, 3->4->2 MB, 4 MB goal, 0 MB stacks, 0 MB globals, 12 P
gc 4962 @15.507s 7%: 0.15+1.0+0.027 ms clock, 1.9+0.80/0.78/0+0.33 ms cpu, 4->4->2 MB, 4 MB goal, 0 MB stacks, 0 MB globals, 12 P
gc 4963 @15.509s 7%: 0.12+0.77+0.14 ms clock, 1.4+0.65/0.86/0+1.7 ms cpu, 3->4->1 MB, 4 MB goal, 0 MB stacks, 0 MB globals, 12 P
gc 4964 @15.512s 7%: 0.10+1.0+0.059 ms clock, 1.2+0.83/0.76/0+0.71 ms cpu, 3->4->2 MB, 4 MB goal, 0 MB stacks, 0 MB globals, 12 P
gc 4965 @15.514s 7%: 0.081+1.2+0.10 ms clock, 0.97+0.74/0.83/0.005+1.2 ms cpu, 3->4->2 MB, 4 MB goal, 0 MB stacks, 0 MB globals, 12 P
gc 4966 @15.517s 7%: 0.098+0.54+0.094 ms clock, 1.1+0.51/0.90/0+1.1 ms cpu, 3->4->1 MB, 4 MB goal, 0 MB stacks, 0 MB globals, 12 P
gc 4967 @15.519s 7%: 0.084+0.45+0.11 ms clock, 1.0+0.67/0.82/0+1.4 ms cpu, 3->3->1 MB, 4 MB goal, 0 MB stacks, 0 MB globals, 12 P
gc 4968 @15.521s 7%: 0.12+0.83+0.066 ms clock, 1.5+0.82/0.73/0.006+0.79 ms cpu, 3->4->1 MB, 4 MB goal, 0 MB stacks, 0 MB globals, 12 P
gc 4969 @15.524s 7%: 0.098+0.58+0.10 ms clock, 1.1+0.84/0.88/0.035+1.2 ms cpu, 3->4->1 MB, 4 MB goal, 0 MB stacks, 0 MB globals, 12 P
gc 4970 @15.526s 7%: 0.098+0.55+0.054 ms clock, 1.1+0.72/1.0/0+0.65 ms cpu, 3->3->1 MB, 4 MB goal, 0 MB stacks, 0 MB globals, 12 P
gc 4971 @15.528s 7%: 0.13+0.81+0.070 ms clock, 1.5+0.66/0.83/0+0.85 ms cpu, 3->4->2 MB, 4 MB goal, 0 MB stacks, 0 MB globals, 12 P
gc 4972 @15.530s 7%: 0.13+0.46+0.092 ms clock, 1.6+0.85/0.70/0+1.1 ms cpu, 3->4->1 MB, 4 MB goal, 0 MB stacks, 0 MB globals, 12 P
gc 4973 @15.532s 7%: 0.089+0.63+0.074 ms clock, 1.0+0.95/1.1/0+0.89 ms cpu, 3->3->1 MB, 4 MB goal, 0 MB stacks, 0 MB globals, 12 P
gc 4974 @15.534s 7%: 0.064+0.84+0.093 ms clock, 0.77+0.68/0.90/0+1.1 ms cpu, 3->3->1 MB, 4 MB goal, 0 MB stacks, 0 MB globals, 12 P
gc 4975 @15.537s 7%: 0.096+1.2+0.097 ms clock, 1.1+0.84/1.3/0+1.1 ms cpu, 3->4->2 MB, 4 MB goal, 0 MB stacks, 0 MB globals, 12 P
gc 4976 @15.540s 7%: 0.095+1.6+0.050 ms clock, 1.1+0.75/0.84/0+0.60 ms cpu, 4->5->2 MB, 4 MB goal, 0 MB stacks, 0 MB globals, 12 P
gc 4977 @15.543s 7%: 0.11+1.4+0.048 ms clock, 1.3+0.72/0.70/0+0.58 ms cpu, 4->5->2 MB, 5 MB goal, 0 MB stacks, 0 MB globals, 12 P
gc 4978 @15.547s 7%: 0.092+1.2+0.089 ms clock, 1.1+0.86/0.66/0.012+1.0 ms cpu, 4->5->2 MB, 4 MB goal, 0 MB stacks, 0 MB globals, 12 P
gc 4979 @15.550s 7%: 0.10+1.1+0.046 ms clock, 1.2+0.55/0.99/0+0.55 ms cpu, 4->4->2 MB, 4 MB goal, 0 MB stacks, 0 MB globals, 12 P
gc 4980 @15.552s 7%: 0.10+1.0+0.15 ms clock, 1.2+0.72/0.81/0+1.8 ms cpu, 3->4->2 MB, 4 MB goal, 0 MB stacks, 0 MB globals, 12 P
gc 4981 @15.555s 7%: 0.088+0.97+0.085 ms clock, 1.0+0.86/0.79/0+1.0 ms cpu, 3->4->2 MB, 4 MB goal, 0 MB stacks, 0 MB globals, 12 P
gc 4982 @15.558s 7%: 0.11+1.2+0.079 ms clock, 1.3+0.68/0.90/0+0.94 ms cpu, 3->4->2 MB, 4 MB goal, 0 MB stacks, 0 MB globals, 12 P
gc 4983 @15.561s 7%: 0.10+1.5+0.070 ms clock, 1.2+0.83/0.80/0+0.84 ms cpu, 4->5->2 MB, 4 MB goal, 0 MB stacks, 0 MB globals, 12 P
gc 4984 @15.564s 7%: 0.081+1.1+0.11 ms clock, 0.97+0.66/0.87/0+1.3 ms cpu, 4->5->2 MB, 5 MB goal, 0 MB stacks, 0 MB globals, 12 P
gc 4985 @15.567s 7%: 0.15+0.96+0.087 ms clock, 1.8+0.69/0.92/0+1.0 ms cpu, 3->4->2 MB, 4 MB goal, 0 MB stacks, 0 MB globals, 12 P
gc 4986 @15.570s 7%: 0.075+0.61+0.068 ms clock, 0.90+0.67/0.96/0+0.81 ms cpu, 3->4->1 MB, 4 MB goal, 0 MB stacks, 0 MB globals, 12 P
gc 4987 @15.572s 7%: 0.12+0.48+0.089 ms clock, 1.5+0.81/0.79/0+1.0 ms cpu, 3->3->1 MB, 4 MB goal, 0 MB stacks, 0 MB globals, 12 P
gc 4988 @15.574s 7%: 0.091+1.0+0.064 ms clock, 1.1+0.82/0.74/0+0.76 ms cpu, 3->3->2 MB, 4 MB goal, 0 MB stacks, 0 MB globals, 12 P
gc 4989 @15.577s 7%: 0.10+0.84+0.085 ms clock, 1.2+0.76/0.80/0+1.0 ms cpu, 3->4->1 MB, 4 MB goal, 0 MB stacks, 0 MB globals, 12 P
gc 4990 @15.579s 7%: 0.11+0.85+0.12 ms clock, 1.3+0.73/0.94/0+1.5 ms cpu, 3->4->2 MB, 4 MB goal, 0 MB stacks, 0 MB globals, 12 P
gc 4991 @15.582s 7%: 0.14+0.99+0.082 ms clock, 1.7+0.67/1.0/0+0.99 ms cpu, 3->4->2 MB, 4 MB goal, 0 MB stacks, 0 MB globals, 12 P
gc 4992 @15.584s 7%: 0.16+0.51+0.10 ms clock, 2.0+0.74/0.82/0+1.2 ms cpu, 3->4->1 MB, 4 MB goal, 0 MB stacks, 0 MB globals, 12 P
gc 4993 @15.586s 7%: 0.097+0.56+0.074 ms clock, 1.1+0.70/0.85/0+0.89 ms cpu, 3->3->1 MB, 4 MB goal, 0 MB stacks, 0 MB globals, 12 P
gc 4994 @15.588s 7%: 0.099+1.3+0.10 ms clock, 1.1+0.79/0.82/0+1.2 ms cpu, 3->4->2 MB, 4 MB goal, 0 MB stacks, 0 MB globals, 12 P
gc 4995 @15.591s 7%: 0.10+0.55+0.10 ms clock, 1.2+0.73/0.96/0+1.2 ms cpu, 4->4->1 MB, 4 MB goal, 0 MB stacks, 0 MB globals, 12 P
gc 4996 @15.593s 7%: 0.10+0.66+0.090 ms clock, 1.2+0.73/0.89/0+1.0 ms cpu, 3->3->1 MB, 4 MB goal, 0 MB stacks, 0 MB globals, 12 P
gc 4997 @15.595s 7%: 0.13+0.81+0.097 ms clock, 1.5+0.87/0.92/0+1.1 ms cpu, 3->3->2 MB, 4 MB goal, 0 MB stacks, 0 MB globals, 12 P
gc 4998 @15.598s 7%: 0.10+1.1+0.065 ms clock, 1.3+0.56/0.87/0+0.79 ms cpu, 3->4->2 MB, 4 MB goal, 0 MB stacks, 0 MB globals, 12 P
gc 4999 @15.601s 7%: 0.094+0.58+0.088 ms clock, 1.1+0.78/0.77/0+1.0 ms cpu, 3->4->1 MB, 4 MB goal, 0 MB stacks, 0 MB globals, 12 P
gc 5000 @15.603s 7%: 0.088+1.2+0.061 ms clock, 1.0+0.67/0.96/0+0.73 ms cpu, 3->4->2 MB, 4 MB goal, 0 MB stacks, 0 MB globals, 12 P
gc 5001 @15.606s 7%: 0.11+0.55+0.097 ms clock, 1.3+0.95/0.96/0+1.1 ms cpu, 3->4->1 MB, 4 MB goal, 0 MB stacks, 0 MB globals, 12 P
gc 5002 @15.608s 7%: 0.097+0.57+0.046 ms clock, 1.1+0.72/0.88/0+0.55 ms cpu, 3->3->1 MB, 4 MB goal, 0 MB stacks, 0 MB globals, 12 P
gc 5003 @15.610s 7%: 0.13+0.88+0.087 ms clock, 1.5+0.88/0.87/0+1.0 ms cpu, 3->3->2 MB, 4 MB goal, 0 MB stacks, 0 MB globals, 12 P
gc 5004 @15.613s 7%: 0.062+1.0+0.021 ms clock, 0.75+0.73/0.89/0+0.25 ms cpu, 3->4->1 MB, 4 MB goal, 0 MB stacks, 0 MB globals, 12 P
gc 5005 @15.615s 7%: 0.082+0.61+0.098 ms clock, 0.99+0.76/0.80/0+1.1 ms cpu, 3->3->1 MB, 4 MB goal, 0 MB stacks, 0 MB globals, 12 P
gc 5006 @15.617s 7%: 0.11+0.40+0.061 ms clock, 1.3+0.82/0.83/0+0.73 ms cpu, 3->3->1 MB, 4 MB goal, 0 MB stacks, 0 MB globals, 12 P
gc 5007 @15.619s 7%: 0.091+1.0+0.12 ms clock, 1.0+0.73/0.88/0+1.5 ms cpu, 3->4->2 MB, 4 MB goal, 0 MB stacks, 0 MB globals, 12 P
gc 5008 @15.622s 7%: 0.12+1.0+0.039 ms clock, 1.5+0.65/1.0/0.006+0.47 ms cpu, 3->4->1 MB, 4 MB goal, 0 MB stacks, 0 MB globals, 12 P
gc 5009 @15.624s 7%: 0.10+0.95+0.081 ms clock, 1.3+0.71/0.85/0+0.97 ms cpu, 3->4->2 MB, 4 MB goal, 0 MB stacks, 0 MB globals, 12 P
gc 5010 @15.627s 7%: 0.078+0.76+0.072 ms clock, 0.94+0.71/0.88/0+0.87 ms cpu, 3->4->1 MB, 4 MB goal, 0 MB stacks, 0 MB globals, 12 P
gc 5011 @15.629s 7%: 0.11+0.58+0.10 ms clock, 1.3+0.71/0.88/0.008+1.2 ms cpu, 3->3->1 MB, 4 MB goal, 0 MB stacks, 0 MB globals, 12 P
gc 5012 @15.632s 7%: 0.10+0.72+0.090 ms clock, 1.2+0.83/0.79/0.11+1.0 ms cpu, 3->3->1 MB, 4 MB goal, 0 MB stacks, 0 MB globals, 12 P
gc 5013 @15.634s 7%: 0.12+0.71+0.087 ms clock, 1.4+0.73/1.0/0+1.0 ms cpu, 3->3->1 MB, 4 MB goal, 0 MB stacks, 0 MB globals, 12 P
gc 5014 @15.636s 7%: 0.11+0.52+0.084 ms clock, 1.3+0.75/0.90/0+1.0 ms cpu, 3->3->1 MB, 4 MB goal, 0 MB stacks, 0 MB globals, 12 P
gc 5015 @15.638s 7%: 0.074+1.0+0.12 ms clock, 0.89+0.83/0.84/0+1.4 ms cpu, 3->4->2 MB, 4 MB goal, 0 MB stacks, 0 MB globals, 12 P
gc 5016 @15.640s 7%: 0.11+0.50+0.11 ms clock, 1.3+0.74/0.89/0+1.3 ms cpu, 3->4->1 MB, 4 MB goal, 0 MB stacks, 0 MB globals, 12 P
gc 5017 @15.642s 7%: 0.095+0.47+0.076 ms clock, 1.1+0.77/0.87/0+0.92 ms cpu, 3->3->1 MB, 4 MB goal, 0 MB stacks, 0 MB globals, 12 P
gc 5018 @15.644s 7%: 0.074+0.97+0.095 ms clock, 0.89+0.67/0.92/0+1.1 ms cpu, 3->4->2 MB, 4 MB goal, 0 MB stacks, 0 MB globals, 12 P
gc 5019 @15.647s 7%: 0.10+0.53+0.070 ms clock, 1.2+0.78/0.86/0+0.85 ms cpu, 3->4->1 MB, 4 MB goal, 0 MB stacks, 0 MB globals, 12 P
gc 5020 @15.649s 7%: 0.085+0.44+0.067 ms clock, 1.0+0.91/0.80/0+0.80 ms cpu, 3->3->1 MB, 4 MB goal, 0 MB stacks, 0 MB globals, 12 P
gc 5021 @15.651s 7%: 0.19+0.51+0.063 ms clock, 2.3+0.78/0.79/0+0.76 ms cpu, 3->3->1 MB, 4 MB goal, 0 MB stacks, 0 MB globals, 12 P
gc 5022 @15.653s 7%: 0.12+0.44+0.13 ms clock, 1.4+0.70/0.73/0+1.5 ms cpu, 3->3->1 MB, 4 MB goal, 0 MB stacks, 0 MB globals, 12 P
gc 5023 @15.655s 7%: 0.12+0.48+0.10 ms clock, 1.5+0.64/0.90/0+1.3 ms cpu, 3->3->1 MB, 4 MB goal, 0 MB stacks, 0 MB globals, 12 P
gc 5024 @15.657s 7%: 0.11+0.89+0.022 ms clock, 1.3+0.57/0.91/0+0.27 ms cpu, 3->3->1 MB, 4 MB goal, 0 MB stacks, 0 MB globals, 12 P
gc 5025 @15.659s 7%: 0.10+0.47+0.078 ms clock, 1.2+0.77/0.79/0+0.94 ms cpu, 3->3->1 MB, 4 MB goal, 0 MB stacks, 0 MB globals, 12 P
gc 5026 @15.661s 7%: 0.10+0.78+0.087 ms clock, 1.2+0.74/0.85/0+1.0 ms cpu, 3->3->1 MB, 4 MB goal, 0 MB stacks, 0 MB globals, 12 P
gc 5027 @15.664s 7%: 0.096+0.74+0.17 ms clock, 1.1+0.80/0.99/0+2.0 ms cpu, 3->4->1 MB, 4 MB goal, 0 MB stacks, 0 MB globals, 12 P
gc 5028 @15.666s 7%: 0.11+0.87+0.068 ms clock, 1.3+0.64/0.92/0+0.82 ms cpu, 3->4->1 MB, 4 MB goal, 0 MB stacks, 0 MB globals, 12 P
gc 5029 @15.669s 7%: 0.095+0.52+0.062 ms clock, 1.1+0.64/0.85/0+0.74 ms cpu, 3->3->1 MB, 4 MB goal, 0 MB stacks, 0 MB globals, 12 P
gc 5030 @15.671s 7%: 0.098+0.67+0.13 ms clock, 1.1+0.73/0.95/0+1.5 ms cpu, 3->3->1 MB, 4 MB goal, 0 MB stacks, 0 MB globals, 12 P
gc 5031 @15.673s 7%: 0.13+1.2+0.025 ms clock, 1.5+0.97/0.70/0+0.30 ms cpu, 3->4->2 MB, 4 MB goal, 0 MB stacks, 0 MB globals, 12 P
gc 5032 @15.676s 7%: 0.10+0.69+0.12 ms clock, 1.2+0.84/0.98/0+1.4 ms cpu, 3->4->1 MB, 4 MB goal, 0 MB stacks, 0 MB globals, 12 P
gc 5033 @15.678s 7%: 0.13+0.78+0.090 ms clock, 1.5+0.83/0.83/0+1.0 ms cpu, 3->4->1 MB, 4 MB goal, 0 MB stacks, 0 MB globals, 12 P
gc 5034 @15.681s 7%: 0.12+1.0+0.089 ms clock, 1.4+0.87/0.87/0+1.0 ms cpu, 3->4->2 MB, 4 MB goal, 0 MB stacks, 0 MB globals, 12 P
gc 5035 @15.684s 7%: 0.11+0.49+0.087 ms clock, 1.4+0.81/0.84/0+1.0 ms cpu, 3->4->1 MB, 4 MB goal, 0 MB stacks, 0 MB globals, 12 P
gc 5036 @15.686s 7%: 0.090+0.93+0.077 ms clock, 1.0+0.97/0.83/0+0.92 ms cpu, 3->4->2 MB, 4 MB goal, 0 MB stacks, 0 MB globals, 12 P
gc 5037 @15.688s 7%: 0.079+0.97+0.088 ms clock, 0.95+0.83/0.79/0.15+1.0 ms cpu, 3->4->2 MB, 4 MB goal, 0 MB stacks, 0 MB globals, 12 P
gc 5038 @15.691s 7%: 0.085+0.67+0.093 ms clock, 1.0+0.80/0.92/0.002+1.1 ms cpu, 3->4->1 MB, 4 MB goal, 0 MB stacks, 0 MB globals, 12 P
gc 5039 @15.693s 7%: 0.084+0.85+0.060 ms clock, 1.0+0.70/0.89/0+0.72 ms cpu, 3->3->1 MB, 4 MB goal, 0 MB stacks, 0 MB globals, 12 P
gc 5040 @15.695s 7%: 0.11+0.70+0.071 ms clock, 1.4+0.81/0.76/0.005+0.85 ms cpu, 3->4->1 MB, 4 MB goal, 0 MB stacks, 0 MB globals, 12 P
gc 5041 @15.697s 7%: 0.17+0.60+0.080 ms clock, 2.1+0.60/0.85/0+0.96 ms cpu, 3->3->1 MB, 4 MB goal, 0 MB stacks, 0 MB globals, 12 P
gc 5042 @15.699s 7%: 0.10+0.59+0.11 ms clock, 1.3+0.84/0.81/0+1.4 ms cpu, 3->3->1 MB, 4 MB goal, 0 MB stacks, 0 MB globals, 12 P
gc 5043 @15.702s 7%: 0.099+1.0+0.078 ms clock, 1.1+0.79/0.81/0+0.93 ms cpu, 3->3->1 MB, 4 MB goal, 0 MB stacks, 0 MB globals, 12 P
gc 5044 @15.704s 7%: 0.13+1.2+0.043 ms clock, 1.6+0.65/1.1/0+0.52 ms cpu, 3->4->2 MB, 4 MB goal, 0 MB stacks, 0 MB globals, 12 P
gc 5045 @15.707s 7%: 0.13+1.0+0.093 ms clock, 1.6+0.84/0.85/0+1.1 ms cpu, 4->4->2 MB, 4 MB goal, 0 MB stacks, 0 MB globals, 12 P
gc 5046 @15.710s 7%: 0.11+0.68+0.10 ms clock, 1.3+0.75/0.97/0+1.2 ms cpu, 3->4->1 MB, 4 MB goal, 0 MB stacks, 0 MB globals, 12 P
gc 5047 @15.712s 7%: 0.088+0.89+0.080 ms clock, 1.0+0.66/0.90/0+0.96 ms cpu, 3->4->2 MB, 4 MB goal, 0 MB stacks, 0 MB globals, 12 P
gc 5048 @15.715s 7%: 0.086+0.75+0.18 ms clock, 1.0+0.90/0.88/0+2.2 ms cpu, 3->4->1 MB, 4 MB goal, 0 MB stacks, 0 MB globals, 12 P
gc 5049 @15.717s 7%: 0.072+0.59+0.14 ms clock, 0.87+0.72/0.91/0+1.7 ms cpu, 3->4->1 MB, 4 MB goal, 0 MB stacks, 0 MB globals, 12 P
gc 5050 @15.719s 7%: 0.14+1.2+0.084 ms clock, 1.7+0.70/0.92/0+1.0 ms cpu, 3->4->2 MB, 4 MB goal, 0 MB stacks, 0 MB globals, 12 P
gc 5051 @15.722s 7%: 0.069+0.48+0.059 ms clock, 0.82+0.87/0.75/0+0.71 ms cpu, 4->4->1 MB, 5 MB goal, 0 MB stacks, 0 MB globals, 12 P
gc 5052 @15.724s 7%: 0.11+0.55+0.12 ms clock, 1.4+0.85/0.97/0+1.4 ms cpu, 3->3->1 MB, 4 MB goal, 0 MB stacks, 0 MB globals, 12 P
gc 5053 @15.726s 7%: 0.086+0.55+0.12 ms clock, 1.0+0.82/0.83/0+1.4 ms cpu, 3->3->1 MB, 4 MB goal, 0 MB stacks, 0 MB globals, 12 P
gc 5054 @15.728s 7%: 0.092+0.83+0.095 ms clock, 1.1+0.84/0.90/0+1.1 ms cpu, 3->3->1 MB, 4 MB goal, 0 MB stacks, 0 MB globals, 12 P
gc 5055 @15.730s 7%: 0.12+0.96+0.071 ms clock, 1.4+0.70/0.81/0+0.86 ms cpu, 3->4->2 MB, 4 MB goal, 0 MB stacks, 0 MB globals, 12 P
gc 5056 @15.733s 7%: 0.12+0.93+0.053 ms clock, 1.4+0.77/0.92/0+0.63 ms cpu, 3->4->1 MB, 4 MB goal, 0 MB stacks, 0 MB globals, 12 P
gc 5057 @15.736s 7%: 0.095+0.73+0.082 ms clock, 1.1+0.81/0.82/0+0.99 ms cpu, 3->4->1 MB, 4 MB goal, 0 MB stacks, 0 MB globals, 12 P
gc 5058 @15.738s 7%: 0.10+0.53+0.10 ms clock, 1.2+0.75/0.90/0+1.2 ms cpu, 3->3->1 MB, 4 MB goal, 0 MB stacks, 0 MB globals, 12 P
gc 5059 @15.740s 7%: 0.13+0.71+0.11 ms clock, 1.6+0.96/0.86/0+1.3 ms cpu, 3->3->1 MB, 4 MB goal, 0 MB stacks, 0 MB globals, 12 P
gc 5060 @15.742s 7%: 0.13+1.1+0.069 ms clock, 1.5+0.67/0.91/0+0.83 ms cpu, 3->4->2 MB, 4 MB goal, 0 MB stacks, 0 MB globals, 12 P
gc 5061 @15.745s 7%: 0.10+0.84+0.11 ms clock, 1.2+0.79/0.76/0+1.4 ms cpu, 3->4->1 MB, 4 MB goal, 0 MB stacks, 0 MB globals, 12 P
gc 5062 @15.748s 7%: 0.14+0.80+0.086 ms clock, 1.7+0.69/0.82/0+1.0 ms cpu, 3->4->1 MB, 4 MB goal, 0 MB stacks, 0 MB globals, 12 P
gc 5063 @15.750s 7%: 0.085+0.54+0.074 ms clock, 1.0+0.64/0.91/0+0.89 ms cpu, 3->3->1 MB, 4 MB goal, 0 MB stacks, 0 MB globals, 12 P
gc 5064 @15.752s 7%: 0.096+0.46+0.074 ms clock, 1.1+0.84/0.71/0+0.89 ms cpu, 3->3->1 MB, 4 MB goal, 0 MB stacks, 0 MB globals, 12 P
gc 5065 @15.754s 7%: 0.12+0.82+0.099 ms clock, 1.5+0.75/0.88/0+1.1 ms cpu, 3->4->1 MB, 4 MB goal, 0 MB stacks, 0 MB globals, 12 P
gc 5066 @15.757s 7%: 0.11+0.64+0.12 ms clock, 1.4+0.70/0.88/0+1.5 ms cpu, 3->4->1 MB, 4 MB goal, 0 MB stacks, 0 MB globals, 12 P
gc 5067 @15.759s 7%: 0.10+0.83+0.087 ms clock, 1.3+0.52/1.0/0+1.0 ms cpu, 3->4->1 MB, 4 MB goal, 0 MB stacks, 0 MB globals, 12 P
gc 5068 @15.761s 7%: 0.11+0.61+0.13 ms clock, 1.3+0.61/0.93/0+1.6 ms cpu, 3->4->1 MB, 4 MB goal, 0 MB stacks, 0 MB globals, 12 P
gc 5069 @15.763s 7%: 0.065+0.59+0.072 ms clock, 0.78+0.57/1.0/0+0.86 ms cpu, 3->3->1 MB, 4 MB goal, 0 MB stacks, 0 MB globals, 12 P
gc 5070 @15.766s 7%: 0.089+0.85+0.040 ms clock, 1.0+1.3/0.79/0+0.48 ms cpu, 3->3->1 MB, 4 MB goal, 0 MB stacks, 0 MB globals, 12 P
gc 5071 @15.768s 7%: 0.17+0.44+0.062 ms clock, 2.1+0.77/0.96/0+0.75 ms cpu, 3->3->1 MB, 4 MB goal, 0 MB stacks, 0 MB globals, 12 P
gc 5072 @15.770s 7%: 0.13+0.84+0.073 ms clock, 1.6+0.72/0.99/0+0.88 ms cpu, 3->3->1 MB, 4 MB goal, 0 MB stacks, 0 MB globals, 12 P
gc 5073 @15.772s 7%: 0.079+1.0+0.10 ms clock, 0.95+0.79/1.0/0+1.2 ms cpu, 3->4->2 MB, 4 MB goal, 0 MB stacks, 0 MB globals, 12 P
gc 5074 @15.775s 7%: 0.12+0.50+0.086 ms clock, 1.4+0.64/0.88/0+1.0 ms cpu, 3->4->1 MB, 4 MB goal, 0 MB stacks, 0 MB globals, 12 P
gc 5075 @15.777s 7%: 0.086+0.84+0.068 ms clock, 1.0+0.71/0.87/0+0.82 ms cpu, 3->3->1 MB, 4 MB goal, 0 MB stacks, 0 MB globals, 12 P
gc 5076 @15.779s 7%: 0.14+0.71+0.12 ms clock, 1.7+0.62/0.87/0+1.4 ms cpu, 3->4->1 MB, 4 MB goal, 0 MB stacks, 0 MB globals, 12 P
gc 5077 @15.782s 7%: 0.082+1.1+0.040 ms clock, 0.99+0.27/1.1/0+0.48 ms cpu, 3->4->2 MB, 4 MB goal, 0 MB stacks, 0 MB globals, 12 P
gc 5078 @15.785s 7%: 0.12+0.67+0.11 ms clock, 1.4+0.65/0.90/0+1.3 ms cpu, 3->4->1 MB, 4 MB goal, 0 MB stacks, 0 MB globals, 12 P
gc 5079 @15.787s 7%: 0.084+0.88+0.13 ms clock, 1.0+0.78/0.80/0+1.6 ms cpu, 3->4->1 MB, 4 MB goal, 0 MB stacks, 0 MB globals, 12 P
gc 5080 @15.789s 7%: 0.077+0.53+0.082 ms clock, 0.92+0.99/0.80/0+0.98 ms cpu, 3->3->1 MB, 4 MB goal, 0 MB stacks, 0 MB globals, 12 P
gc 5081 @15.791s 7%: 0.13+0.92+0.14 ms clock, 1.5+0.85/0.95/0+1.7 ms cpu, 3->3->2 MB, 4 MB goal, 0 MB stacks, 0 MB globals, 12 P
gc 5082 @15.793s 7%: 0.10+0.80+0.063 ms clock, 1.3+0.79/0.91/0+0.75 ms cpu, 3->4->1 MB, 4 MB goal, 0 MB stacks, 0 MB globals, 12 P
gc 5083 @15.796s 7%: 0.16+0.52+0.093 ms clock, 1.9+0.71/0.89/0+1.1 ms cpu, 3->4->1 MB, 4 MB goal, 0 MB stacks, 0 MB globals, 12 P
gc 5084 @15.798s 7%: 0.17+0.57+0.086 ms clock, 2.1+0.81/0.89/0+1.0 ms cpu, 3->3->1 MB, 4 MB goal, 0 MB stacks, 0 MB globals, 12 P
gc 5085 @15.800s 7%: 0.081+0.70+0.15 ms clock, 0.98+0.78/0.97/0+1.8 ms cpu, 3->3->1 MB, 4 MB goal, 0 MB stacks, 0 MB globals, 12 P
gc 5086 @15.802s 7%: 0.12+1.1+0.10 ms clock, 1.5+0.67/0.97/0+1.2 ms cpu, 3->4->2 MB, 4 MB goal, 0 MB stacks, 0 MB globals, 12 P
gc 5087 @15.804s 7%: 0.095+1.1+0.084 ms clock, 1.1+0.95/0.80/0+1.0 ms cpu, 3->4->2 MB, 4 MB goal, 0 MB stacks, 0 MB globals, 12 P
gc 5088 @15.807s 7%: 0.12+0.87+0.099 ms clock, 1.5+0.70/0.89/0+1.1 ms cpu, 3->4->1 MB, 4 MB goal, 0 MB stacks, 0 MB globals, 12 P
gc 5089 @15.809s 7%: 0.090+0.59+0.085 ms clock, 1.0+0.68/0.78/0+1.0 ms cpu, 3->4->1 MB, 4 MB goal, 0 MB stacks, 0 MB globals, 12 P
gc 5090 @15.812s 7%: 0.077+0.51+0.11 ms clock, 0.92+0.61/0.85/0+1.3 ms cpu, 3->3->1 MB, 4 MB goal, 0 MB stacks, 0 MB globals, 12 P
gc 5091 @15.813s 7%: 0.11+0.61+0.085 ms clock, 1.3+0.77/0.81/0+1.0 ms cpu, 3->3->1 MB, 4 MB goal, 0 MB stacks, 0 MB globals, 12 P
gc 5092 @15.816s 7%: 0.10+1.3+0.068 ms clock, 1.2+0.71/0.74/0+0.82 ms cpu, 3->4->2 MB, 4 MB goal, 0 MB stacks, 0 MB globals, 12 P
gc 5093 @15.819s 7%: 0.13+0.62+0.065 ms clock, 1.5+0.83/0.93/0+0.78 ms cpu, 4->4->1 MB, 4 MB goal, 0 MB stacks, 0 MB globals, 12 P
gc 5094 @15.821s 7%: 0.095+0.74+0.041 ms clock, 1.1+0.67/1.0/0+0.49 ms cpu, 3->3->1 MB, 4 MB goal, 0 MB stacks, 0 MB globals, 12 P
gc 5095 @15.823s 7%: 0.19+0.41+0.082 ms clock, 2.3+0.85/0.76/0+0.99 ms cpu, 3->4->1 MB, 4 MB goal, 0 MB stacks, 0 MB globals, 12 P
gc 5096 @15.825s 7%: 0.11+0.70+0.086 ms clock, 1.3+0.73/0.88/0+1.0 ms cpu, 3->3->1 MB, 4 MB goal, 0 MB stacks, 0 MB globals, 12 P
gc 5097 @15.827s 7%: 0.13+0.95+0.014 ms clock, 1.6+0.76/0.81/0+0.17 ms cpu, 3->3->1 MB, 4 MB goal, 0 MB stacks, 0 MB globals, 12 P
gc 5098 @15.830s 7%: 0.084+0.64+0.12 ms clock, 1.0+0.54/0.96/0+1.5 ms cpu, 3->4->1 MB, 4 MB goal, 0 MB stacks, 0 MB globals, 12 P
gc 5099 @15.832s 7%: 0.12+0.88+0.11 ms clock, 1.4+0.89/0.80/0+1.3 ms cpu, 3->4->1 MB, 4 MB goal, 0 MB stacks, 0 MB globals, 12 P
gc 5100 @15.834s 7%: 0.11+0.67+0.089 ms clock, 1.3+0.82/0.80/0+1.0 ms cpu, 3->4->1 MB, 4 MB goal, 0 MB stacks, 0 MB globals, 12 P
gc 5101 @15.836s 7%: 0.096+0.57+0.097 ms clock, 1.1+0.66/0.88/0+1.1 ms cpu, 3->3->1 MB, 4 MB goal, 0 MB stacks, 0 MB globals, 12 P
gc 5102 @15.838s 7%: 0.097+0.76+0.098 ms clock, 1.1+0.67/0.91/0+1.1 ms cpu, 3->3->1 MB, 4 MB goal, 0 MB stacks, 0 MB globals, 12 P
gc 5103 @15.841s 7%: 0.12+0.51+0.084 ms clock, 1.4+0.90/0.72/0+1.0 ms cpu, 3->3->1 MB, 4 MB goal, 0 MB stacks, 0 MB globals, 12 P
gc 5104 @15.843s 7%: 0.12+0.84+0.066 ms clock, 1.4+0.64/0.97/0+0.80 ms cpu, 3->3->1 MB, 4 MB goal, 0 MB stacks, 0 MB globals, 12 P
gc 5105 @15.845s 7%: 0.12+0.57+0.096 ms clock, 1.5+0.63/0.91/0+1.1 ms cpu, 3->4->1 MB, 4 MB goal, 0 MB stacks, 0 MB globals, 12 P
gc 5106 @15.847s 7%: 0.15+0.46+0.072 ms clock, 1.8+0.73/0.85/0+0.87 ms cpu, 3->3->1 MB, 4 MB goal, 0 MB stacks, 0 MB globals, 12 P
gc 5107 @15.849s 7%: 0.13+0.96+0.050 ms clock, 1.5+0.75/0.84/0+0.60 ms cpu, 3->3->2 MB, 4 MB goal, 0 MB stacks, 0 MB globals, 12 P
gc 5108 @15.852s 7%: 0.10+0.87+0.070 ms clock, 1.2+0.87/0.73/0+0.84 ms cpu, 3->4->1 MB, 4 MB goal, 0 MB stacks, 0 MB globals, 12 P
gc 5109 @15.854s 7%: 0.090+0.56+0.063 ms clock, 1.0+0.76/0.81/0+0.75 ms cpu, 3->4->1 MB, 4 MB goal, 0 MB stacks, 0 MB globals, 12 P
gc 5110 @15.856s 7%: 0.097+0.73+0.10 ms clock, 1.1+1.2/0.83/0+1.2 ms cpu, 3->3->1 MB, 4 MB goal, 0 MB stacks, 0 MB globals, 12 P
gc 5111 @15.858s 7%: 0.11+0.86+0.10 ms clock, 1.3+0.77/0.87/0+1.2 ms cpu, 3->4->2 MB, 4 MB goal, 0 MB stacks, 0 MB globals, 12 P
gc 5112 @15.861s 7%: 0.15+0.53+0.040 ms clock, 1.8+0.81/0.72/0+0.48 ms cpu, 3->4->1 MB, 4 MB goal, 0 MB stacks, 0 MB globals, 12 P
gc 5113 @15.863s 7%: 0.079+0.58+0.10 ms clock, 0.95+0.80/0.82/0+1.2 ms cpu, 3->3->1 MB, 4 MB goal, 0 MB stacks, 0 MB globals, 12 P
gc 5114 @15.865s 7%: 0.15+0.64+0.091 ms clock, 1.8+0.88/1.0/0+1.1 ms cpu, 3->3->1 MB, 4 MB goal, 0 MB stacks, 0 MB globals, 12 P
gc 5115 @15.867s 7%: 0.11+0.73+0.088 ms clock, 1.3+0.83/0.78/0+1.0 ms cpu, 3->3->1 MB, 4 MB goal, 0 MB stacks, 0 MB globals, 12 P
gc 5116 @15.869s 7%: 0.13+0.57+0.080 ms clock, 1.5+0.80/0.76/0+0.96 ms cpu, 3->3->1 MB, 4 MB goal, 0 MB stacks, 0 MB globals, 12 P
gc 5117 @15.872s 7%: 0.074+0.52+0.080 ms clock, 0.89+0.75/0.81/0+0.96 ms cpu, 3->3->1 MB, 4 MB goal, 0 MB stacks, 0 MB globals, 12 P
gc 5118 @15.874s 7%: 0.11+1.1+0.060 ms clock, 1.3+1.6/0.91/0+0.72 ms cpu, 3->4->2 MB, 4 MB goal, 0 MB stacks, 0 MB globals, 12 P
gc 5119 @15.877s 7%: 0.12+0.51+0.086 ms clock, 1.5+0.80/0.88/0+1.0 ms cpu, 3->4->1 MB, 4 MB goal, 0 MB stacks, 0 MB globals, 12 P
gc 5120 @15.879s 7%: 0.17+0.41+0.11 ms clock, 2.0+0.82/0.82/0+1.4 ms cpu, 3->3->1 MB, 4 MB goal, 0 MB stacks, 0 MB globals, 12 P
gc 5121 @15.881s 7%: 0.094+0.99+0.075 ms clock, 1.1+0.82/0.79/0+0.91 ms cpu, 3->3->1 MB, 4 MB goal, 0 MB stacks, 0 MB globals, 12 P
gc 5122 @15.883s 7%: 0.11+0.51+0.11 ms clock, 1.3+0.66/0.81/0+1.3 ms cpu, 3->3->1 MB, 4 MB goal, 0 MB stacks, 0 MB globals, 12 P
gc 5123 @15.885s 7%: 0.11+0.90+0.078 ms clock, 1.3+0.90/0.99/0+0.93 ms cpu, 3->3->1 MB, 4 MB goal, 0 MB stacks, 0 MB globals, 12 P
gc 5124 @15.888s 7%: 0.093+0.79+0.097 ms clock, 1.1+0.72/0.82/0+1.1 ms cpu, 3->4->1 MB, 4 MB goal, 0 MB stacks, 0 MB globals, 12 P
gc 5125 @15.890s 7%: 0.11+0.45+0.057 ms clock, 1.3+0.63/0.93/0+0.69 ms cpu, 3->3->1 MB, 4 MB goal, 0 MB stacks, 0 MB globals, 12 P
gc 5126 @15.892s 7%: 0.097+0.99+0.038 ms clock, 1.1+0.91/0.87/0+0.46 ms cpu, 3->4->2 MB, 4 MB goal, 0 MB stacks, 0 MB globals, 12 P
gc 5127 @15.895s 7%: 0.077+0.46+0.13 ms clock, 0.93+0.79/0.86/0+1.5 ms cpu, 3->4->1 MB, 4 MB goal, 0 MB stacks, 0 MB globals, 12 P
gc 5128 @15.897s 7%: 0.10+1.1+0.033 ms clock, 1.2+0.68/0.85/0+0.40 ms cpu, 3->4->2 MB, 4 MB goal, 0 MB stacks, 0 MB globals, 12 P
gc 5129 @15.900s 7%: 0.086+1.0+0.088 ms clock, 1.0+0.76/1.0/0+1.0 ms cpu, 3->4->2 MB, 4 MB goal, 0 MB stacks, 0 MB globals, 12 P
gc 5130 @15.902s 7%: 0.10+1.4+0.051 ms clock, 1.2+0.78/0.88/0+0.61 ms cpu, 3->4->2 MB, 4 MB goal, 0 MB stacks, 0 MB globals, 12 P
gc 5131 @15.905s 7%: 0.14+0.84+0.069 ms clock, 1.7+0.75/0.93/0+0.83 ms cpu, 4->4->1 MB, 4 MB goal, 0 MB stacks, 0 MB globals, 12 P
gc 5132 @15.908s 7%: 0.17+1.2+0.097 ms clock, 2.1+0.64/0.82/0+1.1 ms cpu, 3->4->2 MB, 4 MB goal, 0 MB stacks, 0 MB globals, 12 P
gc 5133 @15.911s 7%: 0.12+1.1+0.095 ms clock, 1.5+1.5/0.86/0+1.1 ms cpu, 3->4->2 MB, 4 MB goal, 0 MB stacks, 0 MB globals, 12 P
gc 5134 @15.914s 7%: 0.10+0.71+0.064 ms clock, 1.3+0.65/0.86/0+0.77 ms cpu, 3->4->1 MB, 4 MB goal, 0 MB stacks, 0 MB globals, 12 P
gc 5135 @15.916s 7%: 0.12+0.78+0.063 ms clock, 1.5+0.78/0.84/0+0.76 ms cpu, 3->3->1 MB, 4 MB goal, 0 MB stacks, 0 MB globals, 12 P
gc 5136 @15.918s 7%: 0.10+0.58+0.13 ms clock, 1.2+0.87/0.94/0+1.6 ms cpu, 3->3->1 MB, 4 MB goal, 0 MB stacks, 0 MB globals, 12 P
gc 5137 @15.920s 7%: 0.11+0.84+0.089 ms clock, 1.3+0.79/0.79/0+1.0 ms cpu, 3->4->2 MB, 4 MB goal, 0 MB stacks, 0 MB globals, 12 P
gc 5138 @15.923s 7%: 0.10+0.69+0.19 ms clock, 1.2+0.79/0.79/0+2.3 ms cpu, 3->4->1 MB, 4 MB goal, 0 MB stacks, 0 MB globals, 12 P
gc 5139 @15.925s 7%: 0.12+1.1+0.065 ms clock, 1.4+0.91/0.73/0+0.78 ms cpu, 3->4->2 MB, 4 MB goal, 0 MB stacks, 0 MB globals, 12 P
gc 5140 @15.927s 7%: 0.096+1.2+0.093 ms clock, 1.1+0.76/0.88/0+1.1 ms cpu, 3->4->2 MB, 4 MB goal, 0 MB stacks, 0 MB globals, 12 P
gc 5141 @15.930s 7%: 0.19+1.0+0.072 ms clock, 2.2+0.74/0.84/0+0.86 ms cpu, 4->4->2 MB, 4 MB goal, 0 MB stacks, 0 MB globals, 12 P
gc 5142 @15.933s 7%: 0.077+0.44+0.12 ms clock, 0.93+0.72/0.83/0+1.4 ms cpu, 3->4->1 MB, 4 MB goal, 0 MB stacks, 0 MB globals, 12 P
gc 5143 @15.935s 7%: 0.086+1.3+0.060 ms clock, 1.0+0.75/0.98/0+0.72 ms cpu, 3->4->2 MB, 4 MB goal, 0 MB stacks, 0 MB globals, 12 P
gc 5144 @15.938s 7%: 0.087+0.87+0.097 ms clock, 1.0+0.72/0.93/0+1.1 ms cpu, 4->4->1 MB, 4 MB goal, 0 MB stacks, 0 MB globals, 12 P
gc 5145 @15.940s 7%: 0.096+0.97+0.092 ms clock, 1.1+0.89/0.89/0+1.1 ms cpu, 3->4->2 MB, 4 MB goal, 0 MB stacks, 0 MB globals, 12 P
gc 5146 @15.943s 7%: 0.092+1.0+0.076 ms clock, 1.1+0.73/0.98/0+0.92 ms cpu, 3->4->2 MB, 4 MB goal, 0 MB stacks, 0 MB globals, 12 P
gc 5147 @15.946s 7%: 0.091+0.83+0.086 ms clock, 1.1+0.61/0.94/0.028+1.0 ms cpu, 3->4->1 MB, 4 MB goal, 0 MB stacks, 0 MB globals, 12 P
gc 5148 @15.948s 7%: 0.075+0.46+0.079 ms clock, 0.90+0.78/0.84/0+0.95 ms cpu, 3->4->1 MB, 4 MB goal, 0 MB stacks, 0 MB globals, 12 P
gc 5149 @15.950s 7%: 0.12+0.58+0.10 ms clock, 1.4+0.76/1.0/0+1.2 ms cpu, 3->3->1 MB, 4 MB goal, 0 MB stacks, 0 MB globals, 12 P
gc 5150 @15.953s 7%: 0.11+0.85+0.076 ms clock, 1.4+1.2/0.96/0+0.91 ms cpu, 3->4->2 MB, 4 MB goal, 0 MB stacks, 0 MB globals, 12 P
gc 5151 @15.955s 7%: 0.076+0.48+0.059 ms clock, 0.91+0.82/0.87/0+0.71 ms cpu, 3->4->1 MB, 4 MB goal, 0 MB stacks, 0 MB globals, 12 P
gc 5152 @15.957s 7%: 0.096+0.71+0.069 ms clock, 1.1+0.76/0.82/0+0.83 ms cpu, 3->3->1 MB, 4 MB goal, 0 MB stacks, 0 MB globals, 12 P
gc 5153 @15.959s 7%: 0.10+0.55+0.056 ms clock, 1.2+0.77/0.85/0+0.67 ms cpu, 3->3->1 MB, 4 MB goal, 0 MB stacks, 0 MB globals, 12 P
gc 5154 @15.961s 7%: 0.10+0.54+0.10 ms clock, 1.2+0.65/0.92/0.018+1.2 ms cpu, 3->3->1 MB, 4 MB goal, 0 MB stacks, 0 MB globals, 12 P
gc 5155 @15.963s 7%: 0.12+0.67+0.11 ms clock, 1.4+0.77/0.89/0+1.4 ms cpu, 3->3->1 MB, 4 MB goal, 0 MB stacks, 0 MB globals, 12 P
gc 5156 @15.966s 7%: 0.12+1.2+0.093 ms clock, 1.5+0.68/0.87/0+1.1 ms cpu, 3->4->2 MB, 4 MB goal, 0 MB stacks, 0 MB globals, 12 P
gc 5157 @15.969s 7%: 0.10+0.58+0.050 ms clock, 1.2+0.81/0.92/0+0.60 ms cpu, 4->4->1 MB, 4 MB goal, 0 MB stacks, 0 MB globals, 12 P
gc 5158 @15.971s 7%: 0.10+0.80+0.078 ms clock, 1.3+0.75/0.87/0+0.93 ms cpu, 3->3->1 MB, 4 MB goal, 0 MB stacks, 0 MB globals, 12 P
gc 5159 @15.973s 7%: 0.070+0.57+0.073 ms clock, 0.84+0.74/0.89/0+0.88 ms cpu, 3->3->1 MB, 4 MB goal, 0 MB stacks, 0 MB globals, 12 P
gc 5160 @15.975s 7%: 0.092+1.0+0.065 ms clock, 1.1+0.65/0.84/0+0.79 ms cpu, 3->4->2 MB, 4 MB goal, 0 MB stacks, 0 MB globals, 12 P
gc 5161 @15.978s 7%: 0.12+0.43+0.056 ms clock, 1.4+0.73/0.76/0+0.67 ms cpu, 3->4->1 MB, 4 MB goal, 0 MB stacks, 0 MB globals, 12 P
gc 5162 @15.980s 7%: 0.11+0.81+0.14 ms clock, 1.3+0.79/0.87/0+1.7 ms cpu, 3->3->1 MB, 4 MB goal, 0 MB stacks, 0 MB globals, 12 P
gc 5163 @15.982s 7%: 0.093+1.1+0.069 ms clock, 1.1+0.81/0.99/0+0.83 ms cpu, 3->4->2 MB, 4 MB goal, 0 MB stacks, 0 MB globals, 12 P
gc 5164 @15.985s 7%: 0.081+1.0+0.047 ms clock, 0.97+0.50/0.83/0+0.56 ms cpu, 3->4->2 MB, 4 MB goal, 0 MB stacks, 0 MB globals, 12 P
gc 5165 @15.988s 7%: 0.095+0.82+0.062 ms clock, 1.1+0.83/0.92/0+0.74 ms cpu, 3->4->1 MB, 4 MB goal, 0 MB stacks, 0 MB globals, 12 P
gc 5166 @15.990s 7%: 0.12+0.51+0.11 ms clock, 1.5+0.63/0.87/0+1.4 ms cpu, 3->4->1 MB, 4 MB goal, 0 MB stacks, 0 MB globals, 12 P
gc 5167 @15.992s 7%: 0.12+0.53+0.12 ms clock, 1.4+0.68/0.91/0+1.5 ms cpu, 3->3->1 MB, 4 MB goal, 0 MB stacks, 0 MB globals, 12 P
gc 5168 @15.994s 7%: 0.12+0.47+0.099 ms clock, 1.5+0.78/0.81/0+1.1 ms cpu, 3->3->1 MB, 4 MB goal, 0 MB stacks, 0 MB globals, 12 P
gc 5169 @15.996s 7%: 0.10+1.0+0.083 ms clock, 1.2+0.71/0.88/0.002+1.0 ms cpu, 3->4->2 MB, 4 MB goal, 0 MB stacks, 0 MB globals, 12 P
gc 5170 @15.999s 7%: 0.098+1.0+0.069 ms clock, 1.1+0.82/0.86/0+0.83 ms cpu, 3->4->2 MB, 4 MB goal, 0 MB stacks, 0 MB globals, 12 P
gc 5171 @16.001s 7%: 0.096+0.70+0.14 ms clock, 1.1+0.80/0.86/0+1.7 ms cpu, 3->4->1 MB, 4 MB goal, 0 MB stacks, 0 MB globals, 12 P
gc 5172 @16.004s 7%: 0.10+0.89+0.10 ms clock, 1.2+0.58/0.94/0+1.2 ms cpu, 3->3->1 MB, 4 MB goal, 0 MB stacks, 0 MB globals, 12 P
gc 5173 @16.006s 7%: 0.099+0.96+0.086 ms clock, 1.1+0.67/0.96/0+1.0 ms cpu, 3->4->2 MB, 4 MB goal, 0 MB stacks, 0 MB globals, 12 P
gc 5174 @16.009s 7%: 0.17+0.50+0.11 ms clock, 2.1+0.73/0.92/0+1.3 ms cpu, 3->4->1 MB, 4 MB goal, 0 MB stacks, 0 MB globals, 12 P
gc 5175 @16.011s 7%: 0.098+1.0+0.066 ms clock, 1.1+1.0/0.90/0+0.79 ms cpu, 3->4->2 MB, 4 MB goal, 0 MB stacks, 0 MB globals, 12 P
gc 5176 @16.013s 7%: 0.086+0.98+0.049 ms clock, 1.0+0.64/0.98/0+0.59 ms cpu, 3->4->1 MB, 4 MB goal, 0 MB stacks, 0 MB globals, 12 P
gc 5177 @16.016s 7%: 0.099+1.3+0.047 ms clock, 1.1+0.65/0.83/0+0.56 ms cpu, 3->4->2 MB, 4 MB goal, 0 MB stacks, 0 MB globals, 12 P
gc 5178 @16.019s 7%: 0.069+0.77+0.050 ms clock, 0.83+0.74/0.90/0+0.61 ms cpu, 4->4->1 MB, 4 MB goal, 0 MB stacks, 0 MB globals, 12 P
gc 5179 @16.021s 7%: 0.097+0.99+0.091 ms clock, 1.1+0.64/0.82/0+1.1 ms cpu, 3->4->2 MB, 4 MB goal, 0 MB stacks, 0 MB globals, 12 P
gc 5180 @16.024s 7%: 0.11+0.85+0.066 ms clock, 1.3+0.77/0.94/0+0.79 ms cpu, 3->4->2 MB, 4 MB goal, 0 MB stacks, 0 MB globals, 12 P
gc 5181 @16.026s 7%: 0.12+0.57+0.076 ms clock, 1.5+0.82/0.98/0+0.91 ms cpu, 3->4->1 MB, 4 MB goal, 0 MB stacks, 0 MB globals, 12 P
gc 5182 @16.028s 7%: 0.12+0.60+0.072 ms clock, 1.5+0.84/0.89/0+0.86 ms cpu, 3->3->1 MB, 4 MB goal, 0 MB stacks, 0 MB globals, 12 P
gc 5183 @16.030s 7%: 0.24+0.97+0.083 ms clock, 2.9+0.64/0.86/0+1.0 ms cpu, 3->4->2 MB, 4 MB goal, 0 MB stacks, 0 MB globals, 12 P
gc 5184 @16.033s 7%: 0.16+0.53+0.094 ms clock, 1.9+0.72/0.95/0+1.1 ms cpu, 3->4->1 MB, 4 MB goal, 0 MB stacks, 0 MB globals, 12 P
gc 5185 @16.035s 7%: 0.10+0.88+0.052 ms clock, 1.2+0.71/0.93/0+0.63 ms cpu, 3->3->2 MB, 4 MB goal, 0 MB stacks, 0 MB globals, 12 P
gc 5186 @16.038s 7%: 0.12+1.0+0.060 ms clock, 1.4+0.77/0.91/0+0.72 ms cpu, 3->4->2 MB, 4 MB goal, 0 MB stacks, 0 MB globals, 12 P
gc 5187 @16.040s 7%: 0.11+0.51+0.10 ms clock, 1.3+0.66/0.95/0+1.2 ms cpu, 3->4->1 MB, 4 MB goal, 0 MB stacks, 0 MB globals, 12 P
gc 5188 @16.042s 7%: 0.084+0.91+0.067 ms clock, 1.0+0.63/1.4/0+0.81 ms cpu, 3->3->2 MB, 4 MB goal, 0 MB stacks, 0 MB globals, 12 P
gc 5189 @16.045s 7%: 0.12+0.50+0.064 ms clock, 1.5+0.65/0.87/0+0.76 ms cpu, 3->4->1 MB, 4 MB goal, 0 MB stacks, 0 MB globals, 12 P
gc 5190 @16.047s 7%: 0.093+0.71+0.14 ms clock, 1.1+0.80/0.92/0+1.7 ms cpu, 3->3->1 MB, 4 MB goal, 0 MB stacks, 0 MB globals, 12 P
gc 5191 @16.049s 7%: 0.11+0.77+0.075 ms clock, 1.3+0.89/0.81/0+0.90 ms cpu, 3->4->1 MB, 4 MB goal, 0 MB stacks, 0 MB globals, 12 P
gc 5192 @16.052s 7%: 0.11+0.92+0.059 ms clock, 1.4+0.52/0.90/0+0.71 ms cpu, 3->4->2 MB, 4 MB goal, 0 MB stacks, 0 MB globals, 12 P
gc 5193 @16.054s 7%: 0.14+0.61+0.093 ms clock, 1.7+0.76/0.90/0+1.1 ms cpu, 3->4->1 MB, 4 MB goal, 0 MB stacks, 0 MB globals, 12 P
gc 5194 @16.056s 7%: 0.15+0.95+0.080 ms clock, 1.9+0.73/0.85/0+0.96 ms cpu, 3->4->1 MB, 4 MB goal, 0 MB stacks, 0 MB globals, 12 P
gc 5195 @16.059s 7%: 0.089+0.87+0.066 ms clock, 1.0+0.80/0.90/0+0.79 ms cpu, 3->4->1 MB, 4 MB goal, 0 MB stacks, 0 MB globals, 12 P
gc 5196 @16.061s 7%: 0.069+0.74+0.032 ms clock, 0.83+0.73/0.84/0+0.38 ms cpu, 3->4->1 MB, 4 MB goal, 0 MB stacks, 0 MB globals, 12 P
gc 5197 @16.063s 7%: 0.10+0.88+0.052 ms clock, 1.2+0.61/0.81/0+0.62 ms cpu, 3->4->1 MB, 4 MB goal, 0 MB stacks, 0 MB globals, 12 P
gc 5198 @16.066s 7%: 0.076+0.80+0.10 ms clock, 0.91+0.59/0.93/0+1.2 ms cpu, 3->4->1 MB, 4 MB goal, 0 MB stacks, 0 MB globals, 12 P
gc 5199 @16.068s 7%: 0.10+0.76+0.087 ms clock, 1.2+0.70/0.90/0+1.0 ms cpu, 3->4->1 MB, 4 MB goal, 0 MB stacks, 0 MB globals, 12 P
gc 5200 @16.071s 7%: 0.094+0.70+0.077 ms clock, 1.1+0.57/0.88/0+0.92 ms cpu, 3->4->1 MB, 4 MB goal, 0 MB stacks, 0 MB globals, 12 P
gc 5201 @16.073s 7%: 0.087+0.67+0.068 ms clock, 1.0+0.71/0.90/0+0.81 ms cpu, 3->3->1 MB, 4 MB goal, 0 MB stacks, 0 MB globals, 12 P
gc 5202 @16.075s 7%: 0.11+0.62+0.072 ms clock, 1.3+0.77/0.80/0+0.86 ms cpu, 3->3->1 MB, 4 MB goal, 0 MB stacks, 0 MB globals, 12 P
gc 5203 @16.077s 7%: 0.10+0.67+0.061 ms clock, 1.2+0.68/0.90/0+0.73 ms cpu, 3->3->1 MB, 4 MB goal, 0 MB stacks, 0 MB globals, 12 P
gc 5204 @16.079s 7%: 0.097+0.81+0.059 ms clock, 1.1+0.74/0.89/0+0.71 ms cpu, 3->3->1 MB, 4 MB goal, 0 MB stacks, 0 MB globals, 12 P
gc 5205 @16.081s 7%: 0.16+0.56+0.12 ms clock, 1.9+0.62/0.88/0+1.4 ms cpu, 3->3->1 MB, 4 MB goal, 0 MB stacks, 0 MB globals, 12 P
gc 5206 @16.083s 7%: 0.094+0.60+0.099 ms clock, 1.1+0.72/0.94/0+1.1 ms cpu, 3->3->1 MB, 4 MB goal, 0 MB stacks, 0 MB globals, 12 P
gc 5207 @16.085s 7%: 0.10+0.49+0.069 ms clock, 1.2+0.72/0.84/0+0.83 ms cpu, 3->3->1 MB, 4 MB goal, 0 MB stacks, 0 MB globals, 12 P
gc 5208 @16.087s 7%: 0.081+0.52+0.075 ms clock, 0.97+0.69/0.87/0+0.90 ms cpu, 3->3->1 MB, 4 MB goal, 0 MB stacks, 0 MB globals, 12 P
gc 5209 @16.089s 7%: 0.11+0.56+0.079 ms clock, 1.3+0.76/0.89/0+0.95 ms cpu, 3->3->1 MB, 4 MB goal, 0 MB stacks, 0 MB globals, 12 P
gc 5210 @16.091s 7%: 0.10+0.49+0.070 ms clock, 1.2+0.76/0.74/0+0.85 ms cpu, 3->3->1 MB, 4 MB goal, 0 MB stacks, 0 MB globals, 12 P
gc 5211 @16.093s 7%: 0.088+0.53+0.064 ms clock, 1.0+0.61/0.87/0+0.77 ms cpu, 3->3->1 MB, 4 MB goal, 0 MB stacks, 0 MB globals, 12 P
gc 5212 @16.095s 7%: 0.069+0.64+0.10 ms clock, 0.82+0.77/0.88/0+1.3 ms cpu, 3->3->1 MB, 4 MB goal, 0 MB stacks, 0 MB globals, 12 P
gc 5213 @16.097s 7%: 0.081+1.3+0.062 ms clock, 0.97+0.73/0.79/0+0.75 ms cpu, 3->4->2 MB, 4 MB goal, 0 MB stacks, 0 MB globals, 12 P
gc 5214 @16.100s 7%: 0.087+1.1+0.14 ms clock, 1.0+0.72/0.90/0+1.7 ms cpu, 4->5->2 MB, 4 MB goal, 0 MB stacks, 0 MB globals, 12 P
gc 5215 @16.104s 7%: 0.092+0.57+0.13 ms clock, 1.1+0.77/0.89/0+1.5 ms cpu, 4->4->1 MB, 4 MB goal, 0 MB stacks, 0 MB globals, 12 P
gc 5216 @16.106s 7%: 0.092+0.49+0.048 ms clock, 1.1+0.66/0.86/0+0.58 ms cpu, 3->3->1 MB, 4 MB goal, 0 MB stacks, 0 MB globals, 12 P
gc 5217 @16.108s 7%: 0.12+0.83+0.062 ms clock, 1.4+0.73/0.91/0+0.75 ms cpu, 3->4->2 MB, 4 MB goal, 0 MB stacks, 0 MB globals, 12 P
gc 5218 @16.110s 7%: 0.085+0.94+0.061 ms clock, 1.0+0.63/0.91/0+0.74 ms cpu, 3->4->1 MB, 4 MB goal, 0 MB stacks, 0 MB globals, 12 P
gc 5219 @16.112s 7%: 0.12+0.56+0.067 ms clock, 1.5+0.70/0.85/0+0.80 ms cpu, 3->4->1 MB, 4 MB goal, 0 MB stacks, 0 MB globals, 12 P
gc 5220 @16.114s 7%: 0.098+0.45+0.066 ms clock, 1.1+0.73/0.83/0+0.79 ms cpu, 3->3->1 MB, 4 MB goal, 0 MB stacks, 0 MB globals, 12 P
gc 5221 @16.116s 7%: 0.11+1.1+0.087 ms clock, 1.4+0.72/0.79/0+1.0 ms cpu, 3->4->2 MB, 4 MB goal, 0 MB stacks, 0 MB globals, 12 P
gc 5222 @16.119s 7%: 0.10+0.60+0.11 ms clock, 1.3+0.67/0.93/0+1.3 ms cpu, 3->4->1 MB, 4 MB goal, 0 MB stacks, 0 MB globals, 12 P
gc 5223 @16.121s 7%: 0.12+0.57+0.079 ms clock, 1.5+0.56/0.91/0+0.95 ms cpu, 3->3->1 MB, 4 MB goal, 0 MB stacks, 0 MB globals, 12 P
gc 5224 @16.123s 7%: 0.14+0.74+0.080 ms clock, 1.7+0.82/0.79/0+0.96 ms cpu, 3->3->1 MB, 4 MB goal, 0 MB stacks, 0 MB globals, 12 P
gc 5225 @16.126s 7%: 0.10+1.3+0.052 ms clock, 1.2+0.59/0.96/0+0.62 ms cpu, 3->4->2 MB, 4 MB goal, 0 MB stacks, 0 MB globals, 12 P
gc 5226 @16.129s 7%: 0.13+0.64+0.057 ms clock, 1.6+0.69/0.84/0+0.69 ms cpu, 3->4->1 MB, 4 MB goal, 0 MB stacks, 0 MB globals, 12 P
gc 5227 @16.131s 7%: 0.10+0.59+0.089 ms clock, 1.2+0.76/0.86/0+1.0 ms cpu, 3->3->1 MB, 4 MB goal, 0 MB stacks, 0 MB globals, 12 P
gc 5228 @16.133s 7%: 0.086+0.59+0.12 ms clock, 1.0+0.78/0.85/0+1.5 ms cpu, 3->3->1 MB, 4 MB goal, 0 MB stacks, 0 MB globals, 12 P
gc 5229 @16.135s 7%: 0.16+0.56+0.068 ms clock, 2.0+0.75/0.77/0+0.81 ms cpu, 3->3->1 MB, 4 MB goal, 0 MB stacks, 0 MB globals, 12 P
gc 5230 @16.137s 7%: 0.11+1.1+0.060 ms clock, 1.4+0.83/0.84/0+0.73 ms cpu, 3->4->2 MB, 4 MB goal, 0 MB stacks, 0 MB globals, 12 P
gc 5231 @16.140s 7%: 0.075+0.61+0.10 ms clock, 0.90+0.74/0.83/0+1.2 ms cpu, 3->4->1 MB, 4 MB goal, 0 MB stacks, 0 MB globals, 12 P
gc 5232 @16.142s 7%: 0.10+0.93+0.10 ms clock, 1.2+0.75/0.83/0+1.2 ms cpu, 3->4->2 MB, 4 MB goal, 0 MB stacks, 0 MB globals, 12 P
gc 5233 @16.145s 7%: 0.064+0.46+0.086 ms clock, 0.77+0.54/0.92/0+1.0 ms cpu, 3->4->1 MB, 4 MB goal, 0 MB stacks, 0 MB globals, 12 P
gc 5234 @16.146s 7%: 0.10+0.48+0.089 ms clock, 1.2+0.77/0.76/0+1.0 ms cpu, 3->3->1 MB, 4 MB goal, 0 MB stacks, 0 MB globals, 12 P
gc 5235 @16.148s 7%: 0.089+0.75+0.090 ms clock, 1.0+0.77/0.88/0+1.0 ms cpu, 3->3->1 MB, 4 MB goal, 0 MB stacks, 0 MB globals, 12 P
gc 5236 @16.151s 7%: 0.12+0.59+0.11 ms clock, 1.4+0.80/0.85/0+1.3 ms cpu, 3->4->1 MB, 4 MB goal, 0 MB stacks, 0 MB globals, 12 P
gc 5237 @16.153s 7%: 0.12+0.63+0.060 ms clock, 1.4+0.76/0.90/0+0.73 ms cpu, 3->3->1 MB, 4 MB goal, 0 MB stacks, 0 MB globals, 12 P
gc 5238 @16.155s 7%: 0.099+1.5+0.064 ms clock, 1.1+0.80/0.87/0+0.77 ms cpu, 3->4->2 MB, 4 MB goal, 0 MB stacks, 0 MB globals, 12 P
gc 5239 @16.158s 7%: 0.077+0.96+0.078 ms clock, 0.93+0.61/0.92/0+0.94 ms cpu, 4->4->2 MB, 4 MB goal, 0 MB stacks, 0 MB globals, 12 P
gc 5240 @16.161s 7%: 0.096+0.79+0.060 ms clock, 1.1+0.65/0.85/0+0.72 ms cpu, 3->4->1 MB, 4 MB goal, 0 MB stacks, 0 MB globals, 12 P
gc 5241 @16.163s 7%: 0.093+0.45+0.056 ms clock, 1.1+0.85/0.75/0+0.67 ms cpu, 3->3->1 MB, 4 MB goal, 0 MB stacks, 0 MB globals, 12 P
gc 5242 @16.165s 7%: 0.096+1.0+0.041 ms clock, 1.1+0.62/0.95/0+0.50 ms cpu, 3->4->2 MB, 4 MB goal, 0 MB stacks, 0 MB globals, 12 P
gc 5243 @16.167s 7%: 0.097+0.53+0.094 ms clock, 1.1+0.79/0.83/0+1.1 ms cpu, 3->4->1 MB, 4 MB goal, 0 MB stacks, 0 MB globals, 12 P
gc 5244 @16.170s 7%: 0.091+1.0+0.073 ms clock, 1.0+0.56/1.0/0+0.88 ms cpu, 3->4->2 MB, 4 MB goal, 0 MB stacks, 0 MB globals, 12 P
gc 5245 @16.172s 7%: 0.12+0.61+0.10 ms clock, 1.4+0.82/0.94/0+1.2 ms cpu, 3->4->1 MB, 4 MB goal, 0 MB stacks, 0 MB globals, 12 P
gc 5246 @16.174s 7%: 0.12+0.93+0.12 ms clock, 1.5+0.81/0.90/0+1.5 ms cpu, 3->4->2 MB, 4 MB goal, 0 MB stacks, 0 MB globals, 12 P
gc 5247 @16.177s 7%: 0.094+0.91+0.082 ms clock, 1.1+0.78/0.85/0+0.99 ms cpu, 3->4->2 MB, 4 MB goal, 0 MB stacks, 0 MB globals, 12 P
gc 5248 @16.179s 7%: 0.11+0.55+0.14 ms clock, 1.3+0.82/0.84/0+1.7 ms cpu, 3->4->1 MB, 4 MB goal, 0 MB stacks, 0 MB globals, 12 P
gc 5249 @16.181s 7%: 0.16+0.55+0.088 ms clock, 1.9+0.78/0.72/0+1.0 ms cpu, 3->3->1 MB, 4 MB goal, 0 MB stacks, 0 MB globals, 12 P
gc 5250 @16.183s 7%: 0.099+0.44+0.11 ms clock, 1.1+0.67/0.82/0+1.3 ms cpu, 3->3->1 MB, 4 MB goal, 0 MB stacks, 0 MB globals, 12 P
gc 5251 @16.185s 7%: 0.16+0.87+0.083 ms clock, 1.9+0.73/0.88/0+1.0 ms cpu, 3->3->1 MB, 4 MB goal, 0 MB stacks, 0 MB globals, 12 P
gc 5252 @16.188s 7%: 0.088+0.49+0.067 ms clock, 1.0+0.68/0.83/0+0.80 ms cpu, 3->3->1 MB, 4 MB goal, 0 MB stacks, 0 MB globals, 12 P
gc 5253 @16.190s 7%: 0.088+1.1+0.090 ms clock, 1.0+0.58/0.88/0+1.0 ms cpu, 3->4->2 MB, 4 MB goal, 0 MB stacks, 0 MB globals, 12 P
gc 5254 @16.193s 7%: 0.058+0.76+0.061 ms clock, 0.70+0.79/0.90/0+0.74 ms cpu, 3->4->1 MB, 4 MB goal, 0 MB stacks, 0 MB globals, 12 P
gc 5255 @16.195s 7%: 0.10+1.0+0.058 ms clock, 1.2+0.57/0.87/0+0.69 ms cpu, 3->4->2 MB, 4 MB goal, 0 MB stacks, 0 MB globals, 12 P
gc 5256 @16.198s 7%: 0.097+0.88+0.10 ms clock, 1.1+0.61/0.84/0+1.2 ms cpu, 3->4->1 MB, 4 MB goal, 0 MB stacks, 0 MB globals, 12 P
gc 5257 @16.200s 7%: 0.14+1.0+0.033 ms clock, 1.7+0.61/0.69/0+0.40 ms cpu, 3->4->2 MB, 4 MB goal, 0 MB stacks, 0 MB globals, 12 P
gc 5258 @16.203s 7%: 0.10+1.2+0.044 ms clock, 1.2+0.60/1.1/0+0.53 ms cpu, 3->4->2 MB, 4 MB goal, 0 MB stacks, 0 MB globals, 12 P
gc 5259 @16.206s 7%: 0.10+1.3+0.059 ms clock, 1.2+0.74/0.82/0+0.71 ms cpu, 3->4->2 MB, 4 MB goal, 0 MB stacks, 0 MB globals, 12 P
gc 5260 @16.209s 7%: 0.13+1.0+0.13 ms clock, 1.6+0.70/0.83/0+1.6 ms cpu, 3->4->2 MB, 4 MB goal, 0 MB stacks, 0 MB globals, 12 P
gc 5261 @16.212s 7%: 0.098+0.49+0.086 ms clock, 1.1+0.88/0.74/0+1.0 ms cpu, 4->4->1 MB, 4 MB goal, 0 MB stacks, 0 MB globals, 12 P
gc 5262 @16.214s 7%: 0.13+0.42+0.11 ms clock, 1.5+0.86/0.75/0+1.3 ms cpu, 3->3->1 MB, 4 MB goal, 0 MB stacks, 0 MB globals, 12 P
gc 5263 @16.216s 7%: 0.095+0.60+0.073 ms clock, 1.1+0.84/0.82/0+0.88 ms cpu, 3->3->1 MB, 4 MB goal, 0 MB stacks, 0 MB globals, 12 P
gc 5264 @16.218s 7%: 0.082+0.58+0.076 ms clock, 0.99+0.80/0.73/0+0.91 ms cpu, 3->3->1 MB, 4 MB goal, 0 MB stacks, 0 MB globals, 12 P
gc 5265 @16.220s 7%: 0.096+1.0+0.039 ms clock, 1.1+0.72/0.97/0+0.47 ms cpu, 3->4->2 MB, 4 MB goal, 0 MB stacks, 0 MB globals, 12 P
gc 5266 @16.223s 7%: 0.15+0.44+0.084 ms clock, 1.8+0.92/0.87/0+1.0 ms cpu, 3->4->1 MB, 4 MB goal, 0 MB stacks, 0 MB globals, 12 P
gc 5267 @16.225s 7%: 0.10+0.60+0.12 ms clock, 1.2+0.72/0.98/0+1.4 ms cpu, 3->3->1 MB, 4 MB goal, 0 MB stacks, 0 MB globals, 12 P
gc 5268 @16.227s 7%: 0.075+0.52+0.084 ms clock, 0.90+0.89/0.70/0+1.0 ms cpu, 3->3->1 MB, 4 MB goal, 0 MB stacks, 0 MB globals, 12 P
gc 5269 @16.229s 7%: 0.10+0.53+0.078 ms clock, 1.3+0.82/0.81/0+0.94 ms cpu, 3->3->1 MB, 4 MB goal, 0 MB stacks, 0 MB globals, 12 P
gc 5270 @16.231s 7%: 0.093+0.49+0.065 ms clock, 1.1+0.65/0.86/0+0.78 ms cpu, 3->3->1 MB, 4 MB goal, 0 MB stacks, 0 MB globals, 12 P
gc 5271 @16.233s 7%: 0.13+0.55+0.046 ms clock, 1.5+0.76/0.78/0+0.55 ms cpu, 3->3->1 MB, 4 MB goal, 0 MB stacks, 0 MB globals, 12 P
gc 5272 @16.235s 7%: 0.076+0.88+0.087 ms clock, 0.92+0.88/1.2/0+1.0 ms cpu, 3->3->1 MB, 4 MB goal, 0 MB stacks, 0 MB globals, 12 P
gc 5273 @16.237s 7%: 0.091+0.62+0.10 ms clock, 1.1+0.74/0.75/0+1.2 ms cpu, 3->4->1 MB, 4 MB goal, 0 MB stacks, 0 MB globals, 12 P
gc 5274 @16.239s 7%: 0.096+0.72+0.061 ms clock, 1.1+0.58/0.93/0.033+0.73 ms cpu, 3->3->1 MB, 4 MB goal, 0 MB stacks, 0 MB globals, 12 P
gc 5275 @16.241s 7%: 0.089+0.80+0.081 ms clock, 1.0+0.70/0.89/0+0.97 ms cpu, 3->3->1 MB, 4 MB goal, 0 MB stacks, 0 MB globals, 12 P
gc 5276 @16.244s 7%: 0.13+0.50+0.10 ms clock, 1.6+0.87/0.82/0+1.2 ms cpu, 3->3->1 MB, 4 MB goal, 0 MB stacks, 0 MB globals, 12 P
gc 5277 @16.246s 7%: 0.14+1.2+0.071 ms clock, 1.7+0.78/0.94/0+0.85 ms cpu, 3->4->2 MB, 4 MB goal, 0 MB stacks, 0 MB globals, 12 P
gc 5278 @16.249s 7%: 0.14+1.0+0.039 ms clock, 1.6+0.78/0.78/0+0.47 ms cpu, 4->4->2 MB, 4 MB goal, 0 MB stacks, 0 MB globals, 12 P
gc 5279 @16.251s 7%: 0.092+0.54+0.077 ms clock, 1.1+0.67/0.91/0+0.93 ms cpu, 3->4->1 MB, 4 MB goal, 0 MB stacks, 0 MB globals, 12 P
gc 5280 @16.253s 7%: 0.15+0.54+0.056 ms clock, 1.8+0.67/0.93/0+0.67 ms cpu, 3->3->1 MB, 4 MB goal, 0 MB stacks, 0 MB globals, 12 P
gc 5281 @16.255s 7%: 0.079+0.52+0.10 ms clock, 0.95+0.83/0.82/0+1.2 ms cpu, 3->3->1 MB, 4 MB goal, 0 MB stacks, 0 MB globals, 12 P
gc 5282 @16.257s 7%: 0.082+0.57+0.10 ms clock, 0.99+0.69/0.87/0+1.3 ms cpu, 3->3->1 MB, 4 MB goal, 0 MB stacks, 0 MB globals, 12 P
gc 5283 @16.259s 7%: 0.10+1.0+0.086 ms clock, 1.2+0.79/0.86/0+1.0 ms cpu, 3->4->2 MB, 4 MB goal, 0 MB stacks, 0 MB globals, 12 P
gc 5284 @16.262s 7%: 0.11+0.52+0.14 ms clock, 1.3+0.88/0.75/0+1.6 ms cpu, 3->4->1 MB, 4 MB goal, 0 MB stacks, 0 MB globals, 12 P
gc 5285 @16.264s 7%: 0.089+0.57+0.054 ms clock, 1.0+0.80/0.82/0+0.65 ms cpu, 3->3->1 MB, 4 MB goal, 0 MB stacks, 0 MB globals, 12 P
gc 5286 @16.266s 7%: 0.091+0.54+0.081 ms clock, 1.0+0.70/0.87/0+0.97 ms cpu, 3->3->1 MB, 4 MB goal, 0 MB stacks, 0 MB globals, 12 P
gc 5287 @16.268s 7%: 0.062+0.52+0.10 ms clock, 0.74+0.70/0.78/0+1.3 ms cpu, 3->3->1 MB, 4 MB goal, 0 MB stacks, 0 MB globals, 12 P
gc 5288 @16.270s 7%: 0.11+0.51+0.057 ms clock, 1.3+0.70/0.91/0+0.69 ms cpu, 3->3->1 MB, 4 MB goal, 0 MB stacks, 0 MB globals, 12 P
gc 5289 @16.272s 7%: 0.11+0.59+0.063 ms clock, 1.3+0.65/0.91/0+0.76 ms cpu, 3->3->1 MB, 4 MB goal, 0 MB stacks, 0 MB globals, 12 P
gc 5290 @16.274s 7%: 0.16+0.58+0.082 ms clock, 1.9+0.68/0.97/0+0.98 ms cpu, 3->3->1 MB, 4 MB goal, 0 MB stacks, 0 MB globals, 12 P
gc 5291 @16.276s 7%: 0.096+0.95+0.079 ms clock, 1.1+0.70/0.85/0+0.95 ms cpu, 3->4->2 MB, 4 MB goal, 0 MB stacks, 0 MB globals, 12 P
gc 5292 @16.279s 7%: 0.092+0.58+0.092 ms clock, 1.1+0.87/0.81/0+1.1 ms cpu, 3->4->1 MB, 4 MB goal, 0 MB stacks, 0 MB globals, 12 P
gc 5293 @16.281s 7%: 0.14+0.98+0.058 ms clock, 1.7+0.65/0.94/0+0.70 ms cpu, 3->4->2 MB, 4 MB goal, 0 MB stacks, 0 MB globals, 12 P
gc 5294 @16.284s 7%: 0.076+0.97+0.046 ms clock, 0.91+0.60/0.93/0+0.55 ms cpu, 3->4->1 MB, 4 MB goal, 0 MB stacks, 0 MB globals, 12 P
gc 5295 @16.286s 7%: 0.092+0.75+0.12 ms clock, 1.1+0.61/0.92/0+1.4 ms cpu, 3->4->1 MB, 4 MB goal, 0 MB stacks, 0 MB globals, 12 P
gc 5296 @16.288s 7%: 0.10+0.70+0.10 ms clock, 1.2+0.67/1.0/0+1.2 ms cpu, 3->4->1 MB, 4 MB goal, 0 MB stacks, 0 MB globals, 12 P
gc 5297 @16.290s 7%: 0.10+0.97+0.064 ms clock, 1.2+0.76/0.95/0+0.76 ms cpu, 3->4->2 MB, 4 MB goal, 0 MB stacks, 0 MB globals, 12 P
gc 5298 @16.293s 7%: 0.12+0.58+0.12 ms clock, 1.5+0.83/0.73/0+1.4 ms cpu, 3->4->1 MB, 4 MB goal, 0 MB stacks, 0 MB globals, 12 P
gc 5299 @16.295s 7%: 0.10+0.55+0.083 ms clock, 1.2+0.90/0.63/0+1.0 ms cpu, 3->3->1 MB, 4 MB goal, 0 MB stacks, 0 MB globals, 12 P
gc 5300 @16.297s 7%: 0.088+0.53+0.084 ms clock, 1.0+0.81/0.81/0+1.0 ms cpu, 3->3->1 MB, 4 MB goal, 0 MB stacks, 0 MB globals, 12 P
gc 5301 @16.299s 7%: 0.11+0.88+0.061 ms clock, 1.3+0.75/0.75/0+0.73 ms cpu, 3->4->1 MB, 4 MB goal, 0 MB stacks, 0 MB globals, 12 P
gc 5302 @16.302s 7%: 0.12+0.86+0.066 ms clock, 1.5+0.80/0.93/0+0.79 ms cpu, 3->4->1 MB, 4 MB goal, 0 MB stacks, 0 MB globals, 12 P
gc 5303 @16.304s 7%: 0.13+0.50+0.10 ms clock, 1.5+0.85/0.74/0+1.2 ms cpu, 3->4->1 MB, 4 MB goal, 0 MB stacks, 0 MB globals, 12 P
gc 5304 @16.306s 7%: 0.097+0.96+0.010 ms clock, 1.1+0.74/0.78/0+0.12 ms cpu, 3->3->1 MB, 4 MB goal, 0 MB stacks, 0 MB globals, 12 P
gc 5305 @16.309s 7%: 0.11+1.0+0.053 ms clock, 1.3+0.79/0.95/0+0.64 ms cpu, 3->4->2 MB, 4 MB goal, 0 MB stacks, 0 MB globals, 12 P
gc 5306 @16.311s 7%: 0.067+0.58+0.092 ms clock, 0.80+0.81/0.75/0+1.1 ms cpu, 3->4->1 MB, 4 MB goal, 0 MB stacks, 0 MB globals, 12 P
gc 5307 @16.314s 7%: 0.093+0.54+0.071 ms clock, 1.1+0.82/0.78/0+0.85 ms cpu, 3->3->1 MB, 4 MB goal, 0 MB stacks, 0 MB globals, 12 P
gc 5308 @16.315s 7%: 0.083+0.62+0.13 ms clock, 1.0+0.74/0.90/0+1.6 ms cpu, 3->3->1 MB, 4 MB goal, 0 MB stacks, 0 MB globals, 12 P
gc 5309 @16.318s 7%: 0.083+1.2+0.081 ms clock, 1.0+0.64/0.79/0+0.97 ms cpu, 3->4->2 MB, 4 MB goal, 0 MB stacks, 0 MB globals, 12 P
gc 5310 @16.320s 7%: 0.13+1.0+0.083 ms clock, 1.6+0.73/0.81/0+0.99 ms cpu, 3->4->2 MB, 4 MB goal, 0 MB stacks, 0 MB globals, 12 P
gc 5311 @16.323s 7%: 0.12+0.54+0.060 ms clock, 1.5+0.90/0.69/0+0.73 ms cpu, 3->4->1 MB, 4 MB goal, 0 MB stacks, 0 MB globals, 12 P
gc 5312 @16.325s 7%: 0.12+0.79+0.056 ms clock, 1.4+0.80/0.78/0+0.67 ms cpu, 3->3->1 MB, 4 MB goal, 0 MB stacks, 0 MB globals, 12 P
gc 5313 @16.328s 7%: 0.095+0.93+0.058 ms clock, 1.1+0.66/0.92/0+0.70 ms cpu, 3->4->2 MB, 4 MB goal, 0 MB stacks, 0 MB globals, 12 P
gc 5314 @16.330s 7%: 0.10+0.57+0.070 ms clock, 1.2+0.79/0.85/0+0.84 ms cpu, 3->4->1 MB, 4 MB goal, 0 MB stacks, 0 MB globals, 12 P
gc 5315 @16.332s 7%: 0.057+0.48+0.068 ms clock, 0.68+0.76/0.84/0+0.81 ms cpu, 3->3->1 MB, 4 MB goal, 0 MB stacks, 0 MB globals, 12 P
gc 5316 @16.334s 7%: 0.082+0.48+0.063 ms clock, 0.98+0.74/0.87/0+0.75 ms cpu, 3->3->1 MB, 4 MB goal, 0 MB stacks, 0 MB globals, 12 P
gc 5317 @16.336s 7%: 0.086+0.76+0.081 ms clock, 1.0+0.77/0.92/0+0.97 ms cpu, 3->3->1 MB, 4 MB goal, 0 MB stacks, 0 MB globals, 12 P
gc 5318 @16.339s 7%: 0.18+0.58+0.11 ms clock, 2.1+0.68/0.90/0+1.3 ms cpu, 3->4->1 MB, 4 MB goal, 0 MB stacks, 0 MB globals, 12 P
gc 5319 @16.341s 7%: 0.10+0.92+0.046 ms clock, 1.3+0.82/0.83/0+0.55 ms cpu, 3->4->1 MB, 4 MB goal, 0 MB stacks, 0 MB globals, 12 P
gc 5320 @16.343s 7%: 0.10+0.57+0.067 ms clock, 1.2+0.70/0.97/0+0.80 ms cpu, 3->4->1 MB, 4 MB goal, 0 MB stacks, 0 MB globals, 12 P
gc 5321 @16.345s 7%: 0.14+0.91+0.11 ms clock, 1.7+0.73/0.88/0+1.4 ms cpu, 3->3->2 MB, 4 MB goal, 0 MB stacks, 0 MB globals, 12 P
gc 5322 @16.348s 7%: 0.086+0.57+0.16 ms clock, 1.0+0.67/0.95/0+1.9 ms cpu, 3->4->1 MB, 4 MB goal, 0 MB stacks, 0 MB globals, 12 P
gc 5323 @16.350s 7%: 0.091+0.77+0.080 ms clock, 1.0+0.52/0.92/0+0.96 ms cpu, 3->4->1 MB, 4 MB goal, 0 MB stacks, 0 MB globals, 12 P
gc 5324 @16.353s 7%: 0.086+0.60+0.063 ms clock, 1.0+0.73/0.97/0+0.75 ms cpu, 3->4->1 MB, 4 MB goal, 0 MB stacks, 0 MB globals, 12 P
gc 5325 @16.355s 7%: 0.098+0.91+0.074 ms clock, 1.1+0.72/0.83/0+0.88 ms cpu, 3->4->1 MB, 4 MB goal, 0 MB stacks, 0 MB globals, 12 P
gc 5326 @16.357s 7%: 0.12+0.52+0.081 ms clock, 1.4+0.74/0.97/0+0.97 ms cpu, 3->4->1 MB, 4 MB goal, 0 MB stacks, 0 MB globals, 12 P
gc 5327 @16.359s 7%: 0.12+0.94+0.056 ms clock, 1.5+0.82/0.89/0+0.67 ms cpu, 3->4->2 MB, 4 MB goal, 0 MB stacks, 0 MB globals, 12 P
gc 5328 @16.362s 7%: 0.10+0.51+0.074 ms clock, 1.2+0.81/0.79/0+0.89 ms cpu, 3->4->1 MB, 4 MB goal, 0 MB stacks, 0 MB globals, 12 P
gc 5329 @16.364s 7%: 0.099+0.71+0.059 ms clock, 1.1+0.67/0.82/0+0.70 ms cpu, 3->3->1 MB, 4 MB goal, 0 MB stacks, 0 MB globals, 12 P
gc 5330 @16.366s 7%: 0.11+0.78+0.077 ms clock, 1.3+0.62/0.98/0+0.92 ms cpu, 3->3->1 MB, 4 MB goal, 0 MB stacks, 0 MB globals, 12 P
gc 5331 @16.368s 7%: 0.091+0.89+0.063 ms clock, 1.0+0.87/0.85/0+0.76 ms cpu, 3->4->1 MB, 4 MB goal, 0 MB stacks, 0 MB globals, 12 P
gc 5332 @16.371s 7%: 0.097+0.70+0.082 ms clock, 1.1+0.84/0.89/0+0.98 ms cpu, 3->4->1 MB, 4 MB goal, 0 MB stacks, 0 MB globals, 12 P
gc 5333 @16.373s 7%: 0.10+0.89+0.059 ms clock, 1.3+0.76/0.88/0+0.71 ms cpu, 3->4->2 MB, 4 MB goal, 0 MB stacks, 0 MB globals, 12 P
gc 5334 @16.376s 7%: 0.089+0.53+0.11 ms clock, 1.0+0.83/0.85/0+1.3 ms cpu, 3->4->1 MB, 4 MB goal, 0 MB stacks, 0 MB globals, 12 P
gc 5335 @16.378s 7%: 0.13+0.48+0.081 ms clock, 1.6+0.77/0.81/0+0.97 ms cpu, 3->3->1 MB, 4 MB goal, 0 MB stacks, 0 MB globals, 12 P
gc 5336 @16.379s 7%: 0.13+0.71+0.068 ms clock, 1.6+0.77/0.91/0+0.82 ms cpu, 3->3->1 MB, 4 MB goal, 0 MB stacks, 0 MB globals, 12 P
gc 5337 @16.382s 7%: 0.092+0.57+0.054 ms clock, 1.1+0.82/0.78/0+0.65 ms cpu, 3->3->1 MB, 4 MB goal, 0 MB stacks, 0 MB globals, 12 P
gc 5338 @16.384s 7%: 0.081+0.58+0.087 ms clock, 0.97+0.84/0.93/0+1.0 ms cpu, 3->3->1 MB, 4 MB goal, 0 MB stacks, 0 MB globals, 12 P
gc 5339 @16.386s 7%: 0.10+0.96+0.090 ms clock, 1.2+0.70/0.93/0+1.0 ms cpu, 3->3->1 MB, 4 MB goal, 0 MB stacks, 0 MB globals, 12 P
gc 5340 @16.388s 7%: 0.089+0.49+0.12 ms clock, 1.0+0.73/0.91/0+1.4 ms cpu, 3->4->1 MB, 4 MB goal, 0 MB stacks, 0 MB globals, 12 P
gc 5341 @16.390s 7%: 0.077+0.57+0.074 ms clock, 0.92+0.52/0.92/0+0.89 ms cpu, 3->3->1 MB, 4 MB goal, 0 MB stacks, 0 MB globals, 12 P
gc 5342 @16.392s 7%: 0.12+1.0+0.060 ms clock, 1.4+0.73/0.97/0+0.72 ms cpu, 3->4->2 MB, 4 MB goal, 0 MB stacks, 0 MB globals, 12 P
gc 5343 @16.395s 7%: 0.10+0.56+0.085 ms clock, 1.2+0.87/0.81/0+1.0 ms cpu, 3->4->1 MB, 4 MB goal, 0 MB stacks, 0 MB globals, 12 P
gc 5344 @16.397s 7%: 0.088+0.84+0.040 ms clock, 1.0+0.68/0.85/0+0.48 ms cpu, 3->3->1 MB, 4 MB goal, 0 MB stacks, 0 MB globals, 12 P
gc 5345 @16.399s 7%: 0.13+0.86+0.080 ms clock, 1.6+0.83/0.82/0+0.96 ms cpu, 3->4->1 MB, 4 MB goal, 0 MB stacks, 0 MB globals, 12 P
gc 5346 @16.401s 7%: 0.077+0.49+0.10 ms clock, 0.93+0.77/0.79/0+1.2 ms cpu, 3->3->1 MB, 4 MB goal, 0 MB stacks, 0 MB globals, 12 P
gc 5347 @16.403s 7%: 0.11+0.45+0.14 ms clock, 1.4+0.66/0.83/0+1.6 ms cpu, 3->3->1 MB, 4 MB goal, 0 MB stacks, 0 MB globals, 12 P
gc 5348 @16.405s 7%: 0.094+0.55+0.12 ms clock, 1.1+0.81/0.80/0+1.5 ms cpu, 3->3->1 MB, 4 MB goal, 0 MB stacks, 0 MB globals, 12 P
gc 5349 @16.407s 7%: 0.12+0.62+0.088 ms clock, 1.5+0.73/0.94/0+1.0 ms cpu, 3->3->1 MB, 4 MB goal, 0 MB stacks, 0 MB globals, 12 P
gc 5350 @16.409s 7%: 0.16+0.61+0.11 ms clock, 1.9+0.73/0.85/0+1.3 ms cpu, 3->3->1 MB, 4 MB goal, 0 MB stacks, 0 MB globals, 12 P
gc 5351 @16.412s 7%: 0.10+0.87+0.11 ms clock, 1.3+0.81/1.0/0+1.3 ms cpu, 3->4->2 MB, 4 MB goal, 0 MB stacks, 0 MB globals, 12 P
gc 5352 @16.414s 7%: 0.10+0.71+0.063 ms clock, 1.2+0.78/0.94/0+0.76 ms cpu, 3->4->1 MB, 4 MB goal, 0 MB stacks, 0 MB globals, 12 P
gc 5353 @16.417s 7%: 0.10+0.51+0.051 ms clock, 1.2+0.71/0.82/0+0.61 ms cpu, 3->3->1 MB, 4 MB goal, 0 MB stacks, 0 MB globals, 12 P
gc 5354 @16.419s 7%: 0.15+0.52+0.091 ms clock, 1.8+0.69/0.92/0+1.1 ms cpu, 3->3->1 MB, 4 MB goal, 0 MB stacks, 0 MB globals, 12 P
gc 5355 @16.421s 7%: 0.068+0.83+0.12 ms clock, 0.82+0.79/0.98/0+1.4 ms cpu, 3->3->1 MB, 4 MB goal, 0 MB stacks, 0 MB globals, 12 P
gc 5356 @16.423s 7%: 0.10+0.70+0.065 ms clock, 1.2+0.83/0.82/0+0.78 ms cpu, 3->4->1 MB, 4 MB goal, 0 MB stacks, 0 MB globals, 12 P
gc 5357 @16.425s 7%: 0.079+0.51+0.078 ms clock, 0.95+0.71/0.83/0+0.93 ms cpu, 3->3->1 MB, 4 MB goal, 0 MB stacks, 0 MB globals, 12 P
gc 5358 @16.427s 7%: 0.11+0.86+0.098 ms clock, 1.3+0.70/0.84/0+1.1 ms cpu, 3->3->1 MB, 4 MB goal, 0 MB stacks, 0 MB globals, 12 P
gc 5359 @16.430s 7%: 0.11+0.51+0.075 ms clock, 1.4+0.73/0.84/0+0.90 ms cpu, 3->4->1 MB, 4 MB goal, 0 MB stacks, 0 MB globals, 12 P
gc 5360 @16.432s 7%: 0.079+0.66+0.11 ms clock, 0.95+0.63/0.80/0+1.4 ms cpu, 3->3->1 MB, 4 MB goal, 0 MB stacks, 0 MB globals, 12 P
gc 5361 @16.434s 7%: 0.10+0.79+0.097 ms clock, 1.2+0.61/0.90/0+1.1 ms cpu, 3->3->1 MB, 4 MB goal, 0 MB stacks, 0 MB globals, 12 P
gc 5362 @16.436s 7%: 0.070+0.67+0.080 ms clock, 0.84+0.76/0.87/0+0.96 ms cpu, 3->3->1 MB, 4 MB goal, 0 MB stacks, 0 MB globals, 12 P
gc 5363 @16.438s 7%: 0.15+0.50+0.090 ms clock, 1.8+0.76/0.80/0+1.0 ms cpu, 3->3->1 MB, 4 MB goal, 0 MB stacks, 0 MB globals, 12 P
gc 5364 @16.440s 7%: 0.11+0.71+0.092 ms clock, 1.3+0.64/0.91/0+1.1 ms cpu, 3->3->1 MB, 4 MB goal, 0 MB stacks, 0 MB globals, 12 P
gc 5365 @16.442s 7%: 0.11+0.54+0.074 ms clock, 1.3+0.71/0.81/0+0.89 ms cpu, 3->3->1 MB, 4 MB goal, 0 MB stacks, 0 MB globals, 12 P
gc 5366 @16.444s 7%: 0.12+0.68+0.087 ms clock, 1.4+0.71/0.92/0+1.0 ms cpu, 3->3->1 MB, 4 MB goal, 0 MB stacks, 0 MB globals, 12 P
gc 5367 @16.447s 7%: 0.081+0.74+0.056 ms clock, 0.97+0.64/0.88/0+0.67 ms cpu, 3->3->1 MB, 4 MB goal, 0 MB stacks, 0 MB globals, 12 P
gc 5368 @16.449s 7%: 0.094+0.68+0.055 ms clock, 1.1+0.67/0.97/0+0.66 ms cpu, 3->3->1 MB, 4 MB goal, 0 MB stacks, 0 MB globals, 12 P
gc 5369 @16.451s 7%: 0.10+0.91+0.096 ms clock, 1.2+0.73/0.96/0+1.1 ms cpu, 3->4->2 MB, 4 MB goal, 0 MB stacks, 0 MB globals, 12 P
gc 5370 @16.453s 7%: 0.089+0.65+0.097 ms clock, 1.0+0.63/1.0/0+1.1 ms cpu, 3->4->1 MB, 4 MB goal, 0 MB stacks, 0 MB globals, 12 P
gc 5371 @16.455s 7%: 0.073+1.0+0.082 ms clock, 0.88+0.62/0.89/0+0.98 ms cpu, 3->4->2 MB, 4 MB goal, 0 MB stacks, 0 MB globals, 12 P
gc 5372 @16.458s 7%: 0.093+0.88+0.11 ms clock, 1.1+0.82/0.90/0+1.3 ms cpu, 3->4->1 MB, 4 MB goal, 0 MB stacks, 0 MB globals, 12 P
gc 5373 @16.461s 7%: 0.084+0.73+0.097 ms clock, 1.0+0.69/0.87/0+1.1 ms cpu, 3->4->1 MB, 4 MB goal, 0 MB stacks, 0 MB globals, 12 P
gc 5374 @16.463s 7%: 0.10+0.66+0.13 ms clock, 1.2+0.65/0.93/0.040+1.6 ms cpu, 3->3->1 MB, 4 MB goal, 0 MB stacks, 0 MB globals, 12 P
gc 5375 @16.465s 7%: 0.11+0.94+0.062 ms clock, 1.3+0.65/0.91/0+0.75 ms cpu, 3->4->1 MB, 4 MB goal, 0 MB stacks, 0 MB globals, 12 P
gc 5376 @16.468s 7%: 0.12+0.57+0.15 ms clock, 1.4+0.76/0.83/0+1.9 ms cpu, 3->4->1 MB, 4 MB goal, 0 MB stacks, 0 MB globals, 12 P
gc 5377 @16.470s 7%: 0.091+0.81+0.062 ms clock, 1.0+0.86/0.83/0.015+0.74 ms cpu, 3->3->1 MB, 4 MB goal, 0 MB stacks, 0 MB globals, 12 P
gc 5378 @16.472s 7%: 0.11+0.61+0.064 ms clock, 1.3+0.66/0.86/0+0.77 ms cpu, 3->3->1 MB, 4 MB goal, 0 MB stacks, 0 MB globals, 12 P
gc 5379 @16.474s 7%: 0.067+0.85+0.092 ms clock, 0.81+0.76/0.87/0+1.1 ms cpu, 3->4->1 MB, 4 MB goal, 0 MB stacks, 0 MB globals, 12 P
gc 5380 @16.477s 7%: 0.087+0.84+0.098 ms clock, 1.0+0.65/0.93/0+1.1 ms cpu, 3->4->2 MB, 4 MB goal, 0 MB stacks, 0 MB globals, 12 P
gc 5381 @16.479s 7%: 0.11+0.56+0.11 ms clock, 1.4+0.75/0.83/0+1.3 ms cpu, 3->4->1 MB, 4 MB goal, 0 MB stacks, 0 MB globals, 12 P
gc 5382 @16.481s 7%: 0.092+0.77+0.090 ms clock, 1.1+0.80/0.92/0+1.0 ms cpu, 3->3->1 MB, 4 MB goal, 0 MB stacks, 0 MB globals, 12 P
gc 5383 @16.484s 7%: 0.11+1.1+0.074 ms clock, 1.4+0.74/0.85/0+0.89 ms cpu, 3->4->2 MB, 4 MB goal, 0 MB stacks, 0 MB globals, 12 P
gc 5384 @16.486s 7%: 0.095+0.64+0.084 ms clock, 1.1+0.70/0.77/0+1.0 ms cpu, 3->4->1 MB, 4 MB goal, 0 MB stacks, 0 MB globals, 12 P
gc 5385 @16.489s 7%: 0.079+0.54+0.14 ms clock, 0.95+0.78/0.82/0+1.7 ms cpu, 3->3->1 MB, 4 MB goal, 0 MB stacks, 0 MB globals, 12 P
gc 5386 @16.490s 7%: 0.076+0.98+0.10 ms clock, 0.92+0.71/0.72/0+1.2 ms cpu, 3->4->1 MB, 4 MB goal, 0 MB stacks, 0 MB globals, 12 P
gc 5387 @16.493s 7%: 0.095+0.65+0.12 ms clock, 1.1+0.65/0.88/0+1.5 ms cpu, 3->4->1 MB, 4 MB goal, 0 MB stacks, 0 MB globals, 12 P
gc 5388 @16.495s 7%: 0.087+0.71+0.069 ms clock, 1.0+0.76/0.81/0+0.83 ms cpu, 3->3->1 MB, 4 MB goal, 0 MB stacks, 0 MB globals, 12 P
gc 5389 @16.497s 7%: 0.14+0.52+0.11 ms clock, 1.7+0.78/0.80/0+1.3 ms cpu, 3->3->1 MB, 4 MB goal, 0 MB stacks, 0 MB globals, 12 P
gc 5390 @16.499s 7%: 0.090+1.3+0.060 ms clock, 1.0+0.66/0.81/0+0.72 ms cpu, 3->4->2 MB, 4 MB goal, 0 MB stacks, 0 MB globals, 12 P
gc 5391 @16.503s 7%: 0.093+0.80+0.11 ms clock, 1.1+0.85/0.86/0+1.3 ms cpu, 4->5->1 MB, 5 MB goal, 0 MB stacks, 0 MB globals, 12 P
gc 5392 @16.505s 7%: 0.14+0.95+0.081 ms clock, 1.7+0.86/0.73/0+0.98 ms cpu, 3->4->2 MB, 4 MB goal, 0 MB stacks, 0 MB globals, 12 P
gc 5393 @16.508s 7%: 0.097+0.62+0.14 ms clock, 1.1+0.73/0.89/0+1.7 ms cpu, 3->4->1 MB, 4 MB goal, 0 MB stacks, 0 MB globals, 12 P
gc 5394 @16.510s 7%: 0.12+0.93+0.099 ms clock, 1.4+0.80/0.91/0+1.1 ms cpu, 3->4->2 MB, 4 MB goal, 0 MB stacks, 0 MB globals, 12 P
gc 5395 @16.513s 7%: 0.10+1.2+0.099 ms clock, 1.2+1.0/0.92/0+1.1 ms cpu, 3->4->2 MB, 4 MB goal, 0 MB stacks, 0 MB globals, 12 P
gc 5396 @16.516s 7%: 0.13+0.54+0.087 ms clock, 1.5+0.69/0.85/0+1.0 ms cpu, 3->4->1 MB, 4 MB goal, 0 MB stacks, 0 MB globals, 12 P
gc 5397 @16.518s 7%: 0.14+0.52+0.099 ms clock, 1.7+0.76/0.72/0+1.1 ms cpu, 3->3->1 MB, 4 MB goal, 0 MB stacks, 0 MB globals, 12 P
gc 5398 @16.520s 7%: 0.091+0.76+0.066 ms clock, 1.0+0.61/0.95/0+0.80 ms cpu, 3->3->1 MB, 4 MB goal, 0 MB stacks, 0 MB globals, 12 P
gc 5399 @16.522s 7%: 0.087+0.53+0.064 ms clock, 1.0+0.66/0.85/0+0.77 ms cpu, 3->3->1 MB, 4 MB goal, 0 MB stacks, 0 MB globals, 12 P
gc 5400 @16.524s 7%: 0.083+0.52+0.084 ms clock, 1.0+0.61/0.95/0+1.0 ms cpu, 3->3->1 MB, 4 MB goal, 0 MB stacks, 0 MB globals, 12 P
gc 5401 @16.526s 7%: 0.10+0.84+0.088 ms clock, 1.2+0.73/0.81/0+1.0 ms cpu, 3->3->1 MB, 4 MB goal, 0 MB stacks, 0 MB globals, 12 P
gc 5402 @16.528s 7%: 0.15+0.59+0.12 ms clock, 1.8+0.80/0.89/0+1.4 ms cpu, 3->4->1 MB, 4 MB goal, 0 MB stacks, 0 MB globals, 12 P
gc 5403 @16.530s 7%: 0.082+1.0+0.092 ms clock, 0.98+0.78/0.84/0+1.1 ms cpu, 3->4->2 MB, 4 MB goal, 0 MB stacks, 0 MB globals, 12 P
gc 5404 @16.533s 7%: 0.15+0.58+0.12 ms clock, 1.8+0.67/0.77/0.065+1.5 ms cpu, 3->4->1 MB, 4 MB goal, 0 MB stacks, 0 MB globals, 12 P
gc 5405 @16.535s 7%: 0.18+0.56+0.067 ms clock, 2.2+0.75/0.79/0+0.80 ms cpu, 3->3->1 MB, 4 MB goal, 0 MB stacks, 0 MB globals, 12 P
gc 5406 @16.537s 7%: 0.11+0.82+0.023 ms clock, 1.3+0.70/0.87/0+0.28 ms cpu, 3->3->1 MB, 4 MB goal, 0 MB stacks, 0 MB globals, 12 P
gc 5407 @16.540s 7%: 0.094+0.85+0.055 ms clock, 1.1+0.82/0.98/0+0.66 ms cpu, 3->4->1 MB, 4 MB goal, 0 MB stacks, 0 MB globals, 12 P
gc 5408 @16.542s 7%: 0.14+0.47+0.086 ms clock, 1.7+0.83/0.89/0+1.0 ms cpu, 3->3->1 MB, 4 MB goal, 0 MB stacks, 0 MB globals, 12 P
gc 5409 @16.544s 7%: 0.14+0.59+0.18 ms clock, 1.7+0.67/0.89/0+2.2 ms cpu, 3->3->1 MB, 4 MB goal, 0 MB stacks, 0 MB globals, 12 P
gc 5410 @16.546s 7%: 0.15+1.1+0.10 ms clock, 1.8+0.65/0.86/0+1.2 ms cpu, 3->4->2 MB, 4 MB goal, 0 MB stacks, 0 MB globals, 12 P
gc 5411 @16.549s 7%: 0.096+0.55+0.14 ms clock, 1.1+0.77/1.0/0+1.7 ms cpu, 3->4->1 MB, 4 MB goal, 0 MB stacks, 0 MB globals, 12 P
gc 5412 @16.551s 7%: 0.15+0.61+0.081 ms clock, 1.8+0.72/0.81/0+0.97 ms cpu, 3->3->1 MB, 4 MB goal, 0 MB stacks, 0 MB globals, 12 P
gc 5413 @16.553s 7%: 0.11+0.56+0.20 ms clock, 1.3+0.78/0.78/0+2.4 ms cpu, 3->3->1 MB, 4 MB goal, 0 MB stacks, 0 MB globals, 12 P
gc 5414 @16.555s 7%: 0.079+0.62+0.053 ms clock, 0.95+0.64/0.94/0+0.63 ms cpu, 3->3->1 MB, 4 MB goal, 0 MB stacks, 0 MB globals, 12 P
gc 5415 @16.557s 7%: 0.091+0.53+0.14 ms clock, 1.0+0.68/0.99/0+1.7 ms cpu, 3->3->1 MB, 4 MB goal, 0 MB stacks, 0 MB globals, 12 P
gc 5416 @16.559s 7%: 0.11+0.53+0.086 ms clock, 1.3+0.74/0.86/0+1.0 ms cpu, 3->3->1 MB, 4 MB goal, 0 MB stacks, 0 MB globals, 12 P
gc 5417 @16.561s 7%: 0.10+0.77+0.053 ms clock, 1.2+0.84/0.75/0+0.63 ms cpu, 3->4->1 MB, 4 MB goal, 0 MB stacks, 0 MB globals, 12 P
gc 5418 @16.564s 7%: 0.13+0.70+0.10 ms clock, 1.6+0.53/0.93/0+1.2 ms cpu, 3->4->1 MB, 4 MB goal, 0 MB stacks, 0 MB globals, 12 P
gc 5419 @16.566s 7%: 0.12+0.50+0.099 ms clock, 1.5+0.78/0.71/0+1.1 ms cpu, 3->3->1 MB, 4 MB goal, 0 MB stacks, 0 MB globals, 12 P
gc 5420 @16.568s 7%: 0.11+1.0+0.078 ms clock, 1.3+0.60/0.91/0+0.94 ms cpu, 3->4->2 MB, 4 MB goal, 0 MB stacks, 0 MB globals, 12 P
gc 5421 @16.570s 7%: 0.075+0.90+0.035 ms clock, 0.90+0.75/1.0/0+0.43 ms cpu, 3->4->1 MB, 4 MB goal, 0 MB stacks, 0 MB globals, 12 P
gc 5422 @16.573s 7%: 0.093+1.0+0.094 ms clock, 1.1+0.83/0.97/0+1.1 ms cpu, 3->4->2 MB, 4 MB goal, 0 MB stacks, 0 MB globals, 12 P
gc 5423 @16.576s 7%: 0.099+0.99+0.039 ms clock, 1.1+0.80/0.83/0+0.47 ms cpu, 3->4->1 MB, 4 MB goal, 0 MB stacks, 0 MB globals, 12 P
gc 5424 @16.578s 7%: 0.12+0.99+0.082 ms clock, 1.5+0.77/0.75/0+0.99 ms cpu, 3->4->2 MB, 4 MB goal, 0 MB stacks, 0 MB globals, 12 P
gc 5425 @16.581s 7%: 0.12+0.67+0.072 ms clock, 1.5+0.73/0.90/0+0.86 ms cpu, 3->4->1 MB, 4 MB goal, 0 MB stacks, 0 MB globals, 12 P
gc 5426 @16.583s 7%: 0.10+0.57+0.12 ms clock, 1.2+0.76/0.79/0+1.5 ms cpu, 3->3->1 MB, 4 MB goal, 0 MB stacks, 0 MB globals, 12 P
gc 5427 @16.585s 7%: 0.18+0.54+0.065 ms clock, 2.2+0.76/0.88/0+0.78 ms cpu, 3->3->1 MB, 4 MB goal, 0 MB stacks, 0 MB globals, 12 P
gc 5428 @16.587s 7%: 0.068+0.48+0.076 ms clock, 0.82+0.70/0.87/0+0.91 ms cpu, 3->3->1 MB, 4 MB goal, 0 MB stacks, 0 MB globals, 12 P
gc 5429 @16.589s 7%: 0.10+0.70+0.11 ms clock, 1.2+0.67/1.1/0+1.3 ms cpu, 3->3->1 MB, 4 MB goal, 0 MB stacks, 0 MB globals, 12 P
gc 5430 @16.591s 7%: 0.13+0.49+0.096 ms clock, 1.5+0.77/0.77/0+1.1 ms cpu, 3->3->1 MB, 4 MB goal, 0 MB stacks, 0 MB globals, 12 P
gc 5431 @16.593s 7%: 0.082+1.1+0.045 ms clock, 0.99+0.76/0.95/0+0.54 ms cpu, 3->4->2 MB, 4 MB goal, 0 MB stacks, 0 MB globals, 12 P
gc 5432 @16.596s 7%: 0.10+1.2+0.073 ms clock, 1.2+0.76/0.81/0+0.87 ms cpu, 3->4->2 MB, 4 MB goal, 0 MB stacks, 0 MB globals, 12 P
gc 5433 @16.599s 7%: 0.066+0.91+0.097 ms clock, 0.80+0.64/0.91/0.005+1.1 ms cpu, 4->4->2 MB, 4 MB goal, 0 MB stacks, 0 MB globals, 12 P
gc 5434 @16.602s 7%: 0.11+1.0+0.008 ms clock, 1.4+0.78/0.69/0+0.10 ms cpu, 3->4->2 MB, 4 MB goal, 0 MB stacks, 0 MB globals, 12 P
gc 5435 @16.604s 7%: 0.10+0.86+0.043 ms clock, 1.2+0.70/0.89/0+0.52 ms cpu, 3->4->1 MB, 4 MB goal, 0 MB stacks, 0 MB globals, 12 P
gc 5436 @16.607s 7%: 0.11+0.53+0.10 ms clock, 1.3+0.71/0.92/0+1.2 ms cpu, 3->4->1 MB, 4 MB goal, 0 MB stacks, 0 MB globals, 12 P
gc 5437 @16.608s 7%: 0.17+0.41+0.069 ms clock, 2.0+0.71/0.83/0+0.83 ms cpu, 3->3->1 MB, 4 MB goal, 0 MB stacks, 0 MB globals, 12 P
gc 5438 @16.610s 7%: 0.098+0.49+0.11 ms clock, 1.1+0.75/0.85/0+1.3 ms cpu, 3->3->1 MB, 4 MB goal, 0 MB stacks, 0 MB globals, 12 P
gc 5439 @16.612s 7%: 0.094+0.46+0.11 ms clock, 1.1+0.62/0.86/0+1.3 ms cpu, 3->3->1 MB, 4 MB goal, 0 MB stacks, 0 MB globals, 12 P
gc 5440 @16.614s 7%: 0.12+0.99+0.052 ms clock, 1.5+0.69/0.88/0+0.63 ms cpu, 3->4->1 MB, 4 MB goal, 0 MB stacks, 0 MB globals, 12 P
gc 5441 @16.617s 7%: 0.10+0.61+0.083 ms clock, 1.2+0.59/0.99/0+0.99 ms cpu, 3->4->1 MB, 4 MB goal, 0 MB stacks, 0 MB globals, 12 P
gc 5442 @16.619s 7%: 0.14+0.99+0.076 ms clock, 1.7+0.69/0.85/0+0.91 ms cpu, 3->4->2 MB, 4 MB goal, 0 MB stacks, 0 MB globals, 12 P
gc 5443 @16.622s 7%: 0.13+0.63+0.099 ms clock, 1.5+0.64/0.93/0+1.1 ms cpu, 3->4->1 MB, 4 MB goal, 0 MB stacks, 0 MB globals, 12 P
gc 5444 @16.624s 7%: 0.16+0.81+0.13 ms clock, 2.0+0.67/0.93/0+1.6 ms cpu, 3->4->2 MB, 4 MB goal, 0 MB stacks, 0 MB globals, 12 P
gc 5445 @16.626s 7%: 0.094+1.0+0.075 ms clock, 1.1+1.3/0.81/0+0.90 ms cpu, 3->4->2 MB, 4 MB goal, 0 MB stacks, 0 MB globals, 12 P
gc 5446 @16.629s 7%: 0.074+0.70+0.099 ms clock, 0.89+0.83/0.79/0.014+1.1 ms cpu, 3->4->1 MB, 4 MB goal, 0 MB stacks, 0 MB globals, 12 P
gc 5447 @16.631s 7%: 0.082+0.54+0.071 ms clock, 0.99+0.54/1.0/0+0.86 ms cpu, 3->3->1 MB, 4 MB goal, 0 MB stacks, 0 MB globals, 12 P
gc 5448 @16.633s 7%: 0.10+0.99+0.014 ms clock, 1.2+0.63/0.87/0+0.17 ms cpu, 3->4->2 MB, 4 MB goal, 0 MB stacks, 0 MB globals, 12 P
gc 5449 @16.636s 7%: 0.088+0.75+0.099 ms clock, 1.0+0.93/0.78/0+1.1 ms cpu, 3->4->1 MB, 4 MB goal, 0 MB stacks, 0 MB globals, 12 P
gc 5450 @16.638s 7%: 0.10+0.99+0.044 ms clock, 1.2+0.72/0.80/0+0.53 ms cpu, 3->3->2 MB, 4 MB goal, 0 MB stacks, 0 MB globals, 12 P
gc 5451 @16.640s 7%: 0.085+0.62+0.11 ms clock, 1.0+0.77/0.79/0.073+1.4 ms cpu, 3->4->1 MB, 4 MB goal, 0 MB stacks, 0 MB globals, 12 P
gc 5452 @16.642s 7%: 0.11+0.93+0.041 ms clock, 1.4+0.60/0.76/0.094+0.49 ms cpu, 3->3->1 MB, 4 MB goal, 0 MB stacks, 0 MB globals, 12 P
gc 5453 @16.644s 7%: 0.091+0.43+0.091 ms clock, 1.0+0.83/0.76/0+1.0 ms cpu, 3->3->1 MB, 4 MB goal, 0 MB stacks, 0 MB globals, 12 P
gc 5454 @16.646s 7%: 0.11+0.73+0.067 ms clock, 1.3+0.70/0.87/0+0.80 ms cpu, 3->3->1 MB, 4 MB goal, 0 MB stacks, 0 MB globals, 12 P
gc 5455 @16.649s 7%: 0.11+1.3+0.076 ms clock, 1.4+1.0/0.86/0+0.92 ms cpu, 3->4->2 MB, 4 MB goal, 0 MB stacks, 0 MB globals, 12 P
gc 5456 @16.652s 7%: 0.11+0.56+0.092 ms clock, 1.3+0.69/0.96/0+1.1 ms cpu, 4->4->1 MB, 4 MB goal, 0 MB stacks, 0 MB globals, 12 P
gc 5457 @16.654s 7%: 0.086+0.99+0.10 ms clock, 1.0+0.77/0.82/0+1.2 ms cpu, 3->3->2 MB, 4 MB goal, 0 MB stacks, 0 MB globals, 12 P
gc 5458 @16.656s 7%: 0.12+0.69+0.041 ms clock, 1.4+0.74/0.95/0+0.50 ms cpu, 3->4->1 MB, 4 MB goal, 0 MB stacks, 0 MB globals, 12 P
gc 5459 @16.658s 7%: 0.11+0.95+0.071 ms clock, 1.4+0.76/0.91/0+0.85 ms cpu, 3->4->2 MB, 4 MB goal, 0 MB stacks, 0 MB globals, 12 P
gc 5460 @16.661s 7%: 0.088+0.93+0.079 ms clock, 1.0+0.67/0.85/0+0.95 ms cpu, 3->4->1 MB, 4 MB goal, 0 MB stacks, 0 MB globals, 12 P
gc 5461 @16.663s 7%: 0.11+0.55+0.087 ms clock, 1.4+0.63/0.88/0+1.0 ms cpu, 3->4->1 MB, 4 MB goal, 0 MB stacks, 0 MB globals, 12 P
gc 5462 @16.665s 7%: 0.10+0.46+0.11 ms clock, 1.2+0.89/0.79/0+1.3 ms cpu, 3->3->1 MB, 4 MB goal, 0 MB stacks, 0 MB globals, 12 P
gc 5463 @16.667s 7%: 0.084+0.46+0.081 ms clock, 1.0+0.71/0.81/0+0.97 ms cpu, 3->3->1 MB, 4 MB goal, 0 MB stacks, 0 MB globals, 12 P
gc 5464 @16.669s 7%: 0.10+1.2+0.099 ms clock, 1.2+0.66/0.88/0+1.1 ms cpu, 3->4->2 MB, 4 MB goal, 0 MB stacks, 0 MB globals, 12 P
gc 5465 @16.672s 7%: 0.13+0.49+0.16 ms clock, 1.5+0.79/0.79/0+1.9 ms cpu, 4->4->1 MB, 4 MB goal, 0 MB stacks, 0 MB globals, 12 P
gc 5466 @16.674s 7%: 0.14+0.43+0.14 ms clock, 1.7+0.81/0.81/0+1.7 ms cpu, 3->3->1 MB, 4 MB goal, 0 MB stacks, 0 MB globals, 12 P
gc 5467 @16.676s 7%: 0.13+0.81+0.14 ms clock, 1.6+0.81/0.87/0+1.7 ms cpu, 3->3->1 MB, 4 MB goal, 0 MB stacks, 0 MB globals, 12 P
gc 5468 @16.679s 7%: 0.10+0.70+0.10 ms clock, 1.2+0.61/1.0/0+1.2 ms cpu, 3->4->1 MB, 4 MB goal, 0 MB stacks, 0 MB globals, 12 P
gc 5469 @16.681s 7%: 0.069+0.63+0.13 ms clock, 0.83+0.63/0.98/0+1.6 ms cpu, 3->3->1 MB, 4 MB goal, 0 MB stacks, 0 MB globals, 12 P
gc 5470 @16.683s 7%: 0.072+0.76+0.054 ms clock, 0.87+0.77/0.89/0.018+0.64 ms cpu, 3->3->1 MB, 4 MB goal, 0 MB stacks, 0 MB globals, 12 P
gc 5471 @16.685s 7%: 0.11+0.97+0.087 ms clock, 1.3+1.1/0.86/0+1.0 ms cpu, 3->4->2 MB, 4 MB goal, 0 MB stacks, 0 MB globals, 12 P
gc 5472 @16.688s 7%: 0.10+1.0+0.087 ms clock, 1.2+0.67/1.0/0+1.0 ms cpu, 3->4->2 MB, 4 MB goal, 0 MB stacks, 0 MB globals, 12 P
gc 5473 @16.691s 7%: 0.16+1.0+0.044 ms clock, 1.9+0.77/0.83/0+0.53 ms cpu, 3->4->2 MB, 4 MB goal, 0 MB stacks, 0 MB globals, 12 P
gc 5474 @16.693s 7%: 0.083+1.1+0.051 ms clock, 1.0+0.75/0.92/0+0.61 ms cpu, 3->4->2 MB, 4 MB goal, 0 MB stacks, 0 MB globals, 12 P
gc 5475 @16.696s 7%: 0.088+0.52+0.10 ms clock, 1.0+0.69/0.78/0+1.2 ms cpu, 3->4->1 MB, 4 MB goal, 0 MB stacks, 0 MB globals, 12 P
gc 5476 @16.698s 7%: 0.10+1.1+0.069 ms clock, 1.2+0.74/0.96/0+0.83 ms cpu, 3->4->2 MB, 4 MB goal, 0 MB stacks, 0 MB globals, 12 P
gc 5477 @16.701s 7%: 0.13+0.63+0.10 ms clock, 1.6+0.69/0.86/0+1.2 ms cpu, 3->4->1 MB, 4 MB goal, 0 MB stacks, 0 MB globals, 12 P
gc 5478 @16.703s 7%: 0.10+0.66+0.062 ms clock, 1.2+0.71/0.94/0+0.75 ms cpu, 3->4->1 MB, 4 MB goal, 0 MB stacks, 0 MB globals, 12 P
gc 5479 @16.705s 7%: 0.084+0.57+0.071 ms clock, 1.0+0.83/0.97/0+0.85 ms cpu, 3->3->1 MB, 4 MB goal, 0 MB stacks, 0 MB globals, 12 P
gc 5480 @16.707s 7%: 0.10+0.58+0.10 ms clock, 1.2+0.67/0.85/0+1.2 ms cpu, 3->3->1 MB, 4 MB goal, 0 MB stacks, 0 MB globals, 12 P
gc 5481 @16.709s 7%: 0.12+0.52+0.074 ms clock, 1.5+0.78/0.90/0+0.89 ms cpu, 3->3->1 MB, 4 MB goal, 0 MB stacks, 0 MB globals, 12 P
gc 5482 @16.711s 7%: 0.10+0.63+0.10 ms clock, 1.2+0.80/0.78/0+1.2 ms cpu, 3->3->1 MB, 4 MB goal, 0 MB stacks, 0 MB globals, 12 P
gc 5483 @16.713s 7%: 0.078+0.78+0.076 ms clock, 0.94+1.3/0.76/0+0.92 ms cpu, 3->3->1 MB, 4 MB goal, 0 MB stacks, 0 MB globals, 12 P
gc 5484 @16.716s 7%: 0.077+0.63+0.11 ms clock, 0.93+0.61/0.90/0+1.3 ms cpu, 3->4->1 MB, 4 MB goal, 0 MB stacks, 0 MB globals, 12 P
gc 5485 @16.718s 7%: 0.14+0.60+0.11 ms clock, 1.7+0.69/0.93/0+1.3 ms cpu, 3->3->1 MB, 4 MB goal, 0 MB stacks, 0 MB globals, 12 P
gc 5486 @16.720s 7%: 0.087+0.65+0.11 ms clock, 1.0+0.80/0.87/0+1.3 ms cpu, 3->3->1 MB, 4 MB goal, 0 MB stacks, 0 MB globals, 12 P
gc 5487 @16.722s 7%: 0.11+0.63+0.14 ms clock, 1.4+0.86/0.86/0+1.7 ms cpu, 3->3->1 MB, 4 MB goal, 0 MB stacks, 0 MB globals, 12 P
gc 5488 @16.724s 7%: 0.074+0.50+0.075 ms clock, 0.89+1.0/0.72/0+0.90 ms cpu, 3->3->1 MB, 4 MB goal, 0 MB stacks, 0 MB globals, 12 P
gc 5489 @16.726s 7%: 0.15+0.57+0.16 ms clock, 1.9+0.70/0.88/0+2.0 ms cpu, 3->3->1 MB, 4 MB goal, 0 MB stacks, 0 MB globals, 12 P
gc 5490 @16.728s 7%: 0.10+1.0+0.020 ms clock, 1.2+0.67/0.81/0+0.24 ms cpu, 3->3->2 MB, 4 MB goal, 0 MB stacks, 0 MB globals, 12 P
gc 5491 @16.731s 7%: 0.11+0.50+0.10 ms clock, 1.4+0.72/0.86/0+1.2 ms cpu, 3->4->1 MB, 4 MB goal, 0 MB stacks, 0 MB globals, 12 P
gc 5492 @16.733s 7%: 0.095+0.91+0.063 ms clock, 1.1+1.3/0.73/0+0.76 ms cpu, 3->3->1 MB, 4 MB goal, 0 MB stacks, 0 MB globals, 12 P
gc 5493 @16.736s 7%: 0.12+0.48+0.082 ms clock, 1.5+0.64/0.78/0+0.99 ms cpu, 3->3->1 MB, 4 MB goal, 0 MB stacks, 0 MB globals, 12 P
gc 5494 @16.738s 7%: 0.11+0.56+0.066 ms clock, 1.3+0.80/0.86/0+0.79 ms cpu, 3->3->1 MB, 4 MB goal, 0 MB stacks, 0 MB globals, 12 P
gc 5495 @16.740s 7%: 0.096+1.1+0.054 ms clock, 1.1+0.79/0.90/0+0.65 ms cpu, 3->4->2 MB, 4 MB goal, 0 MB stacks, 0 MB globals, 12 P
gc 5496 @16.743s 7%: 0.12+0.62+0.074 ms clock, 1.4+0.77/0.81/0+0.89 ms cpu, 3->4->1 MB, 4 MB goal, 0 MB stacks, 0 MB globals, 12 P
gc 5497 @16.745s 7%: 0.097+1.2+0.019 ms clock, 1.1+0.80/0.85/0+0.23 ms cpu, 3->4->2 MB, 4 MB goal, 0 MB stacks, 0 MB globals, 12 P
gc 5498 @16.748s 7%: 0.11+0.53+0.049 ms clock, 1.4+0.68/0.88/0+0.58 ms cpu, 3->4->1 MB, 4 MB goal, 0 MB stacks, 0 MB globals, 12 P
gc 5499 @16.749s 7%: 0.12+0.64+0.090 ms clock, 1.5+0.93/0.82/0+1.0 ms cpu, 3->3->1 MB, 4 MB goal, 0 MB stacks, 0 MB globals, 12 P
gc 5500 @16.752s 7%: 0.12+0.97+0.044 ms clock, 1.4+0.65/0.95/0+0.53 ms cpu, 3->4->2 MB, 4 MB goal, 0 MB stacks, 0 MB globals, 12 P
gc 5501 @16.754s 7%: 0.10+0.84+0.071 ms clock, 1.3+0.66/0.88/0+0.85 ms cpu, 3->4->2 MB, 4 MB goal, 0 MB stacks, 0 MB globals, 12 P
gc 5502 @16.757s 7%: 0.11+0.64+0.098 ms clock, 1.3+0.77/0.80/0+1.1 ms cpu, 3->4->1 MB, 4 MB goal, 0 MB stacks, 0 MB globals, 12 P
gc 5503 @16.759s 7%: 0.16+0.61+0.11 ms clock, 1.9+0.71/0.91/0+1.3 ms cpu, 3->3->1 MB, 4 MB goal, 0 MB stacks, 0 MB globals, 12 P
gc 5504 @16.761s 7%: 0.10+0.50+0.062 ms clock, 1.2+0.86/0.69/0+0.74 ms cpu, 3->3->1 MB, 4 MB goal, 0 MB stacks, 0 MB globals, 12 P
gc 5505 @16.763s 7%: 0.10+0.61+0.078 ms clock, 1.2+0.74/0.89/0+0.93 ms cpu, 3->3->1 MB, 4 MB goal, 0 MB stacks, 0 MB globals, 12 P
gc 5506 @16.765s 7%: 0.12+0.48+0.066 ms clock, 1.4+0.70/0.84/0+0.79 ms cpu, 3->3->1 MB, 4 MB goal, 0 MB stacks, 0 MB globals, 12 P
gc 5507 @16.767s 7%: 0.11+0.66+0.090 ms clock, 1.3+0.74/0.77/0+1.0 ms cpu, 3->3->1 MB, 4 MB goal, 0 MB stacks, 0 MB globals, 12 P
gc 5508 @16.769s 7%: 0.11+0.74+0.13 ms clock, 1.3+0.74/0.87/0+1.5 ms cpu, 3->4->1 MB, 4 MB goal, 0 MB stacks, 0 MB globals, 12 P
gc 5509 @16.772s 7%: 0.068+0.80+0.054 ms clock, 0.81+1.2/0.81/0.001+0.65 ms cpu, 3->4->1 MB, 4 MB goal, 0 MB stacks, 0 MB globals, 12 P
gc 5510 @16.774s 7%: 0.10+0.67+0.080 ms clock, 1.2+0.73/0.75/0+0.96 ms cpu, 3->4->1 MB, 4 MB goal, 0 MB stacks, 0 MB globals, 12 P
gc 5511 @16.776s 7%: 0.080+0.55+0.12 ms clock, 0.96+0.76/0.79/0+1.4 ms cpu, 3->3->1 MB, 4 MB goal, 0 MB stacks, 0 MB globals, 12 P
gc 5512 @16.778s 7%: 0.11+0.63+0.11 ms clock, 1.3+0.71/0.86/0+1.3 ms cpu, 3->3->1 MB, 4 MB goal, 0 MB stacks, 0 MB globals, 12 P
gc 5513 @16.780s 7%: 0.10+0.52+0.088 ms clock, 1.2+0.79/0.90/0+1.0 ms cpu, 3->3->1 MB, 4 MB goal, 0 MB stacks, 0 MB globals, 12 P
gc 5514 @16.782s 7%: 0.079+0.96+0.069 ms clock, 0.94+0.66/1.0/0+0.82 ms cpu, 3->3->1 MB, 4 MB goal, 0 MB stacks, 0 MB globals, 12 P
gc 5515 @16.785s 7%: 0.11+0.60+0.053 ms clock, 1.3+0.81/0.95/0+0.63 ms cpu, 3->4->1 MB, 4 MB goal, 0 MB stacks, 0 MB globals, 12 P
gc 5516 @16.787s 7%: 0.12+1.0+0.098 ms clock, 1.5+0.70/0.84/0+1.1 ms cpu, 3->4->2 MB, 4 MB goal, 0 MB stacks, 0 MB globals, 12 P
gc 5517 @16.789s 7%: 0.092+0.61+0.13 ms clock, 1.1+0.60/0.88/0.071+1.6 ms cpu, 3->4->1 MB, 4 MB goal, 0 MB stacks, 0 MB globals, 12 P
gc 5518 @16.792s 7%: 0.15+0.50+0.10 ms clock, 1.8+0.72/0.84/0+1.2 ms cpu, 3->3->1 MB, 4 MB goal, 0 MB stacks, 0 MB globals, 12 P
gc 5519 @16.794s 7%: 0.11+0.91+0.088 ms clock, 1.3+0.80/0.89/0+1.0 ms cpu, 3->3->1 MB, 4 MB goal, 0 MB stacks, 0 MB globals, 12 P
gc 5520 @16.796s 7%: 0.095+0.89+0.097 ms clock, 1.1+0.73/0.91/0+1.1 ms cpu, 3->4->1 MB, 4 MB goal, 0 MB stacks, 0 MB globals, 12 P
gc 5521 @16.798s 7%: 0.17+0.52+0.087 ms clock, 2.0+0.69/0.85/0+1.0 ms cpu, 3->4->1 MB, 4 MB goal, 0 MB stacks, 0 MB globals, 12 P
gc 5522 @16.800s 7%: 0.10+1.2+0.076 ms clock, 1.2+0.88/0.88/0+0.92 ms cpu, 3->4->2 MB, 4 MB goal, 0 MB stacks, 0 MB globals, 12 P
gc 5523 @16.803s 7%: 0.12+0.53+0.083 ms clock, 1.5+0.75/0.82/0+1.0 ms cpu, 3->4->1 MB, 4 MB goal, 0 MB stacks, 0 MB globals, 12 P
gc 5524 @16.805s 7%: 0.12+1.1+0.12 ms clock, 1.5+0.79/0.88/0+1.5 ms cpu, 3->4->2 MB, 4 MB goal, 0 MB stacks, 0 MB globals, 12 P
gc 5525 @16.808s 7%: 0.12+0.62+0.095 ms clock, 1.5+1.2/0.89/0.029+1.1 ms cpu, 3->4->1 MB, 4 MB goal, 0 MB stacks, 0 MB globals, 12 P
gc 5526 @16.810s 7%: 0.11+1.1+0.041 ms clock, 1.3+0.92/0.91/0+0.49 ms cpu, 3->4->2 MB, 4 MB goal, 0 MB stacks, 0 MB globals, 12 P
gc 5527 @16.813s 7%: 0.095+0.96+0.077 ms clock, 1.1+0.72/0.94/0+0.93 ms cpu, 3->4->1 MB, 4 MB goal, 0 MB stacks, 0 MB globals, 12 P
gc 5528 @16.816s 7%: 0.10+1.0+0.12 ms clock, 1.2+0.73/0.83/0+1.4 ms cpu, 3->4->2 MB, 4 MB goal, 0 MB stacks, 0 MB globals, 12 P
gc 5529 @16.819s 7%: 0.10+0.70+0.066 ms clock, 1.2+0.76/1.0/0+0.80 ms cpu, 3->4->1 MB, 4 MB goal, 0 MB stacks, 0 MB globals, 12 P
gc 5530 @16.821s 7%: 0.10+0.52+0.087 ms clock, 1.2+0.62/0.93/0+1.0 ms cpu, 3->3->1 MB, 4 MB goal, 0 MB stacks, 0 MB globals, 12 P
gc 5531 @16.823s 7%: 0.10+0.88+0.067 ms clock, 1.3+0.83/0.80/0+0.81 ms cpu, 3->4->1 MB, 4 MB goal, 0 MB stacks, 0 MB globals, 12 P
gc 5532 @16.825s 7%: 0.092+0.61+0.054 ms clock, 1.1+0.60/0.83/0+0.64 ms cpu, 3->4->1 MB, 4 MB goal, 0 MB stacks, 0 MB globals, 12 P
gc 5533 @16.827s 7%: 0.098+0.77+0.072 ms clock, 1.1+0.76/0.87/0+0.86 ms cpu, 3->3->1 MB, 4 MB goal, 0 MB stacks, 0 MB globals, 12 P
gc 5534 @16.830s 7%: 0.10+0.89+0.10 ms clock, 1.2+0.71/0.98/0+1.2 ms cpu, 3->4->1 MB, 4 MB goal, 0 MB stacks, 0 MB globals, 12 P
gc 5535 @16.832s 7%: 0.12+0.86+0.083 ms clock, 1.5+0.74/0.91/0+1.0 ms cpu, 3->4->1 MB, 4 MB goal, 0 MB stacks, 0 MB globals, 12 P
gc 5536 @16.834s 7%: 0.10+0.87+0.084 ms clock, 1.2+0.90/0.80/0+1.0 ms cpu, 3->4->2 MB, 4 MB goal, 0 MB stacks, 0 MB globals, 12 P
gc 5537 @16.837s 7%: 0.11+0.45+0.090 ms clock, 1.4+0.78/0.84/0+1.0 ms cpu, 3->4->1 MB, 4 MB goal, 0 MB stacks, 0 MB globals, 12 P
gc 5538 @16.839s 7%: 0.16+1.5+0.047 ms clock, 1.9+0.69/0.84/0+0.57 ms cpu, 3->4->2 MB, 4 MB goal, 0 MB stacks, 0 MB globals, 12 P
gc 5539 @16.843s 7%: 0.085+0.51+0.062 ms clock, 1.0+0.95/0.91/0+0.75 ms cpu, 4->4->1 MB, 5 MB goal, 0 MB stacks, 0 MB globals, 12 P
gc 5540 @16.845s 7%: 0.12+0.52+0.058 ms clock, 1.5+0.72/0.94/0+0.70 ms cpu, 3->3->1 MB, 4 MB goal, 0 MB stacks, 0 MB globals, 12 P
gc 5541 @16.847s 7%: 0.80+0.30+0.067 ms clock, 9.6+0.70/1.5/0+0.80 ms cpu, 3->3->2 MB, 4 MB goal, 0 MB stacks, 0 MB globals, 12 P
gc 5542 @16.849s 7%: 0.094+1.1+0.067 ms clock, 1.1+1.3/0.88/0+0.80 ms cpu, 3->4->2 MB, 4 MB goal, 0 MB stacks, 0 MB globals, 12 P
gc 5543 @16.852s 7%: 0.080+0.92+0.086 ms clock, 0.96+0.79/0.84/0+1.0 ms cpu, 3->4->1 MB, 4 MB goal, 0 MB stacks, 0 MB globals, 12 P
gc 5544 @16.855s 7%: 0.088+0.49+0.098 ms clock, 1.0+0.76/0.87/0+1.1 ms cpu, 3->4->1 MB, 4 MB goal, 0 MB stacks, 0 MB globals, 12 P
gc 5545 @16.857s 7%: 0.096+0.75+0.10 ms clock, 1.1+0.68/0.96/0+1.2 ms cpu, 3->4->1 MB, 4 MB goal, 0 MB stacks, 0 MB globals, 12 P
gc 5546 @16.859s 7%: 0.086+0.61+0.089 ms clock, 1.0+0.73/0.84/0+1.0 ms cpu, 3->4->1 MB, 4 MB goal, 0 MB stacks, 0 MB globals, 12 P
gc 5547 @16.861s 7%: 0.17+0.43+0.080 ms clock, 2.0+0.66/0.83/0+0.96 ms cpu, 3->3->1 MB, 4 MB goal, 0 MB stacks, 0 MB globals, 12 P
gc 5548 @16.863s 7%: 0.088+0.68+0.084 ms clock, 1.0+0.66/0.84/0+1.0 ms cpu, 3->3->1 MB, 4 MB goal, 0 MB stacks, 0 MB globals, 12 P
gc 5549 @16.865s 7%: 0.11+0.50+0.072 ms clock, 1.3+0.75/0.88/0+0.86 ms cpu, 3->3->1 MB, 4 MB goal, 0 MB stacks, 0 MB globals, 12 P
gc 5550 @16.867s 7%: 0.10+0.68+0.11 ms clock, 1.2+0.74/0.85/0+1.3 ms cpu, 3->3->1 MB, 4 MB goal, 0 MB stacks, 0 MB globals, 12 P
gc 5551 @16.869s 7%: 0.12+0.44+0.077 ms clock, 1.5+0.92/0.76/0+0.93 ms cpu, 3->3->1 MB, 4 MB goal, 0 MB stacks, 0 MB globals, 12 P
gc 5552 @16.871s 7%: 0.10+0.75+0.045 ms clock, 1.2+0.79/0.70/0+0.55 ms cpu, 3->3->1 MB, 4 MB goal, 0 MB stacks, 0 MB globals, 12 P
gc 5553 @16.874s 7%: 0.10+1.3+0.025 ms clock, 1.2+0.60/0.83/0+0.30 ms cpu, 3->4->2 MB, 4 MB goal, 0 MB stacks, 0 MB globals, 12 P
gc 5554 @16.877s 7%: 0.10+0.50+0.12 ms clock, 1.2+0.76/0.89/0+1.4 ms cpu, 4->4->1 MB, 4 MB goal, 0 MB stacks, 0 MB globals, 12 P
gc 5555 @16.879s 7%: 0.10+0.68+0.12 ms clock, 1.2+0.71/1.0/0+1.4 ms cpu, 3->3->1 MB, 4 MB goal, 0 MB stacks, 0 MB globals, 12 P
gc 5556 @16.881s 7%: 0.11+0.87+0.12 ms clock, 1.3+0.78/0.81/0+1.4 ms cpu, 3->4->1 MB, 4 MB goal, 0 MB stacks, 0 MB globals, 12 P
gc 5557 @16.884s 7%: 0.074+0.62+0.093 ms clock, 0.88+0.67/0.90/0+1.1 ms cpu, 3->4->1 MB, 4 MB goal, 0 MB stacks, 0 MB globals, 12 P
gc 5558 @16.886s 7%: 0.079+1.0+0.094 ms clock, 0.95+0.94/0.69/0+1.1 ms cpu, 3->4->2 MB, 4 MB goal, 0 MB stacks, 0 MB globals, 12 P
gc 5559 @16.889s 7%: 0.11+0.89+0.089 ms clock, 1.4+0.59/0.89/0+1.0 ms cpu, 3->4->1 MB, 4 MB goal, 0 MB stacks, 0 MB globals, 12 P
gc 5560 @16.891s 7%: 0.098+0.56+0.085 ms clock, 1.1+0.71/0.88/0+1.0 ms cpu, 3->4->1 MB, 4 MB goal, 0 MB stacks, 0 MB globals, 12 P
gc 5561 @16.893s 7%: 0.15+0.97+0.095 ms clock, 1.8+0.49/1.0/0+1.1 ms cpu, 3->4->2 MB, 4 MB goal, 0 MB stacks, 0 MB globals, 12 P
gc 5562 @16.895s 7%: 0.13+0.61+0.14 ms clock, 1.6+0.71/0.80/0+1.6 ms cpu, 3->4->1 MB, 4 MB goal, 0 MB stacks, 0 MB globals, 12 P
gc 5563 @16.897s 7%: 0.13+0.55+0.16 ms clock, 1.6+0.75/0.79/0+1.9 ms cpu, 3->3->1 MB, 4 MB goal, 0 MB stacks, 0 MB globals, 12 P
gc 5564 @16.899s 7%: 0.14+0.60+0.15 ms clock, 1.7+0.78/0.98/0+1.8 ms cpu, 3->3->1 MB, 4 MB goal, 0 MB stacks, 0 MB globals, 12 P
gc 5565 @16.901s 7%: 0.11+0.65+0.095 ms clock, 1.4+0.74/0.94/0+1.1 ms cpu, 3->3->1 MB, 4 MB goal, 0 MB stacks, 0 MB globals, 12 P
gc 5566 @16.903s 7%: 0.17+0.79+0.082 ms clock, 2.1+0.69/0.80/0+0.98 ms cpu, 3->3->1 MB, 4 MB goal, 0 MB stacks, 0 MB globals, 12 P
gc 5567 @16.906s 7%: 0.071+0.52+0.066 ms clock, 0.85+0.77/0.83/0+0.79 ms cpu, 3->3->1 MB, 4 MB goal, 0 MB stacks, 0 MB globals, 12 P
gc 5568 @16.908s 7%: 0.12+0.98+0.12 ms clock, 1.5+0.75/0.83/0+1.5 ms cpu, 3->4->2 MB, 4 MB goal, 0 MB stacks, 0 MB globals, 12 P
gc 5569 @16.910s 7%: 0.12+0.45+0.064 ms clock, 1.5+0.73/0.81/0+0.77 ms cpu, 3->4->1 MB, 4 MB goal, 0 MB stacks, 0 MB globals, 12 P
gc 5570 @16.912s 7%: 0.15+0.76+0.076 ms clock, 1.8+0.74/0.84/0+0.91 ms cpu, 3->3->1 MB, 4 MB goal, 0 MB stacks, 0 MB globals, 12 P
gc 5571 @16.915s 7%: 0.086+0.88+0.067 ms clock, 1.0+0.60/0.87/0+0.80 ms cpu, 3->4->1 MB, 4 MB goal, 0 MB stacks, 0 MB globals, 12 P
gc 5572 @16.917s 7%: 0.064+1.0+0.095 ms clock, 0.77+0.69/0.79/0+1.1 ms cpu, 3->4->2 MB, 4 MB goal, 0 MB stacks, 0 MB globals, 12 P
gc 5573 @16.920s 7%: 0.10+0.73+0.081 ms clock, 1.2+0.49/1.0/0+0.97 ms cpu, 3->4->1 MB, 4 MB goal, 0 MB stacks, 0 MB globals, 12 P
gc 5574 @16.922s 7%: 0.075+0.41+0.066 ms clock, 0.90+0.88/0.72/0+0.79 ms cpu, 3->3->1 MB, 4 MB goal, 0 MB stacks, 0 MB globals, 12 P
gc 5575 @16.924s 7%: 0.089+0.53+0.13 ms clock, 1.0+0.92/0.77/0+1.6 ms cpu, 3->3->1 MB, 4 MB goal, 0 MB stacks, 0 MB globals, 12 P
gc 5576 @16.926s 7%: 0.093+1.1+0.098 ms clock, 1.1+0.73/0.87/0+1.1 ms cpu, 3->4->2 MB, 4 MB goal, 0 MB stacks, 0 MB globals, 12 P
gc 5577 @16.929s 7%: 0.078+1.0+0.11 ms clock, 0.94+0.82/1.1/0+1.4 ms cpu, 3->4->2 MB, 4 MB goal, 0 MB stacks, 0 MB globals, 12 P
gc 5578 @16.931s 7%: 0.13+0.79+0.029 ms clock, 1.6+0.80/0.99/0+0.35 ms cpu, 3->4->1 MB, 4 MB goal, 0 MB stacks, 0 MB globals, 12 P
gc 5579 @16.934s 7%: 0.075+0.99+0.014 ms clock, 0.90+0.66/0.91/0+0.16 ms cpu, 3->4->1 MB, 4 MB goal, 0 MB stacks, 0 MB globals, 12 P
gc 5580 @16.936s 7%: 0.10+0.53+0.091 ms clock, 1.2+0.69/0.80/0+1.0 ms cpu, 3->3->1 MB, 4 MB goal, 0 MB stacks, 0 MB globals, 12 P
gc 5581 @16.938s 7%: 0.13+0.63+0.059 ms clock, 1.5+0.60/0.87/0+0.71 ms cpu, 3->3->1 MB, 4 MB goal, 0 MB stacks, 0 MB globals, 12 P
gc 5582 @16.940s 7%: 0.084+0.84+0.077 ms clock, 1.0+0.64/0.88/0+0.92 ms cpu, 3->4->1 MB, 4 MB goal, 0 MB stacks, 0 MB globals, 12 P
gc 5583 @16.942s 7%: 0.14+0.56+0.084 ms clock, 1.6+0.77/0.81/0+1.0 ms cpu, 3->4->1 MB, 4 MB goal, 0 MB stacks, 0 MB globals, 12 P
gc 5584 @16.945s 7%: 0.14+0.60+0.10 ms clock, 1.7+0.76/0.94/0+1.2 ms cpu, 3->3->1 MB, 4 MB goal, 0 MB stacks, 0 MB globals, 12 P
gc 5585 @16.947s 7%: 0.11+0.53+0.059 ms clock, 1.4+0.71/0.84/0+0.71 ms cpu, 3->3->1 MB, 4 MB goal, 0 MB stacks, 0 MB globals, 12 P
gc 5586 @16.948s 7%: 0.10+0.65+0.10 ms clock, 1.2+0.64/0.99/0+1.2 ms cpu, 3->3->1 MB, 4 MB goal, 0 MB stacks, 0 MB globals, 12 P
gc 5587 @16.950s 7%: 0.087+0.51+0.096 ms clock, 1.0+0.78/0.88/0+1.1 ms cpu, 3->3->1 MB, 4 MB goal, 0 MB stacks, 0 MB globals, 12 P
gc 5588 @16.953s 7%: 0.16+0.67+0.12 ms clock, 1.9+0.81/0.85/0+1.4 ms cpu, 3->3->1 MB, 4 MB goal, 0 MB stacks, 0 MB globals, 12 P
gc 5589 @16.955s 7%: 0.11+0.80+0.085 ms clock, 1.3+0.77/0.79/0+1.0 ms cpu, 3->4->1 MB, 4 MB goal, 0 MB stacks, 0 MB globals, 12 P
gc 5590 @16.957s 7%: 0.10+0.61+0.092 ms clock, 1.2+0.69/0.86/0+1.1 ms cpu, 3->4->1 MB, 4 MB goal, 0 MB stacks, 0 MB globals, 12 P
gc 5591 @16.959s 7%: 0.10+1.3+0.067 ms clock, 1.2+0.74/0.85/0+0.80 ms cpu, 3->4->2 MB, 4 MB goal, 0 MB stacks, 0 MB globals, 12 P
gc 5592 @16.962s 7%: 0.12+0.41+0.068 ms clock, 1.5+0.91/0.78/0+0.81 ms cpu, 4->4->1 MB, 4 MB goal, 0 MB stacks, 0 MB globals, 12 P
gc 5593 @16.964s 8%: 0.098+0.41+0.070 ms clock, 1.1+0.90/0.77/0+0.84 ms cpu, 3->3->1 MB, 4 MB goal, 0 MB stacks, 0 MB globals, 12 P
gc 5594 @16.966s 8%: 0.13+1.1+0.080 ms clock, 1.5+0.88/0.85/0+0.96 ms cpu, 3->3->1 MB, 4 MB goal, 0 MB stacks, 0 MB globals, 12 P
gc 5595 @16.968s 8%: 0.091+0.41+0.068 ms clock, 1.1+0.79/0.82/0+0.81 ms cpu, 3->3->1 MB, 4 MB goal, 0 MB stacks, 0 MB globals, 12 P
gc 5596 @16.970s 8%: 0.085+1.0+0.094 ms clock, 1.0+0.98/1.1/0.010+1.1 ms cpu, 3->4->2 MB, 4 MB goal, 0 MB stacks, 0 MB globals, 12 P
gc 5597 @16.973s 8%: 0.10+0.56+0.053 ms clock, 1.2+0.98/0.71/0+0.64 ms cpu, 3->4->1 MB, 4 MB goal, 0 MB stacks, 0 MB globals, 12 P
gc 5598 @16.975s 8%: 0.10+0.73+0.078 ms clock, 1.2+0.75/0.69/0.079+0.94 ms cpu, 3->3->1 MB, 4 MB goal, 0 MB stacks, 0 MB globals, 12 P
gc 5599 @16.977s 8%: 0.16+0.62+0.085 ms clock, 1.9+0.80/0.78/0+1.0 ms cpu, 3->3->1 MB, 4 MB goal, 0 MB stacks, 0 MB globals, 12 P
gc 5600 @16.979s 8%: 0.11+0.90+0.067 ms clock, 1.3+0.63/0.87/0+0.80 ms cpu, 3->3->2 MB, 4 MB goal, 0 MB stacks, 0 MB globals, 12 P
gc 5601 @16.982s 8%: 0.097+1.0+0.095 ms clock, 1.1+0.76/0.86/0+1.1 ms cpu, 3->4->2 MB, 4 MB goal, 0 MB stacks, 0 MB globals, 12 P
gc 5602 @16.985s 8%: 0.10+0.68+0.11 ms clock, 1.2+0.83/0.94/0+1.3 ms cpu, 3->4->1 MB, 4 MB goal, 0 MB stacks, 0 MB globals, 12 P
gc 5603 @16.987s 8%: 0.12+0.73+0.075 ms clock, 1.4+0.62/0.92/0+0.91 ms cpu, 3->4->1 MB, 4 MB goal, 0 MB stacks, 0 MB globals, 12 P
gc 5604 @16.989s 8%: 0.12+1.2+0.10 ms clock, 1.5+0.61/0.90/0+1.2 ms cpu, 3->4->2 MB, 4 MB goal, 0 MB stacks, 0 MB globals, 12 P
gc 5605 @16.993s 8%: 0.15+0.75+0.087 ms clock, 1.8+0.78/0.79/0+1.0 ms cpu, 4->4->1 MB, 4 MB goal, 0 MB stacks, 0 MB globals, 12 P
gc 5606 @16.995s 8%: 0.10+0.85+0.058 ms clock, 1.3+0.78/0.91/0.005+0.70 ms cpu, 3->4->2 MB, 4 MB goal, 0 MB stacks, 0 MB globals, 12 P
gc 5607 @16.997s 8%: 0.077+0.69+0.055 ms clock, 0.93+0.71/0.87/0+0.66 ms cpu, 3->4->1 MB, 4 MB goal, 0 MB stacks, 0 MB globals, 12 P
gc 5608 @16.999s 8%: 0.11+0.62+0.071 ms clock, 1.4+0.95/0.70/0+0.86 ms cpu, 3->3->1 MB, 4 MB goal, 0 MB stacks, 0 MB globals, 12 P
gc 5609 @17.001s 8%: 0.093+0.53+0.079 ms clock, 1.1+0.79/0.84/0+0.94 ms cpu, 3->3->1 MB, 4 MB goal, 0 MB stacks, 0 MB globals, 12 P
gc 5610 @17.003s 8%: 0.093+1.0+0.032 ms clock, 1.1+0.81/0.79/0+0.39 ms cpu, 3->4->2 MB, 4 MB goal, 0 MB stacks, 0 MB globals, 12 P
gc 5611 @17.006s 8%: 0.12+0.99+0.087 ms clock, 1.4+0.75/0.99/0+1.0 ms cpu, 3->4->2 MB, 4 MB goal, 0 MB stacks, 0 MB globals, 12 P
gc 5612 @17.009s 8%: 0.12+0.65+0.11 ms clock, 1.4+0.78/0.93/0+1.3 ms cpu, 3->4->1 MB, 4 MB goal, 0 MB stacks, 0 MB globals, 12 P
gc 5613 @17.011s 8%: 0.10+1.0+0.072 ms clock, 1.3+0.62/0.91/0+0.87 ms cpu, 3->4->2 MB, 4 MB goal, 0 MB stacks, 0 MB globals, 12 P
gc 5614 @17.014s 8%: 0.10+0.95+0.11 ms clock, 1.2+0.71/0.99/0+1.3 ms cpu, 3->4->2 MB, 4 MB goal, 0 MB stacks, 0 MB globals, 12 P
gc 5615 @17.016s 8%: 0.085+0.52+0.070 ms clock, 1.0+0.82/0.84/0+0.84 ms cpu, 3->4->1 MB, 4 MB goal, 0 MB stacks, 0 MB globals, 12 P
gc 5616 @17.018s 8%: 0.10+0.66+0.10 ms clock, 1.3+0.81/0.89/0+1.2 ms cpu, 3->3->1 MB, 4 MB goal, 0 MB stacks, 0 MB globals, 12 P
gc 5617 @17.021s 8%: 0.091+0.59+0.074 ms clock, 1.0+0.79/0.76/0+0.89 ms cpu, 3->3->1 MB, 4 MB goal, 0 MB stacks, 0 MB globals, 12 P
gc 5618 @17.023s 8%: 0.098+0.92+0.065 ms clock, 1.1+0.87/0.76/0+0.79 ms cpu, 3->3->1 MB, 4 MB goal, 0 MB stacks, 0 MB globals, 12 P
gc 5619 @17.025s 8%: 0.062+0.91+0.096 ms clock, 0.74+0.81/0.85/0+1.1 ms cpu, 3->4->1 MB, 4 MB goal, 0 MB stacks, 0 MB globals, 12 P
gc 5620 @17.028s 8%: 0.096+0.67+0.10 ms clock, 1.1+0.78/0.97/0+1.2 ms cpu, 3->4->1 MB, 4 MB goal, 0 MB stacks, 0 MB globals, 12 P
gc 5621 @17.030s 8%: 0.085+1.0+0.086 ms clock, 1.0+0.64/0.96/0+1.0 ms cpu, 3->4->2 MB, 4 MB goal, 0 MB stacks, 0 MB globals, 12 P
gc 5622 @17.033s 8%: 0.11+0.52+0.067 ms clock, 1.3+0.80/0.86/0+0.81 ms cpu, 3->4->1 MB, 4 MB goal, 0 MB stacks, 0 MB globals, 12 P
gc 5623 @17.035s 8%: 0.083+0.48+0.11 ms clock, 1.0+0.85/0.81/0+1.3 ms cpu, 3->3->1 MB, 4 MB goal, 0 MB stacks, 0 MB globals, 12 P
gc 5624 @17.037s 8%: 0.080+0.67+0.10 ms clock, 0.96+0.78/0.98/0+1.2 ms cpu, 3->3->1 MB, 4 MB goal, 0 MB stacks, 0 MB globals, 12 P
gc 5625 @17.039s 8%: 0.094+0.51+0.079 ms clock, 1.1+0.65/0.86/0+0.94 ms cpu, 3->3->1 MB, 4 MB goal, 0 MB stacks, 0 MB globals, 12 P
gc 5626 @17.041s 8%: 0.072+0.83+0.061 ms clock, 0.87+0.67/0.90/0+0.73 ms cpu, 3->3->1 MB, 4 MB goal, 0 MB stacks, 0 MB globals, 12 P
gc 5627 @17.043s 8%: 0.089+1.1+0.12 ms clock, 1.0+0.74/0.73/0+1.5 ms cpu, 3->4->2 MB, 4 MB goal, 0 MB stacks, 0 MB globals, 12 P
gc 5628 @17.046s 8%: 0.089+0.76+0.074 ms clock, 1.0+0.74/0.97/0+0.89 ms cpu, 3->4->1 MB, 4 MB goal, 0 MB stacks, 0 MB globals, 12 P
gc 5629 @17.048s 8%: 0.083+0.72+0.062 ms clock, 1.0+0.70/1.0/0.004+0.74 ms cpu, 3->3->1 MB, 4 MB goal, 0 MB stacks, 0 MB globals, 12 P
gc 5630 @17.050s 8%: 0.10+1.1+0.066 ms clock, 1.3+0.74/0.87/0+0.79 ms cpu, 3->4->2 MB, 4 MB goal, 0 MB stacks, 0 MB globals, 12 P
gc 5631 @17.053s 8%: 0.21+0.50+0.11 ms clock, 2.5+0.70/0.90/0+1.3 ms cpu, 3->4->1 MB, 4 MB goal, 0 MB stacks, 0 MB globals, 12 P
gc 5632 @17.055s 8%: 0.11+0.46+0.088 ms clock, 1.3+0.89/0.73/0+1.0 ms cpu, 3->3->1 MB, 4 MB goal, 0 MB stacks, 0 MB globals, 12 P
gc 5633 @17.057s 8%: 0.11+0.87+0.11 ms clock, 1.3+0.86/0.87/0+1.4 ms cpu, 3->3->2 MB, 4 MB goal, 0 MB stacks, 0 MB globals, 12 P
gc 5634 @17.060s 8%: 0.069+0.85+0.095 ms clock, 0.83+0.78/0.86/0+1.1 ms cpu, 3->4->1 MB, 4 MB goal, 0 MB stacks, 0 MB globals, 12 P
gc 5635 @17.062s 8%: 0.086+0.83+0.10 ms clock, 1.0+0.63/0.84/0+1.2 ms cpu, 3->4->1 MB, 4 MB goal, 0 MB stacks, 0 MB globals, 12 P
gc 5636 @17.065s 8%: 0.13+0.71+0.10 ms clock, 1.6+0.65/0.87/0+1.2 ms cpu, 3->4->1 MB, 4 MB goal, 0 MB stacks, 0 MB globals, 12 P
gc 5637 @17.067s 8%: 0.11+0.86+0.082 ms clock, 1.3+0.81/0.90/0+0.98 ms cpu, 3->4->2 MB, 4 MB goal, 0 MB stacks, 0 MB globals, 12 P
gc 5638 @17.069s 8%: 0.078+0.80+0.11 ms clock, 0.94+0.63/0.93/0.056+1.4 ms cpu, 3->4->1 MB, 4 MB goal, 0 MB stacks, 0 MB globals, 12 P
gc 5639 @17.072s 8%: 0.078+0.86+0.052 ms clock, 0.94+0.69/0.95/0+0.63 ms cpu, 3->4->1 MB, 4 MB goal, 0 MB stacks, 0 MB globals, 12 P
gc 5640 @17.074s 8%: 0.11+0.70+0.083 ms clock, 1.3+0.93/0.87/0+1.0 ms cpu, 3->4->1 MB, 4 MB goal, 0 MB stacks, 0 MB globals, 12 P
gc 5641 @17.076s 8%: 0.11+1.2+0.082 ms clock, 1.3+0.66/0.84/0+0.99 ms cpu, 3->4->2 MB, 4 MB goal, 0 MB stacks, 0 MB globals, 12 P
gc 5642 @17.079s 8%: 0.10+0.60+0.097 ms clock, 1.2+0.76/0.81/0+1.1 ms cpu, 3->4->1 MB, 4 MB goal, 0 MB stacks, 0 MB globals, 12 P
gc 5643 @17.081s 8%: 0.16+1.0+0.093 ms clock, 1.9+0.80/0.87/0+1.1 ms cpu, 3->4->2 MB, 4 MB goal, 0 MB stacks, 0 MB globals, 12 P
gc 5644 @17.084s 8%: 0.099+0.91+0.10 ms clock, 1.1+1.0/0.90/0+1.3 ms cpu, 3->4->1 MB, 4 MB goal, 0 MB stacks, 0 MB globals, 12 P
gc 5645 @17.086s 8%: 0.068+0.59+0.084 ms clock, 0.81+0.86/0.94/0.006+1.0 ms cpu, 3->4->1 MB, 4 MB goal, 0 MB stacks, 0 MB globals, 12 P
gc 5646 @17.088s 8%: 0.12+0.62+0.10 ms clock, 1.4+0.58/0.98/0+1.2 ms cpu, 3->3->1 MB, 4 MB goal, 0 MB stacks, 0 MB globals, 12 P
gc 5647 @17.090s 8%: 0.18+1.2+0.082 ms clock, 2.2+0.64/0.94/0+0.98 ms cpu, 3->4->2 MB, 4 MB goal, 0 MB stacks, 0 MB globals, 12 P
gc 5648 @17.094s 8%: 0.077+0.69+0.091 ms clock, 0.93+0.66/0.93/0+1.0 ms cpu, 4->4->1 MB, 5 MB goal, 0 MB stacks, 0 MB globals, 12 P
gc 5649 @17.096s 8%: 0.091+0.97+0.10 ms clock, 1.1+0.79/0.88/0+1.2 ms cpu, 3->4->1 MB, 4 MB goal, 0 MB stacks, 0 MB globals, 12 P
gc 5650 @17.099s 8%: 0.064+0.58+0.073 ms clock, 0.76+0.84/0.81/0+0.87 ms cpu, 3->3->1 MB, 4 MB goal, 0 MB stacks, 0 MB globals, 12 P
gc 5651 @17.100s 8%: 0.11+0.80+0.089 ms clock, 1.3+0.76/0.98/0+1.0 ms cpu, 3->3->1 MB, 4 MB goal, 0 MB stacks, 0 MB globals, 12 P
gc 5652 @17.103s 8%: 0.11+0.62+0.066 ms clock, 1.3+0.76/0.88/0+0.80 ms cpu, 3->3->1 MB, 4 MB goal, 0 MB stacks, 0 MB globals, 12 P
gc 5653 @17.105s 8%: 0.083+1.0+0.059 ms clock, 1.0+0.69/0.81/0+0.71 ms cpu, 3->4->2 MB, 4 MB goal, 0 MB stacks, 0 MB globals, 12 P
gc 5654 @17.108s 8%: 0.14+1.0+0.086 ms clock, 1.7+0.63/0.92/0+1.0 ms cpu, 3->4->2 MB, 4 MB goal, 0 MB stacks, 0 MB globals, 12 P
gc 5655 @17.110s 8%: 0.12+0.43+0.091 ms clock, 1.4+0.82/0.78/0+1.0 ms cpu, 3->4->1 MB, 4 MB goal, 0 MB stacks, 0 MB globals, 12 P
gc 5656 @17.112s 8%: 0.11+0.79+0.090 ms clock, 1.3+0.75/0.89/0+1.0 ms cpu, 3->3->1 MB, 4 MB goal, 0 MB stacks, 0 MB globals, 12 P
gc 5657 @17.115s 8%: 0.087+1.0+0.038 ms clock, 1.0+1.3/0.91/0+0.46 ms cpu, 3->4->1 MB, 4 MB goal, 0 MB stacks, 0 MB globals, 12 P
gc 5658 @17.117s 8%: 0.087+0.75+0.068 ms clock, 1.0+0.65/0.84/0+0.82 ms cpu, 3->4->1 MB, 4 MB goal, 0 MB stacks, 0 MB globals, 12 P
gc 5659 @17.120s 8%: 0.11+0.67+0.063 ms clock, 1.4+0.80/0.90/0+0.75 ms cpu, 3->4->1 MB, 4 MB goal, 0 MB stacks, 0 MB globals, 12 P
gc 5660 @17.122s 8%: 0.086+0.48+0.12 ms clock, 1.0+0.88/0.82/0+1.5 ms cpu, 3->3->1 MB, 4 MB goal, 0 MB stacks, 0 MB globals, 12 P
gc 5661 @17.124s 8%: 0.11+0.72+0.11 ms clock, 1.3+0.77/0.87/0+1.3 ms cpu, 3->3->1 MB, 4 MB goal, 0 MB stacks, 0 MB globals, 12 P
gc 5662 @17.126s 8%: 0.095+0.92+0.030 ms clock, 1.1+0.63/0.90/0+0.36 ms cpu, 3->4->1 MB, 4 MB goal, 0 MB stacks, 0 MB globals, 12 P
gc 5663 @17.129s 8%: 0.079+0.89+0.059 ms clock, 0.95+0.76/0.69/0+0.71 ms cpu, 3->4->1 MB, 4 MB goal, 0 MB stacks, 0 MB globals, 12 P
gc 5664 @17.131s 8%: 0.10+0.63+0.078 ms clock, 1.2+0.81/0.77/0+0.94 ms cpu, 3->3->1 MB, 4 MB goal, 0 MB stacks, 0 MB globals, 12 P
gc 5665 @17.133s 8%: 0.072+0.45+0.079 ms clock, 0.86+0.72/0.80/0+0.94 ms cpu, 3->3->1 MB, 4 MB goal, 0 MB stacks, 0 MB globals, 12 P
gc 5666 @17.135s 8%: 0.078+0.63+0.035 ms clock, 0.93+0.88/0.73/0+0.42 ms cpu, 3->3->1 MB, 4 MB goal, 0 MB stacks, 0 MB globals, 12 P
gc 5667 @17.137s 8%: 0.11+0.79+0.081 ms clock, 1.3+0.57/0.87/0+0.97 ms cpu, 3->3->1 MB, 4 MB goal, 0 MB stacks, 0 MB globals, 12 P
gc 5668 @17.139s 8%: 0.12+0.79+0.060 ms clock, 1.5+0.73/0.85/0+0.72 ms cpu, 3->4->1 MB, 4 MB goal, 0 MB stacks, 0 MB globals, 12 P
gc 5669 @17.142s 8%: 0.11+0.72+0.080 ms clock, 1.4+0.76/0.87/0+0.96 ms cpu, 3->4->1 MB, 4 MB goal, 0 MB stacks, 0 MB globals, 12 P
gc 5670 @17.144s 8%: 0.082+0.82+0.063 ms clock, 0.99+0.60/0.94/0+0.75 ms cpu, 3->4->2 MB, 4 MB goal, 0 MB stacks, 0 MB globals, 12 P
gc 5671 @17.147s 8%: 0.10+0.56+0.074 ms clock, 1.2+0.76/0.85/0+0.89 ms cpu, 3->4->1 MB, 4 MB goal, 0 MB stacks, 0 MB globals, 12 P
gc 5672 @17.149s 8%: 0.080+0.51+0.13 ms clock, 0.97+0.80/0.84/0+1.5 ms cpu, 3->3->1 MB, 4 MB goal, 0 MB stacks, 0 MB globals, 12 P
gc 5673 @17.151s 8%: 0.14+0.67+0.099 ms clock, 1.6+0.84/0.71/0+1.1 ms cpu, 3->3->1 MB, 4 MB goal, 0 MB stacks, 0 MB globals, 12 P
gc 5674 @17.153s 8%: 0.10+0.87+0.065 ms clock, 1.2+0.56/0.80/0+0.79 ms cpu, 3->4->1 MB, 4 MB goal, 0 MB stacks, 0 MB globals, 12 P
gc 5675 @17.155s 8%: 0.074+0.48+0.12 ms clock, 0.89+0.81/0.82/0+1.4 ms cpu, 3->4->1 MB, 4 MB goal, 0 MB stacks, 0 MB globals, 12 P
gc 5676 @17.157s 8%: 0.082+0.79+0.20 ms clock, 0.98+0.66/0.93/0+2.5 ms cpu, 3->3->1 MB, 4 MB goal, 0 MB stacks, 0 MB globals, 12 P
gc 5677 @17.160s 8%: 0.10+0.49+0.077 ms clock, 1.2+0.68/0.93/0+0.93 ms cpu, 3->4->1 MB, 4 MB goal, 0 MB stacks, 0 MB globals, 12 P
gc 5678 @17.162s 8%: 0.11+0.52+0.091 ms clock, 1.4+0.79/0.80/0+1.0 ms cpu, 3->3->1 MB, 4 MB goal, 0 MB stacks, 0 MB globals, 12 P
gc 5679 @17.164s 8%: 0.10+0.94+0.035 ms clock, 1.3+0.70/0.87/0+0.42 ms cpu, 3->4->2 MB, 4 MB goal, 0 MB stacks, 0 MB globals, 12 P
gc 5680 @17.166s 8%: 0.10+0.61+0.12 ms clock, 1.3+0.81/0.88/0+1.5 ms cpu, 3->4->1 MB, 4 MB goal, 0 MB stacks, 0 MB globals, 12 P
gc 5681 @17.169s 8%: 0.12+0.50+0.085 ms clock, 1.4+0.71/0.75/0+1.0 ms cpu, 3->3->1 MB, 4 MB goal, 0 MB stacks, 0 MB globals, 12 P
gc 5682 @17.170s 8%: 0.10+0.51+0.054 ms clock, 1.2+0.74/0.85/0+0.65 ms cpu, 3->3->1 MB, 4 MB goal, 0 MB stacks, 0 MB globals, 12 P
gc 5683 @17.172s 8%: 0.13+0.57+0.084 ms clock, 1.5+0.72/0.73/0+1.0 ms cpu, 3->3->1 MB, 4 MB goal, 0 MB stacks, 0 MB globals, 12 P
gc 5684 @17.174s 8%: 0.081+0.61+0.069 ms clock, 0.98+0.88/0.72/0+0.83 ms cpu, 3->3->1 MB, 4 MB goal, 0 MB stacks, 0 MB globals, 12 P
gc 5685 @17.177s 8%: 0.10+0.48+0.15 ms clock, 1.2+0.99/0.74/0+1.8 ms cpu, 3->3->1 MB, 4 MB goal, 0 MB stacks, 0 MB globals, 12 P
gc 5686 @17.179s 8%: 0.10+0.74+0.058 ms clock, 1.2+0.73/0.88/0+0.70 ms cpu, 3->3->1 MB, 4 MB goal, 0 MB stacks, 0 MB globals, 12 P
gc 5687 @17.181s 8%: 0.10+0.56+0.076 ms clock, 1.2+0.78/0.79/0+0.92 ms cpu, 3->4->1 MB, 4 MB goal, 0 MB stacks, 0 MB globals, 12 P
gc 5688 @17.183s 8%: 0.079+0.61+0.060 ms clock, 0.95+0.62/0.86/0+0.72 ms cpu, 3->3->1 MB, 4 MB goal, 0 MB stacks, 0 MB globals, 12 P
gc 5689 @17.185s 8%: 0.10+1.0+0.039 ms clock, 1.2+0.62/0.88/0+0.47 ms cpu, 3->4->1 MB, 4 MB goal, 0 MB stacks, 0 MB globals, 12 P
gc 5690 @17.187s 8%: 0.093+1.1+0.084 ms clock, 1.1+0.87/0.73/0+1.0 ms cpu, 3->4->2 MB, 4 MB goal, 0 MB stacks, 0 MB globals, 12 P
gc 5691 @17.190s 8%: 0.096+1.1+0.11 ms clock, 1.1+0.67/0.87/0+1.4 ms cpu, 3->4->2 MB, 4 MB goal, 0 MB stacks, 0 MB globals, 12 P
gc 5692 @17.193s 8%: 0.12+0.53+0.096 ms clock, 1.4+0.86/0.75/0+1.1 ms cpu, 4->4->1 MB, 4 MB goal, 0 MB stacks, 0 MB globals, 12 P
gc 5693 @17.195s 8%: 0.10+0.46+0.13 ms clock, 1.2+0.69/0.89/0+1.5 ms cpu, 3->3->1 MB, 4 MB goal, 0 MB stacks, 0 MB globals, 12 P
gc 5694 @17.197s 8%: 0.073+0.77+0.10 ms clock, 0.88+0.76/0.93/0+1.2 ms cpu, 3->3->1 MB, 4 MB goal, 0 MB stacks, 0 MB globals, 12 P
gc 5695 @17.199s 8%: 0.14+0.44+0.13 ms clock, 1.6+0.80/0.85/0+1.6 ms cpu, 3->3->1 MB, 4 MB goal, 0 MB stacks, 0 MB globals, 12 P
gc 5696 @17.201s 8%: 0.11+0.67+0.097 ms clock, 1.4+0.68/0.89/0+1.1 ms cpu, 3->3->1 MB, 4 MB goal, 0 MB stacks, 0 MB globals, 12 P
gc 5697 @17.203s 8%: 0.098+0.56+0.10 ms clock, 1.1+0.68/0.91/0+1.2 ms cpu, 3->3->1 MB, 4 MB goal, 0 MB stacks, 0 MB globals, 12 P
gc 5698 @17.205s 8%: 0.085+0.83+0.082 ms clock, 1.0+0.60/1.1/0+0.98 ms cpu, 3->4->2 MB, 4 MB goal, 0 MB stacks, 0 MB globals, 12 P
gc 5699 @17.208s 8%: 0.12+0.47+0.15 ms clock, 1.4+0.79/0.90/0+1.8 ms cpu, 3->4->1 MB, 4 MB goal, 0 MB stacks, 0 MB globals, 12 P
gc 5700 @17.210s 8%: 0.089+0.50+0.058 ms clock, 1.0+0.65/0.84/0+0.69 ms cpu, 3->3->1 MB, 4 MB goal, 0 MB stacks, 0 MB globals, 12 P
gc 5701 @17.212s 8%: 0.10+0.71+0.13 ms clock, 1.2+0.77/0.82/0+1.5 ms cpu, 3->3->1 MB, 4 MB goal, 0 MB stacks, 0 MB globals, 12 P
gc 5702 @17.214s 8%: 0.15+0.56+0.089 ms clock, 1.8+0.85/0.80/0+1.0 ms cpu, 3->3->1 MB, 4 MB goal, 0 MB stacks, 0 MB globals, 12 P
gc 5703 @17.216s 8%: 0.14+0.76+0.065 ms clock, 1.6+0.78/0.78/0+0.79 ms cpu, 3->3->1 MB, 4 MB goal, 0 MB stacks, 0 MB globals, 12 P
gc 5704 @17.218s 8%: 0.084+1.1+0.11 ms clock, 1.0+0.77/0.79/0+1.3 ms cpu, 3->4->2 MB, 4 MB goal, 0 MB stacks, 0 MB globals, 12 P
gc 5705 @17.222s 8%: 0.079+0.63+0.095 ms clock, 0.95+0.74/0.84/0+1.1 ms cpu, 4->4->1 MB, 4 MB goal, 0 MB stacks, 0 MB globals, 12 P
gc 5706 @17.224s 8%: 0.10+1.0+0.072 ms clock, 1.2+0.80/0.83/0+0.87 ms cpu, 3->4->2 MB, 4 MB goal, 0 MB stacks, 0 MB globals, 12 P
gc 5707 @17.226s 8%: 0.12+0.79+0.10 ms clock, 1.4+0.79/0.92/0+1.2 ms cpu, 3->4->1 MB, 4 MB goal, 0 MB stacks, 0 MB globals, 12 P
gc 5708 @17.229s 8%: 0.10+0.47+0.090 ms clock, 1.2+0.63/0.84/0+1.0 ms cpu, 3->4->1 MB, 4 MB goal, 0 MB stacks, 0 MB globals, 12 P
gc 5709 @17.231s 8%: 0.12+0.59+0.089 ms clock, 1.4+0.64/1.0/0+1.0 ms cpu, 3->3->1 MB, 4 MB goal, 0 MB stacks, 0 MB globals, 12 P
gc 5710 @17.233s 8%: 0.11+0.62+0.14 ms clock, 1.3+0.76/0.76/0+1.7 ms cpu, 3->3->1 MB, 4 MB goal, 0 MB stacks, 0 MB globals, 12 P
gc 5711 @17.235s 8%: 0.12+0.86+0.086 ms clock, 1.5+0.70/0.98/0+1.0 ms cpu, 3->4->1 MB, 4 MB goal, 0 MB stacks, 0 MB globals, 12 P
gc 5712 @17.238s 8%: 0.12+0.90+0.067 ms clock, 1.5+0.73/0.84/0+0.80 ms cpu, 3->4->2 MB, 4 MB goal, 0 MB stacks, 0 MB globals, 12 P
gc 5713 @17.240s 8%: 0.095+0.92+0.14 ms clock, 1.1+0.77/0.80/0+1.7 ms cpu, 3->4->1 MB, 4 MB goal, 0 MB stacks, 0 MB globals, 12 P
gc 5714 @17.243s 8%: 0.10+0.89+0.090 ms clock, 1.2+0.80/0.78/0+1.0 ms cpu, 3->4->2 MB, 4 MB goal, 0 MB stacks, 0 MB globals, 12 P
gc 5715 @17.245s 8%: 0.086+0.80+0.077 ms clock, 1.0+0.83/0.72/0.004+0.92 ms cpu, 3->4->1 MB, 4 MB goal, 0 MB stacks, 0 MB globals, 12 P
gc 5716 @17.247s 8%: 0.10+0.63+0.089 ms clock, 1.2+0.70/0.88/0+1.0 ms cpu, 3->3->1 MB, 4 MB goal, 0 MB stacks, 0 MB globals, 12 P
gc 5717 @17.249s 8%: 0.11+0.52+0.073 ms clock, 1.3+0.63/0.93/0+0.87 ms cpu, 3->3->1 MB, 4 MB goal, 0 MB stacks, 0 MB globals, 12 P
gc 5718 @17.251s 8%: 0.090+0.87+0.079 ms clock, 1.0+0.54/0.89/0+0.95 ms cpu, 3->3->1 MB, 4 MB goal, 0 MB stacks, 0 MB globals, 12 P
gc 5719 @17.254s 8%: 0.11+0.47+0.10 ms clock, 1.3+0.70/0.92/0+1.2 ms cpu, 3->3->1 MB, 4 MB goal, 0 MB stacks, 0 MB globals, 12 P
gc 5720 @17.256s 8%: 0.12+0.45+0.10 ms clock, 1.5+0.72/0.79/0+1.2 ms cpu, 3->3->1 MB, 4 MB goal, 0 MB stacks, 0 MB globals, 12 P
gc 5721 @17.258s 8%: 0.11+0.54+0.060 ms clock, 1.4+0.72/0.86/0+0.72 ms cpu, 3->3->1 MB, 4 MB goal, 0 MB stacks, 0 MB globals, 12 P
gc 5722 @17.259s 8%: 0.086+1.0+0.031 ms clock, 1.0+0.75/0.79/0+0.37 ms cpu, 3->3->1 MB, 4 MB goal, 0 MB stacks, 0 MB globals, 12 P
gc 5723 @17.262s 8%: 0.10+0.61+0.055 ms clock, 1.2+0.74/0.82/0+0.66 ms cpu, 3->4->1 MB, 4 MB goal, 0 MB stacks, 0 MB globals, 12 P
gc 5724 @17.264s 8%: 0.094+0.51+0.090 ms clock, 1.1+0.72/0.89/0+1.0 ms cpu, 3->3->1 MB, 4 MB goal, 0 MB stacks, 0 MB globals, 12 P
gc 5725 @17.266s 8%: 0.12+0.56+0.10 ms clock, 1.5+0.74/0.94/0+1.3 ms cpu, 3->3->1 MB, 4 MB goal, 0 MB stacks, 0 MB globals, 12 P
gc 5726 @17.268s 8%: 0.11+0.67+0.060 ms clock, 1.3+0.75/0.72/0+0.72 ms cpu, 3->3->1 MB, 4 MB goal, 0 MB stacks, 0 MB globals, 12 P
gc 5727 @17.270s 8%: 0.095+0.78+0.11 ms clock, 1.1+0.68/0.95/0+1.3 ms cpu, 3->3->1 MB, 4 MB goal, 0 MB stacks, 0 MB globals, 12 P
gc 5728 @17.272s 8%: 0.11+0.42+0.065 ms clock, 1.4+0.73/0.75/0+0.78 ms cpu, 3->3->1 MB, 4 MB goal, 0 MB stacks, 0 MB globals, 12 P
gc 5729 @17.274s 8%: 0.098+0.59+0.063 ms clock, 1.1+0.70/0.87/0+0.76 ms cpu, 3->3->1 MB, 4 MB goal, 0 MB stacks, 0 MB globals, 12 P
gc 5730 @17.276s 8%: 0.084+1.0+0.078 ms clock, 1.0+1.4/0.72/0+0.94 ms cpu, 3->4->1 MB, 4 MB goal, 0 MB stacks, 0 MB globals, 12 P
gc 5731 @17.279s 8%: 0.11+0.53+0.049 ms clock, 1.3+0.72/0.80/0+0.59 ms cpu, 3->3->1 MB, 4 MB goal, 0 MB stacks, 0 MB globals, 12 P
gc 5732 @17.281s 8%: 0.14+0.52+0.10 ms clock, 1.7+0.79/0.70/0+1.3 ms cpu, 3->3->1 MB, 4 MB goal, 0 MB stacks, 0 MB globals, 12 P
gc 5733 @17.283s 8%: 0.091+0.55+0.17 ms clock, 1.0+0.72/0.89/0+2.1 ms cpu, 3->3->1 MB, 4 MB goal, 0 MB stacks, 0 MB globals, 12 P
gc 5734 @17.285s 8%: 0.066+1.0+0.098 ms clock, 0.79+0.79/0.88/0+1.1 ms cpu, 3->4->2 MB, 4 MB goal, 0 MB stacks, 0 MB globals, 12 P
gc 5735 @17.288s 8%: 0.071+0.88+0.015 ms clock, 0.86+0.66/0.84/0+0.18 ms cpu, 3->4->1 MB, 4 MB goal, 0 MB stacks, 0 MB globals, 12 P
gc 5736 @17.290s 8%: 0.12+0.61+0.088 ms clock, 1.4+0.83/0.88/0+1.0 ms cpu, 3->4->1 MB, 4 MB goal, 0 MB stacks, 0 MB globals, 12 P
gc 5737 @17.292s 8%: 0.086+0.69+0.10 ms clock, 1.0+0.87/0.71/0+1.2 ms cpu, 3->3->1 MB, 4 MB goal, 0 MB stacks, 0 MB globals, 12 P
gc 5738 @17.294s 8%: 0.11+0.58+0.12 ms clock, 1.3+0.76/0.87/0+1.4 ms cpu, 3->3->1 MB, 4 MB goal, 0 MB stacks, 0 MB globals, 12 P
gc 5739 @17.296s 8%: 0.11+0.85+0.077 ms clock, 1.3+0.76/0.91/0+0.92 ms cpu, 3->3->1 MB, 4 MB goal, 0 MB stacks, 0 MB globals, 12 P
gc 5740 @17.299s 8%: 0.080+0.97+0.10 ms clock, 0.96+0.73/0.91/0+1.2 ms cpu, 3->4->2 MB, 4 MB goal, 0 MB stacks, 0 MB globals, 12 P
gc 5741 @17.302s 8%: 0.10+0.56+0.077 ms clock, 1.2+0.71/0.85/0+0.92 ms cpu, 3->4->1 MB, 4 MB goal, 0 MB stacks, 0 MB globals, 12 P
gc 5742 @17.304s 8%: 0.070+0.69+0.080 ms clock, 0.84+0.86/0.85/0+0.96 ms cpu, 3->3->1 MB, 4 MB goal, 0 MB stacks, 0 MB globals, 12 P
gc 5743 @17.306s 8%: 0.074+0.86+0.12 ms clock, 0.88+0.88/0.86/0+1.4 ms cpu, 3->4->1 MB, 4 MB goal, 0 MB stacks, 0 MB globals, 12 P
gc 5744 @17.309s 8%: 0.099+0.99+0.10 ms clock, 1.1+0.80/0.91/0+1.2 ms cpu, 3->4->2 MB, 4 MB goal, 0 MB stacks, 0 MB globals, 12 P
gc 5745 @17.312s 8%: 0.073+0.66+0.11 ms clock, 0.87+0.56/0.99/0+1.3 ms cpu, 3->4->1 MB, 4 MB goal, 0 MB stacks, 0 MB globals, 12 P
gc 5746 @17.314s 8%: 0.10+0.95+0.10 ms clock, 1.2+0.84/0.99/0+1.2 ms cpu, 3->4->2 MB, 4 MB goal, 0 MB stacks, 0 MB globals, 12 P
gc 5747 @17.317s 8%: 0.10+0.99+0.084 ms clock, 1.2+0.65/0.96/0+1.0 ms cpu, 3->4->2 MB, 4 MB goal, 0 MB stacks, 0 MB globals, 12 P
gc 5748 @17.320s 8%: 0.11+0.78+0.10 ms clock, 1.3+0.84/0.74/0+1.2 ms cpu, 3->4->1 MB, 4 MB goal, 0 MB stacks, 0 MB globals, 12 P
gc 5749 @17.322s 8%: 0.12+0.48+0.12 ms clock, 1.4+0.73/0.91/0+1.4 ms cpu, 3->3->1 MB, 4 MB goal, 0 MB stacks, 0 MB globals, 12 P
gc 5750 @17.324s 8%: 0.11+0.53+0.12 ms clock, 1.3+0.73/0.86/0+1.5 ms cpu, 3->3->1 MB, 4 MB goal, 0 MB stacks, 0 MB globals, 12 P
gc 5751 @17.326s 8%: 0.10+0.61+0.10 ms clock, 1.2+0.65/1.0/0+1.2 ms cpu, 3->3->1 MB, 4 MB goal, 0 MB stacks, 0 MB globals, 12 P
gc 5752 @17.328s 8%: 0.10+0.58+0.088 ms clock, 1.2+0.78/0.83/0+1.0 ms cpu, 3->3->1 MB, 4 MB goal, 0 MB stacks, 0 MB globals, 12 P
gc 5753 @17.331s 8%: 0.13+1.1+0.056 ms clock, 1.6+0.78/0.88/0+0.67 ms cpu, 3->4->2 MB, 4 MB goal, 0 MB stacks, 0 MB globals, 12 P
gc 5754 @17.334s 8%: 0.096+0.69+0.10 ms clock, 1.1+1.0/1.0/0+1.2 ms cpu, 3->4->1 MB, 4 MB goal, 0 MB stacks, 0 MB globals, 12 P
gc 5755 @17.336s 8%: 0.14+0.62+0.10 ms clock, 1.7+0.77/0.94/0+1.3 ms cpu, 3->3->1 MB, 4 MB goal, 0 MB stacks, 0 MB globals, 12 P
gc 5756 @17.338s 8%: 0.13+1.1+0.081 ms clock, 1.5+0.98/0.86/0+0.97 ms cpu, 3->4->2 MB, 4 MB goal, 0 MB stacks, 0 MB globals, 12 P
gc 5757 @17.341s 8%: 0.071+0.65+0.075 ms clock, 0.85+0.76/0.83/0+0.90 ms cpu, 3->4->1 MB, 4 MB goal, 0 MB stacks, 0 MB globals, 12 P
gc 5758 @17.343s 8%: 0.096+0.62+0.050 ms clock, 1.1+0.62/0.98/0+0.60 ms cpu, 3->3->1 MB, 4 MB goal, 0 MB stacks, 0 MB globals, 12 P
gc 5759 @17.346s 8%: 0.064+1.0+0.14 ms clock, 0.77+0.69/1.0/0+1.7 ms cpu, 3->4->2 MB, 4 MB goal, 0 MB stacks, 0 MB globals, 12 P
gc 5760 @17.348s 8%: 0.12+0.58+0.13 ms clock, 1.5+0.71/0.93/0+1.5 ms cpu, 3->4->1 MB, 4 MB goal, 0 MB stacks, 0 MB globals, 12 P
gc 5761 @17.351s 8%: 0.14+0.56+0.086 ms clock, 1.7+0.74/0.89/0+1.0 ms cpu, 3->3->1 MB, 4 MB goal, 0 MB stacks, 0 MB globals, 12 P
gc 5762 @17.353s 8%: 0.087+1.0+0.014 ms clock, 1.0+0.71/0.93/0+0.17 ms cpu, 3->4->1 MB, 4 MB goal, 0 MB stacks, 0 MB globals, 12 P
gc 5763 @17.355s 8%: 0.12+0.53+0.050 ms clock, 1.4+0.76/0.85/0+0.61 ms cpu, 3->3->1 MB, 4 MB goal, 0 MB stacks, 0 MB globals, 12 P
gc 5764 @17.358s 8%: 0.099+0.63+0.092 ms clock, 1.1+0.57/0.91/0.036+1.1 ms cpu, 3->3->1 MB, 4 MB goal, 0 MB stacks, 0 MB globals, 12 P
gc 5765 @17.360s 8%: 0.10+0.66+0.076 ms clock, 1.2+0.69/0.90/0.008+0.92 ms cpu, 3->3->1 MB, 4 MB goal, 0 MB stacks, 0 MB globals, 12 P
gc 5766 @17.362s 8%: 0.074+0.61+0.10 ms clock, 0.89+0.67/0.90/0+1.2 ms cpu, 3->3->1 MB, 4 MB goal, 0 MB stacks, 0 MB globals, 12 P
gc 5767 @17.364s 8%: 0.086+0.90+0.099 ms clock, 1.0+0.68/0.86/0+1.1 ms cpu, 3->3->1 MB, 4 MB goal, 0 MB stacks, 0 MB globals, 12 P
gc 5768 @17.366s 8%: 0.13+0.48+0.081 ms clock, 1.6+0.72/0.82/0+0.97 ms cpu, 3->3->1 MB, 4 MB goal, 0 MB stacks, 0 MB globals, 12 P
gc 5769 @17.368s 8%: 0.14+0.64+0.057 ms clock, 1.7+0.97/0.78/0+0.69 ms cpu, 3->3->1 MB, 4 MB goal, 0 MB stacks, 0 MB globals, 12 P
gc 5770 @17.371s 8%: 0.19+1.2+0.080 ms clock, 2.3+0.48/0.78/0+0.97 ms cpu, 3->4->2 MB, 4 MB goal, 0 MB stacks, 0 MB globals, 12 P
gc 5771 @17.374s 8%: 0.12+0.64+0.083 ms clock, 1.4+0.58/0.94/0+0.99 ms cpu, 4->4->1 MB, 4 MB goal, 0 MB stacks, 0 MB globals, 12 P
gc 5772 @17.376s 8%: 0.12+0.72+0.081 ms clock, 1.4+0.73/0.91/0+0.97 ms cpu, 3->3->1 MB, 4 MB goal, 0 MB stacks, 0 MB globals, 12 P
gc 5773 @17.379s 8%: 0.14+0.76+0.046 ms clock, 1.7+0.78/0.94/0+0.55 ms cpu, 3->4->1 MB, 4 MB goal, 0 MB stacks, 0 MB globals, 12 P
gc 5774 @17.381s 8%: 0.13+0.85+0.099 ms clock, 1.6+0.70/0.81/0.026+1.1 ms cpu, 3->4->1 MB, 4 MB goal, 0 MB stacks, 0 MB globals, 12 P
gc 5775 @17.383s 8%: 0.10+0.89+0.098 ms clock, 1.2+0.89/0.73/0+1.1 ms cpu, 3->4->1 MB, 4 MB goal, 0 MB stacks, 0 MB globals, 12 P
gc 5776 @17.386s 8%: 0.095+0.47+0.11 ms clock, 1.1+0.69/0.84/0+1.3 ms cpu, 3->4->1 MB, 4 MB goal, 0 MB stacks, 0 MB globals, 12 P
gc 5777 @17.388s 8%: 0.11+0.65+0.13 ms clock, 1.3+0.82/0.80/0+1.6 ms cpu, 3->3->1 MB, 4 MB goal, 0 MB stacks, 0 MB globals, 12 P
gc 5778 @17.390s 8%: 0.094+0.47+0.074 ms clock, 1.1+0.65/0.86/0+0.89 ms cpu, 3->3->1 MB, 4 MB goal, 0 MB stacks, 0 MB globals, 12 P
gc 5779 @17.392s 8%: 0.060+0.40+0.069 ms clock, 0.72+0.83/0.81/0+0.83 ms cpu, 3->3->1 MB, 4 MB goal, 0 MB stacks, 0 MB globals, 12 P
gc 5780 @17.394s 8%: 0.085+0.71+0.098 ms clock, 1.0+0.61/0.89/0+1.1 ms cpu, 3->3->1 MB, 4 MB goal, 0 MB stacks, 0 MB globals, 12 P
gc 5781 @17.397s 8%: 0.091+0.71+0.095 ms clock, 1.0+0.66/0.81/0+1.1 ms cpu, 3->3->1 MB, 4 MB goal, 0 MB stacks, 0 MB globals, 12 P
gc 5782 @17.399s 8%: 0.10+1.0+0.077 ms clock, 1.2+0.76/0.75/0+0.93 ms cpu, 3->4->2 MB, 4 MB goal, 0 MB stacks, 0 MB globals, 12 P
gc 5783 @17.402s 8%: 0.16+0.52+0.097 ms clock, 2.0+0.77/0.90/0+1.1 ms cpu, 3->4->1 MB, 4 MB goal, 0 MB stacks, 0 MB globals, 12 P
gc 5784 @17.404s 8%: 0.13+0.53+0.081 ms clock, 1.6+0.73/0.84/0+0.97 ms cpu, 3->3->1 MB, 4 MB goal, 0 MB stacks, 0 MB globals, 12 P
gc 5785 @17.406s 8%: 0.10+1.1+0.080 ms clock, 1.2+0.82/0.95/0+0.96 ms cpu, 3->4->2 MB, 4 MB goal, 0 MB stacks, 0 MB globals, 12 P
gc 5786 @17.409s 8%: 0.085+0.65+0.064 ms clock, 1.0+0.66/0.74/0+0.77 ms cpu, 3->4->1 MB, 4 MB goal, 0 MB stacks, 0 MB globals, 12 P
gc 5787 @17.411s 8%: 0.10+0.56+0.079 ms clock, 1.2+0.77/0.75/0+0.95 ms cpu, 3->3->1 MB, 4 MB goal, 0 MB stacks, 0 MB globals, 12 P
gc 5788 @17.413s 8%: 0.087+0.50+0.10 ms clock, 1.0+0.68/0.92/0+1.2 ms cpu, 3->3->1 MB, 4 MB goal, 0 MB stacks, 0 MB globals, 12 P
gc 5789 @17.415s 8%: 0.083+0.73+0.11 ms clock, 0.99+0.75/0.87/0+1.4 ms cpu, 3->3->1 MB, 4 MB goal, 0 MB stacks, 0 MB globals, 12 P
gc 5790 @17.418s 8%: 0.11+0.60+0.069 ms clock, 1.4+0.73/0.92/0+0.83 ms cpu, 3->3->1 MB, 4 MB goal, 0 MB stacks, 0 MB globals, 12 P
gc 5791 @17.420s 8%: 0.11+1.1+0.099 ms clock, 1.4+0.67/0.86/0+1.1 ms cpu, 3->4->2 MB, 4 MB goal, 0 MB stacks, 0 MB globals, 12 P
gc 5792 @17.423s 8%: 0.087+0.84+0.076 ms clock, 1.0+0.72/0.87/0+0.92 ms cpu, 3->4->1 MB, 4 MB goal, 0 MB stacks, 0 MB globals, 12 P
gc 5793 @17.425s 8%: 0.088+0.52+0.22 ms clock, 1.0+0.80/0.74/0+2.6 ms cpu, 3->3->1 MB, 4 MB goal, 0 MB stacks, 0 MB globals, 12 P
gc 5794 @17.427s 8%: 0.10+0.50+0.054 ms clock, 1.2+0.77/0.91/0+0.65 ms cpu, 3->3->1 MB, 4 MB goal, 0 MB stacks, 0 MB globals, 12 P
gc 5795 @17.429s 8%: 0.10+0.75+0.080 ms clock, 1.2+0.71/0.87/0+0.96 ms cpu, 3->3->1 MB, 4 MB goal, 0 MB stacks, 0 MB globals, 12 P
gc 5796 @17.432s 8%: 0.10+0.76+0.074 ms clock, 1.2+0.69/0.86/0+0.88 ms cpu, 3->3->1 MB, 4 MB goal, 0 MB stacks, 0 MB globals, 12 P
gc 5797 @17.434s 8%: 0.091+1.0+0.059 ms clock, 1.0+0.67/0.89/0+0.71 ms cpu, 3->4->2 MB, 4 MB goal, 0 MB stacks, 0 MB globals, 12 P
gc 5798 @17.437s 8%: 0.098+0.65+0.10 ms clock, 1.1+0.79/0.78/0+1.2 ms cpu, 3->4->1 MB, 4 MB goal, 0 MB stacks, 0 MB globals, 12 P
gc 5799 @17.439s 8%: 0.10+0.48+0.11 ms clock, 1.2+0.73/0.86/0+1.3 ms cpu, 3->3->1 MB, 4 MB goal, 0 MB stacks, 0 MB globals, 12 P
gc 5800 @17.441s 8%: 0.086+0.95+0.098 ms clock, 1.0+0.73/0.79/0+1.1 ms cpu, 3->4->1 MB, 4 MB goal, 0 MB stacks, 0 MB globals, 12 P
gc 5801 @17.444s 8%: 0.12+0.93+0.085 ms clock, 1.4+0.64/0.92/0+1.0 ms cpu, 3->4->1 MB, 4 MB goal, 0 MB stacks, 0 MB globals, 12 P
gc 5802 @17.446s 8%: 0.10+0.59+0.10 ms clock, 1.3+0.76/0.79/0+1.2 ms cpu, 3->4->1 MB, 4 MB goal, 0 MB stacks, 0 MB globals, 12 P
gc 5803 @17.448s 8%: 0.092+0.74+0.099 ms clock, 1.1+0.74/0.87/0+1.1 ms cpu, 3->3->1 MB, 4 MB goal, 0 MB stacks, 0 MB globals, 12 P
gc 5804 @17.451s 8%: 0.091+0.53+0.067 ms clock, 1.0+0.66/0.83/0+0.81 ms cpu, 3->3->1 MB, 4 MB goal, 0 MB stacks, 0 MB globals, 12 P
gc 5805 @17.453s 8%: 0.10+0.55+0.075 ms clock, 1.3+0.72/0.94/0+0.90 ms cpu, 3->3->1 MB, 4 MB goal, 0 MB stacks, 0 MB globals, 12 P
gc 5806 @17.455s 8%: 0.090+1.0+0.053 ms clock, 1.0+0.65/0.97/0+0.64 ms cpu, 3->3->1 MB, 4 MB goal, 0 MB stacks, 0 MB globals, 12 P
gc 5807 @17.458s 8%: 0.065+0.67+0.093 ms clock, 0.78+0.54/0.96/0+1.1 ms cpu, 3->4->1 MB, 4 MB goal, 0 MB stacks, 0 MB globals, 12 P
gc 5808 @17.460s 8%: 0.10+0.54+0.079 ms clock, 1.3+0.74/0.78/0+0.95 ms cpu, 3->3->1 MB, 4 MB goal, 0 MB stacks, 0 MB globals, 12 P
gc 5809 @17.462s 8%: 0.11+0.52+0.081 ms clock, 1.3+0.80/0.75/0+0.97 ms cpu, 3->3->1 MB, 4 MB goal, 0 MB stacks, 0 MB globals, 12 P
gc 5810 @17.464s 8%: 0.087+0.50+0.094 ms clock, 1.0+0.77/0.91/0+1.1 ms cpu, 3->3->1 MB, 4 MB goal, 0 MB stacks, 0 MB globals, 12 P
gc 5811 @17.466s 8%: 0.072+0.61+0.12 ms clock, 0.86+0.79/0.74/0+1.4 ms cpu, 3->3->1 MB, 4 MB goal, 0 MB stacks, 0 MB globals, 12 P
gc 5812 @17.468s 8%: 0.10+0.75+0.095 ms clock, 1.2+0.71/1.0/0+1.1 ms cpu, 3->4->1 MB, 4 MB goal, 0 MB stacks, 0 MB globals, 12 P
gc 5813 @17.471s 8%: 0.080+0.52+0.074 ms clock, 0.96+0.68/0.94/0+0.89 ms cpu, 3->3->1 MB, 4 MB goal, 0 MB stacks, 0 MB globals, 12 P
gc 5814 @17.473s 8%: 0.095+0.67+0.068 ms clock, 1.1+0.70/0.76/0.033+0.82 ms cpu, 3->3->1 MB, 4 MB goal, 0 MB stacks, 0 MB globals, 12 P
gc 5815 @17.475s 8%: 0.13+0.70+0.094 ms clock, 1.5+0.67/0.88/0+1.1 ms cpu, 3->3->1 MB, 4 MB goal, 0 MB stacks, 0 MB globals, 12 P
gc 5816 @17.477s 8%: 0.083+0.65+0.088 ms clock, 0.99+0.58/0.78/0.031+1.0 ms cpu, 3->3->1 MB, 4 MB goal, 0 MB stacks, 0 MB globals, 12 P
gc 5817 @17.479s 8%: 0.10+0.93+0.087 ms clock, 1.2+0.71/0.92/0+1.0 ms cpu, 3->4->2 MB, 4 MB goal, 0 MB stacks, 0 MB globals, 12 P
gc 5818 @17.482s 8%: 0.12+0.81+0.094 ms clock, 1.4+0.69/1.0/0+1.1 ms cpu, 3->4->1 MB, 4 MB goal, 0 MB stacks, 0 MB globals, 12 P
gc 5819 @17.485s 8%: 0.063+0.61+0.059 ms clock, 0.76+0.71/0.94/0+0.71 ms cpu, 3->4->1 MB, 4 MB goal, 0 MB stacks, 0 MB globals, 12 P
gc 5820 @17.487s 8%: 0.12+0.53+0.071 ms clock, 1.4+0.70/0.77/0+0.86 ms cpu, 3->3->1 MB, 4 MB goal, 0 MB stacks, 0 MB globals, 12 P
gc 5821 @17.489s 8%: 0.076+0.97+0.088 ms clock, 0.91+0.63/1.0/0+1.0 ms cpu, 3->4->2 MB, 4 MB goal, 0 MB stacks, 0 MB globals, 12 P
gc 5822 @17.491s 8%: 0.10+0.46+0.082 ms clock, 1.2+0.74/0.87/0+0.98 ms cpu, 3->4->1 MB, 4 MB goal, 0 MB stacks, 0 MB globals, 12 P
gc 5823 @17.493s 8%: 0.083+0.51+0.093 ms clock, 1.0+0.82/0.76/0+1.1 ms cpu, 3->3->1 MB, 4 MB goal, 0 MB stacks, 0 MB globals, 12 P
gc 5824 @17.495s 8%: 0.12+0.93+0.093 ms clock, 1.4+0.81/0.90/0+1.1 ms cpu, 3->3->2 MB, 4 MB goal, 0 MB stacks, 0 MB globals, 12 P
gc 5825 @17.498s 8%: 0.11+1.0+0.098 ms clock, 1.3+0.64/0.86/0+1.1 ms cpu, 3->4->2 MB, 4 MB goal, 0 MB stacks, 0 MB globals, 12 P
gc 5826 @17.501s 8%: 0.11+1.0+0.067 ms clock, 1.3+0.72/0.87/0+0.80 ms cpu, 4->4->2 MB, 4 MB goal, 0 MB stacks, 0 MB globals, 12 P
gc 5827 @17.504s 8%: 0.11+0.91+0.14 ms clock, 1.3+0.70/0.98/0+1.7 ms cpu, 3->4->2 MB, 4 MB goal, 0 MB stacks, 0 MB globals, 12 P
gc 5828 @17.506s 8%: 0.089+0.54+0.096 ms clock, 1.0+0.90/0.88/0+1.1 ms cpu, 3->4->1 MB, 4 MB goal, 0 MB stacks, 0 MB globals, 12 P
gc 5829 @17.508s 8%: 0.091+0.72+0.085 ms clock, 1.0+0.71/0.88/0+1.0 ms cpu, 3->3->1 MB, 4 MB goal, 0 MB stacks, 0 MB globals, 12 P
gc 5830 @17.510s 8%: 0.098+0.68+0.076 ms clock, 1.1+0.71/0.87/0+0.91 ms cpu, 3->3->1 MB, 4 MB goal, 0 MB stacks, 0 MB globals, 12 P
gc 5831 @17.512s 8%: 0.082+0.52+0.086 ms clock, 0.99+0.86/0.74/0+1.0 ms cpu, 3->3->1 MB, 4 MB goal, 0 MB stacks, 0 MB globals, 12 P
gc 5832 @17.514s 8%: 0.11+0.48+0.069 ms clock, 1.3+0.81/0.74/0+0.83 ms cpu, 3->3->1 MB, 4 MB goal, 0 MB stacks, 0 MB globals, 12 P
gc 5833 @17.516s 8%: 0.098+0.50+0.10 ms clock, 1.1+0.72/0.86/0+1.2 ms cpu, 3->3->1 MB, 4 MB goal, 0 MB stacks, 0 MB globals, 12 P
gc 5834 @17.518s 8%: 0.099+0.46+0.070 ms clock, 1.1+0.86/0.78/0+0.85 ms cpu, 3->3->1 MB, 4 MB goal, 0 MB stacks, 0 MB globals, 12 P
gc 5835 @17.519s 8%: 0.099+0.85+0.087 ms clock, 1.1+0.93/0.80/0+1.0 ms cpu, 3->4->2 MB, 4 MB goal, 0 MB stacks, 0 MB globals, 12 P
gc 5836 @17.521s 8%: 0.13+0.62+0.056 ms clock, 1.5+0.71/0.86/0+0.67 ms cpu, 3->4->1 MB, 4 MB goal, 0 MB stacks, 0 MB globals, 12 P
gc 5837 @17.523s 8%: 0.10+0.72+0.060 ms clock, 1.2+0.79/0.98/0+0.72 ms cpu, 3->3->1 MB, 4 MB goal, 0 MB stacks, 0 MB globals, 12 P
gc 5838 @17.525s 8%: 0.11+0.64+0.082 ms clock, 1.4+0.70/0.97/0+0.99 ms cpu, 3->4->2 MB, 4 MB goal, 0 MB stacks, 0 MB globals, 12 P
gc 5839 @17.527s 8%: 0.16+0.72+0.076 ms clock, 1.9+0.65/0.95/0+0.91 ms cpu, 3->4->1 MB, 4 MB goal, 0 MB stacks, 0 MB globals, 12 P
gc 5840 @17.530s 8%: 0.10+0.85+0.11 ms clock, 1.2+0.62/0.95/0+1.3 ms cpu, 3->4->1 MB, 4 MB goal, 0 MB stacks, 0 MB globals, 12 P
gc 5841 @17.532s 8%: 0.094+0.64+0.067 ms clock, 1.1+0.82/0.86/0+0.80 ms cpu, 3->4->1 MB, 4 MB goal, 0 MB stacks, 0 MB globals, 12 P
gc 5842 @17.534s 8%: 0.12+0.73+0.070 ms clock, 1.4+0.80/0.92/0+0.84 ms cpu, 3->3->1 MB, 4 MB goal, 0 MB stacks, 0 MB globals, 12 P
gc 5843 @17.536s 8%: 0.092+0.71+0.079 ms clock, 1.1+0.73/1.0/0+0.95 ms cpu, 3->4->2 MB, 4 MB goal, 0 MB stacks, 0 MB globals, 12 P
gc 5844 @17.538s 8%: 0.078+1.2+0.065 ms clock, 0.94+0.70/0.78/0+0.78 ms cpu, 3->4->2 MB, 4 MB goal, 0 MB stacks, 0 MB globals, 12 P
gc 5845 @17.541s 8%: 0.10+0.57+0.087 ms clock, 1.3+0.81/0.87/0+1.0 ms cpu, 4->4->1 MB, 4 MB goal, 0 MB stacks, 0 MB globals, 12 P
gc 5846 @17.543s 8%: 0.11+0.99+0.045 ms clock, 1.3+0.83/0.79/0+0.55 ms cpu, 3->4->2 MB, 4 MB goal, 0 MB stacks, 0 MB globals, 12 P
gc 5847 @17.545s 8%: 0.12+1.1+0.032 ms clock, 1.4+0.61/0.87/0+0.38 ms cpu, 3->4->2 MB, 4 MB goal, 0 MB stacks, 0 MB globals, 12 P
gc 5848 @17.548s 8%: 0.11+0.58+0.063 ms clock, 1.3+0.68/1.0/0+0.75 ms cpu, 4->4->1 MB, 4 MB goal, 0 MB stacks, 0 MB globals, 12 P
gc 5849 @17.550s 8%: 0.13+0.58+0.082 ms clock, 1.6+0.70/0.81/0+0.99 ms cpu, 3->3->1 MB, 4 MB goal, 0 MB stacks, 0 MB globals, 12 P
gc 5850 @17.551s 8%: 0.10+0.83+0.078 ms clock, 1.2+0.79/0.85/0+0.94 ms cpu, 3->4->2 MB, 4 MB goal, 0 MB stacks, 0 MB globals, 12 P
gc 5851 @17.554s 8%: 0.13+1.3+0.047 ms clock, 1.6+0.70/0.98/0+0.57 ms cpu, 3->4->2 MB, 4 MB goal, 0 MB stacks, 0 MB globals, 12 P
gc 5852 @17.557s 8%: 0.11+0.83+0.12 ms clock, 1.4+0.83/0.70/0+1.4 ms cpu, 4->5->2 MB, 5 MB goal, 0 MB stacks, 0 MB globals, 12 P
gc 5853 @17.559s 8%: 0.092+0.68+0.090 ms clock, 1.1+0.74/0.94/0+1.0 ms cpu, 3->4->1 MB, 4 MB goal, 0 MB stacks, 0 MB globals, 12 P
gc 5854 @17.561s 8%: 0.12+0.76+0.079 ms clock, 1.4+0.75/0.88/0+0.95 ms cpu, 3->4->2 MB, 4 MB goal, 0 MB stacks, 0 MB globals, 12 P
gc 5855 @17.563s 8%: 0.14+0.59+0.085 ms clock, 1.7+0.94/0.72/0+1.0 ms cpu, 3->4->1 MB, 4 MB goal, 0 MB stacks, 0 MB globals, 12 P
gc 5856 @17.565s 8%: 0.13+0.91+0.060 ms clock, 1.6+0.71/0.78/0+0.72 ms cpu, 3->4->2 MB, 4 MB goal, 0 MB stacks, 0 MB globals, 12 P
gc 5857 @17.568s 8%: 0.11+0.56+0.089 ms clock, 1.4+0.63/0.87/0+1.0 ms cpu, 3->4->1 MB, 4 MB goal, 0 MB stacks, 0 MB globals, 12 P
gc 5858 @17.570s 8%: 0.12+0.73+0.086 ms clock, 1.5+0.82/1.0/0+1.0 ms cpu, 3->3->1 MB, 4 MB goal, 0 MB stacks, 0 MB globals, 12 P
gc 5859 @17.572s 8%: 0.097+0.60+0.098 ms clock, 1.1+0.65/0.98/0+1.1 ms cpu, 3->4->1 MB, 4 MB goal, 0 MB stacks, 0 MB globals, 12 P
gc 5860 @17.574s 8%: 0.11+0.51+0.10 ms clock, 1.3+0.76/0.81/0+1.2 ms cpu, 3->3->1 MB, 4 MB goal, 0 MB stacks, 0 MB globals, 12 P
gc 5861 @17.575s 8%: 0.090+0.52+0.14 ms clock, 1.0+0.75/0.86/0+1.7 ms cpu, 3->3->1 MB, 4 MB goal, 0 MB stacks, 0 MB globals, 12 P
gc 5862 @17.577s 8%: 0.12+0.51+0.12 ms clock, 1.5+0.69/0.87/0+1.4 ms cpu, 3->3->1 MB, 4 MB goal, 0 MB stacks, 0 MB globals, 12 P
gc 5863 @17.579s 8%: 0.092+1.1+0.091 ms clock, 1.1+0.64/0.93/0+1.1 ms cpu, 3->4->2 MB, 4 MB goal, 0 MB stacks, 0 MB globals, 12 P
gc 5864 @17.582s 8%: 0.11+0.59+0.066 ms clock, 1.4+1.0/0.89/0+0.80 ms cpu, 4->4->1 MB, 4 MB goal, 0 MB stacks, 0 MB globals, 12 P
gc 5865 @17.583s 8%: 0.084+0.69+0.084 ms clock, 1.0+0.72/0.94/0+1.0 ms cpu, 3->3->1 MB, 4 MB goal, 0 MB stacks, 0 MB globals, 12 P
gc 5866 @17.585s 8%: 0.15+0.74+0.062 ms clock, 1.8+0.74/1.0/0+0.74 ms cpu, 3->4->1 MB, 4 MB goal, 0 MB stacks, 0 MB globals, 12 P
gc 5867 @17.588s 8%: 0.11+1.0+0.091 ms clock, 1.4+0.62/0.87/0+1.1 ms cpu, 3->4->2 MB, 4 MB goal, 0 MB stacks, 0 MB globals, 12 P
gc 5868 @17.590s 8%: 0.081+0.67+0.10 ms clock, 0.97+0.71/1.0/0+1.2 ms cpu, 3->4->1 MB, 4 MB goal, 0 MB stacks, 0 MB globals, 12 P
gc 5869 @17.592s 8%: 0.12+0.55+0.080 ms clock, 1.4+0.75/0.89/0+0.97 ms cpu, 3->3->1 MB, 4 MB goal, 0 MB stacks, 0 MB globals, 12 P
gc 5870 @17.594s 8%: 0.13+0.71+0.066 ms clock, 1.5+0.85/0.71/0+0.79 ms cpu, 3->3->1 MB, 4 MB goal, 0 MB stacks, 0 MB globals, 12 P
gc 5871 @17.597s 8%: 0.10+0.75+0.086 ms clock, 1.2+0.69/0.76/0+1.0 ms cpu, 3->3->1 MB, 4 MB goal, 0 MB stacks, 0 MB globals, 12 P
gc 5872 @17.599s 8%: 0.081+1.1+0.087 ms clock, 0.98+0.50/0.91/0+1.0 ms cpu, 3->4->2 MB, 4 MB goal, 0 MB stacks, 0 MB globals, 12 P
gc 5873 @17.602s 8%: 0.13+0.83+0.037 ms clock, 1.6+0.86/0.83/0+0.45 ms cpu, 3->4->1 MB, 4 MB goal, 0 MB stacks, 0 MB globals, 12 P
gc 5874 @17.604s 8%: 0.10+1.1+0.045 ms clock, 1.2+0.66/1.4/0+0.54 ms cpu, 3->4->2 MB, 4 MB goal, 0 MB stacks, 0 MB globals, 12 P
gc 5875 @17.607s 8%: 0.16+1.2+0.057 ms clock, 1.9+0.40/1.0/0+0.69 ms cpu, 3->4->2 MB, 4 MB goal, 0 MB stacks, 0 MB globals, 12 P
gc 5876 @17.610s 8%: 0.10+1.3+0.087 ms clock, 1.2+0.85/1.6/0+1.0 ms cpu, 3->4->2 MB, 4 MB goal, 0 MB stacks, 0 MB globals, 12 P
gc 5877 @17.613s 8%: 0.087+1.2+0.11 ms clock, 1.0+0.69/0.91/0+1.3 ms cpu, 4->5->2 MB, 4 MB goal, 0 MB stacks, 0 MB globals, 12 P
gc 5878 @17.616s 8%: 0.10+0.68+0.099 ms clock, 1.2+0.63/1.0/0+1.1 ms cpu, 3->4->1 MB, 4 MB goal, 0 MB stacks, 0 MB globals, 12 P
gc 5879 @17.618s 8%: 0.14+0.62+0.060 ms clock, 1.7+0.93/0.65/0+0.72 ms cpu, 3->3->1 MB, 4 MB goal, 0 MB stacks, 0 MB globals, 12 P
gc 5880 @17.620s 8%: 0.11+0.95+0.053 ms clock, 1.3+0.79/0.79/0+0.63 ms cpu, 3->3->1 MB, 4 MB goal, 0 MB stacks, 0 MB globals, 12 P
gc 5881 @17.623s 8%: 0.11+1.3+0.091 ms clock, 1.4+0.70/0.90/0+1.1 ms cpu, 3->4->2 MB, 4 MB goal, 0 MB stacks, 0 MB globals, 12 P
gc 5882 @17.626s 8%: 0.13+0.52+0.060 ms clock, 1.6+0.85/0.94/0+0.72 ms cpu, 4->4->1 MB, 4 MB goal, 0 MB stacks, 0 MB globals, 12 P
gc 5883 @17.628s 8%: 0.070+0.48+0.088 ms clock, 0.84+0.71/0.86/0.005+1.0 ms cpu, 3->3->1 MB, 4 MB goal, 0 MB stacks, 0 MB globals, 12 P
gc 5884 @17.630s 8%: 0.10+0.96+0.025 ms clock, 1.2+0.75/0.93/0+0.30 ms cpu, 3->4->2 MB, 4 MB goal, 0 MB stacks, 0 MB globals, 12 P
gc 5885 @17.633s 8%: 0.12+0.62+0.070 ms clock, 1.4+0.73/0.97/0+0.84 ms cpu, 3->4->1 MB, 4 MB goal, 0 MB stacks, 0 MB globals, 12 P
gc 5886 @17.635s 8%: 0.067+0.65+0.065 ms clock, 0.80+0.63/0.97/0+0.78 ms cpu, 3->3->1 MB, 4 MB goal, 0 MB stacks, 0 MB globals, 12 P
gc 5887 @17.637s 8%: 0.081+0.59+0.12 ms clock, 0.98+0.85/0.91/0+1.4 ms cpu, 3->3->1 MB, 4 MB goal, 0 MB stacks, 0 MB globals, 12 P
gc 5888 @17.639s 8%: 0.11+0.49+0.13 ms clock, 1.3+0.87/0.78/0+1.6 ms cpu, 3->3->1 MB, 4 MB goal, 0 MB stacks, 0 MB globals, 12 P
gc 5889 @17.641s 8%: 0.099+0.62+0.075 ms clock, 1.1+0.74/1.0/0+0.90 ms cpu, 3->3->1 MB, 4 MB goal, 0 MB stacks, 0 MB globals, 12 P
gc 5890 @17.643s 8%: 0.11+0.71+0.073 ms clock, 1.3+0.74/0.98/0+0.88 ms cpu, 3->3->1 MB, 4 MB goal, 0 MB stacks, 0 MB globals, 12 P
gc 5891 @17.645s 8%: 0.099+0.73+0.079 ms clock, 1.1+0.90/0.90/0+0.94 ms cpu, 3->4->1 MB, 4 MB goal, 0 MB stacks, 0 MB globals, 12 P
gc 5892 @17.648s 8%: 0.13+0.52+0.084 ms clock, 1.5+0.84/0.86/0+1.0 ms cpu, 3->3->1 MB, 4 MB goal, 0 MB stacks, 0 MB globals, 12 P
gc 5893 @17.650s 8%: 0.089+0.50+0.10 ms clock, 1.0+0.83/0.90/0+1.2 ms cpu, 3->3->1 MB, 4 MB goal, 0 MB stacks, 0 MB globals, 12 P
gc 5894 @17.652s 8%: 0.085+0.79+0.079 ms clock, 1.0+0.68/0.88/0+0.95 ms cpu, 3->3->1 MB, 4 MB goal, 0 MB stacks, 0 MB globals, 12 P
gc 5895 @17.654s 8%: 0.10+0.64+0.14 ms clock, 1.2+0.78/0.87/0+1.7 ms cpu, 3->3->1 MB, 4 MB goal, 0 MB stacks, 0 MB globals, 12 P
gc 5896 @17.656s 8%: 0.11+0.56+0.096 ms clock, 1.3+0.79/0.73/0+1.1 ms cpu, 3->3->1 MB, 4 MB goal, 0 MB stacks, 0 MB globals, 12 P
gc 5897 @17.658s 8%: 0.077+1.1+0.10 ms clock, 0.93+0.65/0.92/0+1.3 ms cpu, 3->4->2 MB, 4 MB goal, 0 MB stacks, 0 MB globals, 12 P
gc 5898 @17.661s 8%: 0.13+0.59+0.075 ms clock, 1.5+0.69/0.86/0.015+0.90 ms cpu, 3->4->1 MB, 4 MB goal, 0 MB stacks, 0 MB globals, 12 P
gc 5899 @17.663s 8%: 0.12+0.97+0.097 ms clock, 1.5+0.80/0.86/0+1.1 ms cpu, 3->4->2 MB, 4 MB goal, 0 MB stacks, 0 MB globals, 12 P
gc 5900 @17.665s 8%: 0.10+1.1+0.067 ms clock, 1.2+0.67/1.3/0+0.80 ms cpu, 3->4->2 MB, 4 MB goal, 0 MB stacks, 0 MB globals, 12 P
gc 5901 @17.668s 8%: 0.12+1.1+0.088 ms clock, 1.5+0.63/0.87/0+1.0 ms cpu, 3->4->2 MB, 4 MB goal, 0 MB stacks, 0 MB globals, 12 P
gc 5902 @17.671s 8%: 0.11+1.0+0.078 ms clock, 1.3+1.0/0.96/0+0.93 ms cpu, 4->4->2 MB, 4 MB goal, 0 MB stacks, 0 MB globals, 12 P
gc 5903 @17.674s 8%: 0.077+0.56+0.096 ms clock, 0.92+0.72/0.88/0+1.1 ms cpu, 3->4->1 MB, 4 MB goal, 0 MB stacks, 0 MB globals, 12 P
gc 5904 @17.676s 8%: 0.10+0.59+0.11 ms clock, 1.2+0.74/0.86/0+1.4 ms cpu, 3->3->1 MB, 4 MB goal, 0 MB stacks, 0 MB globals, 12 P
gc 5905 @17.678s 8%: 0.10+0.55+0.10 ms clock, 1.2+0.86/0.79/0+1.3 ms cpu, 3->3->1 MB, 4 MB goal, 0 MB stacks, 0 MB globals, 12 P
gc 5906 @17.680s 8%: 0.10+0.89+0.054 ms clock, 1.2+0.68/0.85/0+0.65 ms cpu, 3->3->1 MB, 4 MB goal, 0 MB stacks, 0 MB globals, 12 P
gc 5907 @17.683s 8%: 0.093+0.68+0.083 ms clock, 1.1+0.65/0.90/0+1.0 ms cpu, 3->4->1 MB, 4 MB goal, 0 MB stacks, 0 MB globals, 12 P
gc 5908 @17.685s 8%: 0.11+0.89+0.087 ms clock, 1.4+0.72/1.0/0+1.0 ms cpu, 3->4->2 MB, 4 MB goal, 0 MB stacks, 0 MB globals, 12 P
gc 5909 @17.687s 8%: 0.083+0.65+0.11 ms clock, 1.0+0.69/0.98/0+1.3 ms cpu, 3->4->1 MB, 4 MB goal, 0 MB stacks, 0 MB globals, 12 P
gc 5910 @17.689s 8%: 0.11+0.95+0.060 ms clock, 1.4+0.71/0.88/0+0.72 ms cpu, 3->3->2 MB, 4 MB goal, 0 MB stacks, 0 MB globals, 12 P
gc 5911 @17.692s 8%: 0.11+0.98+0.16 ms clock, 1.3+0.79/1.0/0+1.9 ms cpu, 3->4->2 MB, 4 MB goal, 0 MB stacks, 0 MB globals, 12 P
gc 5912 @17.695s 8%: 0.12+0.91+0.14 ms clock, 1.4+0.73/0.89/0+1.7 ms cpu, 3->4->2 MB, 4 MB goal, 0 MB stacks, 0 MB globals, 12 P
gc 5913 @17.697s 8%: 0.10+0.83+0.088 ms clock, 1.2+0.64/0.92/0+1.0 ms cpu, 3->4->1 MB, 4 MB goal, 0 MB stacks, 0 MB globals, 12 P
gc 5914 @17.700s 8%: 0.14+0.73+0.052 ms clock, 1.7+0.68/0.81/0+0.62 ms cpu, 3->4->1 MB, 4 MB goal, 0 MB stacks, 0 MB globals, 12 P
gc 5915 @17.702s 8%: 0.11+0.82+0.044 ms clock, 1.3+0.58/0.97/0+0.53 ms cpu, 3->4->1 MB, 4 MB goal, 0 MB stacks, 0 MB globals, 12 P
gc 5916 @17.704s 8%: 0.091+0.55+0.13 ms clock, 1.1+0.68/0.84/0+1.5 ms cpu, 3->4->1 MB, 4 MB goal, 0 MB stacks, 0 MB globals, 12 P
gc 5917 @17.706s 8%: 0.10+1.0+0.067 ms clock, 1.2+1.0/1.3/0+0.81 ms cpu, 3->4->2 MB, 4 MB goal, 0 MB stacks, 0 MB globals, 12 P
gc 5918 @17.709s 8%: 0.12+0.68+0.059 ms clock, 1.5+0.88/0.75/0+0.71 ms cpu, 3->4->1 MB, 4 MB goal, 0 MB stacks, 0 MB globals, 12 P
gc 5919 @17.712s 8%: 0.10+0.60+0.099 ms clock, 1.2+0.80/0.82/0+1.1 ms cpu, 3->3->1 MB, 4 MB goal, 0 MB stacks, 0 MB globals, 12 P
gc 5920 @17.714s 8%: 0.075+0.53+0.11 ms clock, 0.90+0.74/0.80/0.085+1.3 ms cpu, 3->3->1 MB, 4 MB goal, 0 MB stacks, 0 MB globals, 12 P
gc 5921 @17.716s 8%: 0.10+0.57+0.068 ms clock, 1.3+0.72/0.80/0+0.81 ms cpu, 3->3->1 MB, 4 MB goal, 0 MB stacks, 0 MB globals, 12 P
gc 5922 @17.718s 8%: 0.13+0.59+0.097 ms clock, 1.5+0.78/0.77/0+1.1 ms cpu, 3->3->1 MB, 4 MB goal, 0 MB stacks, 0 MB globals, 12 P
gc 5923 @17.720s 8%: 0.083+0.84+0.082 ms clock, 1.0+0.75/1.0/0+0.99 ms cpu, 3->3->1 MB, 4 MB goal, 0 MB stacks, 0 MB globals, 12 P
gc 5924 @17.722s 8%: 0.11+1.0+0.083 ms clock, 1.3+0.71/0.86/0+1.0 ms cpu, 3->4->2 MB, 4 MB goal, 0 MB stacks, 0 MB globals, 12 P
gc 5925 @17.725s 8%: 0.090+0.41+0.10 ms clock, 1.0+0.70/0.80/0+1.2 ms cpu, 3->4->1 MB, 4 MB goal, 0 MB stacks, 0 MB globals, 12 P
gc 5926 @17.727s 8%: 0.092+0.48+0.083 ms clock, 1.1+0.72/0.81/0+0.99 ms cpu, 3->3->1 MB, 4 MB goal, 0 MB stacks, 0 MB globals, 12 P
gc 5927 @17.729s 8%: 0.15+1.2+0.067 ms clock, 1.8+0.81/0.91/0+0.80 ms cpu, 3->4->2 MB, 4 MB goal, 0 MB stacks, 0 MB globals, 12 P
gc 5928 @17.732s 8%: 0.10+1.1+0.075 ms clock, 1.2+0.53/0.92/0.073+0.91 ms cpu, 3->4->2 MB, 4 MB goal, 0 MB stacks, 0 MB globals, 12 P
gc 5929 @17.735s 8%: 0.091+0.65+0.076 ms clock, 1.1+0.83/0.83/0.026+0.91 ms cpu, 3->4->1 MB, 4 MB goal, 0 MB stacks, 0 MB globals, 12 P
gc 5930 @17.737s 8%: 0.072+1.2+0.074 ms clock, 0.86+0.77/0.84/0+0.89 ms cpu, 3->4->2 MB, 4 MB goal, 0 MB stacks, 0 MB globals, 12 P
gc 5931 @17.740s 8%: 0.094+1.1+0.051 ms clock, 1.1+0.83/0.89/0+0.61 ms cpu, 3->4->2 MB, 4 MB goal, 0 MB stacks, 0 MB globals, 12 P
gc 5932 @17.742s 8%: 0.096+0.53+0.15 ms clock, 1.1+0.84/0.84/0+1.8 ms cpu, 3->4->1 MB, 4 MB goal, 0 MB stacks, 0 MB globals, 12 P
gc 5933 @17.744s 8%: 0.12+0.70+0.098 ms clock, 1.5+0.73/0.97/0+1.1 ms cpu, 3->3->1 MB, 4 MB goal, 0 MB stacks, 0 MB globals, 12 P
gc 5934 @17.747s 8%: 0.10+0.96+0.034 ms clock, 1.2+0.71/0.82/0+0.41 ms cpu, 3->4->2 MB, 4 MB goal, 0 MB stacks, 0 MB globals, 12 P
gc 5935 @17.749s 8%: 0.073+0.61+0.079 ms clock, 0.87+0.80/0.83/0+0.95 ms cpu, 3->4->1 MB, 4 MB goal, 0 MB stacks, 0 MB globals, 12 P
gc 5936 @17.751s 8%: 0.13+0.48+0.11 ms clock, 1.5+0.67/0.91/0+1.4 ms cpu, 3->3->1 MB, 4 MB goal, 0 MB stacks, 0 MB globals, 12 P
gc 5937 @17.753s 8%: 0.13+0.52+0.095 ms clock, 1.5+0.67/0.89/0+1.1 ms cpu, 3->3->1 MB, 4 MB goal, 0 MB stacks, 0 MB globals, 12 P
gc 5938 @17.755s 8%: 0.11+0.77+0.074 ms clock, 1.4+0.80/0.80/0+0.89 ms cpu, 3->3->1 MB, 4 MB goal, 0 MB stacks, 0 MB globals, 12 P
gc 5939 @17.757s 8%: 0.10+0.63+0.082 ms clock, 1.2+0.73/0.90/0+0.98 ms cpu, 3->3->1 MB, 4 MB goal, 0 MB stacks, 0 MB globals, 12 P
gc 5940 @17.759s 8%: 0.097+1.0+0.052 ms clock, 1.1+0.71/0.88/0+0.63 ms cpu, 3->4->2 MB, 4 MB goal, 0 MB stacks, 0 MB globals, 12 P
gc 5941 @17.762s 8%: 0.098+0.69+0.15 ms clock, 1.1+0.83/0.83/0+1.8 ms cpu, 3->4->1 MB, 4 MB goal, 0 MB stacks, 0 MB globals, 12 P
gc 5942 @17.764s 8%: 0.086+0.60+0.066 ms clock, 1.0+0.56/0.94/0+0.80 ms cpu, 3->3->1 MB, 4 MB goal, 0 MB stacks, 0 MB globals, 12 P
gc 5943 @17.766s 8%: 0.090+1.0+0.058 ms clock, 1.0+0.71/0.84/0+0.69 ms cpu, 3->4->2 MB, 4 MB goal, 0 MB stacks, 0 MB globals, 12 P
gc 5944 @17.769s 8%: 0.13+1.0+0.057 ms clock, 1.6+0.61/0.85/0+0.68 ms cpu, 3->4->2 MB, 4 MB goal, 0 MB stacks, 0 MB globals, 12 P
gc 5945 @17.772s 8%: 0.10+0.97+0.053 ms clock, 1.3+0.67/0.89/0+0.64 ms cpu, 3->4->1 MB, 4 MB goal, 0 MB stacks, 0 MB globals, 12 P
gc 5946 @17.774s 8%: 0.079+0.56+0.098 ms clock, 0.95+0.73/0.99/0+1.1 ms cpu, 3->4->1 MB, 4 MB goal, 0 MB stacks, 0 MB globals, 12 P
gc 5947 @17.776s 8%: 0.10+0.40+0.060 ms clock, 1.2+0.77/0.78/0+0.72 ms cpu, 3->3->1 MB, 4 MB goal, 0 MB stacks, 0 MB globals, 12 P
gc 5948 @17.778s 8%: 0.10+0.38+0.13 ms clock, 1.2+0.80/0.72/0+1.6 ms cpu, 3->3->1 MB, 4 MB goal, 0 MB stacks, 0 MB globals, 12 P
gc 5949 @17.780s 8%: 0.11+1.0+0.11 ms clock, 1.4+0.71/0.91/0+1.3 ms cpu, 3->4->2 MB, 4 MB goal, 0 MB stacks, 0 MB globals, 12 P
gc 5950 @17.783s 8%: 0.11+0.50+0.089 ms clock, 1.3+0.68/1.0/0+1.0 ms cpu, 3->4->1 MB, 4 MB goal, 0 MB stacks, 0 MB globals, 12 P
gc 5951 @17.785s 8%: 0.10+0.61+0.061 ms clock, 1.2+0.62/0.90/0+0.73 ms cpu, 3->3->1 MB, 4 MB goal, 0 MB stacks, 0 MB globals, 12 P
gc 5952 @17.787s 8%: 0.088+0.44+0.067 ms clock, 1.0+0.71/0.86/0+0.81 ms cpu, 3->3->1 MB, 4 MB goal, 0 MB stacks, 0 MB globals, 12 P
gc 5953 @17.789s 8%: 0.12+0.66+0.089 ms clock, 1.5+0.56/0.84/0+1.0 ms cpu, 3->3->1 MB, 4 MB goal, 0 MB stacks, 0 MB globals, 12 P
gc 5954 @17.791s 8%: 0.099+0.51+0.065 ms clock, 1.1+0.77/0.81/0+0.78 ms cpu, 3->3->1 MB, 4 MB goal, 0 MB stacks, 0 MB globals, 12 P
gc 5955 @17.793s 8%: 0.10+0.54+0.052 ms clock, 1.2+0.70/0.93/0+0.63 ms cpu, 3->3->1 MB, 4 MB goal, 0 MB stacks, 0 MB globals, 12 P
gc 5956 @17.795s 8%: 0.10+0.77+0.086 ms clock, 1.2+0.66/0.92/0+1.0 ms cpu, 3->3->1 MB, 4 MB goal, 0 MB stacks, 0 MB globals, 12 P
gc 5957 @17.797s 8%: 0.072+0.59+0.12 ms clock, 0.87+0.73/0.89/0+1.5 ms cpu, 3->3->1 MB, 4 MB goal, 0 MB stacks, 0 MB globals, 12 P
gc 5958 @17.799s 8%: 0.11+0.54+0.088 ms clock, 1.4+0.81/0.85/0+1.0 ms cpu, 3->3->1 MB, 4 MB goal, 0 MB stacks, 0 MB globals, 12 P
gc 5959 @17.801s 8%: 0.091+1.2+0.085 ms clock, 1.0+0.96/1.4/0+1.0 ms cpu, 3->4->2 MB, 4 MB goal, 0 MB stacks, 0 MB globals, 12 P
gc 5960 @17.804s 8%: 0.12+0.85+0.089 ms clock, 1.4+0.76/0.82/0+1.0 ms cpu, 3->4->1 MB, 4 MB goal, 0 MB stacks, 0 MB globals, 12 P
gc 5961 @17.807s 8%: 0.16+0.63+0.058 ms clock, 2.0+0.70/0.80/0+0.69 ms cpu, 3->4->1 MB, 4 MB goal, 0 MB stacks, 0 MB globals, 12 P
gc 5962 @17.809s 8%: 0.12+0.75+0.096 ms clock, 1.5+0.63/0.92/0+1.1 ms cpu, 3->3->1 MB, 4 MB goal, 0 MB stacks, 0 MB globals, 12 P
gc 5963 @17.811s 8%: 0.15+0.85+0.098 ms clock, 1.8+0.64/0.83/0+1.1 ms cpu, 3->3->1 MB, 4 MB goal, 0 MB stacks, 0 MB globals, 12 P
gc 5964 @17.813s 8%: 0.090+0.53+0.13 ms clock, 1.0+0.66/0.88/0+1.6 ms cpu, 3->4->1 MB, 4 MB goal, 0 MB stacks, 0 MB globals, 12 P
gc 5965 @17.815s 8%: 0.079+0.56+0.080 ms clock, 0.95+0.79/0.87/0+0.96 ms cpu, 3->3->1 MB, 4 MB goal, 0 MB stacks, 0 MB globals, 12 P
gc 5966 @17.817s 8%: 0.095+0.55+0.062 ms clock, 1.1+0.75/0.82/0+0.74 ms cpu, 3->3->1 MB, 4 MB goal, 0 MB stacks, 0 MB globals, 12 P
gc 5967 @17.819s 8%: 0.14+1.0+0.088 ms clock, 1.7+0.74/0.84/0+1.0 ms cpu, 3->4->2 MB, 4 MB goal, 0 MB stacks, 0 MB globals, 12 P
gc 5968 @17.822s 8%: 0.19+0.95+0.11 ms clock, 2.3+0.69/0.85/0+1.4 ms cpu, 3->4->1 MB, 4 MB goal, 0 MB stacks, 0 MB globals, 12 P
gc 5969 @17.825s 8%: 0.10+1.1+0.061 ms clock, 1.2+0.79/0.89/0+0.73 ms cpu, 3->4->2 MB, 4 MB goal, 0 MB stacks, 0 MB globals, 12 P
gc 5970 @17.827s 8%: 0.098+0.55+0.10 ms clock, 1.1+0.93/0.90/0+1.2 ms cpu, 3->4->1 MB, 4 MB goal, 0 MB stacks, 0 MB globals, 12 P
gc 5971 @17.830s 8%: 0.079+0.73+0.11 ms clock, 0.95+0.74/0.87/0+1.3 ms cpu, 3->3->1 MB, 4 MB goal, 0 MB stacks, 0 MB globals, 12 P
gc 5972 @17.832s 8%: 0.075+1.1+0.12 ms clock, 0.91+1.6/0.94/0+1.4 ms cpu, 3->4->2 MB, 4 MB goal, 0 MB stacks, 0 MB globals, 12 P
gc 5973 @17.835s 8%: 0.094+1.0+0.10 ms clock, 1.1+0.43/1.0/0+1.3 ms cpu, 4->4->2 MB, 4 MB goal, 0 MB stacks, 0 MB globals, 12 P
gc 5974 @17.837s 8%: 0.10+0.77+0.074 ms clock, 1.2+0.62/0.86/0+0.89 ms cpu, 3->4->1 MB, 4 MB goal, 0 MB stacks, 0 MB globals, 12 P
gc 5975 @17.840s 8%: 0.10+1.3+0.052 ms clock, 1.2+0.72/0.83/0+0.62 ms cpu, 3->4->2 MB, 4 MB goal, 0 MB stacks, 0 MB globals, 12 P
gc 5976 @17.843s 8%: 0.14+0.57+0.057 ms clock, 1.7+0.80/0.77/0+0.69 ms cpu, 4->4->1 MB, 4 MB goal, 0 MB stacks, 0 MB globals, 12 P
gc 5977 @17.845s 8%: 0.12+0.82+0.083 ms clock, 1.5+0.95/0.70/0+0.99 ms cpu, 3->3->1 MB, 4 MB goal, 0 MB stacks, 0 MB globals, 12 P
gc 5978 @17.848s 8%: 0.11+1.0+0.031 ms clock, 1.4+0.55/0.90/0+0.37 ms cpu, 3->4->2 MB, 4 MB goal, 0 MB stacks, 0 MB globals, 12 P
gc 5979 @17.850s 8%: 0.15+1.4+0.061 ms clock, 1.9+0.86/0.91/0+0.74 ms cpu, 3->4->2 MB, 4 MB goal, 0 MB stacks, 0 MB globals, 12 P
gc 5980 @17.853s 8%: 0.81+0.39+0.086 ms clock, 9.7+0.88/1.0/0+1.0 ms cpu, 3->4->2 MB, 4 MB goal, 0 MB stacks, 0 MB globals, 12 P
gc 5981 @17.856s 8%: 0.11+0.61+0.086 ms clock, 1.4+0.70/0.75/0+1.0 ms cpu, 3->4->1 MB, 4 MB goal, 0 MB stacks, 0 MB globals, 12 P
gc 5982 @17.858s 8%: 0.10+1.0+0.081 ms clock, 1.2+0.81/0.82/0+0.97 ms cpu, 3->4->2 MB, 4 MB goal, 0 MB stacks, 0 MB globals, 12 P
gc 5983 @17.861s 8%: 0.096+0.98+0.11 ms clock, 1.1+0.64/0.99/0+1.4 ms cpu, 3->4->1 MB, 4 MB goal, 0 MB stacks, 0 MB globals, 12 P
gc 5984 @17.863s 8%: 0.10+0.64+0.063 ms clock, 1.2+0.75/0.97/0+0.76 ms cpu, 3->4->1 MB, 4 MB goal, 0 MB stacks, 0 MB globals, 12 P
gc 5985 @17.865s 8%: 0.18+0.54+0.085 ms clock, 2.2+0.69/0.84/0+1.0 ms cpu, 3->3->1 MB, 4 MB goal, 0 MB stacks, 0 MB globals, 12 P
gc 5986 @17.867s 8%: 0.11+1.6+0.044 ms clock, 1.4+0.82/0.77/0+0.52 ms cpu, 3->4->2 MB, 4 MB goal, 0 MB stacks, 0 MB globals, 12 P
gc 5987 @17.871s 8%: 0.092+1.3+0.094 ms clock, 1.1+0.75/0.93/0+1.1 ms cpu, 4->5->2 MB, 5 MB goal, 0 MB stacks, 0 MB globals, 12 P
gc 5988 @17.874s 8%: 0.10+0.74+0.10 ms clock, 1.2+0.64/0.96/0+1.2 ms cpu, 4->4->1 MB, 4 MB goal, 0 MB stacks, 0 MB globals, 12 P
gc 5989 @17.876s 8%: 0.16+0.94+0.069 ms clock, 2.0+0.77/0.89/0+0.83 ms cpu, 3->4->1 MB, 4 MB goal, 0 MB stacks, 0 MB globals, 12 P
gc 5990 @17.879s 8%: 0.090+0.92+0.052 ms clock, 1.0+0.70/0.90/0+0.62 ms cpu, 3->4->2 MB, 4 MB goal, 0 MB stacks, 0 MB globals, 12 P
gc 5991 @17.881s 8%: 0.12+0.60+0.10 ms clock, 1.5+0.77/0.80/0.062+1.3 ms cpu, 3->4->1 MB, 4 MB goal, 0 MB stacks, 0 MB globals, 12 P
gc 5992 @17.883s 8%: 0.12+0.48+0.061 ms clock, 1.5+0.82/0.74/0+0.73 ms cpu, 3->3->1 MB, 4 MB goal, 0 MB stacks, 0 MB globals, 12 P
gc 5993 @17.885s 8%: 0.10+0.47+0.094 ms clock, 1.2+0.74/0.86/0+1.1 ms cpu, 3->3->1 MB, 4 MB goal, 0 MB stacks, 0 MB globals, 12 P
gc 5994 @17.887s 8%: 0.10+0.45+0.057 ms clock, 1.2+0.66/0.82/0+0.68 ms cpu, 3->3->1 MB, 4 MB goal, 0 MB stacks, 0 MB globals, 12 P
gc 5995 @17.889s 8%: 0.094+0.95+0.075 ms clock, 1.1+0.90/0.69/0+0.90 ms cpu, 3->4->2 MB, 4 MB goal, 0 MB stacks, 0 MB globals, 12 P
gc 5996 @17.892s 8%: 0.13+0.61+0.053 ms clock, 1.6+0.77/0.96/0+0.64 ms cpu, 3->4->1 MB, 4 MB goal, 0 MB stacks, 0 MB globals, 12 P
gc 5997 @17.894s 8%: 0.11+0.53+0.090 ms clock, 1.3+0.82/0.80/0+1.0 ms cpu, 3->3->1 MB, 4 MB goal, 0 MB stacks, 0 MB globals, 12 P
gc 5998 @17.896s 8%: 0.12+0.52+0.099 ms clock, 1.5+0.61/0.83/0+1.1 ms cpu, 3->3->1 MB, 4 MB goal, 0 MB stacks, 0 MB globals, 12 P
gc 5999 @17.898s 8%: 0.11+0.53+0.064 ms clock, 1.3+0.66/0.87/0+0.76 ms cpu, 3->3->1 MB, 4 MB goal, 0 MB stacks, 0 MB globals, 12 P
gc 6000 @17.900s 8%: 0.12+0.58+0.13 ms clock, 1.4+0.71/0.79/0+1.6 ms cpu, 3->3->1 MB, 4 MB goal, 0 MB stacks, 0 MB globals, 12 P
gc 6001 @17.902s 8%: 0.091+0.90+0.076 ms clock, 1.0+0.56/0.93/0+0.91 ms cpu, 3->3->1 MB, 4 MB goal, 0 MB stacks, 0 MB globals, 12 P
gc 6002 @17.904s 8%: 0.14+0.46+0.083 ms clock, 1.6+0.66/0.81/0+1.0 ms cpu, 3->4->1 MB, 4 MB goal, 0 MB stacks, 0 MB globals, 12 P
gc 6003 @17.906s 8%: 0.091+0.61+0.054 ms clock, 1.0+0.61/0.92/0+0.65 ms cpu, 3->3->1 MB, 4 MB goal, 0 MB stacks, 0 MB globals, 12 P
gc 6004 @17.908s 8%: 0.095+0.57+0.084 ms clock, 1.1+0.75/0.80/0+1.0 ms cpu, 3->3->1 MB, 4 MB goal, 0 MB stacks, 0 MB globals, 12 P
gc 6005 @17.910s 8%: 0.096+0.87+0.079 ms clock, 1.1+0.62/0.85/0+0.95 ms cpu, 3->3->1 MB, 4 MB goal, 0 MB stacks, 0 MB globals, 12 P
gc 6006 @17.913s 8%: 0.075+0.62+0.074 ms clock, 0.90+0.82/0.93/0+0.89 ms cpu, 3->4->1 MB, 4 MB goal, 0 MB stacks, 0 MB globals, 12 P
gc 6007 @17.915s 8%: 0.12+0.51+0.11 ms clock, 1.4+0.81/0.85/0+1.3 ms cpu, 3->3->1 MB, 4 MB goal, 0 MB stacks, 0 MB globals, 12 P
gc 6008 @17.917s 8%: 0.079+0.54+0.090 ms clock, 0.94+0.79/0.75/0+1.0 ms cpu, 3->3->1 MB, 4 MB goal, 0 MB stacks, 0 MB globals, 12 P
gc 6009 @17.919s 8%: 0.087+0.92+0.075 ms clock, 1.0+0.64/0.90/0+0.91 ms cpu, 3->3->1 MB, 4 MB goal, 0 MB stacks, 0 MB globals, 12 P
gc 6010 @17.921s 8%: 0.12+0.64+0.060 ms clock, 1.5+0.77/0.88/0+0.72 ms cpu, 3->4->1 MB, 4 MB goal, 0 MB stacks, 0 MB globals, 12 P
gc 6011 @17.923s 8%: 0.073+0.58+0.071 ms clock, 0.88+0.60/0.96/0+0.85 ms cpu, 3->3->1 MB, 4 MB goal, 0 MB stacks, 0 MB globals, 12 P
gc 6012 @17.926s 8%: 0.11+0.58+0.11 ms clock, 1.4+0.79/0.78/0+1.4 ms cpu, 3->3->1 MB, 4 MB goal, 0 MB stacks, 0 MB globals, 12 P
gc 6013 @17.928s 8%: 0.14+1.1+0.067 ms clock, 1.7+0.63/0.95/0+0.80 ms cpu, 3->4->2 MB, 4 MB goal, 0 MB stacks, 0 MB globals, 12 P
gc 6014 @17.931s 8%: 0.10+0.52+0.057 ms clock, 1.3+0.73/0.94/0+0.69 ms cpu, 4->4->1 MB, 4 MB goal, 0 MB stacks, 0 MB globals, 12 P
gc 6015 @17.933s 8%: 0.059+1.0+0.071 ms clock, 0.71+0.60/1.0/0+0.86 ms cpu, 3->4->1 MB, 4 MB goal, 0 MB stacks, 0 MB globals, 12 P
gc 6016 @17.935s 8%: 0.075+0.79+0.075 ms clock, 0.90+0.85/0.86/0+0.90 ms cpu, 3->4->1 MB, 4 MB goal, 0 MB stacks, 0 MB globals, 12 P
gc 6017 @17.937s 8%: 0.093+0.49+0.079 ms clock, 1.1+0.58/0.92/0+0.94 ms cpu, 3->3->1 MB, 4 MB goal, 0 MB stacks, 0 MB globals, 12 P
gc 6018 @17.939s 8%: 0.070+0.77+0.081 ms clock, 0.84+0.68/0.95/0+0.97 ms cpu, 3->3->1 MB, 4 MB goal, 0 MB stacks, 0 MB globals, 12 P
gc 6019 @17.942s 8%: 0.098+0.79+0.11 ms clock, 1.1+0.68/0.97/0+1.3 ms cpu, 3->4->1 MB, 4 MB goal, 0 MB stacks, 0 MB globals, 12 P
gc 6020 @17.944s 8%: 0.10+0.63+0.074 ms clock, 1.2+0.86/0.77/0+0.89 ms cpu, 3->4->1 MB, 4 MB goal, 0 MB stacks, 0 MB globals, 12 P
gc 6021 @17.946s 8%: 0.12+0.59+0.060 ms clock, 1.4+0.72/0.81/0+0.73 ms cpu, 3->3->1 MB, 4 MB goal, 0 MB stacks, 0 MB globals, 12 P
gc 6022 @17.948s 8%: 0.086+1.1+0.086 ms clock, 1.0+0.73/0.82/0+1.0 ms cpu, 3->4->2 MB, 4 MB goal, 0 MB stacks, 0 MB globals, 12 P
gc 6023 @17.951s 8%: 0.12+0.54+0.094 ms clock, 1.4+0.78/0.77/0+1.1 ms cpu, 3->4->1 MB, 4 MB goal, 0 MB stacks, 0 MB globals, 12 P
gc 6024 @17.953s 8%: 0.15+0.47+0.077 ms clock, 1.8+0.74/0.82/0+0.92 ms cpu, 3->3->1 MB, 4 MB goal, 0 MB stacks, 0 MB globals, 12 P
gc 6025 @17.955s 8%: 0.10+0.87+0.088 ms clock, 1.2+0.93/0.74/0+1.0 ms cpu, 3->3->2 MB, 4 MB goal, 0 MB stacks, 0 MB globals, 12 P
gc 6026 @17.958s 8%: 0.10+1.3+0.085 ms clock, 1.2+0.70/0.74/0+1.0 ms cpu, 3->4->2 MB, 4 MB goal, 0 MB stacks, 0 MB globals, 12 P
gc 6027 @17.961s 8%: 0.082+0.44+0.058 ms clock, 0.98+0.80/0.74/0+0.70 ms cpu, 4->4->1 MB, 4 MB goal, 0 MB stacks, 0 MB globals, 12 P
gc 6028 @17.963s 8%: 0.098+0.65+0.083 ms clock, 1.1+0.69/0.87/0+0.99 ms cpu, 3->3->1 MB, 4 MB goal, 0 MB stacks, 0 MB globals, 12 P
gc 6029 @17.965s 8%: 0.095+1.3+0.11 ms clock, 1.1+0.85/0.87/0+1.3 ms cpu, 3->4->2 MB, 4 MB goal, 0 MB stacks, 0 MB globals, 12 P
gc 6030 @17.968s 8%: 0.10+0.56+0.072 ms clock, 1.2+0.63/0.81/0+0.86 ms cpu, 4->4->1 MB, 4 MB goal, 0 MB stacks, 0 MB globals, 12 P
gc 6031 @17.970s 8%: 0.088+0.63+0.067 ms clock, 1.0+0.79/0.89/0+0.80 ms cpu, 3->3->1 MB, 4 MB goal, 0 MB stacks, 0 MB globals, 12 P
gc 6032 @17.972s 8%: 0.080+1.2+0.094 ms clock, 0.96+0.81/0.85/0+1.1 ms cpu, 3->4->2 MB, 4 MB goal, 0 MB stacks, 0 MB globals, 12 P
gc 6033 @17.975s 8%: 0.073+0.52+0.099 ms clock, 0.87+0.93/0.72/0+1.1 ms cpu, 4->4->1 MB, 4 MB goal, 0 MB stacks, 0 MB globals, 12 P
gc 6034 @17.977s 8%: 0.16+1.0+0.084 ms clock, 1.9+0.84/0.82/0+1.0 ms cpu, 3->4->2 MB, 4 MB goal, 0 MB stacks, 0 MB globals, 12 P
gc 6035 @17.980s 8%: 0.088+0.51+0.058 ms clock, 1.0+0.93/0.80/0+0.70 ms cpu, 3->4->1 MB, 4 MB goal, 0 MB stacks, 0 MB globals, 12 P
gc 6036 @17.982s 8%: 0.10+1.1+0.12 ms clock, 1.2+0.62/0.83/0+1.5 ms cpu, 3->4->2 MB, 4 MB goal, 0 MB stacks, 0 MB globals, 12 P
gc 6037 @17.985s 8%: 0.12+0.56+0.060 ms clock, 1.4+0.78/0.89/0+0.72 ms cpu, 3->4->1 MB, 4 MB goal, 0 MB stacks, 0 MB globals, 12 P
gc 6038 @17.987s 8%: 0.058+0.71+0.10 ms clock, 0.70+0.50/1.3/0+1.2 ms cpu, 3->3->2 MB, 4 MB goal, 0 MB stacks, 0 MB globals, 12 P
gc 6039 @17.989s 8%: 0.079+0.49+0.11 ms clock, 0.95+0.74/0.84/0+1.3 ms cpu, 3->4->1 MB, 4 MB goal, 0 MB stacks, 0 MB globals, 12 P
gc 6040 @17.991s 8%: 0.079+1.6+0.13 ms clock, 0.95+0.71/0.77/0+1.6 ms cpu, 3->4->2 MB, 4 MB goal, 0 MB stacks, 0 MB globals, 12 P
gc 6041 @17.995s 8%: 0.099+0.97+0.072 ms clock, 1.1+0.82/0.89/0+0.86 ms cpu, 4->5->2 MB, 5 MB goal, 0 MB stacks, 0 MB globals, 12 P
gc 6042 @17.998s 8%: 0.088+0.61+0.18 ms clock, 1.0+0.85/0.86/0+2.1 ms cpu, 3->4->1 MB, 4 MB goal, 0 MB stacks, 0 MB globals, 12 P
gc 6043 @18.000s 8%: 0.15+0.48+0.060 ms clock, 1.8+0.81/0.72/0+0.72 ms cpu, 3->3->1 MB, 4 MB goal, 0 MB stacks, 0 MB globals, 12 P
gc 6044 @18.002s 8%: 0.083+0.58+0.10 ms clock, 1.0+0.76/0.95/0+1.2 ms cpu, 3->3->1 MB, 4 MB goal, 0 MB stacks, 0 MB globals, 12 P
gc 6045 @18.004s 8%: 0.18+0.85+0.12 ms clock, 2.2+0.68/0.96/0+1.4 ms cpu, 3->4->2 MB, 4 MB goal, 0 MB stacks, 0 MB globals, 12 P
gc 6046 @18.006s 8%: 0.11+0.50+0.069 ms clock, 1.3+0.82/0.86/0+0.82 ms cpu, 3->4->1 MB, 4 MB goal, 0 MB stacks, 0 MB globals, 12 P
gc 6047 @18.008s 8%: 0.13+0.71+0.072 ms clock, 1.5+0.70/0.87/0+0.86 ms cpu, 3->3->1 MB, 4 MB goal, 0 MB stacks, 0 MB globals, 12 P
gc 6048 @18.010s 8%: 0.075+0.49+0.081 ms clock, 0.90+0.81/0.79/0+0.98 ms cpu, 3->3->1 MB, 4 MB goal, 0 MB stacks, 0 MB globals, 12 P
gc 6049 @18.012s 8%: 0.10+0.60+0.060 ms clock, 1.2+0.75/0.85/0+0.72 ms cpu, 3->3->1 MB, 4 MB goal, 0 MB stacks, 0 MB globals, 12 P
gc 6050 @18.014s 8%: 0.096+0.66+0.12 ms clock, 1.1+0.72/0.85/0+1.5 ms cpu, 3->3->1 MB, 4 MB goal, 0 MB stacks, 0 MB globals, 12 P
gc 6051 @18.016s 8%: 0.10+0.62+0.12 ms clock, 1.2+0.69/0.91/0+1.4 ms cpu, 3->3->1 MB, 4 MB goal, 0 MB stacks, 0 MB globals, 12 P
gc 6052 @18.018s 8%: 0.12+1.4+0.11 ms clock, 1.4+0.72/0.85/0+1.3 ms cpu, 3->4->2 MB, 4 MB goal, 0 MB stacks, 0 MB globals, 12 P
gc 6053 @18.022s 8%: 0.10+0.69+0.13 ms clock, 1.3+0.80/1.0/0+1.6 ms cpu, 4->4->1 MB, 5 MB goal, 0 MB stacks, 0 MB globals, 12 P
gc 6054 @18.024s 8%: 0.097+0.50+0.13 ms clock, 1.1+0.81/0.77/0.007+1.6 ms cpu, 3->3->1 MB, 4 MB goal, 0 MB stacks, 0 MB globals, 12 P
gc 6055 @18.026s 8%: 0.10+0.48+0.097 ms clock, 1.3+0.77/0.77/0+1.1 ms cpu, 3->3->1 MB, 4 MB goal, 0 MB stacks, 0 MB globals, 12 P
gc 6056 @18.028s 8%: 0.090+0.67+0.083 ms clock, 1.0+0.93/0.94/0+1.0 ms cpu, 3->3->1 MB, 4 MB goal, 0 MB stacks, 0 MB globals, 12 P
gc 6057 @18.030s 8%: 0.10+0.56+0.11 ms clock, 1.3+0.70/0.96/0+1.3 ms cpu, 3->3->1 MB, 4 MB goal, 0 MB stacks, 0 MB globals, 12 P
gc 6058 @18.032s 8%: 0.063+0.53+0.068 ms clock, 0.75+0.58/0.89/0+0.81 ms cpu, 3->3->1 MB, 4 MB goal, 0 MB stacks, 0 MB globals, 12 P
gc 6059 @18.034s 8%: 0.13+0.46+0.10 ms clock, 1.6+0.72/0.84/0+1.3 ms cpu, 3->3->1 MB, 4 MB goal, 0 MB stacks, 0 MB globals, 12 P
